resources/dan/dan_cleanup/RDC_Inventory_Hotness_Metrics_Zip_History_TEXAS.csv
month_date_yyyymm,postal_code,zip_name,nielsen_hh_rank,hotness_rank,hotness_rank_mm,hotness_rank_yy,hotness_score,supply_score,demand_score,median_days_on_market,median_days_on_market_mm,median_dom_mm_day,median_days_on_market_yy,median_dom_yy_day,median_dom_vs_us,ldpviews_per_property_mm,ldpviews_per_property_yy,ldpviews_per_property_vs_us,median_listing_price,median_listing_price_mm,median_listing_price_yy,median_listing_price_vs_us
202006,77065,"houston, tx",1756,4095,-346,-682,64.787963,79.91110463,49.66482075,41.5,-0.0568,-2.5,0.3833,11.5,-30,0.2917,0.6194,0.9775,246550,0.0186,0.0148,0.7218
202006,77060,"houston, tx",2081,11451,-1408,,22.43515,37.86796852,7.002331682,79.5,0.1522,10.5,0.59,29.5,8,-0.1146,-0.5874,0.3829,173500,0.2388,0.3874,0.5079
202006,77081,"houston, tx",982,10773,1199,11,27.291606,53.87642087,0.706791023,62.5,-0.1883,-14.5,0.4535,19.5,-9,0.0278,0.4231,0.1667,439050,0,0.0733,1.2854
202006,77030,"houston, tx",7803,10685,1000,3177,27.951035,55.44301953,0.45904984,61,-0.1644,-12,-0.0896,-6,-10.5,0.0313,0.0313,0.1486,517549.5,0.0781,0.5971,1.5153
202006,77066,"houston, tx",4037,4310,3042,2978,63.57476,61.54182454,65.60769455,55.5,-0.119,-7.5,0.2614,11.5,-16,0.8836,1.5943,1.2387,223005.5,0.0227,0.037,0.6528
202006,77076,"houston, tx",4540,11608,-628,,21.21466,35.0043719,7.424948994,83,0.1857,13,0.0921,7,11.5,0.3182,0.1154,0.3919,172494,0.015,-0.0924,0.5049
202006,77088,"houston, tx",1174,9491,-25,2026,35.68566,38.67677062,32.69454969,78.5,0.0753,5.5,0.246,15.5,7,0.3254,0.9881,0.7523,175050,0,-0.0272,0.5124
202006,77025,"houston, tx",2389,11039,303,1431,25.397115,49.81055086,0.983678228,66.5,-0.05,-3.5,0.2091,11.5,-5,0.2813,0.7083,0.1847,470050,0.0021,0.1061,1.3762
202006,77091,"houston, tx",5199,11319,-612,568,23.47712,42.58962402,4.36461673,75,0.1719,11,0.3393,19,3.5,0.5682,0.2321,0.3108,252500,-0.065,0.0118,0.7392
202006,77033,"houston, tx",4959,9115,-1350,-1571,37.831536,54.89653162,20.76654037,61.5,0.2551,12.5,0.7083,25.5,-10,0.4457,0.7051,0.5991,146950,-7.00E-04,0.0131,0.4301
202006,77094,"houston, tx",10433,10181,-149,483,31.233605,56.57242786,5.894782862,60,-0.0323,-2,0.3636,16,-11.5,0.197,0.881,0.3559,467050,0.038,-0.0371,1.3674
202006,77011,"houston, tx",7391,10779,1990,3429,27.269746,53.3809385,1.158554357,63,-0.3077,-28,-0.125,-9,-8.5,-0.0227,0.2647,0.1937,270050,0.08,0.179,0.7906
202006,77038,"houston, tx",5661,8120,976,1725,43.547799,60.97347712,26.12212183,56,-0.1385,-9,0.2727,12,-15.5,0.3304,1.3281,0.6712,200550,-0.0314,0.0335,0.5871
202006,77021,"houston, tx",3737,10056,390,2264,32.144419,59.77849024,4.510346838,57,-0.1094,-7,0.0179,1,-14.5,0.129,0.6667,0.3153,299500,0.1521,0.1982,0.8768
202006,77064,"houston, tx",1297,4532,-413,-549,62.467211,81.20081609,43.73360536,40.5,-0.0795,-3.5,0.4464,12.5,-31,0.2595,0.6864,0.8964,227550,0.0111,-0.0517,0.6661
202006,77084,"houston, tx",10,7295,-748,-22,48.072719,64.89361702,31.25182163,52.5,-0.0789,-4.5,0.4583,16.5,-19,0.1319,0.9878,0.7342,225050,0,0.0135,0.6588
202006,77041,"houston, tx",3038,8312,-141,3409,42.531332,72.85776741,12.20489653,46.5,-0.1545,-8.5,-0.1389,-7.5,-25,0.05,0.9444,0.473,425050,0.0625,0.0735,1.2444
202006,77026,"houston, tx",5640,11708,-1359,2837,20.540659,35.34683766,5.734479744,82.5,0.25,16.5,0.0577,4.5,11,0,1.1667,0.3514,172550,0.0147,0.0648,0.5051
202006,77004,"houston, tx",2048,10869,456,2428,26.599388,52.26610318,0.93267269,64,-0.0857,-6,0.0667,4,-7.5,0.1111,0.5385,0.1802,384050,0.0288,0.0381,1.1244
202006,77054,"houston, tx",2543,11187,-193,1422,24.409793,47.61731274,1.20227339,69,0.0455,3,0.2321,13,-2.5,0.0476,0.5714,0.1982,177550,0.0757,-0.0934,0.5197
202006,77062,"houston, tx",4382,4378,14,2906,63.163072,89.58029729,36.74584669,33.5,-0.1829,-7.5,-0.141,-5.5,-38,0.2431,0.9457,0.8063,280000,0.0368,0.0767,0.8197
202006,77074,"houston, tx",2617,9123,2162,1159,37.79146,63.70591664,11.87700379,53.5,-0.2465,-17.5,0.1889,8.5,-18,0.9259,0.7931,0.4685,223500,0.0157,0.0398,0.6543
202006,77089,"houston, tx",1142,6376,1260,2176,52.696007,81.20081609,24.1911979,40.5,-0.25,-13.5,-0.1,-4.5,-31,0.3,0.5889,0.6441,251850,-0.0312,-0.0494,0.7373
202006,77020,"houston, tx",5699,11379,5,786,23.007141,44.49868843,1.515593122,72.5,0.0357,2.5,0.3942,20.5,1,0.8462,0.6,0.2162,292500,0.0638,-0.0251,0.8563
202006,77036,"houston, tx",102,10731,324,-1789,27.597639,44.87758671,10.31769164,72,-0.027,-2,0.6744,29,0.5,0.1951,0.2895,0.4414,118550,-0.0884,-0.4487,0.347
202006,77059,"houston, tx",7567,10280,1130,4170,30.628825,49.322355,11.93529583,67,-0.0946,-7,-0.2386,-21,-4.5,0.625,0.7931,0.4685,441450.5,0.0055,0.0277,1.2925
202006,77082,"houston, tx",255,11726,-935,-194,20.420431,35.82046051,5.020402215,82,0.1714,12,0.5769,30,10.5,-0.0135,0.3519,0.3288,395050,0.026,0.1791,1.1566
202006,77049,"houston, tx",4560,7265,1741,1405,48.240309,51.7633343,44.71728359,64.5,-0.1284,-9.5,0.3438,16.5,-7,0.4225,1.1489,0.9099,204050,-0.0286,-0.0286,0.5973
202006,77012,"houston, tx",7074,12278,119,,16.318129,30.0058292,2.630428447,89.5,0.0407,3.5,1.0341,45.5,18,0.0536,-0.0167,0.2658,192550,-0.037,0.1666,0.5637
202006,77024,"houston, tx",1554,11360,734,2031,23.167444,43.72631886,2.60856893,73.5,-0.0813,-6.5,0.1308,8.5,2,0.16,0.3182,0.2613,1249550,-4.00E-04,0.1107,3.6586
202006,77005,"houston, tx",4502,11117,517,694,24.923492,47.61731274,2.22967065,69,-0.0548,-4,0.3269,17,-2.5,0.375,0.1957,0.2477,1487050,0.0436,-0.0073,4.3541
202006,77068,"houston, tx",9047,6701,-689,-186,51.096619,32.18449432,70.00874381,86.5,0.1849,13.5,0.8021,38.5,15,0.3532,1.3047,1.3288,277450,0.0087,0.0355,0.8123
202006,77063,"houston, tx",870,12114,-641,458,17.596911,34.27572136,0.918099679,84,0.1831,13,0.5,28,12.5,0.25,0.3333,0.1802,305050,-0.0439,-0.0161,0.8931
202006,77072,"houston, tx",1038,6455,1409,1724,52.26246,67.45846692,37.06645293,50.5,-0.1984,-12.5,0.2949,11.5,-21,0.3433,1.3077,0.8108,158750,0.0108,0.0108,0.4647
202006,77077,"houston, tx",104,10543,109,2226,28.90921,55.44301953,2.375400758,61,-0.0469,-3,0.0702,4,-10.5,0.1667,1,0.2523,360050,0.0286,0.0028,1.0541
202006,77056,"houston, tx",2956,12434,313,2140,14.999271,29.21160012,0.786942582,90.5,0.0284,2.5,0.1753,13.5,19,0.3571,0.2667,0.1712,699050,-0.0014,-0.1261,2.0467
202006,77093,"houston, tx",2735,11128,509,1790,24.83241,42.58962402,7.075196736,75,-0.026,-2,0.0135,1,3.5,0.3281,0.0897,0.3829,180750,0.0326,0.3384,0.5291
202006,77058,"houston, tx",4667,10575,-117,-488,28.661469,41.18332848,16.13960944,77,0,0,0.4259,23,5.5,0.0926,0.3409,0.5315,247050,0.1488,-0.1739,0.7232
202006,77023,"houston, tx",4821,11259,342,-842,23.907024,47.17283591,0.641212474,69.5,-0.0347,-2.5,0.6548,27.5,-2,0.2857,0.0588,0.1622,341550,0.0352,0.0197,0.9999
202006,77079,"houston, tx",2797,10782,209,1179,27.255173,52.26610318,2.244243661,64,-0.0303,-2,0.2549,13,-7.5,0.3095,0.6176,0.2477,530050,-0.0183,0.0097,1.5519
202006,77044,"houston, tx",3324,7116,-380,3042,49.038181,72.85776741,25.21859516,46.5,-0.1696,-9.5,-0.051,-2.5,-25,0.0735,1.0278,0.6577,281870,0.0069,-0.0282,0.8252
202006,77022,"houston, tx",4514,10461,-1138,3702,29.404693,58.14631303,0.663071991,58.5,0.1471,7.5,-0.1761,-12.5,-13,0.0588,0.2,0.1622,291550,0.0836,0.215,0.8535
202006,77055,"houston, tx",1769,10540,678,2800,28.945643,57.65083066,0.240454678,59,-0.1194,-8,-0.0167,-1,-12.5,0.35,0.35,0.1216,589500,0.0166,-0.0931,1.726
202006,77090,"houston, tx",1426,4537,-538,496,62.448994,74.81783737,50.08015156,45,-0.2373,-14,-0.0625,-3,-26.5,-0.0091,0.3797,0.982,219865,0.0224,0.0626,0.6436
202006,77015,"houston, tx",1152,8099,-3154,-3958,43.66074,60.47070825,26.85077237,56.5,0.2556,11.5,0.527,19.5,-15,0.0634,0.0942,0.6802,175049.5,0,0.0612,0.5124
202006,77002,"houston, tx",9531,10985,694,2307,25.76144,49.322355,2.200524628,67,-0.1067,-8,-0.0147,-1,-4.5,0.1,-0.0179,0.2477,297050,-0.0162,-0.0719,0.8696
202006,77016,"houston, tx",4625,7406,1388,3436,47.398718,75.48090936,19.31652579,44.5,-0.2705,-16.5,-0.0918,-4.5,-27,0.2075,1.2069,0.5766,162500,0.0837,-0.0477,0.4757
202006,77098,"houston, tx",5413,11550,939,2270,21.677354,42.58962402,0.765083066,75,-0.1071,-9,0.1364,9,3.5,0.4615,0.3571,0.1712,777300,-0.0223,-0.0099,2.2759
202006,77061,"houston, tx",5579,9946,2156,2327,32.887642,50.31331973,15.46196444,66,-0.3333,-33,-0.0435,-3,-5.5,0.2083,0.45,0.5225,194050,-0.1181,-0.1182,0.568
202006,77092,"houston, tx",2609,12001,227,-2733,18.398426,35.0043719,1.792480326,83,0.0375,3,1.3714,48,11.5,0.4167,0.4167,0.2297,299050,0,0.031,0.8755
202006,77027,"houston, tx",4812,12197,-47,1997,16.904693,32.57796561,1.231419411,86,0.0886,7,0.1944,14,14.5,0.2941,0.2941,0.1982,1085050,0.1433,0.173,3.177
202006,77017,"houston, tx",4372,7904,1622,3476,44.812008,75.48090936,14.14310697,44.5,-0.3358,-22.5,-0.3047,-19.5,-27,0.037,0.2444,0.5045,200049.5,0.0582,0.0256,0.5856
202006,77095,"houston, tx",152,4385,1281,1829,63.112066,81.92946663,44.29466628,40,-0.2,-10,0.0526,2,-31.5,0.4085,0.9231,0.9009,275050,0,0.0659,0.8052
202006,77078,"houston, tx",8880,12522,-2352,-1717,14.164966,25.78694258,2.542990382,95.5,0.5917,35.5,0.8725,44.5,24,0.0741,-0.1471,0.2613,139050,0.0775,0.0116,0.407
202006,77096,"houston, tx",1957,10844,330,1280,26.79248,52.65957447,0.925386185,63.5,-0.0522,-3.5,0.2451,12.5,-8,0.3333,1,0.1802,386300,0.0032,-0.0341,1.131
202006,77080,"houston, tx",1635,10364,-77,2108,29.991256,59.20285631,0.779656077,57.5,-0.0254,-1.5,0.0455,2.5,-14,0.4615,0.5833,0.1712,357050,0.02,0.0531,1.0453
202006,77034,"houston, tx",3382,7576,46,840,46.469688,74.07461382,18.86476246,45.5,-0.2417,-14.5,-0.0109,-0.5,-26,-0.0379,0.3229,0.5721,202500,0.0655,0.1568,0.5928
202006,77042,"houston, tx",712,10133,1144,2022,31.699942,59.77849024,3.62139318,57,-0.1857,-13,0.0755,4,-14.5,0.4545,0.6842,0.2883,350050,-0.0411,-0.0789,1.0248
202006,77083,"houston, tx",335,9229,691,-1828,37.299621,51.7633343,22.8359079,64.5,-0.14,-10.5,0.5357,22.5,-7,0.178,0.4479,0.6261,225050,0,0.125,0.6588
202006,77019,"houston, tx",3505,11663,947,1028,20.813903,39.11396094,2.51384436,78,-0.1136,-10,0.322,19,6.5,0.2391,0.2391,0.2568,820049.5,0.0314,-0.0144,2.401
202006,77029,"houston, tx",7503,8393,-1315,-813,42.123288,68.15797144,16.08860391,50,0.0204,1,0.1364,6,-21.5,0.0727,0.1569,0.5315,156049,0.0758,0.1999,0.4568
202006,77087,"houston, tx",3836,10814,-2178,-5625,26.978286,37.05187992,16.90469251,80.5,0.3879,22.5,1.1184,42.5,9,0.1863,-0.0082,0.545,205050,-0.0465,0.0255,0.6003
202006,77014,"houston, tx",4002,5670,3241,2532,56.372049,70.89769746,41.84640047,48,-0.2941,-20,0,0,-23.5,0.5397,0.902,0.8739,220050,0.0477,0.1891,0.6442
202006,77035,"houston, tx",2189,10225,216,1907,30.989507,58.14631303,3.832701836,58.5,-0.0565,-3.5,0.125,6.5,-13,0.5476,1.0313,0.2928,280050,4.00E-04,-0.0311,0.8199
202006,77043,"houston, tx",5091,11657,-500,727,20.846692,41.18332848,0.510055377,77,0.1493,10,0.4528,24,5.5,0.0625,0.4167,0.1532,389950,0.0266,0.067,1.1417
202006,77018,"houston, tx",3559,9197,195,3237,37.474497,74.81783737,0.131157097,45,-0.1176,-6,-0.1509,-8,-26.5,0,0.3333,0.1081,430000,1.00E-04,0.0751,1.2589
202006,77028,"houston, tx",7327,10266,-3590,1386,30.72355,52.65957447,8.787525503,63.5,0.5488,22.5,0.1339,7.5,-8,-0.0213,0.4839,0.4144,186300,0.0068,0.3302,0.5454
202006,77057,"houston, tx",423,10945,133,1660,26.06383,51.7633343,0.36432527,64.5,-0.0227,-1.5,0.1518,8.5,-7,0.2917,0.1071,0.1396,319050,0.0031,0.0813,0.9341
202006,77009,"houston, tx",1963,10641,322,2478,28.267998,56.06237249,0.47362285,60.5,-0.0692,-4.5,0.0254,1.5,-11,0.2692,0.2692,0.1486,400050,0,-0.0361,1.1712
202006,77048,"houston, tx",7636,6347,3560,4725,52.896386,98.69571553,7.097056252,18,-0.7231,-47,-0.6087,-28,-53.5,-0.0341,1.0238,0.3829,196790,0.0698,0.0578,0.5761
202006,77008,"houston, tx",1306,9823,435,1370,33.674585,66.66423783,0.684931507,51,-0.1356,-8,0.1333,6,-20.5,0.2,0.5,0.1622,521245,0.0062,0.0724,1.5261
202006,77071,"houston, tx",3996,8742,541,-130,40.039347,58.62722238,21.45147187,58,-0.1077,-7,0.3488,15,-13.5,0.2736,0.6463,0.6081,199500,0.0073,0.0498,0.584
202006,77007,"houston, tx",748,9486,789,2878,35.70752,70.89769746,0.517341883,48,-0.1864,-11,-0.0943,-5,-23.5,0.2143,0.3077,0.1532,499950,0,0.0524,1.4638
202006,77073,"houston, tx",3178,7424,506,-1235,47.282133,56.06237249,38.50189449,60.5,0.0431,2.5,0.5513,21.5,-11,0.5593,0.7037,0.8288,190050,5.00E-04,-0.0256,0.5563
202006,77075,"houston, tx",2883,8768,-1768,-2212,39.89726,68.74817837,11.04634217,49.5,0.1512,6.5,0.4143,14.5,-22,0.0978,0.1222,0.455,222340,0.0339,0.0339,0.6509
202006,77039,"houston, tx",6188,4273,3811,7974,63.764209,92.38560187,35.14281551,30.5,-0.5822,-42.5,-0.609,-47.5,-41,0.0741,0.8125,0.7838,118550,-0.2813,-0.2099,0.347
202006,77040,"houston, tx",1037,6930,-601,75,49.98907,62.59108132,37.38705917,54.5,-0.0268,-1.5,0.3293,13.5,-17,0.2397,0.8469,0.8153,269050,0.0151,0.0803,0.7877
202006,77045,"houston, tx",4434,11782,-613,190,20.034247,33.80209851,6.266394637,84.5,0.1575,11.5,0.4569,26.5,13,0.125,0.3065,0.3649,313050,0.4363,0.2043,0.9165
202006,77069,"houston, tx",5584,5272,2861,5483,58.485136,67.45846692,49.51180414,50.5,-0.1583,-9.5,-0.0982,-5.5,-21,0.8,1.7,0.973,296300,-0.0125,-0.0443,0.8674
202006,77047,"houston, tx",4964,7260,-3409,525,48.269455,75.48090936,21.05800058,44.5,0.1711,6.5,0.2361,8.5,-27,-0.1184,0.8108,0.6036,208550,0.1002,-0.0522,0.6105
202006,77006,"houston, tx",2621,10022,879,2522,32.315651,63.23229379,1.399009035,54,-0.1692,-11,-0.0357,-2,-17.5,0.2778,0.4375,0.2072,606250,0.0105,-0.0672,1.775
202006,77003,"houston, tx",8661,9039,323,2469,38.348878,75.48090936,1.2168464,44.5,-0.1275,-6.5,-0.0729,-3.5,-27,0.5714,0.5714,0.1982,379050,0.021,0.0271,1.1097
202006,77051,"houston, tx",7386,11144,-1117,-94,24.726756,44.49868843,4.954823667,72.5,0.1694,10.5,0.45,22.5,1,0.1061,0.2586,0.3288,189000,-0.0143,-0.0529,0.5533
202006,77070,"houston, tx",486,5540,845,3312,57.031478,66.03759837,48.02535704,51.5,-0.0283,-1.5,0.1196,5.5,-20,0.5588,1.4091,0.955,249550,0.002,-0.04,0.7306
202006,77099,"houston, tx",1429,9976,-138,-3077,32.669047,31.92946663,33.40862722,87,0.1154,9,1.0714,45,15.5,0.3203,0.625,0.7613,171000,0.0618,0.1396,0.5006
202006,77046,"houston, tx",16649,13549,147,-222,3.442874,6.856601574,0.029146022,148,0.2033,25,1.4667,88,76.5,-0.1,-0.25,0.0811,300050,-0.0625,-0.115,0.8784
202006,77086,"houston, tx",5456,9104,-1382,765,37.926261,41.18332848,34.66919266,77,0.375,21,0.4528,24,5.5,0.4914,0.8804,0.7793,180000,-3.00E-04,0.0648,0.5269
202006,77032,"houston, tx",8922,10756,-983,-6137,27.43005,43.3838531,11.47624599,74,0.2759,16,2.8947,55,2.5,0.6613,0.03,0.464,99050,0,0,0.2899
202005,77087,"houston, tx",3836,8636,-2815,-969,42.644769,65.89975931,19.38977771,58,0.589,21.5,0.4321,17.5,-13,0.0303,-0.0377,0.573,215050,0.0488,-0.0092,0.6517
202005,77047,"houston, tx",4964,3851,1766,2415,66.869602,91.15106895,42.58813535,38,-0.1364,-6,0.551,13.5,-33,0.2459,0.6889,0.8539,189550,-0.0026,-0.1017,0.5744
202005,77068,"houston, tx",9047,6012,-434,3969,55.87923,44.59153334,67.16692624,73,0.1774,11,0.1318,8.5,2,0.2179,0.7031,1.2247,275045,0,0.0311,0.8336
202005,77049,"houston, tx",4560,9006,-217,-1221,40.411298,43.04120062,37.78139601,74,0.1654,10.5,0.7412,31.5,3,0.2793,0.2909,0.7978,210050,-0.0233,-0.0115,0.6366
202005,77024,"houston, tx",1554,12094,-475,445,19.764972,36.36556704,3.164377743,80,0.1679,11.5,0.3445,20.5,9,0.0417,0,0.2809,1250050,0.0225,0.1236,3.789
202005,77025,"houston, tx",2389,11342,156,1433,25.109727,49.30624381,0.913209684,70,0.1024,6.5,0.1966,11.5,-1,0.1852,0.1034,0.1798,469050,0.0423,0.0858,1.4216
202005,77094,"houston, tx",10433,10032,-1195,1595,33.930341,61.12133654,6.739345887,62,0.2653,13,0.2157,11,-9,-0.0704,0.4043,0.3708,449950,0.0238,-0.0818,1.3637
202005,77099,"houston, tx",1429,9838,-2976,-3754,35.211666,38.87866346,31.5446694,78,0.3805,21.5,1.1667,42,7,-0.0376,0.0579,0.7191,161050,0.0066,0.2889,0.488
202005,77067,"houston, tx",4542,6142,-2110,,55.362452,72.32054368,38.40436075,54,0.2414,10.5,0.0093,0.5,-17,-0.0649,-0.3394,0.809,175050,-0.0028,0.192,0.5305
202005,77058,"houston, tx",4667,10458,-1326,-1053,31.385389,40.23078012,22.53999717,77,0.2941,17.5,0.5876,28.5,6,0.1613,0.1134,0.6067,215050,-0.1132,-0.2833,0.6517
202005,77081,"houston, tx",982,11972,-68,-280,20.685261,40.23078012,1.139742319,77,0.1241,8.5,0.54,27,6,0.2414,-0.027,0.2022,439050,0,0.0581,1.3307
202005,77088,"houston, tx",1174,9466,-359,170,37.646892,44.59153334,30.70225117,73,0.1774,11,0.4747,23.5,2,0.26,0.3125,0.7079,175050,-0.0057,-0.0223,0.5305
202005,77018,"houston, tx",3559,9392,1324,1520,38.036245,75.75392893,0.318561518,51,-0.0893,-5,0.1724,7.5,-20,0.0909,0.0909,0.1348,429950,-2.00E-04,0.0668,1.3031
202005,77027,"houston, tx",4812,12150,293,-22,19.400396,37.75307943,1.047713436,79,0.0464,3.5,0.463,25,8,0.1333,-0.1282,0.191,949050,0.0406,-0.0403,2.8766
202005,77059,"houston, tx",7567,11410,-855,2511,24.631884,43.04120062,6.222568314,74,0.2231,13.5,-0.1138,-9.5,3,0.0492,0.1228,0.3596,439050,-0.0043,0.0667,1.3307
202005,77045,"houston, tx",4434,11169,-2491,-727,26.472462,44.59153334,8.35339091,73,0.6404,28.5,0.3905,20.5,2,0.2,-0.1724,0.4045,217950,-0.0301,-0.1383,0.6605
202005,77011,"houston, tx",7391,12769,-129,-1392,14.777715,27.4387654,2.116664307,91,0.1447,11.5,0.8763,42.5,20,0.3333,0.0732,0.2472,250050,0.0663,-0.0167,0.7578
202005,77082,"houston, tx",255,10791,-249,1434,29.183775,49.30624381,9.061305394,70,0.1475,9,0.1024,6.5,-1,0.1746,0.0278,0.4157,385050,0.0267,0.0267,1.167
202005,77096,"houston, tx",1957,11174,115,911,26.447685,52.16621832,0.729151918,67,0.0894,5.5,0.2885,15,-4,0.0714,0.3043,0.1685,385050,0.0134,-0.048,1.167
202005,77022,"houston, tx",4514,9323,1606,3016,38.390202,75.75392893,1.026476002,51,-0.1429,-8.5,-0.0893,-5,-20,-0.1053,-0.15,0.191,269050,0.0368,0.0764,0.8154
202005,77007,"houston, tx",748,10275,558,2180,32.457879,64.29279343,0.622964746,59,0.0261,1.5,0.0631,3.5,-12,-0.0345,-0.0345,0.1573,499950,0.0234,0.0524,1.5153
