resources/dan/dan_cleanup/RDC_Inventory_Hotness_Metrics_Zip_History_TEXAS.csv
month_date_yyyymm,postal_code,zip_name,nielsen_hh_rank,hotness_rank,hotness_rank_mm,hotness_rank_yy,hotness_score,supply_score,demand_score,median_days_on_market,median_days_on_market_mm,median_dom_mm_day,median_days_on_market_yy,median_dom_yy_day,median_dom_vs_us,ldpviews_per_property_mm,ldpviews_per_property_yy,ldpviews_per_property_vs_us,median_listing_price,median_listing_price_mm,median_listing_price_yy,median_listing_price_vs_us
202005,77070,"houston, tx",486,6385,-1592,1292,54.265185,73.03553731,35.49483222,53,0.2771,11.5,0.3086,12.5,-18,0.0382,0.2952,0.764,249050,-0.0018,-0.0419,0.7548
202005,77006,"houston, tx",2621,10901,661,1478,28.4794,55.66331587,1.295483506,65,0,0,0.1607,9,-6,0.0588,-0.0526,0.2022,599950,-0.023,-0.0972,1.8184
202005,77053,"houston, tx",4918,4793,-1454,2333,62.023928,92.80758884,31.24026618,36,1.1818,19.5,-0.0886,-3.5,-35,0.024,0.1429,0.7191,180050,-0.0137,0.2499,0.5456
202005,77056,"houston, tx",2956,12747,-173,1349,14.940535,29.26518477,0.615885601,88,0.121,9.5,0.1355,10.5,17,-0.1515,-0.125,0.1573,700049,-0.0604,-0.1239,2.1219
202005,77044,"houston, tx",3324,6736,1666,3506,52.470622,69.34730285,35.59394025,56,0,0,0.1313,6.5,-15,0.36,0.679,0.764,279950,-0.0263,-0.0319,0.8484
202005,77084,"houston, tx",10,6547,605,62,53.323659,67.47132946,39.17598754,57,0.1287,6.5,0.4805,18.5,-14,0.3091,0.2101,0.809,225050,0,0.0431,0.682
202005,77040,"houston, tx",1037,6329,122,53,54.520034,69.34730285,39.69276511,56,0.2043,9.5,0.4737,18,-15,0.292,0.1967,0.8202,265050,0.1252,0.0675,0.8033
202005,77079,"houston, tx",2797,10991,-196,357,27.902449,53.86521308,1.939685686,66,0.1379,8,0.375,18,-5,0.1667,0.1053,0.236,539950,0.0245,0.0101,1.6366
202005,77009,"houston, tx",1963,10963,603,1958,28.068809,55.66331587,0.474302704,65,0.0156,1,0.0924,5.5,-6,0.1304,-0.0714,0.1461,400050,3.00E-04,-0.0244,1.2125
202005,77015,"houston, tx",1152,4945,-1154,5226,61.202747,84.4329605,37.97253292,45,0.0976,4,-0.4079,-31,-26,-0.0596,-0.0207,0.7978,175050,-0.0168,0.0937,0.5305
202005,77086,"houston, tx",5456,7722,26,120,47.469206,69.34730285,25.59110859,56,0.1915,9,0.037,2,-15,0.2889,-0.2215,0.6517,180050,-0.0296,0.0591,0.5456
202005,77008,"houston, tx",1306,10258,446,823,32.518052,64.29279343,0.743310208,59,0.0442,2.5,0.3111,14,-12,-0.0323,0,0.1685,518050,0.0258,0.0467,1.5702
202005,77041,"houston, tx",3038,8171,683,2747,45.154325,71.35070084,18.95794988,55,-0.0265,-1.5,0.1224,6,-16,0.087,0.6129,0.5618,400050,0.194,0.0026,1.2125
202005,77017,"houston, tx",4372,9526,587,3129,37.197367,52.16621832,22.2285148,67,0.0229,1.5,-0.141,-11,-4,0.2414,0.2273,0.6067,189050,0,-0.0778,0.5729
202005,77078,"houston, tx",8880,10170,-4100,-3769,33.137477,62.62919439,3.645759592,60,0.9672,29.5,0.8182,27,-11,-0.3494,-0.4906,0.3034,129050,-0.0409,-0.0264,0.391
202005,77031,"houston, tx",7526,9587,-1156,3454,36.815093,51.67067818,21.95950729,68,0.3878,19,-0.3398,-35,-3,0.3333,0.0588,0.6067,192550,0.0433,0.0132,0.5835
202005,77016,"houston, tx",4625,8794,-1706,-903,41.713861,61.99207136,21.43565057,61,0.3556,16,0.5062,20.5,-10,0.0928,0.0495,0.5955,149950,0.018,0.0635,0.4544
202005,77042,"houston, tx",712,11277,-333,363,25.757468,49.30624381,2.20869319,70,0.157,9.5,0.3861,19.5,-1,0,0.0233,0.2472,365050,-0.0054,0.0014,1.1064
202005,77063,"houston, tx",870,11473,-746,274,24.224834,47.54353674,0.906130539,71,0.2566,14.5,0.3922,20,0,0.1034,-0.2195,0.1798,319050,-0.0169,-0.0095,0.967
202005,77083,"houston, tx",335,9920,-589,-5681,34.737364,42.43239417,27.04233329,75,0.2821,16.5,1.6316,46.5,4,0.3721,-0.1387,0.6629,225050,0,0.1002,0.682
202005,77030,"houston, tx",7803,11685,36,303,22.731134,44.59153334,0.870734815,73,0.1061,7,0.3905,20.5,2,0.3913,-0.1579,0.1798,480050,0,0.069,1.455
202005,77095,"houston, tx",152,5666,-393,-14,57.634858,77.08480816,38.18490726,50,0.087,4,0.4925,16.5,-21,0.0597,0.1736,0.7978,275050,0.0377,0.0869,0.8336
202005,77026,"houston, tx",5640,10349,-409,4231,32.050828,53.86521308,10.23644344,66,0.0732,4.5,-0.3561,-36.5,-5,-0.037,0.4717,0.4382,170050,0.1003,0.0134,0.5153
202005,77092,"houston, tx",2609,12228,-1031,-4068,18.812827,36.36556704,1.260087781,80,0.3115,19,1.6667,50,9,0.2,-0.4,0.2022,299050,0,0.031,0.9063
202005,77005,"houston, tx",4502,11634,-574,-1055,23.134645,44.59153334,1.677757327,73,0.2066,12.5,0.6044,27.5,2,0.0811,-0.2857,0.2247,1424950,-0.0336,-0.0501,4.3192
202005,77061,"houston, tx",5579,12102,1055,-288,19.690641,22.28514795,17.09613479,99,-0.1574,-18.5,0.1579,13.5,28,0.5238,-0.1864,0.5393,220040,-0.0534,-0.0287,0.6668
202005,77071,"houston, tx",3996,9283,-1721,171,38.595498,55.66331587,21.52767946,65,0.4607,20.5,0.215,11.5,-6,0.2184,-0.0536,0.5955,198050,0.1478,-0.0455,0.6002
202005,77003,"houston, tx",8661,9362,564,815,38.174289,75.75392893,0.594648167,51,0.0303,1.5,0.2911,11.5,-20,-0.0345,-0.0667,0.1573,371270,-0.0101,-0.0179,1.1253
202005,77057,"houston, tx",423,11078,227,1389,27.095427,53.86521308,0.325640663,66,0.0732,4.5,0.1786,10,-5,-0.1111,-0.25,0.1348,318050,0.0602,0.0969,0.9639
202005,77002,"houston, tx",9531,11679,1169,1093,22.759451,42.43239417,3.08650715,75,-0.1713,-15.5,0.1364,9,4,-0.0385,-0.1935,0.2809,301950,-0.0416,-0.0085,0.9151
202005,77076,"houston, tx",4540,10980,-972,,27.962622,49.30624381,6.619000425,70,0.3333,17.5,0.4141,20.5,-1,0.375,-0.3592,0.3708,169938,-0.0415,-0.0814,0.515
202005,77014,"houston, tx",4002,8911,-3551,-5610,40.97763,51.67067818,30.28458162,68,0.3465,17.5,1.566,41.5,-3,-0.137,-0.1818,0.7079,210040,-0.0043,0.1833,0.6365
202005,77074,"houston, tx",2617,11285,-4,-259,25.668979,47.54353674,3.794421634,71,0.0597,4,0.3396,18,0,-0.069,-0.28,0.3034,220050,0.0256,0.038,0.6669
202005,77055,"houston, tx",1769,11218,318,2085,26.164519,52.16621832,0.162820331,67,0.0551,3.5,0.0469,3,-4,-0.0476,-0.1667,0.1124,579850,-0.0045,-0.1202,1.7575
202005,77073,"houston, tx",3178,7930,-2192,-2457,46.396715,65.89975931,26.89367124,58,0.381,16,0.7059,24,-13,0.0351,-0.0635,0.6629,189950,0,-0.0264,0.5756
202005,77012,"houston, tx",7074,12397,-34,,17.524423,31.06328755,3.985558545,86,0.1097,8.5,0.2836,19,15,0.2444,-0.4563,0.3146,199950,0.0304,-0.0929,0.6059
202005,77060,"houston, tx",2081,10043,-2852,,33.85601,50.92028883,16.79173156,69,0.5682,25,0.0866,5.5,-2,0.0323,-0.6943,0.5393,140050,0,0.0815,0.4244
202005,77037,"houston, tx",8066,8984,-2448,,40.538723,55.66331587,25.41412997,65,0.4444,20,-0.48,-60,-6,0.0741,0.589,0.6517,150050,-0.0738,-0.2346,0.4547
202005,77077,"houston, tx",104,10652,-106,420,30.061589,57.29859833,2.824578791,64,0.1327,7.5,0.3913,18,-7,0.1163,0.2308,0.2697,350050,-0.0071,-0.0264,1.0609
202005,77072,"houston, tx",1038,7864,-1671,760,46.722356,59.06838454,34.37632734,63,0.4318,19,0.299,14.5,-8,0.2072,0.1858,0.7528,157050,0.0032,0.0467,0.4759
202005,77033,"houston, tx",4959,7765,-1940,-989,47.132946,78.62806173,15.63783095,49,0.3243,12,0.4,14,-22,-0.08,-0.1154,0.5169,147050,0.0247,0.0615,0.4456
202005,77028,"houston, tx",7327,6676,691,4271,52.782104,89.21846241,16.34574543,41,-0.012,-0.5,-0.1881,-9.5,-30,0.1463,0.3824,0.5281,185050,0.1858,0.2415,0.5608
202005,77036,"houston, tx",102,11055,-96,558,27.378593,43.04120062,11.71598471,74,0.0803,5.5,0.2437,14.5,3,0.1389,0.038,0.4607,130050,-0.0225,-0.3497,0.3941
202005,77035,"houston, tx",2189,10441,-494,539,31.516353,61.12133654,1.911369107,62,0.2039,10.5,0.3778,17,-9,-0.0455,0.1667,0.236,279950,0.0105,-0.0639,0.8484
202005,77080,"houston, tx",1635,10287,-797,1972,32.380008,64.29279343,0.467223559,59,0.2826,13,0.1028,5.5,-12,0.04,0.04,0.1461,350045,0.0324,0.0578,1.0609
202005,77023,"houston, tx",4821,11601,-3,-1371,23.311624,46.04983718,0.573410732,72,0.1163,7.5,0.7349,30.5,1,0.1667,-0.3778,0.1573,329950,0.0906,-0.0297,1
202005,77020,"houston, tx",5699,11384,-778,-1824,24.869036,49.30624381,0.431827835,70,0.25,14,0.9718,34.5,-1,-0.2353,-0.1875,0.1461,274950,-0.0147,-0.106,0.8333
202005,77019,"houston, tx",3505,12610,-245,-672,15.882061,29.26518477,2.498938128,88,0.1355,10.5,0.6147,33.5,17,0.0455,-0.1154,0.2584,795050,0.1004,-0.0056,2.4098
202005,77034,"houston, tx",3382,7622,-307,1405,47.947048,62.62919439,33.2649016,60,0.3793,16.5,0.1881,9.5,-11,0.4831,0.1786,0.7416,190050,0.0411,0.086,0.5759
202005,77098,"houston, tx",5413,12489,716,636,16.873142,33.29321818,0.45306527,84,-0.082,-7.5,0.3333,21,13,0.0833,-0.2571,0.1461,795050,-0.0056,-0.0022,2.4098
202005,77065,"houston, tx",1756,3749,87,1110,67.414696,85.53022795,49.29916466,44,0.1579,6,0.1139,4.5,-27,0.1915,0.0566,0.9438,242050,0.0302,-0.0122,0.7336
202005,77066,"houston, tx",4037,7352,-3109,35,49.415971,59.06838454,39.76355656,63,0.4157,18.5,0.3263,15.5,-8,-0.0395,0.0815,0.8202,218050,0.0069,0.0037,0.6608
202005,77051,"houston, tx",7386,10027,-706,2505,33.969277,61.12133654,6.81721648,62,0.1923,10,-0.0462,-3,-9,-0.0294,-0.0149,0.3708,191750,-0.0858,-0.0169,0.5811
202005,77091,"houston, tx",5199,10707,-1085,919,29.743027,57.29859833,2.187455755,64,0.2929,14.5,0.2427,12.5,-7,-0.0638,-0.12,0.2472,270050,0.0489,-0.0686,0.8184
202005,77046,"houston, tx",16649,13696,-289,-1512,6.346453,12.57964038,0.113266317,123,0.2487,24.5,1.2991,69.5,52,1.5,-0.3939,0.1124,320050,-0.0361,-0.056,0.97
202005,77064,"houston, tx",1297,4119,1453,744,65.31219,85.53022795,45.09415263,44,-0.0737,-3.5,0.1892,7,-27,0.188,0.0604,0.8876,225050,-0.0086,-0.0621,0.682
202005,77054,"houston, tx",2543,10994,-46,-965,27.884752,53.86521308,1.904289962,66,0.1186,7,0.6923,27,-5,0.3125,0.2,0.236,165050,3.00E-04,-0.2499,0.5002
202005,77039,"houston, tx",6188,8084,961,3239,45.582614,44.59153334,46.5736939,73,0.3519,19,0.1061,7,2,1,0.604,0.9101,164950,0.031,0.1294,0.4998
202005,77075,"houston, tx",2883,7000,665,2720,51.192836,86.8327906,15.55288121,43,0.0118,0.5,-0.2389,-13.5,-28,0.1646,-0.2,0.5169,215050,0,0.0516,0.6517
202005,77062,"houston, tx",4382,4392,-61,1795,63.956534,89.21846241,38.69460569,41,0.0789,3,0.1714,6,-30,0.0992,0.2522,0.809,270050,0.0407,0.0095,0.8184
202005,77043,"houston, tx",5091,11157,-693,-135,26.532635,52.16621832,0.899051395,67,0.2523,13.5,0.5056,22.5,-4,0.4545,0.1034,0.1798,379850,0.0064,0.0351,1.1513
202005,77029,"houston, tx",7503,7078,-1653,1650,50.867195,78.62806173,23.10632876,49,0.2564,10,0.0769,3.5,-22,-0.0179,0.0784,0.618,145049,0.1305,0.0069,0.4395
202005,77089,"houston, tx",1142,7636,607,1067,47.869177,72.32054368,23.41781113,54,0.0588,3,0.2414,10.5,-17,0.2222,0.1579,0.618,259950,0.0017,-0.0282,0.7878
202005,77004,"houston, tx",2048,11325,-575,2363,25.304403,49.30624381,1.30256265,70,0.2281,13,0,0,-1,0.125,0.0909,0.2022,373300,0.0089,-0.0152,1.1314
202005,77090,"houston, tx",1426,3999,139,906,66.027184,64.29279343,67.7615744,59,0.3882,16.5,0.2967,13.5,-12,0.4865,0.1828,1.236,215050,0.0747,0.0617,0.6517
202005,77032,"houston, tx",8922,9773,-2625,,35.59748,65.89975931,5.29520034,58,0.5263,20,0.0841,4.5,-13,-0.1948,-0.4833,0.3483,99050,-0.01,-0.255,0.3001
202005,77069,"houston, tx",5584,8133,-1141,1865,45.306527,62.62919439,27.98385955,60,0.2,10,0.165,8.5,-11,0.0714,0.2766,0.6742,300049,0,0.0101,0.9094
202005,77021,"houston, tx",3737,10446,-306,474,31.484497,57.29859833,5.670395016,64,0.1963,10.5,0.3913,18,-7,0.3191,0.3478,0.3483,259950,0.0334,-0.0191,0.7878
202005,77038,"houston, tx",5661,9096,-3281,838,39.791873,55.66331587,23.92043041,65,0.4943,21.5,0.2621,13.5,-6,-0.0427,0.1667,0.6292,207050,0.0838,0.0508,0.6275
202005,77048,"houston, tx",7636,9907,-1201,-3543,34.801076,55.66331587,13.93883619,65,0.383,18,1.3636,37.5,-6,0.2941,-0.0538,0.4944,183950,0.0248,0.0437,0.5574
202005,77093,"houston, tx",2735,11637,217,933,23.124027,40.23078012,6.017273113,77,-0.061,-5,-0.1809,-17,6,-0.1111,-0.4019,0.3596,175050,0,0.346,0.5305
202004,77096,"houston, tx",1957,11289,-461,1253,25.91305,50.842815,0.983284169,61.5,0.1389,7.5,-0.016,-1,-0.5,0.037,0.0769,0.1944,379950,0.0144,-0.0501,1.1872
202004,77043,"houston, tx",5091,10464,-716,-16,31.229808,62.01713724,0.442477876,53.5,0.1889,8.5,0.2299,10,-8.5,-0.2143,-0.3714,0.1528,377450,0.0011,0.0114,1.1794
202004,77002,"houston, tx",9531,12848,-182,88,15.233881,24.53996348,5.927798848,90.5,-0.0859,-8.5,0.2067,15.5,28.5,-0.0877,-0.1333,0.3611,315050,-0.0308,-0.0454,0.9844
202004,77031,"houston, tx",7526,8431,368,4336,43.489254,68.94929063,18.02921759,49,0.0103,0.5,-0.5051,-50,-13,0,-0.0795,0.5625,184550,0.0543,-0.016,0.5766
202004,77039,"houston, tx",6188,9045,-57,406,39.745751,61.39204945,18.09945217,54,-0.1818,-12,-0.0609,-3.5,-8,-0.3361,-0.3017,0.5625,159995,-3.00E-04,0.0752,0.4998
202004,77076,"houston, tx",4540,10008,-2070,,34.046214,63.47801658,4.614412137,52.5,0.4189,15.5,-0.0625,-3.5,-9.5,-0.2727,-0.5385,0.3333,177300,0.0429,-0.0414,0.5539
202004,77024,"houston, tx",1554,11619,-748,663,23.612867,42.39359461,4.832139345,68.5,0.2018,11.5,0.0873,5.5,6.5,0.0667,-0.0204,0.3333,1222550,-0.002,0.1783,3.8203
202004,77089,"houston, tx",1142,8243,118,-1293,44.518191,66.00646158,23.02991993,51,0.1087,5,0.275,11,-11,0.0714,-0.2241,0.625,259500,0.0157,-0.0021,0.8108
202004,77092,"houston, tx",2609,11197,-936,-1035,26.443321,51.69265346,1.19398792,61,0.22,11,0.2979,14,-1,-0.1667,-0.5,0.2083,299050,0,0.031,0.9344
202004,77070,"houston, tx",486,4793,1811,2491,62.789718,80.03230791,45.54712741,41.5,-0.0119,-0.5,0.0375,1.5,-20.5,0.1909,0.1696,0.9097,249500,0.0223,-0.0311,0.7795
202004,77017,"houston, tx",4372,10113,-1185,2178,33.396544,45.77890153,21.01418739,65.5,0.3646,17.5,-0.1027,-7.5,3.5,0.1447,0.1447,0.6042,189050,0.0573,-0.1409,0.5906
202004,77032,"houston, tx",8922,7148,,,50.551341,85.32097205,15.78171091,38,-0.6142,-60.5,-0.2621,-13.5,-24,-0.2143,-0.379,0.5347,100050,-0.0467,-0.2274,0.3125
202004,77048,"houston, tx",7636,8706,-1133,-4326,41.870347,71.94830735,11.79238657,47,0.2533,9.5,1,23.5,-15,-0.1169,-0.4848,0.4722,179495,-0.0816,0.0356,0.5608
202004,77059,"houston, tx",7567,10555,-1437,2140,30.650372,52.38095238,8.919792106,60.5,0.3011,14,-0.1597,-11.5,-1.5,-0.0615,0.0167,0.4236,440950.5,0.0206,0.0463,1.3778
202004,77004,"houston, tx",2048,10750,-246,2047,29.333474,57.1498806,1.517067004,57,0.1068,5.5,-0.1493,-10,-5,0.1034,-0.0588,0.2222,369999.5,0.0235,-0.0066,1.1561
202004,77095,"houston, tx",152,5273,1076,306,60.356089,73.45132743,47.26085124,46,0.1358,5.5,0.4154,13.5,-16,0.1964,0.0388,0.9306,265050,0.0234,0.0196,0.8281
202004,77036,"houston, tx",102,10959,50,615,28.058716,42.39359461,13.72383762,68.5,0.0873,5.5,0.0224,1.5,6.5,0.125,-0.1429,0.5,133049.5,-0.0952,-0.3282,0.4156
202004,77016,"houston, tx",4625,7088,-1263,2542,50.902514,74.87708948,26.92793932,45,0.2676,9.5,-0.1429,-7.5,-17,-0.1182,-0.0102,0.6736,147300,0.0155,0.1414,0.4602
202004,77038,"houston, tx",5661,5815,-455,1679,57.536171,77.15971344,37.91262818,43.5,0.4032,12.5,0.1757,6.5,-18.5,0.0833,0.2717,0.8125,191040,0,-0.0203,0.5968
202004,77023,"houston, tx",4821,11598,-474,220,23.777918,46.97288945,0.582947043,64.5,0.1416,8,0.1622,9,2.5,0.0909,-0.3684,0.1667,302545,0.0066,-0.0902,0.9453
202004,77086,"houston, tx",5456,7748,-1254,1447,47.345133,71.94830735,22.74195814,47,0.1325,5.5,-0.3139,-21.5,-15,-0.1964,-0.3333,0.625,185550,-0.0605,0.0633,0.5797
202004,77073,"houston, tx",3178,5738,-1102,3313,57.950555,79.41424357,36.48686613,42,0.3125,10,-0.3,-18,-20,-0.088,-0.1024,0.7917,189950,-3.00E-04,0.0408,0.5934
202004,77018,"houston, tx",3559,10716,-891,808,29.526619,58.60373648,0.449501334,56,0.2444,11,0.0769,4,-6,0.2222,-0.12,0.1528,430050,0.0351,0.0426,1.3438
202004,77006,"houston, tx",2621,11562,-539,437,24.04481,46.28459053,1.805028796,65,0.1504,8.5,0.1304,7.5,3,0.0303,-0.1053,0.2361,614050,-0.0215,-0.0322,1.9188
202004,77003,"houston, tx",8661,9926,-669,2238,34.622138,68.15563984,1.088636044,49.5,0.2073,8.5,-0.1538,-9,-12.5,0.2609,-0.0938,0.2014,375045,0,-0.0077,1.1719
202004,77074,"houston, tx",2617,11281,-1173,1142,25.969237,44.26885799,7.669616519,67,0.301,15.5,-0.1299,-10,5,0.0943,-0.2658,0.4028,214550,-0.0355,-0.0205,0.6703
202004,77026,"houston, tx",5640,9940,264,4699,34.530833,50.842815,18.21885096,61.5,-0.0391,-2.5,-0.5607,-78.5,-0.5,-0.0899,0.7609,0.5625,154545,0.03,-0.088,0.4828
202004,77088,"houston, tx",1174,9107,-150,-308,39.401601,50.19665683,28.60654586,62,0.1376,7.5,0.4091,18,0,0.0526,0.0526,0.6944,176050,-0.0164,-0.0168,0.55
202004,77030,"houston, tx",7803,11721,-1004,153,22.907009,45.33642366,0.477595168,66,0.2453,13,0.1579,9,4,-0.1481,-0.425,0.1597,480050,0.0762,-0.1538,1.5
202004,77054,"houston, tx",2543,10948,-1744,-154,28.08681,54.6705998,1.503020087,59,0.4217,17.5,0.2553,12,-3,-0.0588,-0.2,0.2222,164995,-0.0678,-0.0912,0.5155
202004,77020,"houston, tx",5699,10606,-800,-409,30.193847,58.60373648,1.783958421,56,0.2444,11,0.3176,13.5,-6,0.5455,-0.1282,0.2361,279050,-0.0294,0.0352,0.8719
202004,77047,"houston, tx",4964,5617,834,-1781,58.537014,76.30987498,40.76415227,44,0.1429,5.5,0.8723,20.5,-18,0.1731,-0.1469,0.8472,190050,-0.0256,-0.0193,0.5938
202004,77066,"houston, tx",4037,4243,1813,2131,65.82034,75.51622419,56.12445568,44.5,0.0595,2.5,-0.11,-5.5,-17.5,0.2358,-0.0898,1.0556,216550,-0.0132,0.0188,0.6766
202004,77058,"houston, tx",4667,9132,-1410,279,39.282203,53.84885518,24.71554994,59.5,0.4512,18.5,0.1782,9,-2.5,0.1205,-0.0412,0.6458,242500,-0.0935,-0.1478,0.7577
202004,77055,"houston, tx",1769,11536,-898,724,24.206349,48.01938475,0.393313668,63.5,0.2212,11.5,0.0763,4.5,1.5,0.05,-0.1923,0.1458,582450,-0.0112,-0.1235,1.82
202004,77062,"houston, tx",4382,4331,1855,1486,65.335721,85.32097205,45.35047057,38,0.0133,0.5,0.027,1,-24,0.2243,-0.0076,0.9097,259500,0.0277,-0.0456,0.8108
202004,77012,"houston, tx",7074,12363,-541,208,18.794775,33.726647,3.862902093,77.5,0.1567,10.5,0.1071,7.5,15.5,0.0976,-0.2373,0.3125,194050,-0.0295,-0.1829,0.6063
202004,77075,"houston, tx",2883,7665,-786,493,47.808681,78.59249895,17.02486304,42.5,0.0625,2.5,-0.1327,-6.5,-19.5,-0.202,-0.3525,0.5486,215050,0.0118,0.075,0.6719
202004,77035,"houston, tx",2189,9947,537,-290,34.478157,65.1425762,3.813737885,51.5,-0.019,-1,0.3377,13,-10.5,0.1,0.1,0.3056,277050,0.0174,-0.0843,0.8656
