resources/dan/dan_cleanup/RDC_Inventory_Hotness_Metrics_Zip_History_TEXAS.csv
month_date_yyyymm,postal_code,zip_name,nielsen_hh_rank,hotness_rank,hotness_rank_mm,hotness_rank_yy,hotness_score,supply_score,demand_score,median_days_on_market,median_days_on_market_mm,median_dom_mm_day,median_days_on_market_yy,median_dom_yy_day,median_dom_vs_us,ldpviews_per_property_mm,ldpviews_per_property_yy,ldpviews_per_property_vs_us,median_listing_price,median_listing_price_mm,median_listing_price_yy,median_listing_price_vs_us
202004,77019,"houston, tx",3505,12365,-949,-1174,18.784239,33.726647,3.841831718,77.5,0.2302,14.5,0.3717,21,15.5,-0.0638,-0.2903,0.3056,722500,-0.0124,-0.0907,2.2577
202004,77083,"houston, tx",335,9331,-817,-4152,38.042562,55.30973451,20.7753898,58.5,0.1038,5.5,0.9831,29,-3.5,-0.1485,-0.3281,0.5972,225050,0.0135,0.0742,0.7031
202004,77015,"houston, tx",1152,3791,2450,4648,68.166175,80.79084141,55.54150864,41,0.0123,0.5,-0.3835,-25.5,-21,0.313,-0.0321,1.0486,178050,6.00E-04,0.191,0.5563
202004,77029,"houston, tx",7503,5425,2155,4636,59.587021,84.03567917,35.13836213,39,-0.2041,-10,-0.3217,-18.5,-23,0.009,0.0275,0.7778,128300,-0.0996,-0.1152,0.4008
202004,77068,"houston, tx",9047,5578,907,3358,58.782835,50.19665683,67.3690125,62,0.2277,11.5,0.1171,6.5,0,0.2695,0.3984,1.2431,275047.5,-0.0264,0.0581,0.8594
202004,77061,"houston, tx",5579,13157,91,-493,12.635202,15.69742941,9.572973732,117.5,-0.082,-10.5,0.3905,33,55.5,0.0862,-0.2317,0.4375,232450,0.0809,0.0343,0.7262
202004,77091,"houston, tx",5199,9622,1078,2102,36.321815,68.15563984,4.487989886,49.5,-0.0833,-4.5,-0.161,-9.5,-12.5,0.2368,-0.1455,0.3264,257450,-0.0098,-2.00E-04,0.8044
202004,77081,"houston, tx",982,11904,-601,-1793,21.713021,42.39359461,1.032448378,68.5,0.161,9.5,0.6118,26,6.5,-0.0645,-0.3409,0.2014,439050,0.072,0.0434,1.3719
202004,77051,"houston, tx",7386,9321,-439,3249,38.112797,64.35594887,11.86964461,52,0.1685,7.5,-0.2624,-18.5,-10,0.0462,-0.0811,0.4722,209750,0.0243,0.1335,0.6553
202004,77065,"houston, tx",1756,3836,1370,2647,67.97303,85.32097205,50.62508779,38,0.0857,3,0,0,-24,0.1653,0.175,0.9792,234950,-4.00E-04,-0.0519,0.7341
202004,77090,"houston, tx",1426,4138,140,1415,66.301447,78.59249895,54.01039472,42.5,0.1039,4,-0.086,-4,-19.5,-0.039,-0.0807,1.0278,200100,8.00E-04,3.00E-04,0.6252
202004,77098,"houston, tx",5413,13205,-659,-835,12.280517,23.97106335,0.589970501,91.5,0.1582,12.5,0.4878,30,29.5,-0.04,-0.3143,0.1667,799494,-0.028,0.0666,2.4983
202004,77034,"houston, tx",3382,7315,-612,-402,49.655851,77.15971344,22.15198764,43.5,0.3594,11.5,-0.0938,-4.5,-18.5,0.0988,-0.3308,0.6181,182549.5,-0.0241,0.0428,0.5703
202004,77041,"houston, tx",3038,8854,-673,1319,40.964321,57.83115606,24.0974856,56.5,0.2283,10.5,0.1188,6,-5.5,0.0455,0.2432,0.6389,335050,-0.0628,-0.1593,1.0469
202004,77014,"houston, tx",4002,5360,924,1115,59.9101,66.72987779,53.09032167,50.5,0.3117,12,-0.0734,-4,-11.5,0.3519,-0.1705,1.0139,210950,-0.0303,0.1496,0.6591
202004,77067,"houston, tx",4542,4032,947,,66.93707,77.15971344,56.71442618,43.5,0.4262,13,0.1299,5,-18.5,0.3391,-0.2804,1.0694,175550,0.0203,0.1705,0.5484
202004,77084,"houston, tx",10,7152,440,-1117,50.540806,66.72987779,34.35173479,50.5,0.1744,7.5,0.2469,10,-11.5,0.1957,-0.1852,0.7639,225050,0.009,0.0717,0.7031
202004,77049,"houston, tx",4560,8789,-222,-2192,41.41031,48.01938475,34.80123613,63.5,0.1759,9.5,0.4598,20,1.5,0.0777,-0.0177,0.7708,215050,0.0141,-0.0051,0.6719
202004,77028,"houston, tx",7327,7367,920,5349,49.413541,80.03230791,18.79477455,41.5,-0.17,-8.5,-0.5202,-45,-20.5,-0.1633,0.0513,0.5694,156049,0.0064,0.1563,0.4875
202004,77009,"houston, tx",1963,11566,-493,-72,24.034274,47.57690687,0.491642085,64,0.1429,8,0.2308,12,2,0,-0.2333,0.1597,399950,0.0011,0.0137,1.2497
202004,77099,"houston, tx",1429,6862,1273,2443,52.15269,57.83115606,46.47422391,56.5,0.2697,12,-0.096,-6,-5.5,0.5647,0.0153,0.9236,160000,-3.00E-04,0.3704,0.4998
202004,77094,"houston, tx",10433,8837,497,1783,41.069673,68.94929063,13.19005478,49,-0.0392,-2,0.0538,2.5,-13,-0.0658,0.5435,0.4931,439500,0.0353,-0.1193,1.3733
202004,77080,"houston, tx",1635,9490,168,1534,37.073325,73.45132743,0.695322377,46,0.0455,2,-0.0417,-2,-16,0,-0.0741,0.1736,339050,-0.0028,0.0497,1.0594
202004,77069,"houston, tx",5584,6992,-975,2199,51.453856,67.453294,35.45441776,50,0.2987,11.5,0.087,4,-12,-0.0175,0.2727,0.7778,300050,2.00E-04,0.0044,0.9375
202004,77046,"houston, tx",16649,13407,-1167,68,10.338531,20.65599101,0.021070375,98.5,0.3972,28,0.2792,21.5,36.5,-0.5556,-0.7714,0.0556,332050,-0.0374,-0.0206,1.0375
202004,77053,"houston, tx",4918,3339,2228,718,70.624385,98.98159854,42.26717236,16.5,-0.4211,-12,-0.5217,-18,-45.5,0.2626,-0.2331,0.8681,182544.5,0.0642,0.3271,0.5703
202004,77056,"houston, tx",2956,12574,-592,434,17.312825,32.96109004,1.664559629,78.5,0.163,11,0.1214,8.5,16.5,0.0645,-0.0833,0.2292,745050,0.065,-0.0534,2.3281
202004,77008,"houston, tx",1306,10704,-1026,-81,29.58983,57.83115606,1.348504003,56.5,0.2697,12,0.2556,11.5,-5.5,0.069,-0.0606,0.2153,505000,0.0099,0.0359,1.578
202004,77082,"houston, tx",255,10542,-756,1711,30.72763,51.69265346,9.762607108,61,0.1961,10,-0.1348,-9.5,-1,0,-0.125,0.4375,375050,0.0176,0.0869,1.1719
202004,77005,"houston, tx",4502,11060,-1530,85,27.370417,52.38095238,2.359882006,60.5,0.3297,15,0.0901,5,-1.5,-0.1778,-0.4219,0.2569,1474550,-0.0163,-0.0248,4.6078
202004,77077,"houston, tx",104,10546,117,741,30.713583,57.83115606,3.596010676,56.5,0.0463,2.5,0.0971,5,-5.5,0.075,0.0488,0.2986,352550,0.0071,-0.0276,1.1016
202004,77071,"houston, tx",3996,7562,1357,1660,48.388116,75.51622419,21.26000843,44.5,-0.0729,-3.5,-0.2124,-12,-17.5,0.1447,-0.2232,0.6042,172547.5,-0.0443,-0.1783,0.5391
202004,77072,"houston, tx",1038,6193,1253,565,55.576626,76.30987498,34.84337688,44,0.0602,2.5,0.1,4,-18,0.2198,-0.0431,0.7708,156550,0.0507,0.1218,0.4891
202004,77087,"houston, tx",3836,5821,3602,-147,57.518612,87.18218851,27.85503582,36.5,-0.3241,-17.5,0.0896,3,-25.5,0.1928,-0.1951,0.6875,205050,0.0123,0.1423,0.6406
202004,77064,"houston, tx",1297,5572,818,401,58.796882,71.12656272,46.46720045,47.5,0.0674,3,0.1728,7,-14.5,0.0726,-0.1419,0.9236,226994,0.0086,-0.0446,0.7092
202004,77079,"houston, tx",2797,10795,-578,-344,29.02093,55.92077539,2.121084422,58,0.1485,7.5,0.2889,13,-4,-0.1429,-0.1628,0.25,527050,0.054,-0.0255,1.6469
202004,77063,"houston, tx",870,10727,-379,570,29.46692,57.83115606,1.102682961,56.5,0.13,6.5,0.0762,4,-5.5,0,-0.3409,0.2014,324550,-0.0132,0.0727,1.0141
202004,77027,"houston, tx",4812,12443,-751,-658,18.331226,35.45441776,1.208034836,75.5,0.1797,11.5,0.3246,18.5,13.5,-0.1429,-0.3478,0.2083,912050,-0.0111,-0.1293,2.85
202004,77033,"houston, tx",4959,5825,2842,1869,57.508077,86.44472538,28.57142857,37,-0.1685,-7.5,-0.1591,-7,-25,0.3889,-0.2424,0.6944,143500,-0.0337,0.0555,0.4483
202004,77093,"houston, tx",2735,11854,-1537,-513,22.067706,30.4888327,13.64657958,82,0.4775,26.5,-0.1368,-13,20,0.1429,-0.3898,0.5,175050,6.00E-04,0.346,0.5469
202004,77021,"houston, tx",3737,10140,-133,780,33.249052,62.01713724,4.480966428,53.5,0.1031,5,0.0288,1.5,-8.5,0.175,-0.2656,0.3264,251550,-0.0784,0.0288,0.7859
202004,77011,"houston, tx",7391,12640,-707,74,16.880882,32.18148616,1.580278129,79.5,0.2045,13.5,0.1277,9,17.5,0.375,-0.4107,0.2292,234494,0.0198,-0.125,0.7326
202004,77040,"houston, tx",1037,6451,795,1105,54.242169,72.55232476,35.93201292,46.5,0.0941,4,0.0568,2.5,-15.5,0.1531,-0.0424,0.7847,235550,0.0064,-0.0673,0.7359
202004,77037,"houston, tx",8066,6536,1446,,53.810226,74.87708948,32.74336283,45,-0.1743,-9.5,-0.4578,-38,-17,-0.0924,0.1739,0.75,162000,-0.1565,-0.0357,0.5061
202004,77078,"houston, tx",8880,6070,1201,3245,56.184155,93.29259727,19.07571288,30.5,-0.1644,-6,-0.3579,-17,-31.5,0.0247,-0.2655,0.5764,134550,0.0037,0.0764,0.4203
202004,77044,"houston, tx",3324,8402,293,1214,43.647282,58.60373648,28.69082736,56,0.1313,6.5,0.1789,8.5,-6,0.1628,0.2048,0.6944,287500,0.0277,-0.0109,0.8983
202004,77057,"houston, tx",423,11305,-357,276,25.85335,50.842815,0.863885377,61.5,0.1182,6.5,0.1495,8,-0.5,0.08,-0.2286,0.1875,300000,-0.0827,0.0308,0.9373
202004,77007,"houston, tx",748,10833,-611,765,28.813738,56.51074589,1.116729878,57.5,0.1735,8.5,0.0849,4.5,-4.5,0,-0.0333,0.2014,488495,0.0177,0.0283,1.5264
202004,77022,"houston, tx",4514,10929,1819,474,28.178115,53.84885518,2.507374631,59.5,-0.3081,-26.5,0.1553,8,-2.5,0.3571,0.0556,0.2639,259500,-0.0391,0.0381,0.8108
202004,77025,"houston, tx",2389,11498,-433,871,24.438123,48.01938475,0.856861919,63.5,0.1339,7.5,0.0496,3,1.5,0.08,0,0.1875,450000,0.0344,0.0191,1.4061
202004,77045,"houston, tx",4434,8678,222,-511,42.010816,75.51622419,8.505408063,44.5,0.0471,2,0.2027,7.5,-17.5,0.1111,-0.2771,0.4167,224711,-0.0175,-0.0369,0.7021
202004,77042,"houston, tx",712,10944,-1197,-140,28.104369,52.38095238,3.827784801,60.5,0.3152,14.5,0.2222,11,-1.5,0.1892,-0.1698,0.3056,367050,0.0124,0.0531,1.1469
202004,77060,"houston, tx",2081,7191,,,50.340638,76.30987498,24.37140048,44,0.2222,8,-0.2542,-15,-18,0.0941,-0.5939,0.6458,140050,4.00E-04,0.2849,0.4375
202003,77006,"houston, tx",2621,11023,-700,-128,27.57546,53.44912109,1.701799846,56.5,-0.1172,-7.5,0.0089,0.5,-3,-0.2143,-0.1316,0.2185,627550,-0.004,0.046,1.9612
202003,77098,"houston, tx",5413,12546,-1245,-1183,16.902444,33.26563485,0.539253449,79,0.026,2,0.339,20,19.5,-0.3056,-0.2647,0.1656,822500,-0.0208,0.0981,2.5706
202003,77057,"houston, tx",423,10948,728,-231,27.93613,55.30499335,0.567266615,55,-0.3373,-28,0.0377,2,-4.5,-0.2647,-0.3421,0.1656,327050,0.0219,0.1477,1.022
202003,77002,"houston, tx",9531,12666,-680,105,16.086561,24.67259612,7.500525247,99,0.0206,2,0.0645,6,39.5,-0.1857,-0.1618,0.3775,325050,-0.0413,0.0156,1.0158
202003,77027,"houston, tx",4812,11692,-646,136,23.110862,44.21177954,2.009944674,64,-0.1351,-10,-0.0154,-1,4.5,-0.2391,-0.125,0.2318,922300,-0.003,0.0024,2.8825
202003,77003,"houston, tx",8661,9257,374,677,38.279992,76.15379228,0.40619091,41,-0.2407,-13,-0.1087,-5,-18.5,-0.3235,-0.1154,0.1523,375045,-0.0024,-0.0129,1.172
202003,77012,"houston, tx",7074,11822,-698,1620,22.235451,41.4244695,3.046431823,67,-0.1067,-8,-0.33,-33,7.5,-0.0682,-0.2115,0.2715,199950,0.0045,-0.1115,0.6248
202003,77079,"houston, tx",2797,10217,697,1125,32.63884,61.85307094,3.424609566,50.5,-0.3267,-24.5,-0.1441,-8.5,-9,-0.25,0,0.2781,500050,0.0103,-0.0474,1.5627
202003,77058,"houston, tx",4667,7722,-1746,-978,47.219693,76.15379228,18.28559423,41,-0.0238,-1,0.0513,2,-18.5,-0.3516,-0.0978,0.5497,267500,-0.0274,0.0326,0.8359
202003,77031,"houston, tx",7526,8799,1583,2794,40.955249,64.88549618,17.02500175,48.5,-0.3782,-29.5,-0.4294,-36.5,-11,-0.1,0.35,0.5364,175050,0,-0.0789,0.547
202003,77035,"houston, tx",2189,10484,687,-906,30.835493,58.72259962,2.948385741,52.5,-0.3182,-24.5,0.1932,8.5,-7,-0.1667,-0.0476,0.2649,272325,0.0101,-0.1014,0.851
202003,77014,"houston, tx",4002,6284,-543,-3384,55.143918,79.57840185,30.70943343,38.5,0.3276,9.5,-0.0128,-0.5,-21,0,-0.2895,0.7152,217545,-0.0112,0.1447,0.6798
202003,77061,"houston, tx",5579,13248,-869,-1595,11.565936,15.34421178,7.7876602,128,0.2673,27,0.641,50,68.5,-0.0938,-0.1212,0.3841,215050,-0.0133,-0.0648,0.672
202003,77078,"houston, tx",8880,7271,817,1300,49.740878,82.37971847,17.10203796,36.5,-0.4552,-30.5,-0.2551,-12.5,-23,-0.3864,-0.19,0.5364,134050,-0.1066,0.1651,0.4188
202003,77086,"houston, tx",5456,6494,446,2217,53.932348,75.36942363,32.49527278,41.5,-0.0978,-4.5,-0.4315,-31.5,-18,-0.0345,0.4737,0.7417,197500,0.1615,0.0855,0.6171
202003,77019,"houston, tx",3505,11416,-698,-1279,25.057777,45.37432593,4.741228377,63,-0.137,-10,0.125,7,3.5,-0.2167,-0.2879,0.3113,731550,0.009,-0.0729,2.2863
202003,77045,"houston, tx",4434,8900,-513,2777,40.328454,74.01078507,6.646123678,42.5,-0.1327,-6.5,-0.4481,-34.5,-17,-0.325,-0.2059,0.3576,228711,0.0993,0.0198,0.7147
202003,77011,"houston, tx",7391,11933,-2630,-1434,21.44758,42.42594019,0.469220534,66,0.2941,15,0.2222,12,6.5,-0.4545,-0.4,0.1589,229938,-0.0417,-0.1517,0.7185
202003,77048,"houston, tx",7636,7573,494,-2456,48.133623,80.97906016,15.28818545,37.5,-0.0385,-1.5,0.0714,2.5,-22,0.2419,-0.45,0.5099,195450,-0.0026,0.1842,0.6107
202003,77053,"houston, tx",4918,5567,1531,-646,59.044751,92.03025422,26.05924785,28.5,-0.25,-9.5,-0.4412,-22.5,-31,0.0761,-0.25,0.6556,171540,-0.0486,0.2085,0.536
202003,77090,"houston, tx",1426,4278,1215,-2472,65.715386,79.57840185,51.85237061,38.5,-0.2451,-12.5,-0.0128,-0.5,-21,-0.0494,-0.1895,1.0199,199950,-0.0248,0.0521,0.6248
202003,77069,"houston, tx",5584,6017,2298,2281,56.604104,79.57840185,33.62980601,38.5,-0.3889,-24.5,-0.23,-11.5,-21,0,0.3571,0.755,300000,0.0379,-2.00E-04,0.9375
202003,77083,"houston, tx",335,8514,-854,-3083,42.716577,58.05028363,27.38286995,53,0.0392,2,0.325,13,-6.5,-0.0472,-0.1293,0.6689,222050,0.0114,0.0571,0.6939
202003,77034,"houston, tx",3382,6703,-1845,323,52.783808,88.40955249,17.15806429,32,0.28,7,-0.4483,-26,-27.5,-0.3571,-0.4375,0.5364,187050,0.0447,0.1131,0.5845
202003,77008,"houston, tx",1306,9678,-118,-3,35.881364,70.64920513,1.113523356,44.5,-0.1604,-8.5,0.0114,0.5,-15,-0.2368,-0.0938,0.1921,500050,2.00E-04,0.0419,1.5627
202003,77042,"houston, tx",712,9747,-683,979,35.471672,68.56922754,2.374115834,46,-0.1154,-6,-0.1786,-10,-13.5,-0.4032,-0.2292,0.245,362550,0.036,0.0357,1.133
202003,77071,"houston, tx",3996,8919,-687,-358,40.2129,65.57882205,14.84697808,48,-0.0769,-4,-0.1724,-10,-11.5,-0.1739,-0.1915,0.5033,180550,0.0033,-0.0929,0.5642
202003,77029,"houston, tx",7503,7580,-2991,2571,48.095105,64.10813082,32.08207858,49,0.3611,13,-0.2222,-14,-10.5,-0.2697,0.0882,0.7351,142499.5,-0.0439,0.0182,0.4452
202003,77024,"houston, tx",1554,10871,682,435,28.443869,52.75579522,4.131942013,57,-0.3372,-29,-0.05,-3,-2.5,-0.2742,-0.1,0.298,1225050,-0.0354,0.3611,3.8287
202003,77044,"houston, tx",3324,8695,-453,1088,41.589047,63.295749,19.8823447,49.5,-0.066,-3.5,-0.1161,-6.5,-10,-0.0851,0.1316,0.5695,279750,-0.0127,-0.0145,0.8742
202003,77016,"houston, tx",4625,5825,1594,75,57.717627,83.7593669,31.67588767,35.5,-0.1932,-8.5,-0.1125,-4.5,-24,0.1224,0.1702,0.7285,145050,-0.0932,0.1599,0.4532
202003,77063,"houston, tx",870,10348,-226,647,31.847468,62.61642972,1.078506898,50,-0.1803,-11,-0.1228,-7,-9.5,-0.275,-0.3696,0.1921,328905,0.0998,0.1035,1.0278
202003,77094,"houston, tx",10433,9334,-79,-356,37.891309,60.99166608,14.79095175,51,-0.1207,-7,0.2143,9,-8.5,0.027,0.5833,0.5033,424500,0.0108,-0.0969,1.3266
202003,77007,"houston, tx",748,10222,-58,325,32.614329,64.10813082,1.120526648,49,-0.1967,-12,-0.0392,-2,-10.5,-0.1944,0.0357,0.1921,480000,-1.00E-04,0.0104,1.5001
202003,77023,"houston, tx",4821,11124,-1686,-222,26.89264,53.44912109,0.336157994,56.5,0.1078,5.5,0.0273,1.5,-3,-0.3529,-0.3125,0.1457,300547.5,0.005,-0.1136,0.9392
202003,77017,"houston, tx",4372,8928,217,1387,40.174382,65.57882205,14.76994187,48,-0.1864,-11,-0.2615,-17,-11.5,-0.0732,-0.283,0.5033,178800,-0.0542,0.0983,0.5587
202003,77072,"houston, tx",1038,7446,-1021,-470,48.770922,75.36942363,22.17242104,41.5,0.1216,4.5,-0.1531,-7.5,-18,-0.1415,-0.1415,0.6026,149000,0.0647,0.0716,0.4655
202003,77033,"houston, tx",4959,8667,-1968,-2197,41.781637,70.64920513,12.91406961,44.5,0.2027,7.5,0.0349,1.5,-15,-0.28,-0.28,0.4768,148500,-0.003,0.0843,0.464
202003,77040,"houston, tx",1037,7246,-1497,-892,49.887947,74.01078507,25.7651096,42.5,0.2143,7.5,-0.0556,-2.5,-17,-0.1695,-0.1695,0.649,234050,-0.0043,-0.082,0.7314
202003,77021,"houston, tx",3737,10007,349,294,33.906436,64.88549618,2.927375867,48.5,-0.2868,-19.5,-0.0849,-4.5,-11,-0.3333,-0.0476,0.2649,272938,0.0915,0.0915,0.8529
202003,77030,"houston, tx",7803,10717,-2333,1041,29.420828,58.05028363,0.791371945,53,0.359,14,-0.1587,-10,-6.5,-0.413,-0.25,0.1788,446050,0.3129,-0.1663,1.394
202003,77076,"houston, tx",4540,7938,,1063,46.113173,81.6933959,10.53295049,37,0,0,-0.3621,-21,-22.5,0.0645,-0.2979,0.4371,170000,-0.1502,-0.0288,0.5312
202003,77091,"houston, tx",5199,10700,-914,212,29.539884,56.55858253,2.521184957,54,-0.069,-4,-0.129,-8,-5.5,-0.24,-0.3214,0.2517,259997.5,0.0198,0.0398,0.8125
202003,77025,"houston, tx",2389,11065,-3,593,27.284824,54.0163877,0.553260032,56,-0.2329,-17,-0.0667,-4,-3.5,-0.3056,-0.1071,0.1656,435050,-0.0312,0.0116,1.3596
202003,77047,"houston, tx",4964,6451,-1565,1008,54.194972,79.57840185,28.81154142,38.5,0.6042,14.5,-0.2596,-13.5,-21,-0.1613,0.1556,0.6887,195050,0.0263,0.054,0.6095
202003,77015,"houston, tx",1152,6241,-279,76,55.350515,76.70004902,34.00098046,40.5,-0.19,-9.5,-0.2059,-10.5,-19,-0.2123,-0.1288,0.7616,177950,0.0224,0.1477,0.556
202003,77038,"houston, tx",5661,5360,2353,-43,60.053225,89.4810561,30.62539394,31,-0.2619,-11,-0.2051,-8,-28.5,0.2857,0.0385,0.7152,191047.5,-0.0402,0.0058,0.597
202003,77080,"houston, tx",1635,9658,230,1441,36.028433,71.51060999,0.546256741,44,-0.2281,-13,-0.2143,-12,-15.5,-0.2188,0.0417,0.1656,340000,0.009,0.0792,1.0625
202003,77036,"houston, tx",102,11009,-1093,-227,27.63849,45.37432593,9.902654247,63,-0.0597,-4,-0.0156,-1,3.5,-0.1795,-0.1351,0.4238,147050,0.1316,-0.2575,0.4594
202003,77009,"houston, tx",1963,11073,-1105,-790,27.218293,54.0163877,0.420197493,56,-0.0345,-2,0.1429,7,-3.5,-0.2813,-0.1154,0.1523,399500,0.0243,0.009,1.2485
202003,77075,"houston, tx",2883,6879,-833,-1215,51.841866,77.51943413,26.16429722,40,0.3333,10,-0.0476,-2,-19.5,-0.0294,-0.1885,0.6556,212550,0.0371,0.0216,0.6642
202003,77062,"houston, tx",4382,6186,-339,464,55.606135,80.97906016,30.23320961,37.5,-0.2021,-9.5,-0.2188,-10.5,-22,-0.2465,-0.0446,0.7086,252500,-0.0096,-0.0287,0.789
202003,77095,"houston, tx",152,6349,-913,-1007,54.741228,76.70004902,32.78240773,40.5,-0.0581,-2.5,0.125,4.5,-19,-0.2222,-0.1111,0.7417,259000,-0.0228,-0.0037,0.8093
202003,77070,"houston, tx",486,6604,-804,-505,53.326563,74.84417676,31.80895021,42,0,0,-0.0233,-1,-17.5,-0.1667,0,0.7285,244047.5,-0.0201,-0.024,0.7626
202003,77096,"houston, tx",1957,10828,-1153,1696,28.692485,56.55858253,0.826388403,54,-0.0182,-1,-0.2394,-17,-5.5,-0.2059,0.125,0.1788,374550,-0.0273,-0.0626,1.1705
