resources/dan/dan_cleanup/RDC_Inventory_Hotness_Metrics_Zip_History_TEXAS.csv
month_date_yyyymm,postal_code,zip_name,nielsen_hh_rank,hotness_rank,hotness_rank_mm,hotness_rank_yy,hotness_score,supply_score,demand_score,median_days_on_market,median_days_on_market_mm,median_dom_mm_day,median_days_on_market_yy,median_dom_yy_day,median_dom_vs_us,ldpviews_per_property_mm,ldpviews_per_property_yy,ldpviews_per_property_vs_us,median_listing_price,median_listing_price_mm,median_listing_price_yy,median_listing_price_vs_us
202003,77039,"houston, tx",6188,8988,-2376,417,39.824217,42.42594019,37.22249457,66,0.1786,10,0.1379,8,6.5,-0.1408,0.2708,0.8079,160045,0.2316,0.0191,0.5001
202003,77051,"houston, tx",7386,8882,-347,2959,40.493032,70.64920513,10.33685832,44.5,-0.0918,-4.5,-0.3986,-29.5,-15,-0.1216,-0.0714,0.4305,204775,-0.0157,0.0832,0.6399
202003,77043,"houston, tx",5091,9748,1067,800,35.471672,70.0119056,0.931437776,45,-0.3662,-26,-0.1176,-6,-14.5,-0.3,-0.0667,0.1854,377050,0.0329,0.0053,1.1783
202003,77046,"houston, tx",16649,12240,-2950,2049,19.27656,38.40605084,0.147069122,70.5,0.4388,21.5,-0.4268,-52.5,11,-0.3571,0.125,0.1192,344950,-0.0143,0.0174,1.078
202003,77074,"houston, tx",2617,10108,-1171,1876,33.325163,60.3123468,6.33797885,51.5,-0.0283,-1.5,-0.3397,-26.5,-8,-0.2639,-0.0185,0.351,222450,0.0344,0.0344,0.6951
202003,77099,"houston, tx",1429,8135,-2339,168,44.933119,70.64920513,19.21703201,44.5,-0.0111,-0.5,-0.2054,-11.5,-15,-0.3929,-0.2273,0.5629,160050,-0.0532,0.2799,0.5001
202003,77088,"houston, tx",1174,8957,-1962,-83,39.974788,55.80923034,24.14034596,54.5,0.2386,10.5,-0.0439,-2.5,-5,-0.1204,-0.181,0.6291,178994,-3.00E-04,0.0255,0.5593
202003,77055,"houston, tx",1769,10638,-1138,913,29.921563,59.59100777,0.252118496,52,0.0196,1,-0.1186,-7,-7.5,-0.1667,-0.2857,0.1325,589050,0.0537,-0.0423,1.8409
202003,77087,"houston, tx",3836,9423,1576,-2479,37.324042,56.55858253,18.08950207,54,-0.3647,-31,-0.069,-4,-5.5,-0.0119,-0.2719,0.5497,202550,-0.0146,0.0952,0.6329
202003,77065,"houston, tx",1756,5206,-581,-1219,60.771062,84.64878493,36.89333987,35,0.1667,5,0.0294,1,-24.5,-0.1232,-0.097,0.8013,235050,-0.0208,0,0.7345
202003,77064,"houston, tx",1297,6390,238,-982,54.492612,70.64920513,38.33601793,44.5,-0.11,-5.5,0.1711,6.5,-15,-0.0462,-0.0606,0.8212,225050,-0.0132,0.0232,0.7032
202003,77066,"houston, tx",4037,6056,-2259,-547,56.418517,74.84417676,37.99285664,42,0.3548,11,-0.087,-4,-17.5,-0.25,0.0082,0.8146,219450,0.0018,0.0452,0.6857
202003,77067,"houston, tx",4542,4979,-588,,61.870579,89.95727992,33.78387842,30.5,-0.1528,-5.5,-0.1286,-4.5,-29,-0.2722,-0.4912,0.7616,172050,-0.0439,0.1241,0.5376
202003,77022,"houston, tx",4514,12748,-543,-180,15.379228,29.87604174,0.882414735,86,-0.0652,-6,0.1781,13,26.5,-0.2632,-0.2222,0.1854,270050,0.0804,0.1297,0.8439
202003,77092,"houston, tx",2609,10261,-2174,-635,32.379718,62.61642972,2.143007213,50,0.3889,14,0.0204,1,-9.5,-0.2174,-0.3571,0.2384,299050,0,0.0491,0.9345
202003,77028,"houston, tx",7327,8287,1706,737,44.162756,62.61642972,25.70908327,50,-0.3976,-33,-0.2063,-13,-9.5,-0.125,0.5806,0.649,155049,0.0333,0.1481,0.4844
202003,77054,"houston, tx",2543,9204,-633,476,38.602143,75.36942363,1.834862385,41.5,0.0122,0.5,-0.0778,-3.5,-18,-0.1053,0,0.2252,177000,-0.0435,-0.0114,0.5531
202003,77056,"houston, tx",2956,11982,-902,596,21.146439,40.9272358,1.365641852,67.5,-0.0878,-6.5,-0.0753,-5.5,8,-0.2955,-0.0313,0.2053,699549.5,-0.1245,-0.0352,2.1863
202003,77005,"houston, tx",4502,9530,-153,488,36.665733,69.21353036,4.11793543,45.5,-0.1875,-10.5,-0.1415,-7.5,-14,-0.25,-0.2969,0.298,1499050,0.0745,0.0745,4.6851
202003,77020,"houston, tx",5699,9806,-1344,-1119,35.17053,70.0119056,0.329154703,45,0.1842,7,0.2162,8,-14.5,-0.2143,-0.5417,0.1457,287500,-0.0667,0.1098,0.8984
202003,77026,"houston, tx",5640,10204,1453,2341,32.687863,44.21177954,21.16394706,64,-0.3043,-28,-0.2381,-20,4.5,0.2027,0.5893,0.5894,150050,-0.026,-0.0322,0.4688
202003,77018,"houston, tx",3559,9825,-1443,-353,35.086491,70.0119056,0.161075706,45,0.2162,8,0.0714,3,-14.5,-0.25,-0.1818,0.1192,415477,0.0133,0.0309,1.2984
202003,77093,"houston, tx",2735,10317,-1246,320,32.005042,54.5976609,9.412423839,55.5,-0.0593,-3.5,-0.3621,-31.5,-4,-0.25,-0.0156,0.4172,174950,0.0318,0.3453,0.5466
202003,77084,"houston, tx",10,7592,-446,-2199,48.039078,73.22641642,22.85174032,43,-0.0227,-1,-0.0227,-1,-16.5,-0.1154,-0.1481,0.6093,223050,0.0141,0.0619,0.697
202003,77041,"houston, tx",3038,8181,37,1152,44.670495,68.56922754,20.77176273,46,-0.08,-4,-0.1154,-6,-13.5,0,0.3333,0.5828,357500,-0.1061,-0.1152,1.1172
202003,77081,"houston, tx",982,11303,-1894,1075,25.730093,50.15757406,1.302612228,59,0.1346,7,-0.169,-12,-0.5,-0.2955,-0.0882,0.2053,409550,0.0237,-0.0394,1.2799
202003,77082,"houston, tx",255,9786,-635,1323,35.258071,60.99166608,9.524476504,51,-0.15,-9,-0.2154,-14,-8.5,-0.25,0.05,0.4172,368550,0.1099,0.1338,1.1517
202003,77089,"houston, tx",1142,8361,-1675,-1437,43.669024,68.56922754,18.76882135,46,0.0698,3,0.0222,1,-13.5,-0.2632,-0.1765,0.5563,255497.5,0.0218,0.0222,0.7984
202003,77059,"houston, tx",7567,9118,376,1745,39.071364,67.78485888,10.3578682,46.5,-0.306,-20.5,-0.2377,-14.5,-13,-0.2935,0.1207,0.4305,432050,-0.018,0.0036,1.3502
202003,77077,"houston, tx",104,10663,-522,613,29.760487,56.55858253,2.962392324,54,-0.1429,-9,-0.069,-4,-5.5,-0.2,0.0526,0.2649,350050,-0.0251,-0.0411,1.0939
202003,77037,"houston, tx",8066,7982,,,45.826038,55.80923034,35.84284614,54.5,-0.3807,-33.5,-0.1484,-9.5,-5,0.5256,0.2396,0.7881,192050,0.1234,-0.0356,0.6001
202003,77068,"houston, tx",9047,6485,265,503,53.963863,61.85307094,46.07465509,50.5,-0.2463,-16.5,0.01,0.5,-9,-0.1607,0.1016,0.9338,282500,0.0465,0.0867,0.8828
202003,77073,"houston, tx",3178,4636,1104,2443,63.663422,88.40955249,38.91729113,32,-0.1351,-5,-0.3846,-20,-27.5,0.0081,-0.0079,0.8278,190000,-0.0232,0.0558,0.5937
202003,77049,"houston, tx",4560,8567,-1944,-3334,42.432943,56.55858253,28.30730443,54,0.2,9,0.2857,12,-5.5,-0.1417,-0.0965,0.6821,212050,0.01,-0.0135,0.6626
202003,77004,"houston, tx",2048,10504,339,1677,30.705932,60.3123468,1.099516773,51.5,-0.2746,-19.5,-0.2426,-16.5,-8,-0.2368,-0.1944,0.1921,361495,0.0043,-0.0359,1.1297
202002,77084,"houston, tx",10,7146,-1654,-2892,50.737391,81.39130435,20.08347826,44,-0.1287,-6.5,0.1429,5.5,-36,-0.1111,-0.2061,0.5532,219950,0.0134,0.1106,0.7094
202002,77036,"houston, tx",102,9916,208,-147,35.394783,60.52869565,10.26086957,67,-0.1355,-10.5,-0.0429,-3,-13,0.013,0.013,0.4149,129950,-0.0884,-0.3631,0.419
202002,77061,"houston, tx",5579,12379,-1476,-3569,19.036522,31.93043478,6.142608696,101,0.1285,11.5,0.5906,37.5,21,-0.2889,-0.2558,0.3404,217950,0.0135,-0.0091,0.7029
202002,77064,"houston, tx",1297,6628,-2035,-2719,53.41913,76.34782609,30.49043478,50,-0.0741,-4,0.4706,16,-30,-0.0909,-0.0152,0.6915,228050,0.0181,-0.0272,0.7355
202002,77070,"houston, tx",486,5800,-155,-335,57.6,83.65217391,31.54782609,42,-0.2941,-17.5,-0.0968,-4.5,-38,0.0076,0.1,0.7021,249050,0.0375,-0.0039,0.8032
202002,77015,"houston, tx",1152,5962,-824,-720,56.706087,76.34782609,37.06434783,50,-0.0741,-4,0.1236,5.5,-30,0.1145,0.1967,0.7766,174050,-0.0142,0.0943,0.5613
202002,77053,"houston, tx",4918,7098,-1954,-41,50.998261,86.98434783,15.01217391,38,1.1714,20.5,-0.4967,-37.5,-42,-0.1321,-0.3611,0.4894,180300,0.0359,0.307,0.5815
202002,77039,"houston, tx",6188,6612,1406,477,53.492174,71.59652174,35.38782609,56,-0.268,-20.5,0.1546,7.5,-24,0.1094,0.4947,0.7553,129950,-0.1041,-0.2025,0.419
202002,77043,"houston, tx",5091,10815,-39,-772,29.450435,57.36347826,1.537391304,71,-0.0779,-6,0.2241,13,-9,0.0256,0.25,0.2128,365035,0.0013,0.011,1.1774
202002,77090,"houston, tx",1426,5493,-1898,-4110,59.189565,75.52,42.85913043,51,-0.1639,-10,0.0968,4.5,-29,-0.129,-0.3306,0.8617,205040,-0.0294,0.069,0.6613
202002,77018,"houston, tx",3559,8382,3194,474,44.153043,88.06956522,0.236521739,37,-0.5595,-47,-0.0864,-3.5,-43,-0.1111,-0.1724,0.1277,410040,0.0275,0.0263,1.3225
202002,77004,"houston, tx",2048,10843,799,1599,29.33913,57.36347826,1.314782609,71,-0.1696,-14.5,-0.2324,-21.5,-9,-0.0732,0,0.2021,359950,0.0283,-0.0125,1.161
202002,77020,"houston, tx",5699,8462,1955,204,43.690435,86.98434783,0.396521739,38,-0.4795,-35,-0.1461,-6.5,-42,-0.2,-0.4615,0.1489,308040,0.0301,0.2101,0.9935
202002,77048,"houston, tx",7636,8067,-1146,-5282,45.822609,85.89913043,5.746086957,39,-0.0714,-3,0.322,9.5,-41,-0.1268,-0.5948,0.3298,195950,0.0155,0.1699,0.6319
202002,77096,"houston, tx",1957,9675,1281,2022,36.838261,72.76521739,0.911304348,55,-0.2949,-23,-0.3125,-25,-25,0.0625,0.1333,0.1809,385050,-0.0128,-0.0374,1.2419
202002,77089,"houston, tx",1142,6686,-784,-1041,53.168696,82.3373913,24,43,-0.0851,-4,0,0,-37,0.1068,0.0179,0.6064,250050,-0.0643,-0.0186,0.8065
202002,77059,"houston, tx",7567,9494,1521,-50,37.92,60.52869565,15.31130435,67,-0.2514,-22.5,0.1453,8.5,-13,0.0698,0.5082,0.4894,439950,5.00E-04,0.0188,1.419
202002,77055,"houston, tx",1769,9500,641,2640,37.881739,75.52,0.243478261,51,-0.2714,-19,-0.407,-35,-29,-0.1429,-0.1111,0.1277,559050,-0.0287,-0.0984,1.8032
202002,77042,"houston, tx",712,9064,1408,1134,40.24,74.67130435,5.808695652,52,-0.3376,-26.5,-0.1875,-12,-28,-0.0746,0.2653,0.3298,349950,-0.0345,-0.0144,1.1287
202002,77073,"houston, tx",3178,5740,-976,-1187,57.958261,88.06956522,27.84695652,37,0.0278,1,-0.0864,-3.5,-43,0.0508,-0.0388,0.6596,194507,0.0119,0.0836,0.6273
202002,77008,"houston, tx",1306,9560,1660,895,37.492174,73.62782609,1.356521739,53,-0.3497,-28.5,-0.1654,-10.5,-27,-0.0732,0.1875,0.2021,499950,4.00E-04,0.0442,1.6126
202002,77009,"houston, tx",1963,9968,1602,-290,35.053913,69.32869565,0.779130435,58,-0.3136,-26.5,0.0943,5,-22,-0.1351,0.0323,0.1702,390040,2.00E-04,-0.0177,1.258
202002,77075,"houston, tx",2883,6046,-356,391,56.333913,93.75304348,18.91478261,30,-0.4118,-21,-0.4828,-28,-50,-0.1053,-0.157,0.5426,204950,-0.0217,0.0756,0.661
202002,77030,"houston, tx",7803,8384,3043,2546,44.149565,85.89913043,2.4,39,-0.5385,-45.5,-0.4429,-31,-41,-0.08,0.3143,0.2447,339750,0.2241,-0.2434,1.0958
202002,77024,"houston, tx",1554,11553,338,-693,24.810435,43.79826087,5.822608696,86,-0.0995,-9.5,0.1467,11,6,-0.1143,0.0877,0.3298,1270050,0.0063,0.419,4.0968
202002,77088,"houston, tx",1174,6995,2770,1089,51.52,81.39130435,21.64869565,44,-0.45,-36,-0.3383,-22.5,-36,0.125,0.0093,0.5745,179050,-0.0428,0.017,0.5774
202002,77023,"houston, tx",4821,9438,-796,-548,38.205217,75.52,0.890434783,51,-0.0973,-5.5,0.1591,7,-29,-0.0286,-0.1905,0.1809,299045,0.0236,-0.1454,0.9645
202002,77078,"houston, tx",8880,8088,-376,-642,45.732174,60.52869565,30.93565217,67,0.1167,7,0.2407,13,-13,0.5172,0.3608,0.7021,150040,-0.0507,0.2929,0.4838
202002,77021,"houston, tx",3737,10356,-352,84,32.695652,60.11130435,5.28,68,-0.0556,-4,-0.0073,-0.5,-12,0.0526,0.1111,0.3191,250050,-0.0136,-0.1272,0.8065
202002,77031,"houston, tx",7526,10382,-2254,1242,32.507826,50.98434783,14.03130435,78,0.2188,14,-0.1568,-14.5,-2,0.0227,0.2857,0.4787,175050,-0.0735,-0.0666,0.5645
202002,77045,"houston, tx",4434,8387,-852,3952,44.13913,77.38434783,10.89391304,49,-0.0841,-4.5,-0.5172,-52.5,-31,0.0667,0.2308,0.4255,208050,0.0619,-0.052,0.671
202002,77081,"houston, tx",982,9409,466,3455,38.326957,74.67130435,1.982608696,52,-0.2464,-17,-0.4877,-49.5,-28,0,0.0233,0.234,400050,-0.1111,-0.1,1.2903
202002,77054,"houston, tx",2543,8571,1790,2689,43.092174,84.87652174,1.307826087,41,-0.4345,-31.5,-0.4641,-35.5,-39,0.0857,-0.1556,0.2021,185050,-0.1638,0.2374,0.5968
202002,77002,"houston, tx",9531,11986,149,-674,21.704348,35.62434783,7.784347826,97,-0.0251,-2.5,0.0838,7.5,17,-0.0141,-0.0411,0.3723,339050,0.0119,0.0953,1.0935
202002,77087,"houston, tx",3836,10999,-511,-3249,28.403478,44.77913043,12.02782609,85,0.0429,3.5,0.4167,25,5,0.0769,-0.1765,0.4468,205550,-0.0431,0.1183,0.6629
202002,77086,"houston, tx",5456,6940,-1331,-996,51.89913,79.46434783,24.33391304,46,-0.1068,-5.5,-0.1154,-6,-34,-0.0085,-0.0333,0.617,170040,5.00E-04,-0.0143,0.5484
202002,77065,"houston, tx",1756,4625,2178,-1895,63.801739,93.75304348,33.85043478,30,-0.5385,-35,-0.1429,-5,-50,0.1405,-0.1429,0.734,240050,-0.0254,0.0959,0.7742
202002,77066,"houston, tx",4037,3797,48,5114,68.24,92.88347826,43.59652174,31,-0.4918,-30,-0.622,-51,-49,-0.0889,0.3898,0.8723,219050,0.0188,0.0534,0.7065
202002,77072,"houston, tx",1038,6425,-1889,-1866,54.382609,88.06956522,20.69565217,37,-0.039,-1.5,0.0423,1.5,-43,-0.152,-0.124,0.5638,139950,-0.1303,-0.0348,0.4513
202002,77017,"houston, tx",4372,9145,227,-1925,39.805217,68.23652174,11.37391304,59,-0.2081,-15.5,0.0261,1.5,-21,-0.0787,-0.2336,0.4362,189050,-0.0394,-0.0545,0.6097
202002,77094,"houston, tx",10433,9255,333,420,39.154783,69.32869565,8.980869565,58,-0.1944,-14,-0.0085,-0.5,-22,0.0137,0.3962,0.3936,419950,-0.0648,-0.0872,1.3545
202002,77049,"houston, tx",4560,6623,-2716,-1727,53.436522,80.45913043,26.41391304,45,0,0,0.1842,7,-35,-0.1724,0.0169,0.6383,209950,-0.026,-0.0316,0.6771
202002,77034,"houston, tx",3382,4858,-949,588,62.473043,96.49391304,28.45217391,25,-0.3421,-13,-0.4186,-18,-55,-0.0935,0.0862,0.6702,179050,0.038,0.0539,0.5774
202002,77098,"houston, tx",5413,11301,-121,-1150,26.483478,51.87478261,1.092173913,77,-0.0494,-4,0.252,15.5,-3,-0.122,-0.1628,0.1915,839938,-0.0657,0.0908,2.7093
202002,77092,"houston, tx",2609,8087,1558,565,45.735652,89.04347826,2.427826087,36,-0.4706,-32,-0.234,-11,-44,-0.098,-0.2069,0.2447,299050,0.0992,0.0682,0.9645
202002,77035,"houston, tx",2189,11171,89,-1190,27.290435,51.87478261,2.706086957,77,-0.0941,-8,0.2941,17.5,-3,-0.2131,0.1163,0.2553,269600,0.0085,-0.1013,0.8695
202002,77099,"houston, tx",1429,5796,315,954,57.617391,80.45913043,34.77565217,45,-0.0625,-3,-0.1892,-10.5,-35,0.4,0.2613,0.7447,169050,0.1049,0.3519,0.5452
202002,77016,"houston, tx",4625,7419,-819,-3213,49.436522,81.39130435,17.48173913,44,-0.2212,-12.5,0.1139,4.5,-36,-0.0667,-0.2687,0.5213,159950,0.0152,0.3324,0.5158
202002,77082,"houston, tx",255,9151,1023,1199,39.787826,67.15826087,12.4173913,60,-0.2258,-17.5,-0.1837,-13.5,-20,0.12,0.2174,0.4468,332050,0.0312,0.1399,1.071
202002,77041,"houston, tx",3038,8218,-433,180,45.033043,76.34782609,13.71826087,50,-0.2248,-14.5,-0.1379,-8,-30,-0.102,0.0353,0.4681,399950,-0.0126,-0.0076,1.29
202002,77011,"houston, tx",7391,9303,-815,-946,38.758261,75.52,1.996521739,51,-0.1356,-8,0.2911,11.5,-29,-0.2542,-0.1373,0.234,239950,0.0638,-0.144,0.7739
202002,77069,"houston, tx",5584,8315,-124,-1011,44.53913,65.07130435,24.00695652,63,-0.1127,-8,0.0957,5.5,-17,0.0556,0.0857,0.6064,289050,0.053,0.0617,0.9323
202002,77080,"houston, tx",1635,9888,-484,1061,35.544348,70.3373913,0.751304348,57,-0.1094,-7,-0.1857,-13,-23,0,-0.0303,0.1702,336980,0.0179,0.069,1.0869
202002,77027,"houston, tx",4812,11046,244,644,28.118261,53.78086957,2.455652174,74,-0.1138,-9.5,-0.1138,-9.5,-6,-0.098,-0.0213,0.2447,925050,-0.0078,0.0882,2.9839
202002,77091,"houston, tx",5199,9786,-461,634,36.215652,69.32869565,3.102608696,58,-0.1212,-8,-0.1944,-14,-22,-0.0741,-0.2188,0.266,254950,-0.0175,-0.073,0.8223
202002,77022,"houston, tx",4514,12205,413,-2106,20.156522,39.01913043,1.293913043,92,-0.066,-6.5,0.5082,31,12,0.0857,-0.1163,0.2021,249950,0,0.1569,0.8061
202002,77026,"houston, tx",5640,11657,-506,2514,24.038261,39.01913043,9.057391304,92,0.076,6.5,-0.4045,-62.5,12,0.0725,0.2131,0.3936,154050,-0.0494,-0.0345,0.4968
202002,77063,"houston, tx",870,10122,-33,449,34.187826,66.83130435,1.544347826,61,-0.1408,-10,-0.1029,-7,-19,-0.1304,-0.1304,0.2128,299050,-0.0015,0.0445,0.9645
202002,77058,"houston, tx",4667,5976,2183,3508,56.66087,83.65217391,29.66956522,42,-0.497,-41.5,-0.4684,-37,-38,-0.1111,0.2673,0.6809,275050,-9.00E-04,0.0951,0.8871
202002,77040,"houston, tx",1037,5749,209,882,57.885217,90.33043478,25.44,35,-0.4167,-25,-0.4928,-34,-45,-0.0635,-0.1511,0.6277,235050,-0.0408,-0.0095,0.7581
202002,77014,"houston, tx",4002,5741,2318,-2859,57.944348,94.50434783,21.38434783,29,-0.6442,-52.5,-0.3483,-15.5,-51,-0.234,-0.3793,0.5745,220000,0.0068,0.1936,0.7095
202002,77025,"houston, tx",2389,11062,751,15,28.066087,55.01217391,1.12,73,-0.1609,-14,0.0282,2,-7,0.0588,0.2414,0.1915,449050,0.0113,0.0466,1.4484
202002,77005,"houston, tx",4502,9377,92,147,38.466087,71.59652174,5.335652174,56,-0.1825,-12.5,-0.125,-8,-24,-0.0323,-0.1429,0.3191,1395050,0.0036,0.0168,4.5
202002,77038,"houston, tx",5661,7713,-2798,-4055,47.843478,83.65217391,12.03478261,42,0.4,12,0.6471,16.5,-38,-0.2566,-0.3488,0.4468,199050,0.0696,0.0311,0.6419
202002,77019,"houston, tx",3505,10718,556,-1133,30.18087,55.01217391,5.349565217,73,-0.1512,-13,0.1061,7,-7,-0.0769,-0.1781,0.3191,725050,-0.0627,-0.0202,2.3387
202002,77044,"houston, tx",3324,8242,-977,1216,44.907826,73.62782609,16.18782609,53,-0.1719,-11,-0.2374,-16.5,-27,-0.1296,0.119,0.5,283340,-0.0162,0.0899,0.9138
202002,77007,"houston, tx",748,10164,87,231,33.986087,66.83130435,1.140869565,61,-0.1469,-10.5,-0.0317,-2,-19,0.0286,0.0909,0.1915,480050,0.0215,0.0159,1.5484
202002,77056,"houston, tx",2956,11080,958,871,27.94087,53.78086957,2.100869565,74,-0.1823,-16.5,-0.1243,-10.5,-6,0.0233,0.1892,0.234,799050,0.0653,0.1293,2.5774
202002,77033,"houston, tx",4959,6699,-2562,-1796,53.133913,88.06956522,18.19826087,37,0.2982,8.5,-0.0864,-3.5,-43,-0.2308,-0.1803,0.5319,148950,0.0133,0.0872,0.4803
202002,77006,"houston, tx",2621,10323,1373,253,32.873043,63.93043478,1.815652174,64,-0.2686,-23.5,-0.0519,-3.5,-16,-0.1429,-0.0455,0.2234,630050,-0.0118,0.1152,2.0323
202002,77003,"houston, tx",8661,9631,-246,-1763,37.106087,73.30782609,0.904347826,54,-0.1563,-10,1.2041,29.5,-26,0,-0.0811,0.1809,375950,-0.0054,-0.004,1.2126
202002,77067,"houston, tx",4542,4391,-2134,,65.036522,89.04347826,41.02956522,36,0.3091,8.5,-0.3846,-22.5,-44,-0.1319,0.0822,0.8404,179950,0.0339,0.1498,0.5803
202002,77057,"houston, tx",423,11676,179,-972,23.867826,46.81043478,0.925217391,83,-0.0568,-5,0.2206,15,3,-0.1053,-0.15,0.1809,320050,-0.0213,0.1055,1.0323
