resources/dan/dan_cleanup/RDC_Inventory_Hotness_Metrics_Zip_History_TEXAS.csv
month_date_yyyymm,postal_code,zip_name,nielsen_hh_rank,hotness_rank,hotness_rank_mm,hotness_rank_yy,hotness_score,supply_score,demand_score,median_days_on_market,median_days_on_market_mm,median_dom_mm_day,median_days_on_market_yy,median_dom_yy_day,median_dom_vs_us,ldpviews_per_property_mm,ldpviews_per_property_yy,ldpviews_per_property_vs_us,median_listing_price,median_listing_price_mm,median_listing_price_yy,median_listing_price_vs_us
202002,77051,"houston, tx",7386,8535,-686,3662,43.283478,77.38434783,9.182608696,49,-0.1552,-9,-0.4922,-47.5,-31,-0.039,0.2333,0.3936,208045,0.0297,0.1261,0.671
202002,77071,"houston, tx",3996,8232,-1638,-1591,44.93913,74.67130435,15.20695652,52,-0.1405,-8.5,-0.028,-1.5,-28,-0.193,-0.1636,0.4894,179950,-0.0403,-0.096,0.5803
202002,77046,"houston, tx",16649,9290,1244,4261,38.873043,77.38434783,0.36173913,49,-0.3553,-27,-0.5644,-63.5,-31,-0.451,0,0.1489,349950,0.0186,0.0321,1.1287
202002,77093,"houston, tx",2735,9071,-618,1929,40.215652,68.23652174,12.19478261,59,-0.0709,-4.5,-0.3552,-32.5,-21,0.0909,-0.0118,0.4468,169550,0.0594,0.1894,0.5468
202002,77095,"houston, tx",152,5436,-674,182,59.41913,82.3373913,36.50086957,43,-0.0947,-4.5,-0.1731,-9,-37,0.125,0.1429,0.766,265050,0.0234,0.0311,0.8548
202002,77079,"houston, tx",2797,10914,619,205,28.873043,53.38434783,4.36173913,75,-0.1477,-13,0.0204,1.5,-5,-0.082,0.3659,0.2979,494950,-0.0081,-0.0437,1.5965
202002,77028,"houston, tx",7327,9993,756,-1556,34.890435,46.81043478,22.97043478,83,0.0061,0.5,0.1528,11,3,0.5556,0.009,0.5957,150050,-0.0354,0.2396,0.4839
202002,77062,"houston, tx",4382,5847,-902,-1428,57.307826,79.06086957,35.55478261,47,-0.1132,-6,0.2208,8.5,-33,0.0677,0.1094,0.7553,254950,-0.0027,0.0533,0.8223
202002,77083,"houston, tx",335,7660,-694,-2475,48.173913,75.52,20.82782609,51,-0.15,-9,0.2143,9,-29,0.0192,-0.1092,0.5638,219550,-0.0023,0.098,0.7081
202002,77012,"houston, tx",7074,11124,-2684,1604,27.645217,53.38434783,1.906086957,75,0.3514,19.5,-0.2823,-29.5,-5,-0.0435,-0.2414,0.234,199050,-0.0045,0.0208,0.6419
202002,77074,"houston, tx",2617,8937,415,2002,41.04,73.62782609,8.452173913,53,-0.2374,-16.5,-0.3248,-25.5,-27,0.0286,0.1613,0.383,215050,0.0617,0.0238,0.6935
202002,77077,"houston, tx",104,10141,1457,606,34.114783,65.07130435,3.15826087,63,-0.2717,-23.5,-0.0803,-5.5,-17,0,0.25,0.266,359050,0.0259,0.0076,1.1581
202002,77068,"houston, tx",9047,6750,-3203,-621,52.862609,60.52869565,45.19652174,67,-0.0147,-1,-0.036,-2.5,-13,-0.2075,0.1126,0.8936,269950,0.0381,0.0284,0.8706
202002,77029,"houston, tx",7503,4589,4404,6574,64.038261,89.04347826,39.03304348,36,-0.5068,-37,-0.6087,-56,-44,0.6,0.8537,0.8085,149050,0.1466,0.065,0.4806
202002,77047,"houston, tx",4964,4886,-1420,465,62.344348,96.88347826,27.80521739,24,-0.3766,-14.5,-0.2258,-7,-56,-0.1733,0.2157,0.6596,190050,-0.0488,-0.0063,0.6129
202001,77054,"houston, tx",2543,10361,939,953,33.660018,66.35378563,0.966250259,72.5,-0.0068,-0.5,-0.1104,-9,-13,0.5217,-0.2857,0.2011,221300,0.0792,0.4978,0.7375
202001,77071,"houston, tx",3996,6594,266,24,54.01684,81.83449513,26.19918559,60.5,0.0254,1.5,0.0342,2,-25,0.3256,0.0755,0.6552,187500,-0.0262,-0.0627,0.6248
202001,77024,"houston, tx",1554,11891,347,-762,23.655877,38.77424253,8.537511215,95.5,0.0552,5,0.1369,11.5,10,0.25,0.0769,0.4023,1262050,0.074,0.526,4.2067
202001,77031,"houston, tx",7526,8128,-2208,2752,46.210919,77.72793153,14.69390572,64,0.641,25,-0.2242,-18.5,-21.5,0.2055,0.2571,0.5057,188938,-0.0159,-0.0059,0.6296
202001,77053,"houston, tx",4918,5144,198,1787,61.146387,99.80674995,22.48602388,17.5,-0.6847,-38,-0.7287,-47,-68,0.0392,-0.0619,0.6092,174045,0.1477,0.2526,0.58
202001,77068,"houston, tx",9047,3547,1498,1578,69.407827,72.39975154,66.41590172,68,0.0303,2,-0.1282,-10,-17.5,0.5821,0.1337,1.2184,260050,0,0.0477,0.8667
202001,77014,"houston, tx",4002,8059,195,-5481,46.614673,54.52412175,38.70522465,81.5,0.2074,14,0.63,31.5,-4,0.6588,-0.1943,0.8103,218513,0.1203,0.1808,0.7282
202001,77025,"houston, tx",2389,11813,-608,-463,24.235627,47.57402167,0.897232383,87,0.1918,14,0.0943,7.5,1.5,0.0968,-0.0556,0.1954,444050,0.0575,0.0635,1.48
202001,77048,"houston, tx",7636,6921,-258,-3544,52.284492,95.76230244,8.80668093,42,0.2727,9,0.4237,12.5,-43.5,0.2456,-0.4965,0.408,192950,0.0057,0.1186,0.643
202001,77092,"houston, tx",2609,9645,963,703,37.925323,72.39975154,3.450893781,68,-0.0355,-2.5,-0.0685,-5,-17.5,0.1591,-0.0727,0.2931,272050,0.0076,-0.0372,0.9067
202001,77040,"houston, tx",1037,5958,834,262,57.012216,82.3521292,31.67230313,60,-0.0698,-4.5,-0.0909,-6,-25.5,0.26,-0.0233,0.7241,245050,0.0652,0.021,0.8167
202001,77055,"houston, tx",1769,10141,801,2321,35.116295,69.81848299,0.414107254,70,0,0,-0.2391,-22,-15.5,0.2174,-0.0345,0.1609,575550,0.0053,-0.1273,1.9184
202001,77046,"houston, tx",16649,10534,3507,1817,32.528125,61.72958796,3.326661605,76,-0.3214,-36,-0.1602,-14.5,-9.5,0.7,0.5938,0.2931,343550,0.0133,-0.2175,1.145
202001,77022,"houston, tx",4514,12618,-466,15,18.469184,35.97901857,0.959348471,98.5,0.216,17.5,0.026,2.5,13,0.2963,-0.1667,0.2011,249950,0.0099,0.1359,0.833
202001,77044,"houston, tx",3324,7265,919,1852,50.648768,77.72793153,23.56960453,64,0.0159,1,-0.1467,-11,-21.5,0.4595,0.1489,0.6207,288000,0.0175,0.1097,0.9598
202001,77064,"houston, tx",1297,4593,913,-2488,63.865691,88.15653254,39.57484989,54,-0.027,-1.5,0.4026,15.5,-31.5,0.4444,-0.1829,0.8218,224000,-2.00E-04,-0.0134,0.7465
202001,77059,"houston, tx",7567,11015,-122,-1655,29.480986,44.68217268,14.27979847,89.5,0.1187,9.5,0.2345,17,4,0.3231,0.0488,0.4943,439750,0.0684,0.0764,1.4657
202001,77099,"houston, tx",1429,6111,-1644,605,56.242667,92.63579267,19.84954103,48,0.0323,1.5,-0.3239,-23,-37.5,-0.0196,-0.2424,0.5747,153000,-0.0585,0.1043,0.5098
202001,77018,"houston, tx",3559,11576,-890,-356,25.843744,51.33549589,0.351991166,84,0.2444,16.5,0.0769,6,-1.5,0.2857,-0.1563,0.1552,399050,0.005,-0.0147,1.33
202001,77004,"houston, tx",2048,11642,1285,1149,25.457243,49.18213817,1.732348678,85.5,-0.05,-4.5,-0.1364,-13.5,0,0.4643,-0.0889,0.2356,350050,-0.007,-0.0685,1.1667
202001,77063,"houston, tx",870,10089,1288,-1101,35.423425,68.36220581,2.484643523,71,-0.0596,-4.5,0.2034,12,-14.5,0.2105,-0.08,0.2644,299500,0.0326,0.0329,0.9982
202001,77006,"houston, tx",2621,11696,322,-439,25.029333,46.97356615,3.085099041,87.5,0.087,7,0.0671,5.5,2,0.4412,-0.0755,0.2816,637550,0.0121,0.0945,2.125
202001,77065,"houston, tx",1756,6803,-1812,-4662,52.947063,76.38898475,29.50514183,65,0.1818,10,0.4286,19.5,-20.5,0.1308,-0.3315,0.6954,246300,0.0051,0.1195,0.8208
202001,77036,"houston, tx",102,10124,-746,-501,35.243978,59.59693561,10.89102077,77.5,0.1151,8,0.0197,1.5,-8,0.1324,-0.0941,0.4425,142550,-0.007,-0.2874,0.475
202001,77015,"houston, tx",1152,5138,-1250,-2302,61.170543,88.15653254,34.1845538,54,0.2558,11,0.102,5,-31.5,0.2018,-0.2108,0.7529,176550,0.0604,0.1314,0.5883
202001,77067,"houston, tx",4542,2257,584,2181,77.213748,99.07516047,55.35233626,27.5,-0.321,-13,-0.5565,-34.5,-58,0.4109,0.1667,1.046,174050,0.0711,0.061,0.58
202001,77098,"houston, tx",5413,11180,316,-873,28.428463,55.13838084,1.718545103,81,0.0728,5.5,0.125,9,-4.5,0.2813,-0.2115,0.2356,899050,0.0274,0.1295,2.9967
202001,77051,"houston, tx",7386,7849,-634,2674,47.680999,84.49168335,10.87031541,58,0.2889,13,-0.3409,-30,-27.5,0.4,-0.1809,0.4425,202050,0.0115,0.0705,0.6733
202001,77058,"houston, tx",4667,8159,608,89,46.048727,52.01877286,40.07868038,83.5,0.1284,9.5,0.1438,10.5,-2,0.6,0.3333,0.8276,275300,-0.0166,0.1234,0.9175
202001,77033,"houston, tx",4959,4137,1496,174,66.353786,98.9440265,33.76354476,28.5,-0.4242,-21,-0.4356,-22,-57,0.4773,-0.0441,0.7471,146999.5,0.0312,0.109,0.4898
202001,77049,"houston, tx",4560,3907,38,2612,67.513286,94.45786459,40.5687073,45,-0.0722,-3.5,-0.3431,-23.5,-40.5,0.2609,0.124,0.8333,215550,0.007,0.0829,0.7183
202001,77007,"houston, tx",748,10251,-49,1165,34.332942,67.68583063,0.980053834,71.5,0.1085,7,-0.1118,-9,-14,0.1667,-0.0789,0.2011,469950,-1.00E-04,0.0134,1.5664
202001,77016,"houston, tx",4625,6600,539,-2064,53.999586,85.92725516,22.07191663,56.5,0.0971,5,0.018,1,-29,0.5672,-0.25,0.6034,157550,-0.068,0.0869,0.525
202001,77088,"houston, tx",1174,9765,687,-3884,37.276555,56.31168473,18.24142453,80,0.0959,7,0.1189,8.5,-5.5,0.7143,-0.36,0.5517,187050,-0.0106,0.1,0.6233
202001,77083,"houston, tx",335,6966,-643,-2811,52.080889,82.3521292,21.8096487,60,0.0619,3.5,0.1881,9.5,-25.5,0.1685,-0.2518,0.5977,220049,0.0115,0.0867,0.7333
202001,77093,"houston, tx",2735,8453,1476,-542,44.551039,78.28007454,10.8220029,63.5,-0.073,-5,-0.0593,-4,-22,0.375,-0.23,0.4425,160050,-0.056,0.1851,0.5333
202001,77081,"houston, tx",982,9875,1865,2160,36.60363,71.11601905,2.091241632,69,-0.121,-9.5,-0.2247,-20,-16.5,0.1579,-0.0638,0.2529,450050,0.1278,-0.027,1.5
202001,77027,"houston, tx",4812,11290,365,1323,27.745186,52.01877286,3.471599144,83.5,0.0637,5,-0.148,-14.5,-2,0.2439,0,0.2931,932300,0.0222,0.1668,3.1076
202001,77090,"houston, tx",1426,3595,1079,-1140,69.197322,81.26854855,57.12609566,61,-0.1159,-8,-0.0394,-2.5,-24.5,0.2318,-0.1268,1.069,211240,0.0049,0.0872,0.704
202001,77005,"houston, tx",4502,9469,2001,1744,38.88122,71.65435848,6.108081993,68.5,-0.1438,-11.5,-0.2081,-18,-17,0.2157,-0.1143,0.3563,1390050,-0.0064,0.0701,4.6334
202001,77056,"houston, tx",2956,12038,493,1146,22.768997,43.53647595,2.001518393,90.5,0.0402,3.5,-0.1381,-14.5,5,0.1944,0,0.2471,750050,0.0526,0.0527,2.5
202001,77038,"houston, tx",5661,4915,1,2800,62.205811,98.8335979,25.57802471,30,-0.1667,-6,-0.5556,-37.5,-55.5,0.2989,0.0865,0.6494,186105,0.0195,-0.0238,0.6202
202001,77078,"houston, tx",8880,7712,-2793,-4135,48.364276,82.3521292,14.37642349,60,0.5385,21,0.7143,25,-25.5,-0.0225,-0.3696,0.5,158050,0.09,0.2639,0.5267
202001,77020,"houston, tx",5699,10417,2802,1106,33.304576,65.67050866,0.938643109,73,-0.2193,-20.5,-0.1561,-13.5,-12.5,0.6667,-0.4167,0.2011,299050,-0.0075,0.1285,0.9967
202001,77094,"houston, tx",10433,9588,1150,2517,38.215198,66.98875009,9.441645386,72,-0.0588,-4.5,-0.2088,-19,-13.5,0.2167,0.4314,0.4195,449050,0.0057,-0.1002,1.4967
202001,77075,"houston, tx",2883,5690,-1019,-1431,58.306301,90.50314031,26.10946235,51,0.3247,12.5,-0.0642,-3.5,-34.5,0.2391,-0.2083,0.6552,209500,0.0478,0.1027,0.6982
202001,77073,"houston, tx",3178,4764,-419,-1514,62.927048,97.76382083,28.09027538,36,-0.1724,-7.5,-0.234,-11,-49.5,0.1683,-0.2338,0.6782,192228.5,0.0622,0.0682,0.6406
202001,77047,"houston, tx",4964,3466,2513,-772,69.925461,97.06674029,42.7841811,38.5,-0.2376,-12,0.0548,2,-47,0.7647,-0.0506,0.8621,199799.5,-0.0012,0.0826,0.6658
202001,77086,"houston, tx",5456,5609,1089,-1120,58.758368,90.06142591,27.45531093,51.5,-0.019,-1,0.4507,16,-34,0.5195,-0.025,0.6724,169950,0,-0.0148,0.5663
202001,77091,"houston, tx",5199,9325,2086,-228,39.681828,75.2501898,4.113465388,66,-0.1316,-10,-0.0638,-4.5,-19.5,0.3846,-0.3415,0.3103,259500,-0.0114,-0.0114,0.8648
202001,77066,"houston, tx",4037,3845,1881,2630,67.979157,81.26854855,54.68976465,61,-0.0543,-3.5,-0.2078,-16,-24.5,0.5254,0.1765,1.0345,215000,-0.0072,0.0661,0.7165
202001,77079,"houston, tx",2797,11533,1013,-956,26.143971,46.46283387,5.825108703,88,0,0,0.1892,14,2.5,0.525,0.22,0.3506,498994,-1.00E-04,-0.0169,1.6632
202001,77084,"houston, tx",10,5492,517,-890,59.289806,90.88273863,27.69687349,50.5,-0.0288,-1.5,0.0521,2.5,-35,0.3605,-0.0787,0.6724,217050,0.0093,0.1099,0.7233
202001,77003,"houston, tx",8661,9385,-199,594,39.309131,77.72793153,0.890330596,64,0.113,6.5,-0.0519,-3.5,-21.5,0.0968,-0.1905,0.1954,377995,0.0068,0.0093,1.2598
202001,77072,"houston, tx",1038,4536,2252,-321,64.176272,97.06674029,31.28580302,38.5,-0.3889,-24.5,-0.1895,-9,-47,0.3021,-0.0672,0.7184,160925,-0.0031,0.1094,0.5363
202001,77087,"houston, tx",3836,10488,-1402,-6773,32.811098,54.52412175,11.0980744,81.5,0.2734,17.5,0.7912,36,-4,0.3,-0.4507,0.4483,214800,0.1018,0.193,0.7158
202001,77002,"houston, tx",9531,12135,-926,-1125,21.947684,35.09558976,8.799779143,99.5,0.1845,15.5,0.1706,14.5,14,0.0597,-0.0274,0.408,335050,-0.0276,0.0155,1.1167
202001,77028,"houston, tx",7327,10749,-3390,-2844,31.133964,53.17827317,9.08965422,82.5,0.4224,24.5,0.2222,15,-3,-0.0526,-0.28,0.4138,155550,0.0384,0.2693,0.5183
202001,77039,"houston, tx",6188,8018,2215,-1541,46.828629,60.96348954,32.69376769,76.5,-0.0947,-8,0.319,18.5,-9,0.4545,0.1852,0.7356,145050,0.1372,-0.0923,0.4833
202001,77070,"houston, tx",486,5645,41,930,58.613431,82.89046863,34.33639313,59.5,0.0625,3.5,-0.0775,-5,-26,0.3505,0.1008,0.7529,240050,0,-0.0342,0.8
202001,77029,"houston, tx",7503,8993,-2985,661,41.576368,65.67050866,17.4822279,73,0.6591,29,-0.0581,-4.5,-12.5,0.25,0.0674,0.546,129995,-0.0711,-4.00E-04,0.4332
202001,77095,"houston, tx",152,4762,7,1231,62.937401,92.92566775,32.94913383,47.5,-0.0306,-1.5,-0.24,-15,-38,0.28,0.0159,0.7356,259000,0.0381,0.0362,0.8632
202001,77009,"houston, tx",1963,11570,913,-1445,25.857547,50.49347781,1.221616399,84.5,0.006,0.5,0.2426,16.5,-1,0.6818,0,0.2126,389950,-0.0239,-0.0228,1.2997
202001,77011,"houston, tx",7391,8488,2222,1391,44.316378,83.47712057,5.15563531,59,-0.1571,-11,-0.1571,-11,-26.5,0.5526,0,0.3391,225550,0.0204,-0.1866,0.7517
202001,77045,"houston, tx",4434,7535,910,4334,49.309821,88.53613086,10.08351163,53.5,0.0094,0.5,-0.4121,-37.5,-32,0.7442,0.2295,0.431,195918.5,-0.0954,-0.1073,0.6529
202001,77080,"houston, tx",1635,9404,490,861,39.215957,77.72793153,0.703982331,64,0.0323,2,-0.0725,-5,-21.5,0.2308,-0.0588,0.1839,331047.5,0.0115,0.0442,1.1033
202001,77008,"houston, tx",1306,11220,110,-1169,28.131686,54.52412175,1.739250466,81.5,0.1088,8,0.2074,14,-4,0.5185,0.0789,0.2356,499750,0.0054,0.0817,1.6657
202001,77096,"houston, tx",1957,10956,626,272,29.877838,59.0447926,0.710884119,78,0.0331,2.5,0,0,-7.5,0.2308,0.0667,0.1839,390050,0.013,-0.0249,1.3
202001,77082,"houston, tx",255,10174,481,96,34.888536,59.59693561,10.18013666,77.5,0.0265,2,0.0065,0.5,-8,0.2712,0.0417,0.431,322000,0.0749,0.0645,1.0732
202001,77061,"houston, tx",5579,10903,213,-3237,30.202222,44.68217268,15.72227207,89.5,0.1401,11,0.4553,28,4,0.5789,-0.0217,0.5172,215050,-0.0133,-0.0421,0.7167
202001,77043,"houston, tx",5091,10776,-334,-338,30.940714,60.47346263,1.407964663,77,0.1579,10.5,0.0845,6,-8.5,0.3,0.0263,0.2241,364547.5,0.0084,-0.0014,1.215
202001,77021,"houston, tx",3737,10004,2033,934,35.851335,66.98875009,4.713920906,72,-0.1377,-11.5,-0.0886,-7,-13.5,0.2667,0.0179,0.3276,253500,0.0924,-0.1259,0.8448
202001,77062,"houston, tx",4382,4945,798,648,62.067776,89.0123542,35.12319691,53,-0.0185,-1,-0.124,-7.5,-32.5,0.4301,0.0231,0.7644,255650,0.0125,0.0224,0.852
202001,77089,"houston, tx",1142,5902,699,-1975,57.253779,93.24314998,21.26440748,47,-0.1897,-11,0.0108,0.5,-38.5,0.1705,-0.2536,0.592,267225,0.0376,0.1494,0.8906
202001,77057,"houston, tx",423,11855,105,-569,23.887087,46.46283387,1.311339637,88,0.1139,9,0.0932,7.5,2.5,0.3103,-0.1739,0.2184,327000,0.0233,0.1697,1.0899
202001,77035,"houston, tx",2189,11260,-338,-1507,27.869418,49.93443302,5.80440334,85,0.1724,12.5,0.2782,18.5,-0.5,0.4878,0.2708,0.3506,267325,-0.042,-0.1076,0.8909
202001,77030,"houston, tx",7803,11427,860,-238,26.865208,50.49347781,3.236938367,84.5,0.006,0.5,0.0562,4.5,-1,0.3889,0.0417,0.2874,277550,0.1104,-0.3894,0.925
202001,77034,"houston, tx",3382,3909,1542,-604,67.492581,97.24618676,37.73897439,38,-0.0843,-3.5,0.0411,1.5,-47.5,0.6747,-0.0414,0.7989,172500,-0.047,-0.0058,0.5748
202001,77012,"houston, tx",7074,8440,-673,3202,44.620057,86.90730899,2.332804196,55.5,0.3059,13,-0.3621,-31.5,-30,0.1795,-0.2069,0.2644,199950,-0.0225,0.0675,0.6663
202001,77069,"houston, tx",5584,8191,689,-756,45.917593,68.36220581,23.4729795,71,-0.007,-0.5,0.0597,4,-14.5,0.3012,0,0.6207,274500,-0.0065,0.0455,0.9148
202001,77026,"houston, tx",5640,11151,513,3049,28.635517,49.18213817,8.088895024,85.5,0.0621,5,-0.4375,-66.5,0,0.4375,-0.0143,0.3966,162050,0.0157,0.0131,0.54
202001,77077,"houston, tx",104,11598,552,-652,25.667748,48.0571468,3.278349092,86.5,0.0237,2,0.1161,9,1,0.1364,0.0417,0.2874,349999.5,0.0275,0,1.1665
202001,77019,"houston, tx",3505,11274,-19,-778,27.810753,48.63689696,6.984609014,86,0.0955,7.5,0.0299,2.5,0.5,0.2264,-0.2262,0.3736,773550,-0.0313,0.0758,2.5784
202001,77042,"houston, tx",712,10472,112,-1011,32.938781,58.34081027,7.536752019,78.5,0.1377,9.5,0.1544,10.5,-7,0.7632,0.0469,0.3851,362450,-0.0056,0.0138,1.208
202001,77023,"houston, tx",4821,8642,366,-867,43.439851,85.92725516,0.952446684,56.5,0.0089,0.5,0.314,13.5,-29,0.129,-0.3396,0.2011,292140,0.0072,-0.1149,0.9736
202001,77041,"houston, tx",3038,7785,2510,1388,48.008834,77.01704742,19.00062116,64.5,-0.1623,-12.5,-0.0719,-5,-21,0.4,0.2727,0.5632,405050,-0.0049,0.0128,1.35
202001,77074,"houston, tx",2617,9352,483,1215,39.481676,70.47415281,8.489198702,69.5,0.0296,2,-0.1203,-9.5,-16,0.2727,0,0.4023,202544.5,-0.0096,0.0125,0.675
202001,77017,"houston, tx",4372,9372,-1384,-1249,39.367796,63.49644558,15.23914694,74.5,0.2016,12.5,0.0205,1.5,-11,0.1711,-0.1982,0.5115,196800,0.0361,0.1243,0.6558
201912,77018,"houston, tx",3559,10686,1225,-739,33.870327,67.33046642,0.410188554,67.5,0.0547,3.5,0.1638,9.5,-11.5,0.05,-0.1923,0.1591,397050,-0.0075,-0.0431,1.3236
201912,77055,"houston, tx",1769,10942,1061,1091,32.249421,63.86371154,0.635130665,70,0.0769,5,-0.1026,-8,-9,-0.0417,-0.1154,0.1742,572500,-0.0215,-0.1193,1.9085
201912,77038,"houston, tx",5661,4916,3472,3307,63.628846,98.76281839,28.49487264,36,-0.2653,-13,-0.3333,-18,-43,0.2794,0.5,0.6591,182542.5,-0.0135,0.0144,0.6084
201912,77048,"houston, tx",7636,6663,623,-5350,55.312603,99.35163745,11.2735693,33,-0.0833,-3,-0.175,-7,-46,-0.05,-0.6392,0.4318,191857.5,0.0048,0.2795,0.6395
201912,77029,"houston, tx",7503,6008,-297,2993,58.372478,95.07773735,21.667218,44,-0.2,-11,-0.3333,-22,-35,-0.3968,0.0857,0.5758,139950,0.0363,0.0363,0.4664
201912,77049,"houston, tx",4560,3945,2467,769,68.693351,91.71683758,45.66986437,48.5,-0.0673,-3.5,-0.03,-1.5,-30.5,0.0648,0.1275,0.8712,214050,0,0.0705,0.7135
