resources/dan/dan_cleanup/RDC_Inventory_Hotness_Metrics_Zip_History_TEXAS.csv
month_date_yyyymm,postal_code,zip_name,nielsen_hh_rank,hotness_rank,hotness_rank_mm,hotness_rank_yy,hotness_score,supply_score,demand_score,median_days_on_market,median_days_on_market_mm,median_dom_mm_day,median_days_on_market_yy,median_dom_yy_day,median_dom_vs_us,ldpviews_per_property_mm,ldpviews_per_property_yy,ldpviews_per_property_vs_us,median_listing_price,median_listing_price_mm,median_listing_price_yy,median_listing_price_vs_us
201912,77068,"houston, tx",9047,5045,940,2690,62.911016,69.61296725,56.20906384,66,0.1579,9,-0.25,-22,-13,0.0469,0.0152,1.0152,260050,-0.017,0.0078,0.8668
201912,77061,"houston, tx",5579,11116,-148,-3525,31.313265,51.41912008,11.20740986,78.5,0.1894,12.5,0.4018,22.5,-0.5,-0.1364,-0.1857,0.4318,217950,0,-0.0724,0.7265
201912,77090,"houston, tx",1426,4674,628,-2430,64.839563,65.27290771,64.40621899,69,0.2545,14,0.2545,14,-10,0.1439,-0.0443,1.1439,210215,0.0032,0.0777,0.7007
201912,77054,"houston, tx",2543,11300,1794,436,30.115779,59.60965928,0.621898776,73,-0.0519,-4,-0.0641,-5,-6,-0.3235,-0.425,0.1742,205050,-0.0231,0.3757,0.6834
201912,77002,"houston, tx",9531,11209,518,204,30.694674,44.59146543,16.7978829,84,0.1351,10,0.012,1,5,-0.0429,0.1167,0.5076,344550,-0.0129,0.0603,1.1485
201912,77032,"houston, tx",8922,9227,4171,-2144,41.869004,58.72973867,25.00826993,73.5,-0.2423,-23.5,0.1308,8.5,-5.5,0.2059,-0.1458,0.6212,95950,0.0095,-0.2895,0.3197
201912,77093,"houston, tx",2735,9929,2294,-2510,38.253391,65.87495865,10.63182269,68.5,-0.0616,-4.5,0.1417,8.5,-10.5,0,-0.3171,0.4242,169550,0.1697,0.3037,0.5651
201912,77072,"houston, tx",1038,6788,3154,-1817,54.558386,74.36321535,34.75355607,63,-0.0735,-5,0.2857,14,-16,0.0667,0,0.7273,161425,0.0758,0.1285,0.538
201912,77015,"houston, tx",1152,3888,565,2770,68.944757,95.63347668,42.25603705,43,-0.1569,-8,-0.3385,-22,-36,-0.2101,0.0686,0.8258,166500,0.0088,0.067,0.5549
201912,77065,"houston, tx",1756,4991,-484,-1948,63.215349,85.29275554,41.13794244,55,0.2222,10,0.375,15,-24,-0.123,-0.0932,0.8106,245045,0.0212,0.1556,0.8168
201912,77028,"houston, tx",7327,7359,1614,-1652,51.683758,81.56136288,21.80615283,58,0.1154,6,0.3488,15,-21,0.1515,-0.05,0.5758,149800,0.0017,0.0132,0.4993
201912,77089,"houston, tx",1142,6601,1027,-2609,55.557393,81.56136288,29.55342375,58,0.0545,3,0.2889,13,-21,-0.0638,-0.1698,0.6667,257545,0.0467,0.1731,0.8585
201912,77037,"houston, tx",8066,6647,,,55.375455,85.29275554,25.45815415,55,-0.2254,-16,-0.0517,-3,-24,0.3833,-0.1354,0.6288,167550,0.0151,0.1019,0.5584
201912,77016,"houston, tx",4625,7139,1779,115,52.788621,88.8455177,16.73172345,51.5,0.03,1.5,-0.1121,-6.5,-27.5,0.1167,-0.1625,0.5076,169050,-0.0059,0.3529,0.5634
201912,77023,"houston, tx",4821,9008,806,-154,43.016871,84.20774065,1.826000662,56,0.12,6,0.0566,3,-23,-0.0882,-0.2955,0.2348,290040,-0.0136,-0.121,0.9668
201912,77080,"houston, tx",1635,9894,1416,1464,38.471717,75.93119418,1.012239497,62,0.0508,3,-0.1268,-9,-17,0.0833,0.0833,0.197,327295,-0.0173,0.0132,1.091
201912,77078,"houston, tx",8880,4919,409,1035,63.599074,97.3933179,29.80482964,39,0,0,-0.35,-21,-40,-0.0918,-0.1442,0.6742,145000,0.0428,0.1595,0.4832
201912,77087,"houston, tx",3836,9086,-210,-7312,42.652994,72.79523652,12.51075091,64,0.2308,12,1.0645,33,-15,-0.1176,-0.5714,0.4545,194950,0.0312,0.0535,0.6498
201912,77096,"houston, tx",1957,11582,1066,-153,28.362554,55.70625207,1.018855442,75.5,0.0634,4.5,0.0486,3.5,-3.5,0.0833,0,0.197,385050,0.0132,-0.0351,1.2835
201912,77095,"houston, tx",152,4769,1390,42,64.343368,91.28018525,37.40654978,49,0,0,-0.02,-1,-30,-0.0196,0,0.7576,249500,0.0182,0.0018,0.8316
201912,77004,"houston, tx",2048,12927,-23,-164,19.748594,38.16076745,1.336420774,90,0.2329,17,0.0345,3,11,0.0769,-0.1765,0.2121,352500,0.0073,-0.0474,1.175
201912,77047,"houston, tx",4964,5979,-253,-2425,58.475025,89.71882236,27.23122726,50.5,0.3289,12.5,0.1744,7.5,-28.5,-0.0556,-0.2411,0.6439,200040,5.00E-04,0.0421,0.6667
201912,77033,"houston, tx",4959,5633,2955,-623,60.086007,90.76414158,29.40787297,49.5,-0.066,-3.5,0.0532,2.5,-29.5,0.1579,-0.0638,0.6667,142547.5,0.0342,0.0969,0.4751
201912,77041,"houston, tx",3038,10295,1053,-1488,36.116441,53.66192524,18.570956,77,0.0845,6,0.2833,17,-2,0,0.1667,0.5303,407050,-0.0071,0.0175,1.3569
201912,77034,"houston, tx",3382,5451,4940,-405,60.975852,96.25537545,25.69632815,41.5,-0.3516,-22.5,-0.0119,-0.5,-37.5,0.1528,-0.0568,0.6288,181000,0.065,0.065,0.6033
201912,77042,"houston, tx",712,10584,-57,-223,34.459147,65.27290771,3.645385379,69,0.2321,13,0.0147,1,-10,0,-0.24,0.2879,364500,-0.0012,-0.0534,1.215
201912,77083,"houston, tx",335,6323,1493,-2624,56.821039,83.42044327,30.22163414,56.5,0.1078,5.5,0.2021,9.5,-22.5,0.0854,-0.2193,0.6742,217550,0.0116,0.061,0.7251
201912,77071,"houston, tx",3996,6860,1280,775,54.187893,80.25140589,28.12437976,59,0.0536,3,-0.1194,-8,-20,-0.0444,-0.0652,0.6515,192550,-0.0123,-0.0829,0.6418
201912,77039,"houston, tx",6188,10233,612,-4920,36.563017,43.87694343,29.24909031,84.5,0.1419,10.5,0.5648,30.5,5.5,0,-0.1373,0.6667,127549.5,0.0208,-0.2912,0.4251
201912,77094,"houston, tx",10433,10738,2192,609,33.483295,54.31690374,12.64968574,76.5,-0.0671,-5.5,-0.0316,-2.5,-2.5,0.0714,0.1111,0.4545,446500,-0.0501,-0.0295,1.4884
201912,77067,"houston, tx",4542,2841,-2187,1281,74.995038,96.70525968,53.28481641,40.5,0.8409,18.5,-0.1735,-8.5,-38.5,-0.3798,0.1727,0.9773,162500,-0.0149,0.0837,0.5416
201912,77022,"houston, tx",4514,12152,1241,1315,24.737016,48.33608998,1.137942441,81,0.0125,1,-0.1563,-15,2,-0.2059,-0.2059,0.2045,247500,-0.0098,0.1672,0.825
201912,77007,"houston, tx",748,10202,521,2024,36.748263,71.86238836,1.634138273,64.5,0.1518,8.5,-0.1937,-15.5,-14.5,0.0714,0.0714,0.2273,470000,0.0106,0.0239,1.5668
201912,77035,"houston, tx",2189,10922,859,-474,32.345352,60.15878267,4.531921932,72.5,0.1154,7.5,0.1328,8.5,-6.5,0.0789,0.2813,0.3106,279050,0.0145,-0.0379,0.9302
201912,77098,"houston, tx",5413,11496,-172,663,28.862058,55.70625207,2.01786305,75.5,0.2583,15.5,-0.0679,-5.5,-3.5,-0.0588,-0.1111,0.2424,875050,0.0606,0.1528,2.9172
201912,77008,"houston, tx",1306,11330,-197,-31,29.943764,58.72973867,1.157790275,73.5,0.2672,15.5,0.0352,2.5,-5.5,0.125,-0.0357,0.2045,497050,-0.004,0.1044,1.6569
201912,77020,"houston, tx",5699,13219,1070,-1838,17.571948,34.74694013,0.396956666,93.5,-0.0053,-0.5,0.2808,20.5,14.5,-0.3438,-0.4167,0.1591,301295,0.057,0.1631,1.0043
201912,77006,"houston, tx",2621,12018,20,674,25.70956,48.89182931,2.527290771,80.5,0.2197,14.5,-0.0852,-7.5,1.5,0,-0.15,0.2576,629950,-0.008,0.0955,2.1
201912,77077,"houston, tx",104,12150,625,-947,24.74694,43.87694343,5.616936818,84.5,0.1118,8.5,0.1736,12.5,5.5,0.0476,0.1579,0.3333,340625,0.0017,-0.0433,1.1354
201912,77026,"houston, tx",5640,11664,28,2807,27.942441,48.89182931,6.993053258,80.5,0.2197,14.5,-0.3711,-47.5,1.5,0,0,0.3636,159550,-0.0154,0.029,0.5318
201912,77009,"houston, tx",1963,12483,-502,-814,22.570294,44.59146543,0.549123387,84,0.2923,19,0.1351,10,5,-0.1538,-0.2143,0.1667,399500,0.0011,-0.0011,1.3317
201912,77043,"houston, tx",5091,10442,1599,380,35.239828,68.85874959,1.620906384,66.5,0.0076,0.5,0.0076,0.5,-12.5,-0.1176,0.0714,0.2273,361495,-0.0043,-0.0043,1.205
201912,77075,"houston, tx",2883,4671,2218,809,64.852795,97.60502812,32.10056236,38.5,-0.061,-2.5,-0.3362,-19.5,-40.5,0.2432,-0.1321,0.697,199950,-0.0476,0.0521,0.6664
201912,77005,"houston, tx",4502,11470,662,-44,29.010916,49.5600397,8.461792921,80,0.1429,10,-0.0123,-1,1,0.1087,-0.0893,0.3864,1399050,-0.0579,0.077,4.6641
201912,77070,"houston, tx",486,5686,987,771,59.827985,84.20774065,35.44823023,56,0.098,5,-0.125,-8,-23,-0.03,-0.049,0.7348,240048.5,0,0.0131,0.8001
201912,77011,"houston, tx",7391,10710,3593,296,33.685081,63.86371154,3.506450546,70,-0.3069,-31,0.0145,1,-9,-0.2083,0.1176,0.2879,221050,0.0045,-0.1628,0.7368
201912,77064,"houston, tx",1297,5506,-1792,-347,60.661594,84.73701621,36.58617268,55.5,0.3537,14.5,0.0472,2.5,-23.5,-0.2143,-0.0294,0.75,224050,-0.0044,-0.0647,0.7468
201912,77003,"houston, tx",8661,9186,2884,-242,42.064175,82.29573272,1.832616606,57.5,-0.1288,-8.5,0.1275,6.5,-21.5,-0.0313,-0.0882,0.2348,375450,0.0113,0.0078,1.2515
201912,77027,"houston, tx",4812,11655,928,811,27.978829,51.41912008,4.538537876,78.5,0.0903,6.5,-0.108,-9.5,-0.5,0.0789,-0.1087,0.3106,912050,0.0145,0.1414,3.0405
201912,77084,"houston, tx",10,6009,1616,-1482,58.36917,88.4287132,28.3096262,52,0,0,0.04,2,-27,-0.0227,-0.1731,0.6515,215050,0,0.1025,0.7168
201912,77081,"houston, tx",982,11740,-770,595,27.466093,51.41912008,3.51306649,78.5,0.3305,19.5,-0.0427,-3.5,-0.5,-0.0952,0.1176,0.2879,399050,0.0231,-0.2004,1.3302
201912,77044,"houston, tx",3324,8184,1065,924,47.624876,74.36321535,20.88653655,63,0.1053,6,-0.0735,-5,-16,0,0.0278,0.5606,283050,0.0291,0.0891,0.9435
201912,77024,"houston, tx",1554,12238,593,-582,24.191201,37.47932517,10.90307641,90.5,0.1456,11.5,0.0647,5.5,11.5,0.0769,-0.0345,0.4242,1175049.5,-0.0208,0.3823,3.9173
201912,77056,"houston, tx",2956,12531,1033,1422,22.275885,41.429044,3.122725769,87,0.0482,4,-0.1869,-20,8,0.0588,-0.0526,0.2727,712550,0.0193,0.0179,2.3754
201912,77069,"houston, tx",5584,8880,1165,-1624,43.744625,61.47535561,26.01389348,71.5,0.0833,5.5,0.1,6.5,-7.5,-0.0119,-0.0978,0.6288,276300,-0.0307,0.0424,0.921
201912,77046,"houston, tx",16649,14041,-1330,-3705,11.594443,21.65398611,1.534899107,112,0.5556,40,0.697,46,33,-0.0625,-0.3478,0.2273,339050,-0.0145,0.0304,1.1302
201912,77053,"houston, tx",4918,5342,18,2101,61.46874,84.73701621,38.20046312,55.5,0.6818,22.5,-0.119,-7.5,-23.5,0.1333,0.186,0.7727,151650,-0.0276,0.0993,0.5054
201912,77012,"houston, tx",7074,7767,140,2017,49.781674,95.85180284,3.711544823,42.5,0.0897,3.5,-0.3359,-21.5,-36.5,-0.2778,-0.25,0.2955,204550,-0.0262,0.082,0.6818
201912,77025,"houston, tx",2389,11205,641,830,30.724446,59.60965928,1.83923255,73,0.1406,9,-0.0641,-5,-6,0.1071,0.1923,0.2348,419900,-0.0072,-4.00E-04,1.3997
201912,77062,"houston, tx",4382,5743,92,822,59.586503,86.37777043,32.79523652,54,0.102,5,-0.069,-4,-25,-0.1389,0.0333,0.7045,252500,0.0139,0.0139,0.8416
201912,77017,"houston, tx",4372,7988,725,-2610,48.80913,75.93119418,21.68706583,62,0.069,4,0.0508,3,-17,-0.1364,-0.3091,0.5758,189950,-0.0409,0.1171,0.6331
201912,77088,"houston, tx",1174,10452,1204,-4889,35.210056,59.60965928,10.81045319,73,0.0429,3,0.1406,9,-6,-0.0667,-0.5172,0.4242,189050,0,0.0925,0.6301
201912,77019,"houston, tx",3505,11255,10,-871,30.443268,51.41912008,9.467416474,78.5,0.2266,14.5,0.0064,0.5,-0.5,0.0192,-0.2429,0.4015,798550,-6.00E-04,0.1423,2.6621
201912,77073,"houston, tx",3178,4345,962,-1703,66.599405,95.37545485,37.82335428,43.5,0.1447,5.5,-0.0114,-0.5,-35.5,0.0521,-0.2109,0.7652,180965,-0.0221,0.0056,0.6032
201912,77086,"houston, tx",5456,6698,-1607,-3635,55.054582,87.91928548,22.18987761,52.5,0.3816,14.5,1.0192,26.5,-26.5,-0.23,-0.3246,0.5833,169950,-0.0179,0,0.5664
201912,77082,"houston, tx",255,10655,1166,-1388,33.99603,55.70625207,12.2858088,75.5,0.1269,8.5,0.1615,10.5,-3.5,0.2292,-0.0484,0.447,299550,-0.0336,-0.0276,0.9985
201912,77066,"houston, tx",4037,5726,1180,2024,59.652663,71.86238836,47.44293748,64.5,0.075,4.5,-0.0786,-5.5,-14.5,-0.0328,0.2553,0.8939,216550,-0.0155,0.0825,0.7218
201912,77014,"houston, tx",4002,8254,-2702,-4410,47.270923,67.33046642,27.21137942,67.5,0.35,17.5,0.35,17.5,-11.5,-0.2672,-0.2672,0.6439,195050,5.00E-04,-0.0488,0.6501
201912,77051,"houston, tx",7386,7215,1895,4025,52.421436,94.56169368,10.28117764,45,-0.1,-5,-0.4304,-34,-34,-0.0179,-0.0179,0.4167,199750,0.001,0.1282,0.6658
201912,77045,"houston, tx",4434,8445,1276,2765,46.285147,87.43632153,5.133972875,53,0,0,-0.2838,-21,-26,-0.2037,-0.0652,0.3258,216582,-0.0132,-0.0132,0.7219
201912,77021,"houston, tx",3737,12037,955,-1181,25.547469,45.20013232,5.894806484,83.5,0.0705,5.5,0.1597,11.5,4.5,0.0227,-0.0625,0.3409,232050,-0.1077,-0.1242,0.7735
201912,77091,"houston, tx",5199,11411,1379,-934,29.487264,55.05127357,3.923255045,76,0.0133,1,0.0556,4,-3,-0.025,-0.3036,0.2955,262500,0.0333,0.0712,0.875
201912,77036,"houston, tx",102,9378,861,-526,40.992392,64.51869004,17.46609328,69.5,0.0221,1.5,0.053,3.5,-9.5,-0.1905,-0.0556,0.5152,143550,0.0035,-0.31,0.4784
201912,77059,"houston, tx",7567,10893,828,-1384,32.520675,49.5600397,15.48130996,80,0.0959,7,0.1765,12,1,-0.0441,-0.0152,0.4924,411580,-0.0099,0.0151,1.372
201912,77057,"houston, tx",423,11960,-299,-185,26.073437,50.66490241,1.481971551,79,0.254,16,0.026,2,0,-0.0333,-0.1471,0.2197,319550,-0.0166,0.1055,1.0652
201912,77099,"houston, tx",1429,4467,2712,2249,65.868343,93.43036718,38.30631823,46.5,-0.07,-3.5,-0.225,-13.5,-32.5,0.1333,0.1087,0.7727,162500,0.0028,0.2505,0.5416
201912,77063,"houston, tx",870,11377,1411,-3015,29.669203,55.70625207,3.63215349,75.5,0.0342,2.5,0.5408,26.5,-3.5,0.1176,-0.0952,0.2879,290050,0.0193,-0.0333,0.9668
201912,77058,"houston, tx",4667,8767,910,-1680,44.459147,58.06814423,30.85014886,74,0.1746,11,0.1746,11,-5,0.0976,0,0.6818,279950,-0.0175,0.102,0.9332
201912,77040,"houston, tx",1037,6792,11,-2783,54.541846,71.86238836,37.22130334,64.5,0.2647,13.5,0.4333,19.5,-14.5,0.0204,-0.0566,0.7576,230050,0,-0.098,0.7668
201912,77079,"houston, tx",2797,12546,200,-1736,22.236189,40.27786967,4.194508766,88,0.1892,14,0.2754,19,9,0,0,0.303,499050,-0.002,0,1.6636
201912,77092,"houston, tx",2609,10608,720,417,34.283824,63.03010255,5.537545485,70.5,0.1557,9.5,0.0071,0.5,-8.5,0.2222,0.2222,0.3333,270000,-0.0324,-0.0359,0.9
201912,77031,"houston, tx",7526,5920,448,-169,58.706583,97.3933179,20.01984783,39,0.0263,1,-0.2353,-12,-40,-0.0875,-0.1889,0.553,191994,-0.0157,0.0102,0.6399
201912,77030,"houston, tx",7803,12287,-1042,-489,23.830632,44.59146543,3.069798214,84,0.4237,25,0.0769,6,5,0.2,-0.0526,0.2727,249950,-0.1642,-0.4951,0.8331
201912,77074,"houston, tx",2617,9835,-327,1698,38.79259,67.33046642,10.25471386,67.5,0.2736,14.5,-0.1667,-13.5,-11.5,-0.0517,0.0185,0.4167,204500,-0.0486,-0.026,0.6816
201911,77012,"houston, tx",7074,7907,,3954,50.396096,92.93364599,7.858546169,39,-0.1136,-5,-0.4658,-34,-31,-0.1148,0,0.3971,210050,-0.1428,0.0772,0.6796
201911,77088,"houston, tx",1174,11656,889,-4413,30.711705,49.97148108,11.45192978,70,-0.125,-10,0.1864,11,0,-0.2105,-0.4118,0.4412,189050,0.012,0.0815,0.6117
201911,77026,"houston, tx",5640,11692,546,2092,30.49306,54.77533431,6.210786488,66,-0.0294,-2,-0.3196,-31,-4,-0.1429,-0.0204,0.3529,162050,0.0256,0.0803,0.5243
201911,77002,"houston, tx",9531,11727,1168,-269,30.28709,44.01419608,16.55998479,74,-0.0327,-2.5,0.0571,4,4,0.129,0.2727,0.5147,349050,0.0418,0.0579,1.1294
201911,77095,"houston, tx",152,6159,404,-1316,58.682426,81.72888016,35.63597186,49,0.1011,4.5,0.1264,5.5,-21,-0.0097,-0.0377,0.75,245050,0,0.0041,0.7929
201911,77029,"houston, tx",7503,5711,1957,-164,60.891058,72.90702833,48.87508714,55,0.134,6.5,0.1579,7.5,-15,0.3125,0.2115,0.9265,135050,0.0305,0.0385,0.4369
201911,77003,"houston, tx",8661,12070,-6,-2838,28.259079,54.77533431,1.742822739,66,0.082,5,0.5,22,-4,0.0667,-0.1351,0.2353,371270,0.006,0.0314,1.2014
201911,77036,"houston, tx",102,10239,29,90,38.598771,52.57620889,24.62133215,68,0.1429,8.5,0.0543,3.5,-2,0.0633,0.2923,0.6176,143050,-0.1585,-0.2185,0.4628
201911,77004,"houston, tx",2048,12904,-691,-899,23.027442,45.19297801,0.861905064,73,0.1774,11,0.0977,6.5,3,0.04,-0.1613,0.1912,349950,-1.00E-04,-0.0605,1.1324
201911,77084,"houston, tx",10,7625,1319,-953,51.711135,76.33563597,27.08663413,52,0,0,0.0505,2.5,-18,0.0476,-0.0222,0.6471,215050,-0.0138,0.0779,0.6958
201911,77082,"houston, tx",255,11821,-1106,-1693,29.742062,53.13391216,6.350212307,67,0.2407,13,0.1652,9.5,-3,-0.0588,-0.0943,0.3529,309950,-0.1143,-0.0478,1.0029
201911,77071,"houston, tx",3996,8140,-50,1421,49.353571,70.76494074,27.94220166,56,0.037,2,-0.125,-8,-14,-0.1262,0.1688,0.6618,194950,0.0151,-0.0935,0.6307
201911,77077,"houston, tx",104,12775,-355,-1273,23.705558,43.05722796,4.353888079,76,0.1692,11,0.2063,13,6,0.1351,0.2353,0.3088,340050,0,-0.0554,1.1003
201911,77078,"houston, tx",8880,5328,8933,3034,62.659231,92.93364599,32.38481526,39,-0.61,-61,-0.3858,-24.5,-31,0.5077,0.0316,0.7206,139050,-0.0246,0.2086,0.4498
201911,77074,"houston, tx",2617,9508,235,3015,42.391787,74.54211293,10.24146017,53,0.0928,4.5,-0.3248,-25.5,-17,0,0.1837,0.4265,214950,0.005,0.075,0.6955
201911,77087,"houston, tx",3836,8876,-1109,955,45.690475,76.33563597,15.04531339,52,0.3,12,-0.1613,-10,-18,-0.0811,0,0.5,189050,-0.0308,-0.0195,0.6117
201911,77089,"houston, tx",1142,7628,1079,-3133,51.701629,72.90702833,30.49622917,55,0.028,1.5,0.3924,15.5,-15,0.0217,-0.1048,0.6912,246045,0.0043,0.1716,0.7961
201911,77051,"houston, tx",7386,9110,3941,-252,44.559224,79.82128145,9.297167121,50,-0.3103,-22.5,-0.0099,-0.5,-20,0.2174,-0.082,0.4118,199550,0.014,0.1083,0.6456
201911,77046,"houston, tx",16649,12711,-73,-3760,24.08581,46.73299956,1.438620952,72,0.0909,6,0.7778,31.5,2,0,-0.0857,0.2353,344050,0.0147,0.0202,1.1133
201911,77059,"houston, tx",7567,11721,1766,-1147,30.321947,45.19297801,15.45091577,73,-0.1257,-10.5,0.1145,7.5,3,0.1148,0.0968,0.5,415706,-0.0322,0.0058,1.3452
201911,77061,"houston, tx",5579,10968,525,-834,34.48254,54.77533431,14.18974586,66,-0.0571,-4,0.056,3.5,-4,-0.1646,0.0313,0.4853,217950,-0.0046,-0.0624,0.7052
201911,77098,"houston, tx",5413,11324,261,1963,32.619304,63.15355853,2.08504975,60,0.0526,3,-0.2547,-20.5,-10,0.1333,0.1333,0.25,825050,-0.0257,0.0942,2.6699
201911,77048,"houston, tx",7636,7286,99,,53.327207,95.35458521,11.29982889,36,0.1429,4.5,-0.4545,-30,-34,-0.0625,-0.6985,0.4412,190950,0.055,0.1569,0.6178
201911,77083,"houston, tx",335,7816,448,-5452,50.79853,78.1101464,23.48691299,51,0.1087,5,0.5692,18.5,-19,0.025,-0.374,0.6029,215050,0.0275,0.0753,0.6958
201911,77081,"houston, tx",982,10970,808,1766,34.463527,64.7823056,4.14474935,59,0.0085,0.5,-0.1973,-14.5,-11,0.4483,0.4483,0.3088,390050,0,-0.1832,1.2621
201911,77070,"houston, tx",486,6673,519,1879,56.232968,78.1101464,34.35578934,51,0.0968,4.5,-0.113,-6.5,-19,0.0309,0.25,0.7353,240050,-0.0202,0.0063,0.7767
