resources/dan/dan_cleanup/RDC_Inventory_Hotness_Metrics_Zip_History_TEXAS.csv
month_date_yyyymm,postal_code,zip_name,nielsen_hh_rank,hotness_rank,hotness_rank_mm,hotness_rank_yy,hotness_score,supply_score,demand_score,median_days_on_market,median_days_on_market_mm,median_dom_mm_day,median_days_on_market_yy,median_dom_yy_day,median_dom_vs_us,ldpviews_per_property_mm,ldpviews_per_property_yy,ldpviews_per_property_vs_us,median_listing_price,median_listing_price_mm,median_listing_price_yy,median_listing_price_vs_us
201911,77099,"houston, tx",1429,7179,2016,-74,53.80886,79.82128145,27.7964383,50,-0.2,-12.5,-0.0476,-2.5,-20,-0.1429,-0.011,0.6618,162050,-0.0414,0.2143,0.5243
201911,77006,"houston, tx",2621,12038,-572,882,28.449205,54.77533431,2.123074973,66,0.1681,9.5,-0.1373,-10.5,-4,0.0303,0.0625,0.25,635050,9.00E-04,0.079,2.055
201911,77045,"houston, tx",4434,9721,1983,-886,41.463337,74.54211293,8.384561759,53,-0.1587,-10,0.1042,5,-17,-0.0182,-0.0357,0.3971,219472,-0.0582,0,0.7101
201911,77096,"houston, tx",1957,12648,783,-1298,24.491413,48.34907155,0.633753723,71,-0.0274,-2,0.1833,11,1,0.0435,-0.04,0.1765,380050,0.0013,-0.0256,1.2298
201911,77009,"houston, tx",1963,11981,540,889,28.775588,56.68293301,0.868242601,65,0.0078,0.5,-0.1275,-9.5,-5,0.0833,0.04,0.1912,399050,0,-0.0148,1.2913
201911,77056,"houston, tx",2956,13564,889,954,19.107675,36.07326193,2.142087585,83,-0.0621,-5.5,-0.1782,-18,13,0.0303,0.0625,0.25,699050,-0.0224,-0.0658,2.2621
201911,77064,"houston, tx",1297,3714,810,664,70.723747,91.97667786,49.47081564,41,0.025,1,0.038,1.5,-29,0,0.1776,0.9265,225050,-0.0088,-0.0721,0.7282
201911,77024,"houston, tx",1554,12831,1123,-809,23.429875,39.12161734,7.738132962,79,-0.0651,-5.5,0.0822,6,9,0.0833,0.04,0.3824,1200050,0,0.3483,3.8835
201911,77057,"houston, tx",423,11661,619,187,30.667343,60.01014006,1.324545282,63,0,0,-0.0455,-3,-7,0,-0.1429,0.2206,324950,0.0076,0.1572,1.0515
201911,77020,"houston, tx",5699,14289,569,-1977,13.983776,26.28176691,1.685784904,94,-0.0309,-3,0.3429,24,24,0,-0.0303,0.2353,285049,0.0215,0.0575,0.9223
201911,77053,"houston, tx",4918,5360,1207,-79,62.526142,97.32555929,27.72672539,33,-0.0435,-1.5,-0.2747,-12.5,-37,0.0843,-0.1346,0.6618,155950,-0.0476,0.1064,0.5045
201911,77054,"houston, tx",2543,13094,1294,-2107,21.807466,41.5488941,2.066037138,77,-0.1098,-9.5,0.3162,18.5,7,0.1724,-0.0286,0.25,209900,0.153,0.3625,0.6791
201911,77090,"houston, tx",1426,5302,-721,-998,62.817669,72.90702833,52.72830978,55,0.068,3.5,0,0,-15,-0.1538,-0.0704,0.9706,209550,-0.0021,0.0743,0.678
201911,77049,"houston, tx",4560,6412,1745,-3209,57.551176,76.33563597,38.76671525,52,0.0196,1,0.4648,16.5,-18,0.1368,-0.0924,0.7941,214050,0.0133,0.0756,0.6926
201911,77028,"houston, tx",7327,8973,-1261,-3064,45.243678,76.33563597,14.15172064,52,0.1429,6.5,0.284,11.5,-18,-0.25,-0.2326,0.4853,149550,0.0491,0.1616,0.4838
201911,77015,"houston, tx",1152,4453,1972,3648,66.911718,78.1101464,55.71328982,51,-0.0286,-1.5,-0.1207,-7,-19,0.104,0.5682,1.0147,165050,-0.0265,0.0154,0.534
201911,77075,"houston, tx",2883,6889,520,-3238,55.206287,91.97667786,18.43589581,41,0,0,0.0123,0.5,-29,-0.0976,-0.3833,0.5441,209950,0.055,0.0497,0.6793
201911,77094,"houston, tx",10433,12930,-234,-631,22.916535,36.59927752,9.233791749,82,0.1971,13.5,0.131,9.5,12,0.2727,0.3333,0.4118,470050,-0.0567,0.0868,1.521
201911,77062,"houston, tx",4382,5835,569,1094,60.244629,81.72888016,38.76037772,49,0.0316,1.5,0.0316,1.5,-21,-0.0442,0.2857,0.7941,249050,-0.0018,-0.0216,0.8058
201911,77080,"houston, tx",1635,11310,579,948,32.701692,64.7823056,0.621078649,59,0,0,-0.1324,-9,-11,0.0909,0.0435,0.1765,333045,0.006,0.0254,1.0777
201911,77035,"houston, tx",2189,11781,778,-1484,29.948032,56.68293301,3.213131377,65,-0.0076,-0.5,0.25,13,-5,0.1875,0.1515,0.2794,275050,0.062,-0.0582,0.89
201911,77025,"houston, tx",2389,11846,774,346,29.599468,58.1278915,1.071043792,64,-0.0229,-1.5,-0.0519,-3.5,-6,0,0.12,0.2059,422950,0.0575,-0.0142,1.3686
201911,77017,"houston, tx",4372,8713,1597,-3281,46.55238,66.71525445,26.38950504,58,0.0357,2,0.2211,10.5,-12,0.2941,-0.1698,0.6471,198050,-0.0567,0.2782,0.6408
201911,77030,"houston, tx",7803,11245,3,264,33.021738,64.7823056,1.261169909,59,0.0727,4,-0.0635,-4,-11,-0.0909,-0.1176,0.2206,299050,-0.242,-0.4222,0.9676
201911,77044,"houston, tx",3324,9249,1039,884,43.84942,68.70524114,18.99359909,57,0,0,-0.1364,-9,-13,0.0423,0.0423,0.5441,275050,-0.0177,0.0189,0.89
201911,77016,"houston, tx",4625,8918,-933,-4560,45.494011,79.82128145,11.1667406,50,0.0638,3,0.0989,4.5,-20,-0.3103,-0.4915,0.4412,170050,0,0.3714,0.5502
201911,77019,"houston, tx",3505,11265,1054,-520,32.929843,58.1278915,7.731795424,64,-0.0303,-2,0.024,1.5,-6,0.1304,0,0.3824,799050,0.0116,0.0834,2.5858
201911,77047,"houston, tx",4964,5726,688,-1292,60.811839,93.85258888,27.77108816,38,0.027,1,-0.1264,-5.5,-32,0,-0.2035,0.6618,199950,-0.0444,0.0499,0.6469
201911,77005,"houston, tx",4502,12132,1328,-440,27.821788,49.97148108,5.672095824,70,-0.0909,-7,-0.0141,-1,0,0.0222,-0.1321,0.3382,1485050,-0.0093,0.1301,4.8058
201911,77093,"houston, tx",2735,12223,-281,-3888,27.172191,45.19297801,9.151403764,73,-0.0201,-1.5,0.3394,18.5,3,-0.2911,-0.2821,0.4118,144950,-0.0651,0.0576,0.4689
201911,77038,"houston, tx",5661,8388,693,-1699,48.174789,81.72888016,14.6206984,49,-0.125,-7,0.1395,6,-21,-0.2609,-0.1392,0.5,185040,0.0559,0.0254,0.5987
201911,77021,"houston, tx",3737,12992,-494,-1162,22.574308,40.22434882,4.92426643,78,0.2,13,0.1642,11,8,0.375,0.1282,0.3235,260050,0.1309,-0.0352,0.8414
201911,77014,"houston, tx",4002,5552,2196,3466,61.623043,79.82128145,43.42480512,50,-0.1736,-10.5,-0.1453,-8.5,-20,-0.0645,0.5467,0.8529,194950,0.0098,-0.0499,0.6307
201911,77023,"houston, tx",4821,9814,1522,-343,40.927815,79.82128145,2.034349452,50,-0.0991,-5.5,0.087,4,-20,0.0625,-0.0811,0.25,294050,-0.0134,-0.1088,0.9515
201911,77011,"houston, tx",7391,14303,438,-4965,13.904557,21.85182838,5.957284999,101,0.0632,6,1.2198,55.5,31,0.4118,0.2308,0.3529,220050,0.0046,-0.1666,0.712
201911,77040,"houston, tx",1037,6803,966,-3850,55.580202,78.1101464,33.05025667,51,0.0851,4,0.4571,16,-19,0.0889,-0.2033,0.7206,230050,0.0024,-0.1119,0.7443
201911,77018,"houston, tx",3559,11911,836,-1631,29.20654,58.1278915,0.285189175,64,-0.0303,-2,0.2673,13.5,-6,0.1111,-0.1667,0.1471,400040,-0.0586,-0.0124,1.2945
201911,77067,"houston, tx",4542,654,388,-71,90.740858,99.56904747,81.91266874,22,-0.2143,-6,0.2222,4,-48,0.0558,0.1304,1.5294,164950,-0.0211,0.1115,0.5337
201911,77066,"houston, tx",4037,6906,-116,-1233,55.117561,63.15355853,47.0815641,60,0.1215,6.5,0.1538,8,-10,0.0083,0.0991,0.8971,219950,0.0228,0.0859,0.7117
201911,77027,"houston, tx",4812,12583,629,832,24.976234,46.73299956,3.219468914,72,0,0,-0.1479,-12.5,2,0.0556,0.027,0.2794,899050,0.0135,0.0429,2.9094
201911,77032,"houston, tx",8922,13398,-410,-2176,19.985424,25.04594714,14.92490018,97,0.0211,2,0.2763,21,27,-0.2444,-0.0423,0.5,95050,-0.0052,-0.2244,0.3074
201911,77073,"houston, tx",3178,5307,1668,-708,62.795488,93.85258888,31.73838646,38,-0.2897,-15.5,-0.1915,-9,-32,-0.1864,-0.1795,0.7059,185049,-0.0212,0.0306,0.5987
201911,77033,"houston, tx",4959,8588,23,-1914,47.182965,74.54211293,19.82381646,53,0.0928,4.5,0.2326,10,-17,-0.0617,-0.038,0.5588,137827,-0.0155,0.127,0.4459
201911,77069,"houston, tx",5584,10045,-467,-219,39.774384,54.77533431,24.77343304,66,0.1681,9.5,0.0076,0.5,-4,0,0.12,0.6176,285050,-0.0256,0.0208,0.9223
201911,77063,"houston, tx",870,12788,-501,-3449,23.64852,45.19297801,2.104062361,73,0.1406,9,0.5532,26,3,-0.1053,-0.2093,0.25,284550,-0.0173,-0.0517,0.9207
201911,77031,"houston, tx",7526,6368,2076,-1494,57.785664,93.85258888,21.7187401,38,-0.0952,-4,0.1875,6,-32,0.194,-0.1209,0.5882,195050,-0.0817,0.0263,0.6311
201911,77079,"houston, tx",2797,12746,460,-492,23.883009,44.01419608,3.751822042,74,0.0207,1.5,0.0496,3.5,4,0.0256,0.0811,0.2941,500050,0,2.00E-04,1.6181
201911,77022,"houston, tx",4514,13393,1019,-408,20.001268,37.95551049,2.047024526,80,-0.096,-8.5,0.0458,3.5,10,-0.0556,0.1724,0.25,249950,0.0417,0.1787,0.8087
201911,77008,"houston, tx",1306,11133,-208,610,33.68401,66.71525445,0.652766335,58,0.1262,6.5,-0.0866,-5.5,-12,0.0435,-0.1111,0.1765,499050,0.031,0.0907,1.6149
201911,77041,"houston, tx",3038,11348,197,-1370,32.483047,48.34907155,16.61702263,71,0.1094,7,0.2456,14,1,0.1111,0.2963,0.5147,409950,-2.00E-04,-0.0051,1.3265
201911,77042,"houston, tx",712,10527,933,223,36.998542,70.76494074,3.232143989,56,-0.0261,-1.5,-0.0508,-3,-14,-0.0732,-0.1163,0.2794,364950,-0.0837,-0.063,1.1809
201911,77058,"houston, tx",4667,9677,49,-1513,41.653463,60.01014006,23.29678687,63,0.1053,6,0.2115,11,-7,-0.012,0.0933,0.6029,284938,0.027,0.0268,0.922
201911,77068,"houston, tx",9047,5985,1786,75,59.563344,68.70524114,50.42144623,57,-0.1857,-13,-0.1298,-8.5,-13,-0.1233,-0.0588,0.9412,264550,-0.0244,0.0377,0.856
201911,77086,"houston, tx",5456,5091,304,2474,63.799987,93.85258888,33.74738577,38,-0.1163,-5,-0.2963,-16,-32,-0.1525,0.1364,0.7353,173050,-0.0083,0.0179,0.5599
201911,77072,"houston, tx",1038,9942,-2196,-3611,40.281387,52.57620889,27.98656442,68,0.283,15,0.4021,19.5,-2,-0.1429,-0.0426,0.6618,150050,0.0345,0.0791,0.4854
201911,77092,"houston, tx",2609,11328,1201,468,32.581279,62.61486786,2.547689968,61,-0.0827,-5.5,-0.0687,-4.5,-9,-0.1,0.0286,0.2647,279050,-0.0106,-0.0036,0.9029
201911,77007,"houston, tx",748,10723,776,1155,35.921161,70.76494074,1.07738133,56,0,0,-0.1318,-8.5,-14,0.2727,0.12,0.2059,465050,0.0121,0.0092,1.5049
201911,77034,"houston, tx",3382,10391,-1588,-6317,37.730528,58.1278915,17.33316433,64,0.3196,15.5,0.9394,31,-6,-0.0769,-0.3077,0.5294,169950,-0.0751,0.03,0.5498
201911,77043,"houston, tx",5091,12041,1346,-1756,28.43653,54.77533431,2.097724824,66,-0.0959,-7,0.2941,15,-4,0.1333,0.2143,0.25,363040,-0.0055,-0.015,1.1747
201911,77039,"houston, tx",6188,10845,-1593,-2282,35.208188,44.01419608,26.40218011,74,0.3214,18,0.035,2.5,4,-0.0112,-0.1852,0.6471,124950,-0.1075,-0.254,0.4042
201911,77055,"houston, tx",1769,12003,1211,898,28.661512,56.68293301,0.640091261,65,-0.078,-5.5,-0.1275,-9.5,-5,0.1429,0.0909,0.1765,585050,-0.0068,-0.1,1.8932
201911,77065,"houston, tx",1756,4507,-107,58,66.658217,86.47569554,46.84073769,45,0.0976,4,0.125,5,-25,-0.0615,0.1619,0.8971,239950,-0.0208,0.0806,0.7764
201911,77091,"houston, tx",5199,12790,534,-915,23.642183,43.57056848,3.713796819,75,-0.0196,-1.5,-0.0323,-2.5,5,-0.1837,-0.3443,0.2941,254050,-0.0888,0.0751,0.822
201910,77092,"houston, tx",2609,12529,-164,-607,26.563182,50.15273362,2.973630073,66.5,0.0902,5.5,0.064,4,0.5,0.1111,0.0526,0.2837,282050,0.0108,-0.0035,0.9041
201910,77057,"houston, tx",423,12280,709,-456,27.997008,54.95293311,1.041082227,63,-0.0455,-3,0.0328,2,-3,0,-0.1176,0.2128,322500,0.0402,0.0857,1.0338
201910,77022,"houston, tx",4514,14412,-1443,-561,14.718534,27.32373293,2.11333458,88.5,0.3308,22,0.0926,7.5,22.5,0,0.2,0.2553,239950,0,0.1316,0.7691
201910,77056,"houston, tx",2956,14453,55,-15,14.428652,27.32373293,1.533570226,88.5,0.0412,3.5,-0.0275,-2.5,22.5,0.1,-0.0833,0.234,715050,-0.0138,0.0042,2.2924
201910,77059,"houston, tx",7567,13487,-336,-967,20.989963,31.6501465,10.32977994,83.5,0.1133,8.5,0.1284,9.5,17.5,0.0167,0.1091,0.4326,429550,-0.0095,0.0605,1.377
201910,77075,"houston, tx",2883,7409,-1963,-2081,53.684309,86.27891029,21.08970762,41,0.1081,4,-0.1881,-9.5,-25,-0.1881,-0.3543,0.5816,199000,0.0023,0.0476,0.6379
201910,77077,"houston, tx",104,12420,-217,-1533,27.220872,52.14138769,2.300355339,65,0.0833,5,0.2037,11,-1,0.0882,-0.075,0.2624,340050,-0.0073,-0.0455,1.0901
201910,77093,"houston, tx",2735,11942,1467,-3890,29.991896,40.57727074,19.40652079,74.5,0.0136,1,0.4466,23,8.5,0.6809,-0.1023,0.5603,155050,0.041,0.1071,0.4969
201910,77068,"houston, tx",9047,7771,969,-2008,51.966835,45.90736238,58.02630759,70,0.1475,9,0.0853,5.5,4,0.292,-0.0581,1.0355,271175,-0.0041,0.0231,0.8693
201910,77013,"houston, tx",7505,6246,-2306,,59.107911,89.82607069,28.38975126,38,0.5833,14,-0.5706,-50.5,-28,-0.2149,-0.1038,0.6738,169500,-0.0029,0.2278,0.5433
201910,77031,"houston, tx",7526,8444,329,-2630,49.096066,85.14431769,13.04781497,42,-0.0345,-1.5,0.2923,9.5,-24,-0.0147,-0.2386,0.4752,212410,-0.0212,0.1206,0.6809
201910,77055,"houston, tx",1769,13214,496,176,22.751075,45.22785363,0.274297114,70.5,-0.0342,-2.5,-0.0473,-3.5,4.5,0,-0.125,0.1489,589050,0.0034,-0.0867,1.8884
201910,77070,"houston, tx",486,7192,-119,1444,54.513434,78.84795212,30.17891653,46.5,0.069,3,-0.1143,-6,-19.5,0.0104,0.2125,0.6879,245000,-0.0392,0.0423,0.7853
201910,77045,"houston, tx",4434,11704,-1293,-2788,31.335328,54.95293311,7.717723334,63,0.299,14.5,0.299,14.5,-3,0.4103,-0.1791,0.3901,233035,-0.0306,0.0618,0.747
201910,77019,"houston, tx",3505,12319,953,-2395,27.769466,50.86964653,4.669284957,66,-0.0959,-7,0.211,11.5,0,-0.0612,-0.2581,0.3262,789900,-0.0119,0.0805,2.5323
201910,77065,"houston, tx",1756,4400,1402,-569,67.907238,86.27891029,49.53556511,41,-0.0787,-3.5,0.0649,2.5,-25,0.1017,0.0236,0.922,245050,0.0383,0.0769,0.7855
201910,77086,"houston, tx",5456,5395,2596,214,62.93872,83.56087526,42.31656381,43,-0.0444,-2,0.1316,5,-23,0.3721,0.1919,0.8369,174500,-0.0113,0.0452,0.5593
201910,77034,"houston, tx",3382,8803,256,-3832,47.341188,75.93042828,18.75194813,48.5,0.0543,2.5,0.2125,8.5,-17.5,0.0986,-0.2973,0.5532,183750,0.0163,0.097,0.589
201910,77091,"houston, tx",5199,13324,-789,-297,22.024811,38.48263824,5.566984602,76.5,0.2047,13,-0.0437,-3.5,10.5,0.0889,-0.1091,0.3475,278800,0.2146,0.1791,0.8937
201910,77011,"houston, tx",7391,14741,-11,-7237,12.221807,22.84146874,1.602144505,95,0.0556,5,2.0645,64,29,-0.0811,-0.4333,0.2411,219050,-9.00E-04,-0.122,0.7021
201910,77021,"houston, tx",3737,12498,-1980,-167,26.731501,52.14138769,1.321613366,65,0.3,15,-0.037,-2.5,-1,-0.3043,-0.2558,0.227,229950,0.0132,-0.1905,0.7371
201910,77024,"houston, tx",1554,13954,355,-1053,18.000748,30.70257465,5.298921514,84.5,-0.0059,-0.5,0.0764,6,18.5,0.0909,-0.1273,0.3404,1200049,0.0331,0.2631,3.8473
201910,77036,"houston, tx",102,10268,728,-306,39.529954,59.52870769,19.5312013,59.5,0.0085,0.5,0.0439,2.5,-6.5,0.1449,0.1791,0.5603,170000,-0.0662,-0.1565,0.5449
201910,77071,"houston, tx",3996,8090,-386,1534,50.648339,67.71398292,33.58269435,54,0.1868,8.5,-0.0769,-4.5,-12,0.2561,0.3377,0.7305,192050,-0.04,-0.1272,0.6156
201910,77082,"houston, tx",255,10715,1077,-284,37.011408,67.71398292,6.308833614,54,-0.1148,-7,-0.0526,-3,-12,0.02,-0.1356,0.3617,349950,0.0525,0.0866,1.1218
201910,77027,"houston, tx",4812,13212,599,76,22.754192,43.37011408,2.138270681,72,-0.0526,-4,-0.0588,-4.5,6,0.0588,-0.122,0.2553,887049.5,-0.0462,-0.0274,2.8438
201910,77004,"houston, tx",2048,12213,-1097,-1059,28.395985,56.23714232,0.554828253,62,0.2039,10.5,0.1376,7.5,-4,-0.1071,-0.1667,0.1773,350000,-1.00E-04,-0.0604,1.122
202006,77532,"crosby, tx",4302,9816,1417,305,33.718304,56.06237249,11.37423492,60.5,-0.1933,-14.5,0.2604,12.5,-11,0.3421,0.5,0.4595,245000,0.0207,0.021,0.7172
202005,77532,"crosby, tx",4302,11233,-111,-531,26.086649,42.43239417,9.740903299,75,0.145,9.5,0.5152,25.5,4,0.2881,0.0857,0.427,240040,-0.0144,4.00E-04,0.7275
202004,77532,"crosby, tx",4302,11122,-610,-1743,26.980615,45.77890153,8.182328979,65.5,0.1391,8,0.3232,16,3.5,-0.0484,-0.3516,0.4097,243545,0.0146,0,0.7609
202003,77532,"crosby, tx",4302,10512,-595,-1254,30.656909,52.11849569,9.195321801,57.5,-0.1154,-7.5,0.0455,2.5,-2,-0.1143,-0.1842,0.4106,240044.5,4.00E-04,0.0212,0.7501
202002,77532,"crosby, tx",4302,9917,-848,-674,35.394783,62.83826087,7.951304348,65,-0.0511,-3.5,0.0656,4,-15,-0.0789,-0.0141,0.3723,239950,0.0101,0.0099,0.7739
202001,77532,"crosby, tx",4302,9069,-250,1021,41.107047,71.65435848,10.55973497,68.5,0.123,7.5,-0.1384,-11,-17,0.3571,-0.0952,0.4368,237550,0.028,0.0106,0.7917
201912,77532,"crosby, tx",4302,8819,-454,1490,44.125041,77.38670195,10.86338075,61,0.22,11,-0.1644,-12,-18,-0.2,-0.0968,0.4242,231084.5,0.0089,0.0047,0.7702
201911,77532,"crosby, tx",4302,8365,2518,3425,48.288865,79.82128145,16.75644844,50,-0.187,-11.5,-0.3151,-23,-20,-0.0141,0.2727,0.5147,229050,-0.002,-0.0043,0.7411
