resources/dan/dan_cleanup/RDC_Inventory_Hotness_Metrics_Zip_History_TEXAS.csv
month_date_yyyymm,postal_code,zip_name,nielsen_hh_rank,hotness_rank,hotness_rank_mm,hotness_rank_yy,hotness_score,supply_score,demand_score,median_days_on_market,median_days_on_market_mm,median_dom_mm_day,median_days_on_market_yy,median_dom_yy_day,median_dom_vs_us,ldpviews_per_property_mm,ldpviews_per_property_yy,ldpviews_per_property_vs_us,median_listing_price,median_listing_price_mm,median_listing_price_yy,median_listing_price_vs_us
202006,77581,"pearland, tx",1380,7275,-145,-183,48.200233,66.66423783,29.7362285,51,-0.0727,-4,0.3784,14,-20.5,0.2823,0.8068,0.7162,302547.5,0.0134,-0.0178,0.8857
202006,77584,"pearland, tx",73,8003,332,1322,44.192655,68.15797144,20.22733897,50,-0.1071,-6,0.1628,7,-21.5,0.31,0.9265,0.5901,312550,0.0081,-0.0076,0.915
202005,77581,"pearland, tx",1380,7130,-1116,1185,50.594648,71.35070084,29.8385955,55,0.3095,13,0.358,14.5,-16,0.1376,0.3478,0.6966,298550,0,-0.0195,0.9048
202005,77584,"pearland, tx",73,8335,159,-149,44.280051,69.34730285,19.21279909,56,0.1089,5.5,0.4933,18.5,-15,0.2048,0.1905,0.5618,310050,0.0016,0.0065,0.9397
202004,77581,"pearland, tx",1380,6014,419,3733,56.573957,79.41424357,33.73367046,42,0.1351,5,-0.2222,-12,-20,0.09,0.0792,0.7569,298550,-0.005,-0.0055,0.9328
202004,77584,"pearland, tx",73,8494,-264,56,43.067847,66.72987779,19.40581542,50.5,0.1222,5.5,0.1609,7,-11.5,-0.0119,-0.1075,0.5764,309550,0,-0.0016,0.9672
202003,77584,"pearland, tx",73,8230,-997,-593,44.428882,70.0119056,18.84585755,45,0.0227,1,0,0,-14.5,-0.1765,-0.0455,0.5563,309545,0.0049,-0.0172,0.9673
202003,77581,"pearland, tx",1380,6433,1177,1832,54.289516,81.6933959,26.88563625,37,-0.3833,-23,-0.3019,-16,-22.5,-0.2188,0.0204,0.6623,300040,0.0084,3.00E-04,0.9376
202002,77584,"pearland, tx",73,7233,512,-1479,50.333913,81.39130435,19.27652174,44,-0.3231,-21,0.2055,7.5,-36,0.02,0.0099,0.5426,308040,-0.0188,-0.0359,0.9935
202002,77581,"pearland, tx",1380,7610,-795,-593,48.438261,67.15826087,29.71826087,60,-0.0698,-4.5,0.0169,1,-20,0.0756,0.1429,0.6809,297550,0.0025,-0.0088,0.9597
202001,77584,"pearland, tx",73,7745,881,-2088,48.191732,76.38898475,19.99447857,65,0.0078,0.5,0.1927,10.5,-20.5,0.4286,-0.1453,0.5747,313950,0.0126,-0.0033,1.0464
202001,77581,"pearland, tx",1380,6815,799,-1180,52.871144,77.01704742,28.72523984,64.5,0.0157,1,0.0157,1,-21,0.4,-0.1185,0.6839,296797.5,0.0059,-0.0082,0.9892
201912,77581,"pearland, tx",1380,7614,25,-950,50.469732,73.49652663,27.44293748,63.5,0.27,13.5,0.0948,5.5,-15.5,0.0366,-0.0341,0.6439,295050,0.0034,-0.0101,0.9835
201912,77584,"pearland, tx",73,8626,-191,-2123,45.289448,71.86238836,18.71650678,64.5,0.2647,13.5,0.2404,12.5,-14.5,-0.0278,-0.125,0.5303,310047.5,0,0.0164,1.0335
201911,77581,"pearland, tx",1380,7639,1823,-1151,51.663604,79.82128145,23.5059256,50,-0.0826,-4.5,0.0204,1,-20,0.0123,-0.1087,0.6029,294050,-0.02,0.0068,0.9515
201911,77584,"pearland, tx",73,8435,966,-537,48.000507,78.1101464,17.89086761,51,0,0,0,0,-19,-0.0137,-0.0649,0.5294,310050,-0.0096,0.0333,1.0032
202006,77523,"baytown, tx",6180,9243,-395,1177,37.255902,68.15797144,6.353832702,50,0,0,0.1111,5,-21.5,0.3065,0.5,0.3649,317549.5,-0.0078,-0.035,0.9297
202006,77520,"baytown, tx",2666,9372,585,1424,36.454386,57.01690469,15.89186826,59.5,-0.0846,-5.5,-0.0403,-2.5,-12,0.3605,0.2447,0.527,164950,0,0.0024,0.4828
202006,77521,"baytown, tx",677,10048,-1006,569,32.195424,57.01690469,7.373943457,59.5,0.1019,5.5,0.2143,10.5,-12,0.2286,0.3871,0.3874,235050,-0.0042,0.0239,0.6881
202005,77521,"baytown, tx",677,9042,-244,2819,40.113974,72.32054368,7.907404786,54,0.1868,8.5,-0.1429,-9,-17,0.1667,-0.1358,0.3933,236040,0.0265,0.0285,0.7153
202005,77523,"baytown, tx",6180,8848,623,2559,41.38822,77.08480816,5.691632451,50,0,0,-0.0291,-1.5,-21,0.1071,0.069,0.3483,320050,-0.0076,0.0579,0.97
202005,77520,"baytown, tx",2666,9957,-1156,352,34.457738,55.66331587,13.25215914,65,0.25,13,0.1927,10.5,-6,0.0617,-0.1042,0.4831,164950,0.057,0.0313,0.4998
202004,77521,"baytown, tx",677,8798,920,1829,41.36817,74.14664981,8.589689563,45.5,-0.09,-4.5,-0.1574,-8.5,-16.5,0,-0.2405,0.4167,229950,-0.0173,0.0041,0.7184
202004,77520,"baytown, tx",2666,8801,-286,864,41.357634,64.35594887,18.35932013,52,0.1064,5,0.0196,1,-10,-0.0241,-0.1196,0.5625,156049,0.0233,0.0213,0.4875
202004,77523,"baytown, tx",6180,9471,1240,582,37.217306,67.453294,6.981317601,50,-0.1228,-7,0.1364,6,-12,0.0769,-0.0175,0.3889,322500,-0.0417,0.0733,1.0077
202003,77523,"baytown, tx",6180,10711,76,903,29.438336,52.75579522,6.120876812,57,-0.2192,-16,-0.1364,-9,-2.5,-0.0714,-0.037,0.3444,336545,0.0105,0.0548,1.0517
202003,77520,"baytown, tx",2666,8515,-1082,-483,42.716577,67.15456264,18.27859094,47,0.0444,2,-0.0962,-5,-12.5,-0.17,-0.0349,0.5497,152500,-0.0164,-0.0158,0.4765
202003,77521,"baytown, tx",677,9718,-1345,501,35.636249,62.61642972,8.656068352,50,0.0204,1,-0.1379,-8,-9.5,-0.25,-0.1892,0.3974,233995,0.0176,0.0335,0.7312
202002,77523,"baytown, tx",6180,10787,119,296,29.669565,55.01217391,4.326956522,73,-0.1043,-8.5,-0.0875,-7,-7,-0.082,-0.082,0.2979,333050,0.0091,0.0553,1.0742
202002,77521,"baytown, tx",677,8373,358,982,44.194783,77.38434783,11.00521739,49,-0.2519,-16.5,-0.2462,-16,-31,0.0667,0.039,0.4255,229950,-4.00E-04,0.0218,0.7416
202002,77520,"baytown, tx",2666,7433,-596,-413,49.377391,80.45913043,18.29565217,45,-0.2437,-14.5,-0.3077,-20,-35,-0.0566,-0.187,0.5319,155045,-0.0459,0.0455,0.5
202001,77523,"baytown, tx",6180,10906,795,-149,30.171164,54.52412175,5.818206916,81.5,0.0062,0.5,0.0188,1.5,-4,0.2708,-0.0758,0.3506,330049,3.00E-04,0.0191,1.1
202001,77520,"baytown, tx",2666,6837,94,-5,52.750362,82.89046863,22.61025606,59.5,0.0439,2.5,-0.1314,-9,-26,0.3086,-0.1382,0.6092,162500,0.1211,0.134,0.5415
202001,77521,"baytown, tx",677,8731,-586,554,42.977431,75.76092208,10.19394023,65.5,0.1391,8,-0.0576,-4,-20,0.2295,0.0135,0.431,230049,0.0101,0.0284,0.7667
201912,77523,"baytown, tx",6180,11701,725,83,27.704267,48.33608998,7.072444591,81,0.0946,7,0.0253,2,2,-0.0769,0.1429,0.3636,329950,0.0154,0.0313,1.0999
201912,77520,"baytown, tx",2666,6931,145,1507,53.814092,82.92424744,24.70393649,57,0.1633,8,-0.2297,-17,-22,-0.0795,-0.1383,0.6136,144950,-0.0829,0.0028,0.4831
201912,77521,"baytown, tx",677,8145,909,-242,47.816738,82.29573272,13.33774396,57.5,0.1058,5.5,0.1058,5.5,-21.5,-0.0469,0.0517,0.4621,227755,0.035,0.0143,0.7591
201911,77521,"baytown, tx",677,9054,732,-680,44.857089,76.33563597,13.3785411,52,-0.0095,-0.5,0.04,2,-18,-0.0725,-0.0448,0.4706,220050,-0.0222,0,0.712
201911,77520,"baytown, tx",2666,7076,2326,2941,54.274669,81.72888016,26.82045757,49,-0.1695,-10,-0.2794,-19,-21,-0.0638,0.1429,0.6471,158050,0.0398,0.1707,0.5113
201911,77523,"baytown, tx",6180,12426,-162,-944,25.850814,44.01419608,7.687432664,74,0.1045,7,0.1128,7.5,4,0,0.1304,0.3824,324950,-0.0064,0.0175,1.0515
