resources/dan/dan_cleanup/RDC_Inventory_Hotness_Metrics_Zip_History_TEXAS.csv
month_date_yyyymm,postal_code,zip_name,nielsen_hh_rank,hotness_rank,hotness_rank_mm,hotness_rank_yy,hotness_score,supply_score,demand_score,median_days_on_market,median_days_on_market_mm,median_dom_mm_day,median_days_on_market_yy,median_dom_yy_day,median_dom_vs_us,ldpviews_per_property_mm,ldpviews_per_property_yy,ldpviews_per_property_vs_us,median_listing_price,median_listing_price_mm,median_listing_price_yy,median_listing_price_vs_us
202006,77707,"beaumont, tx",7060,2792,-1713,2951,73.05086,81.20081609,64.90090353,40.5,-0.0357,-1.5,-0.25,-13.5,-31,-0.0286,0.6386,1.2252,149950,-0.0542,0,0.4389
202006,77702,"beaumont, tx",15677,4027,-2330,7177,65.141358,69.52054795,60.76216846,49,0.6333,19,-0.3875,-31,-22.5,0.219,1.1333,1.1532,137550,0,0.1956,0.4026
202006,77701,"beaumont, tx",8020,9191,113,-1770,37.48907,13.23229379,61.74584669,120.5,0.3539,31.5,1.2315,66.5,49,0.5663,0.9403,1.1712,136500,0.0259,0.4256,0.3995
202006,77705,"beaumont, tx",3945,6647,-158,-63,51.282425,47.17283591,55.39201399,69.5,-0.0479,-3.5,0.178,10.5,-2,0.1569,0.4048,1.0631,165000,-0.0569,-0.2324,0.483
202006,77713,"beaumont, tx",6760,6559,-785,2156,51.723259,63.23229379,40.21422326,54,-0.1563,-10,-0.194,-13,-17.5,0.0161,0.2945,0.8514,296050,0.0386,0.0575,0.8667
202006,77703,"beaumont, tx",8268,8837,-352,-2802,39.507432,38.67677062,40.33809385,78.5,0.1056,7.5,1.0658,40.5,7,0.3014,0.7593,0.8559,75049,0.0869,0,0.2196
202006,77708,"beaumont, tx",8453,7778,-5780,-6474,45.383999,46.69921306,44.06878461,70,0.3725,19,1.3333,40,-1.5,-0.2647,-0.0196,0.9009,179950,0.2001,-0.0288,0.5268
202006,77706,"beaumont, tx",2891,2657,1512,2063,74.012679,79.91110463,68.1142524,41.5,-0.3516,-22.5,-0.217,-11.5,-30,0.2119,0.4592,1.2883,284950,-0.0342,0.0474,0.8342
202005,77706,"beaumont, tx",2891,4169,22,-210,65.014866,57.29859833,72.73113408,64,0.1532,8.5,0.2929,14.5,-7,0.2165,-0.0407,1.3258,295050,0.0192,0.103,0.8942
202005,77708,"beaumont, tx",8453,1998,2093,1409,78.097126,75.75392893,80.44032281,51,0.1724,7.5,0.1461,6.5,-20,0.7895,0.1574,1.5281,149950,0.0711,-0.1853,0.4544
202005,77701,"beaumont, tx",8020,9304,-742,-654,38.49639,28.83335693,48.15942234,89,0.3798,24.5,0.3383,22.5,18,0.4068,0.0061,0.9326,133050,0.2487,0.0726,0.4032
202005,77707,"beaumont, tx",7060,1079,2817,4267,85.123177,88.05040351,82.19595073,42,-0.2696,-15.5,-0.2,-10.5,-29,0.3023,0.3397,1.573,158550,0.007,0.0359,0.4804
202005,77702,"beaumont, tx",15677,1697,3346,5597,80.171315,96.07107461,64.271556,30,-0.6154,-48,-0.542,-35.5,-41,-0.2308,0.0448,1.1798,137550,-0.0018,0.1956,0.4168
202005,77713,"beaumont, tx",6760,5774,-1259,1730,57.008353,57.29859833,56.71810845,64,0.2673,13.5,0.094,5.5,-7,0.1273,0.0877,1.0449,285050,0.0559,-0.0145,0.8639
202005,77703,"beaumont, tx",8268,8485,1036,-5955,43.405777,47.54353674,39.26801642,71,-0.1235,-10,1.3667,41,0,0.1587,-0.2234,0.8202,69050,0.0376,-0.0799,0.2092
202005,77705,"beaumont, tx",3945,6489,-1738,704,53.695314,44.59153334,62.79909387,73,0.2586,15,0.2696,15.5,2,0.0968,0.1591,1.1461,174950,-0.1026,-0.2226,0.5302
202004,77713,"beaumont, tx",6760,4515,-470,1181,64.264644,66.72987779,61.79941003,50.5,0.1609,7,0.0412,2,-11.5,-0.073,-0.0517,1.1458,269950,-0.0201,-0.0094,0.8434
202004,77706,"beaumont, tx",2891,4191,-431,-1783,66.055626,59.14454277,72.96670881,55.5,0.11,5.5,0.48,18,-6.5,-0.1142,-0.1709,1.3472,289500,-0.0271,0.1603,0.9045
202004,77701,"beaumont, tx",8020,8562,-1894,-658,42.68858,46.97288945,38.40427026,64.5,0.2056,11,0.1026,6,2.5,-0.1973,-0.2848,0.8194,106550,0,-0.1087,0.3328
202004,77702,"beaumont, tx",15677,5043,1924,1803,61.479843,33.34738025,89.6123051,78,-0.22,-22,0.0196,1.5,16,0.1568,0.3188,1.8958,137799.5,0.0604,0.102,0.4305
202004,77705,"beaumont, tx",3945,4751,-1316,218,63.021492,55.92077539,70.12220818,58,0.3647,15.5,0.1048,5.5,-4,-0.0412,-0.1349,1.2917,194950,0.2181,-0.1337,0.6091
202004,77708,"beaumont, tx",8453,4091,-1417,-732,66.540244,77.15971344,55.92077539,43.5,0.1013,4,0.2609,9,-18.5,-0.283,-0.2,1.0556,140000,4.00E-04,-0.2181,0.4373
202004,77707,"beaumont, tx",7060,3896,2165,-222,67.656974,56.51074589,78.8032027,57.5,0.0268,1.5,0.3855,16,-4.5,0.2647,0.0591,1.4931,157450,0.0161,-0.0116,0.4919
202004,77703,"beaumont, tx",8268,9521,-2657,-5214,36.90125,31.17713162,42.62536873,81,0.2,13.5,1.8421,52.5,19,-0.3077,-0.1,0.875,66550,-0.1686,-0.05,0.2078
202003,77707,"beaumont, tx",7060,6061,-2389,-2975,56.365992,54.0163877,58.71559633,56,0.2174,10,0.2444,11,-3.5,-0.1667,-0.2609,1.1258,154950,0.0396,-0.0313,0.4841
202003,77705,"beaumont, tx",3945,3435,-1579,733,70.666713,74.01078507,67.32264164,42.5,0.1486,5.5,-0.2917,-17.5,-17,-0.2362,-0.1019,1.2848,160050,0.2307,-0.1574,0.5001
202003,77702,"beaumont, tx",15677,6967,-1612,-2065,51.397157,24.357448,78.43686533,100,0.2658,21,0.5625,36,40.5,-0.0328,0.8154,1.5629,129950,-0.134,0.007,0.406
202003,77708,"beaumont, tx",8453,2674,3336,684,75.393935,78.07269417,72.71517613,39.5,-0.4104,-27.5,-0.1939,-9.5,-20,0.1277,-0.0093,1.404,139950,0.0363,-0.1765,0.4373
202003,77713,"beaumont, tx",6760,4045,3618,-896,67.116045,72.40002801,61.83206107,43.5,-0.4423,-34.5,-0.0543,-2.5,-16,0.0595,0.0349,1.1788,275500,-0.0663,0.0598,0.8609
202003,77701,"beaumont, tx",8020,6668,4228,-1192,52.962392,57.37796764,48.546817,53.5,-0.5579,-67.5,0.07,3.5,-6,-0.0068,0.225,0.9735,106550,0.1965,-0.1992,0.3329
202003,77706,"beaumont, tx",2891,3760,19,-1312,68.70229,62.61642972,74.78815043,50,-0.2537,-17,0.0204,1,-9.5,-0.1889,-0.0223,1.4503,297550,0.0262,0.2401,0.9298
202003,77703,"beaumont, tx",8268,6864,969,-3472,51.932908,40.9272358,62.93858113,67.5,-0.0625,-4.5,0.6875,27.5,8,0.2133,0.4,1.2053,80050,-0.1976,0.0666,0.25
202003,77710,"beaumont, tx",30152,14082,-303,,3.848309,7.689614119,0.007003292,161.5,0.2423,31.5,-0.6032,-245.5,102,-0.25,-0.625,0.0199,445349,0,1.2552,1.3918
202002,77705,"beaumont, tx",3945,1856,585,1033,80.323478,88.06956522,72.5773913,37,-0.3984,-24.5,-0.4351,-28.5,-43,0.1043,0.0948,1.3511,130050,-0.0697,-0.3332,0.4194
202002,77713,"beaumont, tx",6760,7663,-1322,-6016,48.132174,50.98434783,45.28,78,0.0833,6,0.6596,31,-2,0.1126,-0.2599,0.8936,295050,-0.0084,0.1412,0.9516
202002,77703,"beaumont, tx",8268,7833,-1655,-5740,47.158261,56.0973913,38.21913043,72,0.2308,13.5,0.8701,33.5,-8,0.2712,-0.1979,0.7979,99757,0,0.3292,0.3216
202002,77710,"beaumont, tx",30152,13779,-1096,,8.114783,16.2226087,0.006956522,130,0.3198,31.5,-0.8232,-605.5,50,-0.2,-0.7333,0.0213,445349,0,1.2552,1.4364
202002,77708,"beaumont, tx",8453,6010,2605,-3898,56.518261,60.52869565,52.50782609,67,-0.2514,-22.5,0.1858,10.5,-13,0.2533,-0.2,1,135050,-0.2285,-0.1425,0.4355
202002,77707,"beaumont, tx",7060,3672,-1227,-592,68.932174,79.46434783,58.4,46,-0.1402,-7.5,-0.2137,-12.5,-34,0,0.02,1.0851,149050,-0.005,-0.0909,0.4806
202002,77702,"beaumont, tx",15677,5355,-2673,-2456,59.826087,49.94782609,69.70434783,79,0.6289,30.5,0.9506,38.5,-1,0.3118,0.4611,1.2979,150050,0,0.1627,0.4839
202002,77701,"beaumont, tx",8020,10896,-2319,-7634,29.043478,20.64,37.44695652,121,0.352,31.5,1.5745,74,41,-0.0199,-0.1243,0.7872,89050,-0.0326,-0.2049,0.2871
202002,77706,"beaumont, tx",2891,3779,-140,-2459,68.34087,60.52869565,76.15304348,67,-0.0563,-4,0.4565,21,-13,0.2162,0.1066,1.4362,289950,0.02,0.2336,0.9352
202001,77705,"beaumont, tx",3945,2441,396,-1409,76.171578,80.57146801,71.77168887,61.5,0.0603,3.5,0.2424,12,-24,0.4375,-0.0377,1.3218,139800,-0.153,-0.2342,0.4658
202001,77713,"beaumont, tx",6760,6341,-445,-4567,55.114225,66.98875009,43.23969908,72,0.0909,6,0.3333,18,-13.5,0.2689,-0.281,0.8678,297550,0.0262,0.1446,0.9917
202001,77701,"beaumont, tx",8020,8577,202,-3751,43.829802,44.68217268,42.97743115,89.5,0.0915,7.5,0.432,27,4,0.3981,0.0134,0.8678,92050,-0.0707,0.0222,0.3067
202001,77703,"beaumont, tx",8268,6178,3985,-1683,55.866519,83.91193319,27.82110567,58.5,-0.2642,-21,0.481,19,-27,0.475,-0.0328,0.6782,99757,0.376,0.4282,0.3324
202001,77708,"beaumont, tx",8453,8615,-1060,-3795,43.640003,44.68217268,42.59783284,89.5,0.1933,14.5,0.1623,12.5,4,0.3158,-0.2147,0.8621,175050,0.167,0.2068,0.5833
202001,77707,"beaumont, tx",7060,2445,-563,166,76.147422,88.53613086,63.75871351,53.5,0.07,3.5,-0.1769,-11.5,-32,0.2216,-0.0377,1.1724,149800,0.0152,-0.0863,0.4992
202001,77702,"beaumont, tx",15677,2682,-393,-128,74.601422,92.26309614,56.93974739,48.5,-0.2538,-16.5,-0.2481,-16,-37,-0.1268,-0.1268,1.069,150050,0,0.1999,0.5
202001,77706,"beaumont, tx",2891,3639,353,-2404,68.969563,68.36220581,69.57692042,71,-0.0139,-1,0.2241,13,-14.5,0.2333,-0.1395,1.2759,284252.5,0.0335,0.1746,0.9474
202001,77710,"beaumont, tx",30152,12683,-1606,,17.99296,35.97901857,0.006901788,98.5,0.3972,28,-0.8608,-609,13,0.25,-0.6667,0.0287,445349,0,1.2552,1.4844
201912,77703,"beaumont, tx",8268,10163,1521,-2882,36.973205,50.03638769,23.91002316,79.5,0.0743,5.5,0.0063,0.5,0.5,0.1111,-0.3443,0.6061,72500,-0.2372,0.0379,0.2415
201912,77713,"beaumont, tx",6760,5896,2202,-1655,58.862058,69.61296725,48.11114787,66,-0.0959,-7,-0.1081,-8,-13,-0.1119,-0.3081,0.9015,289950,-0.0206,0.1214,0.9665
201912,77710,"beaumont, tx",30152,11077,-2353,,31.515051,63.03010255,0,70.5,0.8077,31.5,-0.8957,-605.5,-8.5,-0.3333,-0.3333,0.0303,445349,0.0648,1.2552,1.4846
201912,77707,"beaumont, tx",7060,1882,1723,1308,80.793913,90.21501819,71.37280847,50,-0.1228,-7,-0.2958,-21,-29,-0.0722,-0.1302,1.2652,147550,0,-0.0478,0.4917
201912,77701,"beaumont, tx",8020,8779,415,-3872,44.399603,47.1782997,41.62090638,82,0.1714,12,0.2813,18,3,0,-0.1563,0.8182,99050,-0.2015,0.1,0.3301
201912,77708,"beaumont, tx",8453,7555,-3133,-3876,50.731062,56.54647701,44.91564671,75,0.4151,22,0.1364,9,-4,-0.2192,-0.2785,0.8636,150000,-0.0263,0.071,0.4999
201912,77705,"beaumont, tx",3945,2837,1151,-1469,75.011578,81.56136288,68.46179292,58,0.16,8,0.0741,4,-21,0.1111,-0.1667,1.2121,165050,0,-0.0544,0.5501
201912,77702,"beaumont, tx",15677,2289,-422,8425,78.097916,71.00893152,85.18690043,65,0.1207,7,-0.4538,-54,-14,-0.3129,0.8051,1.6136,150050,0,0.138,0.5001
201912,77706,"beaumont, tx",2891,3992,48,-1347,68.355938,60.75421766,75.95765796,72,0.1803,11,0.0746,5,-7,-0.0217,-0.0722,1.3636,275050,0,0.0827,0.9168
201911,77707,"beaumont, tx",7060,3605,3255,-773,71.3068,68.70524114,73.90835921,57,-0.1429,-9.5,-0.05,-3,-13,0.1613,-0.0909,1.3235,147550,-0.1446,0.0536,0.4773
201911,77701,"beaumont, tx",8020,9194,305,-3245,44.172635,49.97148108,38.37378795,70,0.0687,4.5,0.0072,0.5,0,0.0093,-0.2752,0.7941,124050,0.2882,0.4955,0.4013
201911,77710,"beaumont, tx",30152,8724,-479,,46.473161,92.93364599,0.012675074,39,1.6897,24.5,-0.9395,-605.5,-31,-0.5714,-0.5714,0.0441,418250,-0.1331,1.118,1.3534
201911,77708,"beaumont, tx",8453,4422,-1611,-3026,67.063819,74.54211293,59.58552506,53,0.2326,10,0.2619,11,-17,-0.1512,-0.1609,1.0735,154050,-0.0216,0.0267,0.4984
201911,77706,"beaumont, tx",2891,4040,1505,-756,69.066481,62.61486786,75.51809367,61,0.0083,0.5,-0.0081,-0.5,-9,0.1152,-0.016,1.3529,275050,-0.0514,0.0498,0.89
201911,77703,"beaumont, tx",8268,11684,-616,-4415,30.546929,44.01419608,17.07966284,74,0.184,11.5,0.3578,19.5,4,0.0286,-0.2258,0.5294,95050,0.2665,0.4423,0.3074
201911,77702,"beaumont, tx",15677,1867,-1046,3572,81.462704,66.71525445,96.21015273,58,0.3182,14,-0.2795,-22.5,-12,-0.0159,0.5816,2.2794,150050,0,0.1463,0.4854
201911,77705,"beaumont, tx",3945,3988,2440,1322,69.335826,79.82128145,58.85037075,50,-0.2248,-14.5,-0.2857,-20,-20,-0.0943,-0.122,1.0588,165050,-0.0833,-0.1494,0.534
201911,77713,"beaumont, tx",6760,8098,466,-1791,49.543697,45.19297801,53.89441663,73,0.1318,8.5,-0.0818,-6.5,3,0.1074,-0.1879,0.9853,296050,0.0275,0.145,0.9579
201910,77713,"beaumont, tx",6760,8564,-858,-3708,48.612929,52.77102425,44.45483449,64.5,0.1217,7,-0.0153,-1,-1.5,-0.032,-0.3202,0.8582,288125,0.0111,0.1301,0.9236
201910,77710,"beaumont, tx",30152,8245,,,49.978181,99.93765975,0.018702076,14.5,-0.8776,-104,-0.9765,-602,-51.5,-0.5484,0.2727,0.0993,482450,-0.5098,1.4431,1.5466
202006,7740,"long branch, nj",3537,11110,895,-1320,24.948994,13.39988342,36.49810551,120,0.2632,25,0.8182,54,48.5,0.8936,0.459,0.8018,765050,-0.0129,0.3212,2.24
202005,7740,"long branch, nj",3537,12005,-1020,-1736,20.380858,24.22483364,16.53688234,95,0.2583,19.5,0.338,24,24,0.1059,-0.2985,0.5281,775050,0.0417,0.3316,2.3492
202004,7740,"long branch, nj",3537,10985,-969,-896,27.865571,35.45441776,20.27672426,75.5,0.2479,15,0.0942,6.5,13.5,0,-0.3254,0.5903,744050,0.0068,0.3007,2.325
202003,7740,"long branch, nj",3537,10016,-899,-445,33.843406,48.30870509,19.37810771,60.5,-0.2531,-20.5,-0.1712,-12.5,1,-0.3657,-0.2544,0.5629,739050,-0.0134,0.2741,2.3097
202002,7740,"long branch, nj",3537,9117,1312,-270,40.013913,47.62434783,32.40347826,81,-0.1243,-11.5,-0.0526,-4.5,1,0.2072,0.072,0.7128,749050,0,0.2981,2.4161
202001,7740,"long branch, nj",3537,10429,569,-278,33.245911,41.66609152,24.82572986,92.5,0.0335,3,-0.016,-1.5,7,0.3537,-0.0348,0.6379,749050,0.1056,0.2936,2.4967
201912,7740,"long branch, nj",3537,10998,-1074,-309,31.92524,38.48494873,25.36553093,89.5,0.3561,23.5,-0.0165,-1.5,10.5,-0.0465,-0.0465,0.6212,677500,0.0422,0.2339,2.2585
201911,7740,"long branch, nj",3537,9924,-2526,56,40.357437,54.77533431,25.93953989,66,0.375,18,-0.1258,-9.5,-4,-0.1224,-0.0444,0.6324,650050,0.0236,0.2406,2.1036
202006,77371,"shepherd, tx",11309,12617,-37,1139,13.276013,20.07432235,6.477703294,104.5,0.1237,11.5,0.4315,31.5,33,0.2424,0.4643,0.3694,137050,0.0148,-0.2789,0.4011
202005,77371,"shepherd, tx",11309,12580,-326,1574,16.080278,25.63358346,6.526971542,93,0.1698,13.5,-0.1268,-13.5,22,0.1786,-0.0833,0.3708,135050,-0.0288,-0.1692,0.4092
202004,77371,"shepherd, tx",11309,12254,495,705,19.47605,32.18148616,6.77061385,79.5,-0.2639,-28.5,-0.1405,-13,17.5,-0.1111,-0.3636,0.3889,139050,0.0146,-0.2052,0.4344
202003,77371,"shepherd, tx",11309,12749,-982,1506,15.379228,21.4580853,9.300371174,108,0.125,12,-0.3374,-55,48.5,-0.2125,0.0862,0.4172,137050,0.0148,-0.2171,0.4282
202002,77371,"shepherd, tx",11309,11767,-277,2154,23.25913,35.98608696,10.53217391,96,0.0213,2,-0.3425,-50,16,-0.0244,0.25,0.4255,135050,-0.1,-0.2285,0.4355
202001,77371,"shepherd, tx",11309,11490,-1771,2049,26.464904,40.34785009,12.58195873,94,0.3147,22.5,-0.2627,-33.5,8.5,0.2059,0.1233,0.4713,150049.5,-0.0909,-0.115,0.5
201912,77371,"shepherd, tx",11309,9719,219,4184,39.308634,61.47535561,17.14191201,71.5,0.2328,13.5,-0.35,-38.5,-7.5,0.0303,0.4783,0.5152,165049,0.0645,0.1,0.5501
201911,77371,"shepherd, tx",11309,9938,-1152,3045,40.290893,66.71525445,13.86653147,58,0.2083,10,-0.2883,-23.5,-12,-0.1429,0.5,0.4853,155050,-0.0156,0.0197,0.5016
202006,77429,"cypress, tx",81,7002,1989,2760,49.566453,76.23141941,22.90148645,44,-0.2667,-16,0,0,-27.5,0.4184,1.1719,0.6261,332500,-0.0073,0.0079,0.9734
202006,77433,"cypress, tx",564,8960,625,2402,38.778782,68.15797144,9.399591956,50,-0.1071,-6,0,0,-21.5,0.6786,0.88,0.4234,371545,0.0507,0.0768,1.0878
202005,77429,"cypress, tx",81,8991,73,919,40.492708,62.62919439,18.35622257,60,0.1111,6,0.3793,16.5,-11,0.225,0.4627,0.5506,334950,0.0249,0.0162,1.0152
202005,77433,"cypress, tx",564,9585,-309,798,36.825711,69.34730285,4.304120062,56,0.1667,8,0.2874,12.5,-15,0.037,0.0769,0.3146,353604,-0.0041,0.0353,1.0717
202004,77429,"cypress, tx",81,9064,49,-87,39.668493,61.39204945,17.94493609,54,0.102,5,0.2857,12,-8,0.0811,0.0667,0.5556,326800,-0.0317,-0.0021,1.0211
202004,77433,"cypress, tx",564,9276,-276,-295,38.435876,70.41016997,6.461581683,48,0.0909,4,0.28,10.5,-14,-0.069,-0.1148,0.375,355050,-0.0136,0.0157,1.1094
202003,77433,"cypress, tx",564,9000,-750,643,39.729673,71.51060999,7.948735906,44,-0.0222,-1,-0.102,-5,-15.5,-0.2162,0.0357,0.3841,359930,0.0138,-0.0028,1.1248
202003,77429,"cypress, tx",81,9113,-688,-686,39.092373,64.10813082,14.07661601,49,-0.1552,-9,0.1136,5,-10.5,-0.26,0.0278,0.4901,337500,0.0354,0.0532,1.0547
202002,77433,"cypress, tx",564,8250,-606,1046,44.883478,80.45913043,9.307826087,45,-0.1589,-8.5,-0.1964,-11,-35,0.0423,0.2542,0.3936,355040,-0.0139,-0.0225,1.1451
202002,77429,"cypress, tx",81,8425,165,234,43.895652,69.32869565,18.4626087,58,-0.1831,-13,0.0357,2,-22,0.0204,0.3333,0.5319,325950,0.0116,0.02,1.0513
202001,77433,"cypress, tx",564,7644,693,2616,48.705915,88.53613086,8.875698806,53.5,-0.0446,-2.5,-0.2867,-21.5,-32,0.3396,0.0923,0.408,360045,3.00E-04,0.0142,1.2
202001,77429,"cypress, tx",81,8590,188,1216,43.740079,68.36220581,19.11795155,71,0.127,8,-0.0658,-5,-14.5,0.5556,0.2099,0.5632,322204.5,0.0036,0.026,1.0739
201912,77433,"cypress, tx",564,8337,1214,2097,46.844195,84.20774065,9.480648363,56,0.0182,1,-0.1765,-12,-23,-0.1167,0.1042,0.4015,359950,-3.00E-04,0.0283,1.1999
201912,77429,"cypress, tx",81,8778,998,915,44.402911,74.36321535,14.44260668,63,0.0862,5,-0.0455,-3,-16,-0.0735,0.0862,0.4773,321049.5,-0.0123,0.0194,1.0702
201911,77433,"cypress, tx",564,9551,485,2100,42.233348,72.90702833,11.55966791,55,0.0784,4,-0.1729,-11.5,-15,0.0345,0.3953,0.4412,360050,0.007,0.0073,1.165
201911,77429,"cypress, tx",81,9776,1156,427,41.197161,66.71525445,15.67906711,58,-0.0413,-2.5,-0.0085,-0.5,-12,0.0149,0.2593,0.5,325050,0.0286,0.0158,1.0518
