resources/dan/dan_cleanup/RDC_Inventory_Hotness_Metrics_Zip_History_TEXAS.csv
month_date_yyyymm,postal_code,zip_name,nielsen_hh_rank,hotness_rank,hotness_rank_mm,hotness_rank_yy,hotness_score,supply_score,demand_score,median_days_on_market,median_days_on_market_mm,median_dom_mm_day,median_days_on_market_yy,median_dom_yy_day,median_dom_vs_us,ldpviews_per_property_mm,ldpviews_per_property_yy,ldpviews_per_property_vs_us,median_listing_price,median_listing_price_mm,median_listing_price_yy,median_listing_price_vs_us
202006,77571,"la porte, tx",2492,8720,719,-2438,40.203294,69.52054795,10.88603906,49,-0.1552,-9,0.4412,15,-22.5,0.3158,0.1111,0.4505,241000,0.1078,0.1753,0.7055
202005,77571,"la porte, tx",2492,9439,-924,-1606,37.795554,65.89975931,9.691349285,58,0.1959,9.5,0.381,16,-13,-0.013,-0.2897,0.427,217550,0.0362,0.0507,0.6593
202004,77571,"la porte, tx",2492,8515,-165,-1641,42.937913,69.68675376,16.1890715,48.5,0.1412,6,0.1687,7,-13.5,0.0548,-0.3475,0.5347,209950,-0.0235,0.0019,0.6559
202003,77571,"la porte, tx",2492,8350,1426,-2785,43.739057,74.01078507,13.46732964,42.5,-0.3841,-26.5,-0.0341,-1.5,-17,-0.1512,-0.3241,0.4834,215000,0.0241,0.046,0.6718
202002,77571,"la porte, tx",2492,9776,-1755,-5381,36.295652,59.52,13.07130435,69,0.0952,6,0.7692,30,-11,-0.0115,-0.3333,0.4574,209950,0.0264,0.0443,0.6771
202001,77571,"la porte, tx",2492,8021,-687,-4335,46.814825,78.98405687,14.64559321,63,0.2475,12.5,0.3263,15.5,-22.5,0.4032,-0.4,0.5,204550,-0.053,-0.0552,0.6817
201912,77571,"la porte, tx",2492,7334,302,-2748,51.799537,89.71882236,13.88025141,50.5,0.1477,6.5,-0.0098,-0.5,-28.5,-0.0882,-0.4151,0.4697,216000,-0.0402,0.0096,0.72
201911,77571,"la porte, tx",2492,7636,640,-3399,51.669941,87.78122821,15.55865391,44,-0.033,-1.5,0.2222,8,-26,-0.1392,-0.3462,0.5,225050,-0.0175,0.0975,0.7282
202006,77807,"bryan, tx",9923,12775,-12,-1204,11.833285,22.14368989,1.522879627,101,0.1222,11,0.629,39,29.5,0.3333,-0.4,0.2162,445500,-0.1766,0.6197,1.3043
202006,77803,"bryan, tx",4819,9948,234,2156,32.876712,45.28563101,20.46779365,71.5,-0.0205,-1.5,-0.0949,-7.5,0,0.2453,0.32,0.5946,189950,0.0556,0.1236,0.556
202006,77808,"bryan, tx",8930,7871,1797,2525,44.914019,58.62722238,31.20081609,58,-0.1831,-13,-0.0794,-5,-13.5,0.4298,0.5673,0.7342,371000,0.0026,0.0028,1.0862
202006,77802,"bryan, tx",3794,11271,-425,-5724,23.79044,24.38064704,23.20023317,97.5,0.1607,13.5,1.5,58.5,26,0.25,0.1864,0.6306,279500,0.024,0.1182,0.8183
202006,77801,"bryan, tx",6394,12373,-191,-845,15.483824,20.43136112,10.5362868,104,0.0947,9,0.6508,41,32.5,0.125,0.1786,0.4459,189950,0,-0.0452,0.556
202005,77808,"bryan, tx",8930,9668,1340,823,36.362027,47.54353674,25.18051819,71,-0.0955,-7.5,0.0519,3.5,0,0.2809,-0.0656,0.6404,370040,0.029,-0.0134,1.1215
202005,77807,"bryan, tx",9923,12763,-742,-584,14.81665,28.38737081,1.245929492,90,0.2766,19.5,0.1465,11.5,19,0.125,-0.64,0.2022,541050,0.0305,0.9714,1.6399
202005,77802,"bryan, tx",3794,10846,-767,-2598,28.80504,33.29321818,24.31686252,84,0.2263,15.5,0.5849,31,13,0.2043,-0.1825,0.6292,272950,0.024,0.0916,0.8272
202005,77801,"bryan, tx",6394,12182,-221,-288,19.12431,24.22483364,14.02378593,95,0.044,4,0.3571,25,24,0.0864,-0.0737,0.4944,189950,0,-0.0476,0.5756
202005,77803,"bryan, tx",4819,10182,1723,1564,33.098542,44.59153334,21.60555005,73,-0.3734,-43.5,-0.2316,-22,2,0.0816,-0.1719,0.5955,179950,0.0459,0.0645,0.5453
202004,77801,"bryan, tx",6394,11961,757,306,21.291614,24.30818935,18.27503863,91,-0.2321,-27.5,0.2133,16,29,0.125,-0.0899,0.5625,189950,0.0265,-0.0452,0.5934
202004,77803,"bryan, tx",4819,11905,-141,-1642,21.713021,15.94325046,27.48279253,116.5,0.0495,5.5,0.4207,34.5,54.5,0.0208,-0.3333,0.6806,172050,0.0121,0.0177,0.5375
202004,77802,"bryan, tx",3794,10079,-1524,-3226,33.596713,42.39359461,24.79983144,68.5,0.2685,14.5,0.2455,13.5,6.5,-0.0971,-0.4224,0.6458,266550,0.027,0.0768,0.8328
202004,77808,"bryan, tx",8930,11008,-526,-1579,27.72159,32.96109004,22.48209018,78.5,-0.0063,-0.5,0.3894,22,16.5,-0.1359,-0.2823,0.6181,359621.5,-0.0105,-0.0213,1.1237
202004,77807,"bryan, tx",9923,12021,-2255,-1330,20.929906,40.3708386,1.48897317,70.5,0.5161,24,0.0602,4,8.5,-0.2,-0.6952,0.2222,525050,-0.0141,0.9888,1.6406
202003,77801,"bryan, tx",6394,12718,-1948,-2985,15.641852,18.37663702,12.90706632,118.5,0.2742,25.5,1.0789,61.5,59,-0.3333,0.125,0.4768,185050,0,5.00E-04,0.5782
202003,77803,"bryan, tx",4819,11764,288,-4206,22.652147,20.62469361,24.67959941,111,-0.0089,-1,0.9138,53,51.5,0,-0.2615,0.6358,170000,-3.00E-04,0.0056,0.5312
202003,77808,"bryan, tx",8930,10482,34,-4399,30.842496,33.26563485,28.4193571,79,-0.233,-24,0.7556,34,19.5,-0.2313,-0.1953,0.6821,363450,-0.0095,0.0691,1.1358
202003,77802,"bryan, tx",3794,8555,-1117,-1743,42.499475,56.55858253,28.44036697,54,-0.1692,-11,-0.0847,-5,-5.5,-0.2746,-0.2426,0.6821,259550,0.0019,0.0812,0.8111
202003,77807,"bryan, tx",9923,9766,-2543,-1861,35.359619,67.78485888,2.934379158,46.5,0.6034,17.5,-0.0882,-4.5,-13,-0.375,-0.6296,0.2649,532550,0.1578,1.2475,1.6643
202002,77802,"bryan, tx",3794,7438,2145,-502,49.349565,62.83826087,35.86086957,65,-0.2935,-27,-0.1333,-10,-15,0.084,-0.0207,0.7553,259050,0.031,0.0796,0.8355
202002,77808,"bryan, tx",8930,10516,283,-3546,31.610435,30.92869565,32.29217391,103,-0.0237,-2.5,0.4406,31.5,23,0.0635,-0.029,0.7128,366950,0.0055,0.0858,1.1835
202002,77803,"bryan, tx",4819,12052,-1466,-7273,21.203478,25.5373913,16.86956522,112,0.1915,18,1.2626,62.5,32,-0.1273,-0.3094,0.5106,170050,6.00E-04,0.0465,0.5484
202002,77801,"bryan, tx",6394,10770,-1883,-2259,29.826087,38.14956522,21.5026087,93,0.2653,19.5,0.5122,31.5,13,0.0909,0.2135,0.5745,185050,-0.0258,-0.0909,0.5968
202002,77807,"bryan, tx",9923,7223,4889,-590,50.386087,94.50434783,6.267826087,29,-0.7364,-81,-0.4423,-23,-51,-0.3263,-0.4074,0.3404,459950,0.4916,0.8034,1.4835
202001,77807,"bryan, tx",9923,12112,1865,-6067,22.171993,26.65470357,17.68928152,110,-0.127,-16,0.8803,51.5,24.5,0.8269,-0.188,0.546,308350,-0.2292,0.191,1.0277
202001,77808,"bryan, tx",8930,10799,329,447,30.799227,29.76740976,31.83104424,105.5,0.153,14,-0.166,-21,20,0.5181,-0.0667,0.7241,364943,0.0428,0.0427,1.2163
202001,77801,"bryan, tx",6394,8887,1706,2708,42.100904,64.814687,19.38712126,73.5,-0.0329,-2.5,-0.2933,-30.5,-12,0.5968,0.0206,0.569,189950,0,-0.0998,0.633
202001,77802,"bryan, tx",3794,9583,1026,-1146,38.242805,42.15611843,34.32949134,92,-0.0707,-7,-0.0564,-5.5,6.5,0.2843,-0.1813,0.7529,251250,-0.001,0.0469,0.8373
202001,77803,"bryan, tx",4819,10586,-1947,-6749,32.324522,40.34785009,24.30119401,94,0.3333,23.5,0.4921,31,8.5,0.2941,-0.3567,0.6322,169950,-0.0264,0.0363,0.5663
201912,77801,"bryan, tx",6394,10593,-1682,2244,34.392987,55.05127357,13.73470063,76,0.3103,18,-0.2323,-23,-3,-0.2619,0.1071,0.4697,189950,-0.0161,-0.2373,0.6331
201912,77803,"bryan, tx",4819,8639,-375,-1950,45.210056,63.03010255,27.39000992,70.5,0.2589,14.5,-0.0473,-3.5,-8.5,-0.0341,-0.3033,0.6439,174550,0.0387,0.1641,0.5818
201912,77807,"bryan, tx",9923,13977,-441,-6671,12.084022,15.28944757,8.87859742,126,0.3696,34,0.9688,62,47,-0.1034,-0.4222,0.3939,400049,0.0529,0.6076,1.3336
201912,77808,"bryan, tx",8930,11128,938,848,31.22395,36.49354945,25.95434998,91.5,-0.0161,-1.5,-0.2112,-24.5,12.5,-0.0978,-0.0778,0.6288,349950,-3.00E-04,0.0142,1.1665
201912,77802,"bryan, tx",3794,10609,1002,-1007,34.280516,30.11577903,38.44525306,99,0.1,9,-0.01,-1,20,0.0625,-0.1356,0.7727,251500,0.0062,0.0481,0.8383
201911,77802,"bryan, tx",3794,11611,-70,-2224,31.025414,30.12231447,31.92851258,90,0.1111,9,0.1321,10.5,20,-0.0204,-0.1028,0.7059,249950,0.0225,0.0299,0.8087
201911,77807,"bryan, tx",9923,13536,-1639,-2333,19.22175,28.21471576,10.22878509,92,0.305,21.5,0.0166,1.5,22,-0.1831,-0.3626,0.4265,379950,-0.0258,0.438,1.2294
201911,77801,"bryan, tx",6394,8911,5109,5152,45.538374,66.71525445,24.36149312,58,-0.42,-42,-0.4821,-54,-12,0.1831,0.4237,0.6176,193050,-0.056,-0.2263,0.6246
201911,77803,"bryan, tx",4819,8264,-1126,-2281,48.805374,70.76494074,26.84580772,56,0.2043,9.5,-0.1318,-8.5,-14,-0.102,-0.3481,0.6471,168050,0,0.12,0.5437
201911,77808,"bryan, tx",8930,12066,258,-989,28.300273,27.23239749,29.36814754,93,-0.0262,-2.5,-0.0053,-0.5,23,-0.098,-0.0515,0.6765,350050,0.0545,0.042,1.1327
201910,77803,"bryan, tx",4819,7138,2464,-1538,54.753444,78.84795212,30.65893648,46.5,-0.2955,-19.5,-0.256,-16,-19.5,-0.1404,-0.3595,0.695,168050,0,0.0506,0.5386
202006,77565,"kemah, tx",10592,12312,-660,1091,16.030312,19.30923929,12.75138444,106,0.2771,23,0.3947,30,34.5,0.3049,0.5735,0.482,477000,-0.0442,-0.0999,1.3966
202005,77565,"kemah, tx",10592,11652,655,1454,23.007221,34.39048563,11.62395583,83,-0.0674,-6,-0.0235,-2,12,0.1714,-0.0238,0.4607,499050,-0.0476,-0.1627,1.5126
202004,77565,"kemah, tx",10592,12307,868,170,19.198623,25.67074027,12.72650653,89,-0.3333,-44.5,0.1125,9,27,0.0606,-0.1463,0.4861,524000,-0.0726,-0.123,1.6373
202003,77565,"kemah, tx",10592,13175,-441,-1636,12.143708,13.55136914,10.73604594,133.5,0.0595,7.5,0.7338,56.5,74,-0.2667,-0.1316,0.4371,565000,-0.0505,0.0366,1.7657
202002,77565,"kemah, tx",10592,12734,-533,-2869,16.417391,18.39304348,14.44173913,126,0.2057,21.5,0.7143,52.5,46,0.1111,0.0976,0.4787,595050,-0.0246,0.102,1.9194
202001,77565,"kemah, tx",10592,12201,-276,-977,21.481814,30.55421354,12.40941404,104.5,0.1742,15.5,0.1547,14,19,0.3279,0.0125,0.4655,610050,-0.0263,0.0844,2.0334
201912,77565,"kemah, tx",10592,11925,448,-179,26.218988,39.20608667,13.23188885,89,0.1711,13,-0.0532,-5,10,0.0893,-0.1528,0.4621,626550,-0.0359,0.1495,2.0887
201911,77565,"kemah, tx",10592,12373,-440,477,26.19621,43.05722796,9.335192344,76,0.1429,9.5,-0.1214,-10.5,6,-0.0667,0.0182,0.4118,649850,-3.00E-04,0.0523,2.1029
202006,77871,"normangee, tx",14031,9902,2659,3320,33.109881,44.49868843,21.72107257,72.5,-0.3908,-46.5,-0.0584,-4.5,1,0.36,0.7895,0.6126,189050,0.0806,0,0.5534
202005,77871,"normangee, tx",14031,12561,-1078,23,16.264335,13.87512389,18.65354665,119,0.3149,28.5,0.3005,27.5,48,0.0753,-0.0476,0.5618,174950,-0.0795,-0.1298,0.5302
202004,77871,"normangee, tx",14031,11483,471,-267,24.51187,24.53996348,24.48377581,90.5,-0.162,-17.5,-0.0474,-4.5,28.5,0.0449,-0.3451,0.6458,190050,0.0053,0.1949,0.5938
202003,77871,"normangee, tx",14031,11954,-865,-1100,21.290006,21.4580853,21.12192731,108,0.1489,14,0.102,10,48.5,-0.1275,-0.3986,0.5894,189050,0,-0.0454,0.5907
202002,77871,"normangee, tx",14031,11089,744,-719,27.895652,37.00173913,18.78956522,94,-0.1336,-14.5,-0.0647,-6.5,14,0,-0.113,0.5426,189050,0.115,-0.0454,0.6097
202001,77871,"normangee, tx",14031,11833,420,-545,24.080337,27.60715025,20.55352336,108.5,0.0093,1,-0.0844,-10,23,0.275,-0.1905,0.5862,169550,0.1114,-0.0366,0.565
201912,77871,"normangee, tx",14031,12253,1163,-2915,24.022494,24.10850149,23.93648693,107.5,-0.057,-6.5,0.1685,15.5,28.5,-0.0476,-0.2857,0.6061,152550,0.0167,-0.0997,0.5084
201911,77871,"normangee, tx",14031,13416,599,-2878,19.884023,15.68540465,24.08264149,114,0.0044,0.5,0.4161,33.5,44,0.012,-0.0562,0.6176,150050,-0.2063,-0.2344,0.4854
202006,77583,"rosharon, tx",5884,11204,-492,3104,24.278636,47.95977849,0.597493442,68.5,0.0873,5.5,-0.0486,-3.5,-3,0.4583,0.4583,0.1577,281450,0.0346,-0.062,0.824
202005,77583,"rosharon, tx",5884,10712,167,2765,29.700552,59.06838454,0.332719807,63,0.0957,5.5,-0.0526,-3.5,-8,0.0909,-0.04,0.1348,272050,-0.0216,-0.0952,0.8245
202004,77583,"rosharon, tx",5884,10879,-537,478,28.483635,56.51074589,0.456524793,57.5,0.1616,8,0.1275,6.5,-4.5,-0.0435,-0.2414,0.1528,278047,-0.0085,-0.0732,0.8687
202003,77583,"rosharon, tx",5884,10342,255,232,31.864977,63.295749,0.434204076,49.5,-0.25,-16.5,-0.0294,-1.5,-10,-0.1786,-0.1154,0.1523,280417.5,-0.0058,-0.0591,0.8763
202002,77583,"rosharon, tx",5884,10597,318,1388,31.01913,61.61391304,0.424347826,66,-0.1484,-11.5,-0.2096,-17.5,-14,-0.0968,0,0.1489,282040,-0.0316,-0.0783,0.9096
202001,77583,"rosharon, tx",5884,10915,1356,1330,30.098696,59.59693561,0.600455518,77.5,-0.0549,-4.5,-0.1341,-12,-8,0.3478,-0.0882,0.1782,291243,0.0023,-0.0587,0.9707
201912,77583,"rosharon, tx",5884,12271,1166,-21,23.910023,47.1782997,0.641746609,82,0.038,3,0.025,2,3,0.0455,-0.1154,0.1742,290578.5,0.0019,-0.0316,0.9686
201911,77583,"rosharon, tx",5884,13437,-341,-737,19.801635,39.12161734,0.48165283,79,0.1367,9.5,0.0897,6.5,9,-0.0833,-0.0833,0.1618,290040,0.0019,-0.0327,0.9385
201910,77583,"rosharon, tx",5884,13096,66,-102,23.467988,46.43102051,0.50495605,69.5,0.0373,2.5,-0.0071,-0.5,3.5,0.0909,0.0435,0.1702,289500,-0.0086,-0.0409,0.928
202006,7727,"farmingdale, nj",11401,7140,2440,221,48.903381,36.25036433,61.55639755,81.5,-0.1684,-16.5,0.3361,20.5,10,0.5058,0.6392,1.1667,549995,1.00E-04,-0.0089,1.6103
202005,7727,"farmingdale, nj",11401,9580,-1350,-1798,36.846949,22.94350842,50.75038935,98,0.2645,20.5,0.7658,42.5,27,0.1391,0.1097,0.9663,549950,0.0279,-0.0045,1.6669
202004,7727,"farmingdale, nj",11401,8230,-1890,-2839,44.560332,33.726647,55.39401601,77.5,0.24,15,0.5657,28,15.5,-0.1793,-0.1925,1.0486,535000,-0.0183,-0.0228,1.6717
202003,7727,"farmingdale, nj",11401,6340,326,-3705,54.811261,45.80152672,63.82099587,62.5,-0.2898,-25.5,0.3587,16.5,3,-0.1858,-0.08,1.2185,544950,0.0281,0.0185,1.7031
202002,7727,"farmingdale, nj",11401,6666,-854,-2642,53.273043,41.68347826,64.8626087,88,0.0233,2,0.2847,19.5,8,0.061,0.13,1.2021,530040,0.0048,0.0202,1.7096
202001,7727,"farmingdale, nj",11401,5812,230,-3617,57.64373,48.63689696,66.6505625,86,0.0178,1.5,0.313,20.5,0.5,0.2456,-0.0819,1.2241,527495,0.0456,-0.0048,1.7582
201912,7727,"farmingdale, nj",11401,6042,-22,-2540,58.243467,43.87694343,72.60999008,84.5,0.2803,18.5,0.3,19.5,5.5,0.0962,0.0823,1.2955,504500,-0.0641,-0.0482,1.6818
201911,7727,"farmingdale, nj",11401,6020,-2475,824,59.433424,54.77533431,64.09151404,66,0.32,16,-0.1646,-13,-4,-0.1236,0.0196,1.1471,539050,-0.0036,0.0267,1.7443
202006,77840,"college station, tx",339,13101,-96,1848,8.521568,14.54386476,2.499271349,116.5,0.1768,17.5,0.3239,28.5,45,0.0962,0.425,0.2568,197050,0.0155,-0.1041,0.5768
202006,77845,"college station, tx",503,10670,17,2170,28.096765,36.71670067,19.47682891,81,0.0946,7,0.0519,4,9.5,0.3617,0.561,0.5766,327500,-0.0341,0.0236,0.9588
202005,77845,"college station, tx",503,10687,-330,1023,29.866912,43.04120062,16.69262353,74,0.1563,10,0.0068,0.5,3,0.2208,-0.1048,0.5281,339050,0.0273,0.0645,1.0276
202005,77840,"college station, tx",339,13005,-1071,569,12.891123,22.28514795,3.497097551,99,0.375,27,0.375,27,28,0.1556,0.1064,0.2921,194050,0.0146,-0.1178,0.5881
202004,77840,"college station, tx",339,11934,-1092,44,21.505829,38.92400618,4.08765276,72,0.2414,14,0.2101,12.5,10,-0.1176,-0.0816,0.3125,191250,-0.0192,-0.1297,0.5975
202004,77845,"college station, tx",503,10357,-897,621,31.921618,47.57690687,16.26632954,64,0.1636,9,-0.0922,-6.5,2,-0.0833,-0.2596,0.5347,330050,0.0157,0.0831,1.0313
202003,77845,"college station, tx",503,9460,-1716,8,37.089432,55.30499335,18.87387072,55,-0.1538,-10,-0.0678,-4,-4.5,-0.3731,-0.16,0.5563,324950,-0.0345,0.0976,1.0155
202003,77840,"college station, tx",339,10842,-1897,-1599,28.597941,51.37614679,5.819735276,58,0.0357,2,0.2889,13,-1.5,-0.3462,-0.0192,0.3377,195000,-0.0203,-0.089,0.6093
202002,77840,"college station, tx",339,8945,2495,1024,40.977391,71.59652174,10.35826087,56,-0.4197,-40.5,-0.1765,-12,-24,-0.1333,0.1642,0.4149,199050,-0.0524,-0.0396,0.6419
202002,77845,"college station, tx",503,7744,981,935,47.669565,62.83826087,32.50086957,65,-0.2216,-18.5,-0.058,-4,-15,0.0308,0.34,0.7128,336550,0.0046,0.1383,1.0855
202001,77845,"college station, tx",503,8725,2750,-27,42.987784,52.01877286,33.95679481,83.5,-0.1608,-16,-0.0176,-1.5,-2,0.5116,0.0156,0.7471,335000,-1.00E-04,0.1278,1.1165
202001,77840,"college station, tx",339,11440,1901,-527,26.809994,37.77348333,15.84650424,96.5,-0.1609,-18.5,0.0722,6.5,11,0.5,0.0345,0.5172,210050,-0.0437,0.0135,0.7
201912,77840,"college station, tx",339,13341,511,-327,16.539861,20.28448561,12.79523652,115,0.055,6,0.0849,9,36,-0.1429,0,0.4545,219650,-0.0014,0.0457,0.7321
201912,77845,"college station, tx",503,11475,-74,-1182,29.000992,29.65927886,28.34270592,99.5,0.1307,11.5,0.1706,14.5,20.5,-0.1224,0.0238,0.6515,335050,0,0.1356,1.1169
201911,77845,"college station, tx",503,11401,629,-629,32.159833,30.88915647,33.4305089,88,0.0115,1,0.121,9.5,18,0.0103,0.1951,0.7206,335050,0.0246,0.1375,1.0841
201911,77840,"college station, tx",339,13852,265,-761,17.143038,17.49160276,16.79447367,109,0.101,10,0.172,16,39,0.0448,0.1864,0.5147,219950,-0.027,0.0727,0.7117
201910,77840,"college station, tx",339,14117,943,-793,16.944081,20.50370925,13.38445234,99,-0.0616,-6.5,0.1379,12,33,0.1964,0.0984,0.4752,226050,0,0.1801,0.7246
