resources/dan/dan_cleanup/RDC_Inventory_Hotness_Metrics_Zip_History_TEXAS.csv
month_date_yyyymm,postal_code,zip_name,nielsen_hh_rank,hotness_rank,hotness_rank_mm,hotness_rank_yy,hotness_score,supply_score,demand_score,median_days_on_market,median_days_on_market_mm,median_dom_mm_day,median_days_on_market_yy,median_dom_yy_day,median_dom_vs_us,ldpviews_per_property_mm,ldpviews_per_property_yy,ldpviews_per_property_vs_us,median_listing_price,median_listing_price_mm,median_listing_price_yy,median_listing_price_vs_us
202006,77591,"texas city, tx",7727,8147,-1906,6639,43.383853,81.20081609,5.566890119,40.5,0.3966,11.5,-0.6029,-61.5,-31,-0.1047,0.2833,0.3468,230050,-4.00E-04,0.0758,0.6735
202006,77590,"texas city, tx",3361,4540,1425,6066,62.419848,87.41620519,37.42349169,35.5,-0.3426,-18.5,-0.3983,-23.5,-36,0.2397,0.9674,0.8153,204300,0.1347,-0.05,0.5981
202005,77590,"texas city, tx",3361,5965,-96,3862,56.056208,72.32054368,39.79187314,54,0.1134,5.5,-0.0092,-0.5,-17,0.1231,0.3645,0.8202,180050,0.1083,-0.1855,0.5456
202005,77591,"texas city, tx",7727,6241,-618,8726,54.955401,96.63032706,13.28047572,29,-0.0645,-2,-0.7652,-94.5,-42,-0.0652,0.7917,0.4831,230150,0.07,0.047,0.6975
202004,77591,"texas city, tx",7727,5623,2278,7873,58.519455,92.95547127,24.08343869,31,-0.1948,-7.5,-0.6287,-52.5,-31,0.2778,0.8039,0.6389,215090,-0.0225,0.0044,0.672
202004,77590,"texas city, tx",3361,5869,1907,1812,57.318444,69.68675376,44.95013345,48.5,0.0543,2.5,0.1829,7.5,-13.5,0.3402,0.2871,0.9028,162450,-0.0232,-0.2266,0.5075
202003,77590,"texas city, tx",3361,7776,-225,2219,46.939562,68.56922754,25.30989565,46,0.0455,2,-0.2698,-17,-13.5,0.0319,0.1023,0.6424,166300,0.0076,-0.2302,0.5196
202003,77591,"texas city, tx",7727,7901,-704,4098,46.263744,79.57840185,12.94908607,38.5,0.0405,1.5,-0.4653,-33.5,-21,-0.1628,0.2,0.4768,220050,-0.0222,0.0339,0.6876
202002,77591,"texas city, tx",7727,7197,-1597,2781,50.521739,88.06956522,12.97391304,37,0.5102,12.5,-0.4308,-28,-43,-0.1042,0.4333,0.4574,225050,-0.007,0.0575,0.7258
202002,77590,"texas city, tx",3361,7551,-2237,2152,48.72,81.39130435,16.04869565,44,0.1429,5.5,-0.3931,-28.5,-36,-0.1296,0.119,0.5,165050,-0.0678,-0.2233,0.5323
202001,77591,"texas city, tx",7727,5600,2747,3318,58.785976,99.37193733,18.2000138,24.5,-0.5739,-33,-0.626,-41,-61,0.6842,0.3333,0.5517,226645,0.0531,0.0587,0.7553
202001,77590,"texas city, tx",3361,5314,857,2417,60.245704,97.06674029,23.42466699,38.5,-0.1979,-9.5,-0.4211,-28,-47,0.3846,0.0693,0.6207,177050,-0.0098,-0.1531,0.59
201912,77590,"texas city, tx",3361,6171,1393,2012,57.591796,92.14025802,23.04333444,48,-0.0204,-1,-0.2836,-19,-31,-0.025,-0.0714,0.5909,178800,-0.1062,-0.1447,0.5959
201912,77591,"texas city, tx",7727,8347,-447,652,46.804499,82.29573272,11.31326497,57.5,0.5541,20.5,-0.0726,-4.5,-21.5,0.1875,-0.05,0.4318,215218,-0.0215,0.0191,0.7173
201911,77591,"texas city, tx",7727,7900,403,1325,50.430953,94.62576843,6.236136637,37,-0.0513,-2,-0.1868,-8.5,-33,-0.2258,0.1429,0.3529,219950,0.0232,0.0134,0.7117
201911,77590,"texas city, tx",3361,7564,300,675,51.989987,81.72888016,22.25109323,49,0.0889,4,-0.1171,-6.5,-21,-0.0476,-0.0123,0.5882,200050,0.0365,-0.0109,0.6472
202006,77563,"hitchcock, tx",9427,11947,16,998,18.861119,21.24744972,16.47478869,102.5,0.25,20.5,0.553,36.5,31,0.803,0.9833,0.536,321300,-0.0524,0.1292,0.9406
202005,77563,"hitchcock, tx",9427,11963,-1457,-132,20.809146,34.8435509,6.774741611,82,0.3898,23,0.4775,26.5,11,0.1579,0.1,0.3708,339050,0.0594,0.2426,1.0276
202004,77563,"hitchcock, tx",9427,10506,-442,1322,31.001545,54.6705998,7.332490518,59,0.1456,7.5,-0.0709,-4.5,-3,0.0556,-0.1493,0.3958,320050,2.00E-04,0.2429,1
202003,77563,"hitchcock, tx",9427,10064,695,1632,33.496743,60.3123468,6.681140136,51.5,-0.2945,-21.5,-0.2643,-18.5,-8,-0.069,-0.069,0.3576,320000,0.0668,0.1854,1
202002,77563,"hitchcock, tx",9427,10759,1070,-1018,29.888696,55.01217391,4.765217391,73,-0.1934,-17.5,0.0896,6,-7,0.0175,-0.1831,0.3085,299950,-0.0479,0.0722,0.9674
202001,77563,"hitchcock, tx",9427,11829,-414,-1347,24.114846,43.53647595,4.693215543,90.5,0.1529,12,0.1242,10,5,0.1633,-0.2597,0.3276,315050,0.0698,0.12,1.05
201912,77563,"hitchcock, tx",9427,11415,1332,-256,29.447569,51.41912008,7.476017201,78.5,0.0064,0.5,-0.0063,-0.5,-0.5,-0.0577,-0.1552,0.3712,294500,-0.0795,0.0634,0.9817
201911,77563,"hitchcock, tx",9427,12747,1308,-1818,23.867165,40.22434882,7.509981621,78,-0.1086,-9.5,0.1908,12.5,8,0,-0.0714,0.3824,319950,-0.0458,0.0952,1.0353
202006,77465,"palacios, tx",11411,12684,614,2082,12.722238,15.89186826,9.552608569,113,-0.1032,-13,0.1414,14,41.5,0.3194,0.6379,0.4279,222050,0.0137,-0.1445,0.65
202005,77465,"palacios, tx",11411,13298,245,1179,10.278918,12.13365425,8.424182359,126,-0.027,-3.5,0.2353,24,55,0.4694,0.2632,0.4045,219050,-0.0135,-0.1487,0.6638
202004,77465,"palacios, tx",11411,13543,-108,505,9.141031,13.23921899,5.042843096,129.5,0.0117,1.5,0.216,23,67.5,0.0426,-0.1695,0.3403,222050,0.0326,-0.1468,0.6938
202003,77465,"palacios, tx",11411,13435,409,455,10.011205,15.34421178,4.678198753,128,-0.1351,-20,0.0579,7,68.5,-0.1296,-0.0962,0.3113,215050,5.00E-04,-0.1977,0.672
202002,77465,"palacios, tx",11411,13844,-422,216,7.446957,11.02608696,3.867826087,148,0.1793,22.5,0.0571,8,68,-0.1429,0.0189,0.2872,214950,0.0745,-0.1502,0.6932
202001,77465,"palacios, tx",11411,13422,586,745,12.012561,17.70998689,6.31513562,125.5,0.0287,3.5,-0.042,-5.5,40,0.3404,0.2857,0.3621,200050,-0.1266,-0.2537,0.6667
201912,77465,"palacios, tx",11411,14008,1251,-245,11.822693,17.02944095,6.615944426,122,-0.1644,-24,0.0893,10,43,-0.0208,-0.06,0.3561,229050,-0.0043,-0.0255,0.7635
201911,77465,"palacios, tx",11411,15259,263,-1005,6.302681,6.451612903,6.153748653,146,0.0034,0.5,0.4822,47.5,76,-0.1429,0.2632,0.3529,230050,-0.0407,0.0623,0.7443
202006,77905,"victoria, tx",7205,9556,1132,1720,35.292189,30.46487904,40.11949869,89,0.0114,1,0.2361,17,17.5,0.5,0.783,0.8514,294050,0.0691,0.0141,0.8609
202006,77901,"victoria, tx",1437,8835,-215,1317,39.511075,48.9215972,30.10055377,67.5,0.0385,2.5,0.125,7.5,-4,0.2903,0.5385,0.7207,169050,0.0569,0.084,0.4948
202006,77904,"victoria, tx",3873,10920,-791,-813,26.271495,37.86796852,14.67502186,79.5,0.1357,9.5,0.3707,21.5,8,0.1771,0.1531,0.509,299950,0,0.0989,0.8781
202005,77901,"victoria, tx",1437,8620,1028,1440,42.722639,55.66331587,29.78196234,65,-0.0152,-1,0.1017,6,-6,0.2784,0.0973,0.6966,159950,0.0356,0.0025,0.4847
202005,77905,"victoria, tx",7205,10688,-468,2145,29.863373,29.26518477,30.46156024,88,0.0932,7.5,-0.1814,-19.5,17,0.1455,0.156,0.7079,275050,0.0719,-0.1197,0.8336
202005,77904,"victoria, tx",3873,10129,-525,76,33.339233,49.30624381,17.37222144,70,0.0769,5,0.1111,7,-1,0,-0.2,0.5393,299950,-0.0164,0.0969,0.9091
202004,77904,"victoria, tx",3873,9604,1208,2665,36.41312,46.28459053,26.54164911,65,-0.2486,-21.5,-0.2778,-25,3,-0.0588,-0.0588,0.6667,304944.5,0.0702,0.1097,0.9528
202004,77905,"victoria, tx",7205,10220,-565,-44,32.746875,31.42295266,34.07079646,80.5,0.229,15,-0.1297,-12,18.5,0.0476,-0.3125,0.7639,256600.5,-0.1114,-0.1587,0.8017
202004,77901,"victoria, tx",1437,9648,-344,112,36.20944,45.33642366,27.0824554,66,0.1282,7.5,0.1786,10,4,0,-0.1638,0.6736,154450,0.0232,0.0195,0.4825
202003,77904,"victoria, tx",3873,10812,130,96,28.822046,29.70095945,27.94313327,86.5,-0.1173,-11.5,0.1234,9.5,27,-0.0893,0.0408,0.6755,284950,-0.0104,0.0193,0.8905
202003,77901,"victoria, tx",1437,9304,-2218,-79,38.034876,50.71783738,25.3519154,58.5,-0.025,-1.5,-0.025,-1.5,-1,-0.3071,-0.1917,0.6424,150950,0.0067,0.0786,0.4716
202003,77905,"victoria, tx",7205,9655,-1824,72,36.052945,42.79011135,29.31577842,65.5,0.0234,1.5,-0.3879,-41.5,6,-0.1923,-0.1102,0.6954,288762,0.0884,0.0348,0.9024
202002,77904,"victoria, tx",3873,10942,-1487,-2129,28.72,34.26782609,23.17217391,98,0.1462,12.5,0.3067,23,18,-0.0588,0.037,0.5957,287950,0.0742,0.0793,0.9287
202002,77901,"victoria, tx",1437,7086,-188,1301,51.067826,67.15826087,34.9773913,60,-0.1111,-7.5,-0.2308,-18,-20,0.1111,0.1475,0.7447,149950,0.0905,0.0359,0.4835
202002,77905,"victoria, tx",7205,7831,3423,202,47.17913,63.93043478,30.42782609,64,-0.4506,-52.5,-0.2515,-21.5,-16,0.0078,-0.0972,0.6915,265297,-0.0087,-0.0484,0.8556
202001,77904,"victoria, tx",3873,9455,189,-504,38.95714,49.18213817,28.73214162,85.5,0.0491,4,0.1325,10,0,0.3077,0.202,0.6839,268050,0.0037,0.0217,0.8933
202001,77905,"victoria, tx",7205,11254,1566,-1806,27.91428,22.58955069,33.2390089,116.5,-0.1767,-25,0.1535,15.5,31,0.4333,-0.1042,0.7414,267623.5,6.00E-04,0.0238,0.8919
202001,77901,"victoria, tx",1437,6898,3912,2116,52.408724,72.93809097,31.87935675,67.5,-0.2582,-23.5,-0.1916,-16,-18,0.4483,0.0678,0.7241,137500,-0.0618,-0.1379,0.4582
201912,77904,"victoria, tx",3873,9644,-380,160,39.659279,47.64803176,31.67052597,81.5,0.2164,14.5,0.0867,6.5,2.5,-0.09,0.1974,0.6894,267050,-0.0074,0.0079,0.8901
201912,77905,"victoria, tx",7205,12820,425,-4627,20.463116,10.2017863,30.72444591,141.5,0.0969,12.5,0.7256,59.5,62.5,-0.0625,-0.2105,0.6818,267450,-0.0763,-0.0059,0.8915
201912,77901,"victoria, tx",1437,10810,1172,-1120,33.043334,37.16175984,28.92490903,91,0.0225,2,0.046,4,12,-0.0114,-0.1122,0.6591,146550,-0.0014,-0.0838,0.4884
201911,77901,"victoria, tx",1437,11982,-881,-780,28.772419,30.62297991,26.92185817,89,0.2714,19,0.0659,5.5,19,0.0233,0.0732,0.6471,146750,-0.0518,0.0486,0.4748
201911,77905,"victoria, tx",7205,13245,440,-2847,20.872679,10.34286076,31.40249699,129,0.1366,15.5,0.5176,44,59,0.0667,-0.0204,0.7059,289550,0.0762,0.0094,0.9369
201911,77904,"victoria, tx",3873,9264,1448,105,43.719501,53.13391216,34.30508904,67,-0.0219,-1.5,0.0388,2.5,-3,0.0989,0.2346,0.7353,269050,0.0115,0.0327,0.8706
201910,77904,"victoria, tx",3873,10712,96,-371,37.036344,47.55314507,26.51954367,68.5,0,0,0.0301,2,2.5,-0.0619,0.1235,0.6454,266000,0,0.035,0.8527
