resources/dan/dan_cleanup/RDC_Inventory_Hotness_Metrics_Zip_History_TEXAS.csv
month_date_yyyymm,postal_code,zip_name,nielsen_hh_rank,hotness_rank,hotness_rank_mm,hotness_rank_yy,hotness_score,supply_score,demand_score,median_days_on_market,median_days_on_market_mm,median_dom_mm_day,median_days_on_market_yy,median_dom_yy_day,median_dom_vs_us,ldpviews_per_property_mm,ldpviews_per_property_yy,ldpviews_per_property_vs_us,median_listing_price,median_listing_price_mm,median_listing_price_yy,median_listing_price_vs_us
202006,77303,"conroe, tx",6822,8591,-1642,-3119,40.990236,64.89361702,17.08685514,52.5,0.3816,14.5,0.3462,13.5,-19,0.4756,0.0083,0.545,298050,0.0034,0.4251,0.8726
202006,77385,"conroe, tx",6001,9462,97,788,35.882396,59.77849024,11.98630137,57,-0.0339,-2,0.1176,6,-14.5,0.3684,0.3333,0.4685,290920,0.0206,0.0407,0.8517
202006,77384,"conroe, tx",6325,9922,-745,1111,32.993296,60.97347712,5.01311571,56,0.098,5,0.12,6,-15.5,0.5208,0.2586,0.3288,380395,0.0147,0.0282,1.1137
202006,77301,"conroe, tx",3837,9278,-1112,1636,36.997231,64.41999417,9.574468085,53,0.0816,4,0.0816,4,-18.5,0.1585,0.6964,0.4279,240077.5,5.00E-04,0.0405,0.7028
202006,77306,"conroe, tx",9324,7906,322,5819,44.793792,62.09559895,27.49198484,55,-0.1791,-12,-0.3125,-25,-16.5,0.0775,1.25,0.6892,234724.5,0.1175,0.0865,0.6871
202006,77304,"conroe, tx",3692,9995,638,2928,32.505101,62.09559895,2.914602157,55,-0.1406,-9,-0.0833,-5,-16.5,0.2,0.3636,0.2703,306645.5,0.022,-0.0236,0.8977
202006,77302,"conroe, tx",6666,9778,799,-2452,33.936899,46.69921306,21.17458467,70,-0.1667,-14,0.3208,17,-1.5,0.1167,0,0.6036,322500,0.0077,0.3491,0.9442
202005,77306,"conroe, tx",9324,8228,1100,4801,44.853462,52.16621832,37.54070508,67,-0.1976,-16.5,-0.2556,-23,-4,0.0597,0.5435,0.7978,210050,0,-0.0403,0.6366
202005,77301,"conroe, tx",3837,8166,62,2896,45.175563,78.62806173,11.72306385,49,0.2564,10,-0.0392,-2,-22,0.6735,0.2239,0.4607,239950,0.0027,0.0098,0.7272
202005,77385,"conroe, tx",6001,9559,254,873,37.027467,64.29279343,9.762140733,59,0.0631,3.5,0.1238,6.5,-12,0.1343,-0.1264,0.427,285050,-8.00E-04,0.0057,0.8639
202005,77304,"conroe, tx",3692,10633,298,1346,30.224409,57.29859833,3.150219453,64,0.0667,4,0.1852,10,-7,0.2195,0.0638,0.2809,300050,0.0348,-0.0597,0.9094
202005,77303,"conroe, tx",6822,6949,2778,-2226,51.426448,91.15106895,11.70182642,38,-0.4154,-27,-0.1461,-6.5,-33,-0.1277,-0.5615,0.4607,297050,0.3054,0.4886,0.9003
202005,77302,"conroe, tx",6666,10577,-1236,-3948,30.642078,33.29321818,27.99093869,84,0.12,9,0.68,34,13,0,-0.2593,0.6742,320050,0.0667,0.3198,0.97
202005,77384,"conroe, tx",6325,9177,1206,3163,39.278635,75.75392893,2.803341356,51,-0.0727,-4,-0.1707,-10.5,-20,0.1163,-0.25,0.2697,374900,-0.0327,-0.0121,1.1363
202004,77301,"conroe, tx",3837,8228,38,3609,44.560332,84.03567917,5.084983846,39,0.013,0.5,-0.4046,-26.5,-23,-0.1967,-0.3194,0.3403,239295,-0.0019,-0.039,0.7476
202004,77385,"conroe, tx",6001,9813,-60,-775,35.320972,59.14454277,11.49740132,55.5,0.0374,2,0.1809,8.5,-6.5,-0.0822,-0.2872,0.4653,285285,-0.0273,0.0244,0.8914
202004,77303,"conroe, tx",6822,9727,505,-3710,35.798567,46.28459053,25.3125439,65,0.04,2.5,0.3402,16.5,3,0.1059,-0.4566,0.6528,227550,-0.013,0.0862,0.7109
202004,77306,"conroe, tx",9324,9328,-1208,1585,38.074168,29.31591516,46.83242028,83.5,0.3917,23.5,-0.1608,-16,21.5,0.0308,-0.0219,0.9306,210050,0.0135,0.0396,0.6563
202004,77302,"conroe, tx",6666,9341,1816,-3391,38.000421,36.0373648,39.96347802,75,-0.162,-14.5,0.5789,27.5,13,0.25,-0.2593,0.8333,300050,0,0.2823,0.9375
202004,77384,"conroe, tx",6325,10383,394,1917,31.72145,59.86093552,3.581963759,55,-0.0351,-2,-0.1667,-11,-7,-0.1224,-0.2456,0.2986,387556,-0.0064,0.0066,1.211
202004,77304,"conroe, tx",3692,10931,-612,1061,28.171091,53.26590813,3.076274758,60,0.1538,8,0.0169,1,-2,-0.1087,-0.1087,0.2847,289950,-2.00E-04,-0.0722,0.9059
202003,77306,"conroe, tx",9324,8120,-2317,1349,45.024161,48.93199804,41.11632467,60,0,0,-0.3182,-28,0.5,-0.2614,0.3265,0.8609,207250.5,-0.0129,0.1511,0.6476
202003,77303,"conroe, tx",6822,10232,-1488,-5655,32.540794,45.80152672,19.28006163,62.5,-0.053,-3.5,0.3587,16.5,3,-0.2273,-0.4753,0.5629,230550,0.0966,0.17,0.7204
202003,77385,"conroe, tx",6001,9753,-492,-1550,35.44716,57.37796764,13.51635269,53.5,-0.2015,-13.5,0.049,2.5,-6,-0.2551,-0.27,0.4834,293306,0.0297,0.0511,0.9166
202003,77302,"conroe, tx",6666,11157,-1696,-5755,26.640521,28.54541635,24.73562574,89.5,0.2095,15.5,0.5982,33.5,30,-0.1273,-0.3333,0.6358,300049.5,-0.04,0.3333,0.9376
202003,77384,"conroe, tx",6325,10777,-677,1243,29.025142,52.75579522,5.29448841,57,-0.1231,-8,-0.1857,-13,-2.5,-0.2097,-0.0926,0.3245,390050,-0.0127,0.013,1.2189
202003,77304,"conroe, tx",3692,10319,-970,1671,32.001541,59.59100777,4.412073675,52,-0.0545,-3,-0.2239,-15,-7.5,-0.1786,0.0952,0.3046,289999.5,-0.0033,-0.0906,0.9062
202003,77301,"conroe, tx",3837,8266,-951,3383,44.253799,79.57840185,8.929196722,38.5,0.1324,4.5,-0.442,-30.5,-21,-0.1528,0.0893,0.404,239745,0.0122,-0.0666,0.7492
202002,77306,"conroe, tx",9324,5803,1579,2694,57.593043,67.15826087,48.02782609,60,-0.322,-28.5,-0.2982,-25.5,-20,-0.0168,0.3233,0.9362,209950,-0.0069,0.2535,0.6771
202002,77302,"conroe, tx",6666,9461,-1606,-2643,38.090435,53.78086957,22.4,74,0.1298,8.5,-0.0976,-8,-6,0.1111,-0.321,0.5851,312552,0.0263,0.3888,1.0081
202002,77304,"conroe, tx",3692,9349,764,1650,38.566957,72.76521739,4.368695652,55,-0.2466,-18,-0.2667,-20,-25,-0.0345,0.098,0.2979,290950,0.0033,-0.0877,0.9384
202002,77384,"conroe, tx",6325,10100,-1397,-161,34.32,62.83826087,5.80173913,65,0.0078,0.5,0.04,2.5,-15,-0.1389,0.1481,0.3298,395050,1.00E-04,0.007,1.2742
202002,77385,"conroe, tx",6001,9261,164,-123,39.116522,60.52869565,17.70434783,67,-0.1299,-10,-0.0822,-6,-13,0.0316,0,0.5213,284840,-0.0343,0.0176,0.9187
202002,77301,"conroe, tx",3837,7315,-763,1529,49.951304,91.38782609,8.514782609,34,-0.1392,-5.5,-0.3645,-19.5,-46,-0.0886,0.0909,0.383,236859,-0.0597,-0.0615,0.7639
202002,77303,"conroe, tx",6822,8744,116,-4683,41.954783,61.61391304,22.29565217,66,-0.1902,-15.5,0.3069,15.5,-14,-0.0984,-0.2994,0.5851,210250,0.0012,0.1151,0.6781
202001,77385,"conroe, tx",6001,9425,773,-1164,39.126234,60.47346263,17.77900476,77,0,0,0.0476,3.5,-8.5,0.3194,-0.1284,0.546,294950,0.0679,0.0535,0.983
202001,77384,"conroe, tx",6325,8703,398,727,43.112016,77.01704742,9.206984609,64.5,-0.0227,-1.5,-0.0584,-4,-21,0.1077,0.0746,0.4138,395000,0.014,-0.0124,1.3165
202001,77304,"conroe, tx",3692,10113,1606,1620,35.319898,65.67050866,4.969287045,73,-0.0875,-7,-0.1512,-13,-12.5,0.3182,0.1837,0.3333,289999.5,-0.0335,-0.1008,0.9665
202001,77303,"conroe, tx",6822,8860,-1011,-2487,42.259645,54.52412175,29.99516875,81.5,0.1088,8,0.0584,4.5,-4,0.1619,-0.2129,0.7011,210000,0.0014,0.1523,0.6998
202001,77301,"conroe, tx",3837,6552,1578,2078,54.179032,96.71474912,11.64331562,39.5,-0.233,-12,-0.3525,-21.5,-46,0.6458,0.1449,0.454,251910,0.0085,0.0372,0.8395
202001,77306,"conroe, tx",9324,7382,2004,43,50.082821,45.89688729,54.26875561,88.5,-0.0056,-0.5,0.2734,19,3,0.6273,0.5565,1.0287,211411.5,-0.0024,0.1525,0.7046
202001,77302,"conroe, tx",6666,7855,1464,-561,47.64649,75.76092208,19.5320588,65.5,-0.1027,-7.5,-0.1914,-15.5,-20,0.2692,-0.3265,0.569,304544.5,0.0382,0.4162,1.015
201912,77384,"conroe, tx",6325,9101,2829,3592,42.580218,69.61296725,15.5474694,66,-0.0833,-6,-0.2903,-27,-13,0.0833,0.3,0.4924,389556,-0.0942,-0.01,1.2986
201912,77304,"conroe, tx",3692,11719,1344,934,27.591796,49.5600397,5.623552762,80,0.0127,1,-0.0698,-6,1,0,0.2941,0.3333,300040,0.002,-0.0476,1.0001
201912,77385,"conroe, tx",6001,10198,1743,-975,36.758187,53.66192524,19.85444922,77,-0.0253,-2,0.0405,3,-2,-0.027,-0.122,0.5455,276205,-0.0102,-0.025,0.9207
201912,77301,"conroe, tx",3837,8130,496,3133,47.949057,88.8455177,7.052596758,51.5,0.051,2.5,-0.3642,-29.5,-27.5,-0.2258,-0.2,0.3636,249795,-0.0206,0.0406,0.8326
201912,77306,"conroe, tx",9324,9386,94,-5034,40.952696,39.20608667,42.69930533,89,0.2027,15,0.9778,44,10,-0.0179,0.0784,0.8333,211912.5,-0.0036,0.1292,0.7063
201912,77302,"conroe, tx",6666,9319,1472,-4464,41.343037,59.60965928,23.07641416,73,-0.0519,-4,0.1967,12,-6,-0.1522,-0.3607,0.5909,293340,0.0665,0.3331,0.9778
201912,77303,"conroe, tx",6822,7849,-609,-1816,49.437645,58.72973867,40.14555078,73.5,0.3364,18.5,0.1308,8.5,-5.5,0.05,-0.0625,0.7955,209700,-0.0249,0.1712,0.699
201911,77301,"conroe, tx",3837,8626,1505,3014,46.986501,81.72888016,12.24412193,49,-0.125,-7,-0.3147,-22.5,-21,-0.1268,0.1273,0.4559,255049,0.0099,0.0625,0.8252
201911,77385,"conroe, tx",6001,11941,-524,-2594,29.019583,39.12161734,18.91754864,79,0.1618,11,0.2154,14,9,-0.0263,-0.0976,0.5441,279065,0,-0.0204,0.903
201911,77306,"conroe, tx",9324,9480,-118,868,42.493187,44.01419608,40.97217821,74,0.265,15.5,-0.0067,-0.5,4,0.1915,0.3333,0.8235,212678,0.0028,0.1727,0.6881
201911,77304,"conroe, tx",3692,13063,15,8,22.067305,39.12161734,5.012991951,79,0.0897,6.5,-0.0125,-1,9,-0.0222,0.1892,0.3235,299440,-1.00E-04,-0.0428,0.9689
201911,77303,"conroe, tx",6822,7240,264,-627,53.520502,72.90702833,34.13397554,55,0.0577,3,0.028,1.5,-15,-0.0654,0,0.7353,215050,-0.0069,0.1951,0.6958
201911,77302,"conroe, tx",6666,10791,-1813,-5046,35.468027,41.5488941,29.38716015,77,0.2222,14,0.4,22,7,-0.1636,-0.2069,0.6765,275050,0.1482,0.2114,0.89
201911,77384,"conroe, tx",6325,11930,-146,1343,29.108309,46.73299956,11.48361747,72,0.125,8,-0.1628,-14,2,0.0714,0.3636,0.4412,430061,0,0.0886,1.3916
201910,77306,"conroe, tx",9324,9362,-814,1216,44.454834,60.90019325,28.00947572,58.5,0.1143,6,-0.339,-30,-7.5,-0.0208,-0.1754,0.6667,212093.5,0.0602,0.0359,0.6798
201910,77385,"conroe, tx",6001,11417,-1537,-399,33.130728,48.33863225,17.92282277,68,0.1624,9.5,-0.0423,-3,2,-0.1364,-0.0256,0.539,279065,-0.0045,-0.018,0.8946
201910,77384,"conroe, tx",6325,11784,-358,783,30.845957,53.43806496,8.253849511,64,0.0847,5,-0.1172,-8.5,-2,-0.0508,0.12,0.3972,430050,0.0425,0.0617,1.3786
