resources/dan/dan_cleanup/RDC_Inventory_Hotness_Metrics_Zip_History_TEXAS.csv
month_date_yyyymm,postal_code,zip_name,nielsen_hh_rank,hotness_rank,hotness_rank_mm,hotness_rank_yy,hotness_score,supply_score,demand_score,median_days_on_market,median_days_on_market_mm,median_dom_mm_day,median_days_on_market_yy,median_dom_yy_day,median_dom_vs_us,ldpviews_per_property_mm,ldpviews_per_property_yy,ldpviews_per_property_vs_us,median_listing_price,median_listing_price_mm,median_listing_price_yy,median_listing_price_vs_us
202006,77373,"spring, tx",560,4601,1419,3016,62.03002,81.20081609,42.85922472,40.5,-0.19,-9.5,-0.0357,-1.5,-31,0.4627,1.1304,0.8829,190000,-0.0406,-0.0382,0.5562
202006,77382,"spring, tx",2478,8873,-795,588,39.245118,56.57242786,21.91780822,60,0.0345,2,0.3043,14,-11.5,0.193,0.7436,0.6126,620050,0.0351,0.1698,1.8154
202006,77389,"spring, tx",5399,9027,-33,2316,38.410813,61.54182454,15.27980181,55.5,-0.0263,-1.5,0.0472,2.5,-16,0.3372,0.8548,0.518,457050,0.0156,0.0272,1.3381
202006,77381,"spring, tx",2215,4415,2145,3356,63.017342,83.59078986,42.44389391,38.5,-0.3125,-17.5,-0.0833,-3.5,-33,0.3929,1.1667,0.8784,519950,0.0833,0.1253,1.5223
202006,77386,"spring, tx",1645,7324,1272,3601,47.934276,85.47070825,10.39784319,37,-0.26,-13,-0.26,-13,-34.5,0.3611,0.6333,0.4414,355050,0.0313,0.0923,1.0395
202006,77379,"spring, tx",89,8748,-493,1312,40.021131,60.97347712,19.06878461,56,-0.0175,-1,0.2444,11,-15.5,0.1981,1.0484,0.5721,324950,0.0314,-0.0155,0.9513
202006,77388,"spring, tx",1583,5621,1878,2482,56.594287,78.26435442,34.92422034,42.5,-0.2544,-14.5,0.1486,5.5,-29,0.3952,1.4028,0.7793,250050,0,-0.0196,0.732
202006,77380,"spring, tx",3170,8521,983,1533,41.347275,65.5348295,17.1597202,52,-0.2,-13,0.04,2,-19.5,0.21,0.5513,0.545,679839,-0.0275,0.2382,1.9905
202005,77382,"spring, tx",2478,8078,-1741,273,45.618009,65.89975931,25.33625938,58,0.381,16,0.4146,17,-13,0.1068,0.2258,0.6404,599050,0,0.1464,1.8157
202005,77389,"spring, tx",5399,8994,-727,1756,40.48209,67.47132946,13.49285006,57,0.2258,10.5,0.1515,7.5,-14,0.1169,0.2464,0.4831,450050,0,0.0534,1.364
202005,77381,"spring, tx",2215,6560,-431,1637,53.284723,69.34730285,37.22214357,56,0.2174,10,0.3176,13.5,-15,0.1966,0.3725,0.7865,479950,0.0433,0.0845,1.4547
202005,77386,"spring, tx",1645,8596,-171,2417,42.825287,77.08480816,8.565765256,50,0.0989,4.5,-0.0196,-1,-21,0.0286,0.0588,0.4045,344286,0.0129,0.0535,1.0435
202005,77380,"spring, tx",3170,9504,-1124,-157,37.399122,55.66331587,19.1349285,65,0.215,11.5,0.3131,15.5,-6,0.0638,-0.0196,0.5618,699050,0.0754,0.3004,2.1188
202005,77388,"spring, tx",1583,7499,215,-6,48.644344,67.47132946,29.81735806,57,0.1753,8.5,0.52,19.5,-14,0.3191,0.2653,0.6966,250050,0.0204,-0.031,0.7578
202005,77373,"spring, tx",560,6020,-439,600,55.850913,77.08480816,34.61701826,50,0.1765,7.5,0.2658,10.5,-21,0.1356,0.0984,0.7528,198050,0.0424,-0.0025,0.6002
202005,77379,"spring, tx",89,8255,-582,1512,44.680023,67.47132946,21.88871584,57,0.2527,11.5,0.2809,12.5,-14,0.2184,0.4133,0.5955,315050,0.0018,-0.0574,0.9548
202004,77373,"spring, tx",560,5581,1058,218,58.765276,78.59249895,38.9380531,42.5,-0.0659,-3,0.1184,4.5,-19.5,-0.0248,-0.0248,0.8194,190000,0.0026,-0.0309,0.5936
202004,77389,"spring, tx",5399,8267,395,1878,44.391769,72.55232476,16.23121225,46.5,-0.0106,-0.5,-0.1143,-6,-15.5,-0.0253,-0.0833,0.5347,450050,-0.0465,0.0589,1.4063
202004,77381,"spring, tx",2215,6129,-39,1263,55.861076,73.45132743,38.27082455,46,0.0698,3,0.0698,3,-16,-0.064,-0.0085,0.8125,460045,-0.0659,0.1207,1.4375
202004,77379,"spring, tx",89,7673,-347,1140,47.787611,74.14664981,21.42857143,45.5,0.1667,6.5,0.0706,3,-16.5,0.0116,0.0357,0.6042,314480,-0.0172,-0.0555,0.9826
202004,77382,"spring, tx",2478,6337,599,990,54.825116,79.41424357,30.2359882,42,-0.0118,-0.5,0.1053,4,-20,-0.0096,0.0198,0.7153,599050,-0.0016,0.113,1.8719
202004,77380,"spring, tx",3170,8380,48,2284,43.72454,62.01713724,25.43194269,53.5,0.0288,1.5,-0.1955,-13,-8.5,-0.06,-0.1215,0.6528,650050,-0.0681,0.1314,2.0313
202004,77386,"spring, tx",1645,8425,-135,1784,43.513836,74.14664981,12.88102262,45.5,0.1375,5.5,-0.09,-4.5,-16.5,0.0606,-0.0667,0.4861,339899.5,0.0393,0.0298,1.062
202004,77388,"spring, tx",1583,7714,-490,158,47.545301,69.68675376,25.40384886,48.5,0.2763,10.5,0.1687,7,-13.5,0.093,-0.1215,0.6528,245050,0.0296,0,0.7656
202003,77389,"spring, tx",5399,8662,-7,14,41.806149,67.15456264,16.45773514,47,-0.3286,-23,-0.06,-3,-12.5,-0.3417,-0.0366,0.5232,472000,0.0617,0.0978,1.4751
202003,77379,"spring, tx",89,7326,1871,1505,49.418727,78.87807269,19.95938091,39,-0.4507,-32,-0.22,-11,-20.5,-0.2037,0.0238,0.5695,320000,0.016,-0.0315,1
202003,77386,"spring, tx",1645,8290,-240,1028,44.159255,77.51943413,10.79907557,40,-0.2,-10,-0.2,-10,-19.5,-0.2826,-0.1081,0.4371,327050,-0.0353,-0.0236,1.022
202003,77380,"spring, tx",3170,8428,275,535,43.262834,59.59100777,26.93465929,52,-0.2464,-17,-0.1746,-11,-7.5,-0.1379,-0.0385,0.6623,697550,0.0731,0.213,2.18
202003,77388,"spring, tx",1583,7224,-1575,828,50.028013,80.25071784,19.80530849,38,0.1176,4,-0.1915,-9,-21.5,-0.2712,-0.0444,0.5695,238000,0.0087,-0.0288,0.7437
202003,77373,"spring, tx",560,6639,-457,-2399,53.144478,69.21353036,37.07542545,45.5,-0.0109,-0.5,0.2297,8.5,-14,-0.0833,-0.0242,0.8013,189500,0.024,-0.0029,0.5921
202003,77382,"spring, tx",2478,6936,402,-1274,51.512711,74.01078507,29.01463688,42.5,-0.2411,-13.5,0.1486,5.5,-17,-0.1613,-0.0545,0.6887,600000,-0.0595,0.156,1.8751
202003,77381,"spring, tx",2215,6090,108,-406,56.134883,73.22641642,39.04335037,43,-0.2586,-15,-0.0227,-1,-16.5,-0.2089,0.0965,0.8278,492500,0.0367,0.1587,1.5391
202002,77388,"spring, tx",1583,5649,1133,1718,58.486957,91.38782609,25.58608696,34,-0.4729,-30.5,-0.3761,-20.5,-46,-0.0167,0.1919,0.6277,235950,0.0021,-0.0167,0.761
202002,77389,"spring, tx",5399,8655,451,577,42.50087,58.38608696,26.61565217,70,-0.1026,-8,-0.021,-1.5,-10,0.1321,0.2903,0.6383,444550,0.0235,0.041,1.4339
202002,77382,"spring, tx",2478,7338,1177,-1140,49.822609,71.59652174,28.04869565,56,-0.3171,-26,-0.0088,-0.5,-24,-0.0534,0.0164,0.6596,637950,0.0125,0.3054,2.0577
202002,77379,"spring, tx",89,9197,-290,-121,39.572174,57.36347826,21.78086957,71,-0.0658,-5,0.0143,1,-9,0.0286,0.1613,0.5745,314950,-0.0125,-0.0066,1.0158
202002,77386,"spring, tx",1645,8050,-116,439,45.902609,76.34782609,15.4573913,50,-0.187,-11.5,-0.0476,-2.5,-30,0.0824,0.2603,0.4894,339007,0.0676,0.0129,1.0934
202002,77373,"spring, tx",560,6182,-430,-2129,55.544348,79.46434783,31.62434783,46,-0.2203,-13,0.2267,8.5,-34,0.0394,-0.0149,0.7021,185050,-0.0107,-0.0513,0.5968
202002,77381,"spring, tx",2215,6198,-1092,53,55.478261,69.32869565,41.62782609,58,-0.1407,-9.5,-0.1145,-7.5,-22,-0.0539,0.1367,0.8404,475050,0.0498,0.1309,1.5323
202002,77380,"spring, tx",3170,8703,-2660,-1038,42.173913,59.52,24.82782609,69,0.0376,2.5,-0.0282,-2,-11,-0.1773,-0.0569,0.617,650050,0.2104,0.1017,2.0968
202001,77380,"spring, tx",3170,6043,2122,998,56.546346,74.17351094,38.91918007,66.5,-0.0567,-4,-0.0567,-4,-19,0.5326,0.1371,0.8103,537050,-0.0219,-0.1035,1.79
202001,77379,"spring, tx",89,8907,363,717,41.990476,61.72958796,22.2513631,76,0.0704,5,-0.0194,-1.5,-9.5,0.4189,0.1798,0.6034,318950,0.0055,0.0371,1.063
202001,77381,"spring, tx",2215,5106,-472,1753,61.31203,72.93809097,49.68596867,67.5,0.1441,8.5,-0.0816,-6,-18,0.3689,0.2279,0.9598,452500,0.0414,0.1384,1.5082
202001,77389,"spring, tx",5399,9106,1007,1257,40.882739,59.0447926,22.72068466,78,0,0,-0.093,-8,-7.5,0.3766,0.1398,0.6092,434364,-0.0023,-0.0327,1.4477
202001,77382,"spring, tx",2478,8515,1007,-704,44.150735,53.91676444,34.38470564,82,0.0789,6,0.1007,7.5,-3.5,0.5976,0.0917,0.7529,630050,0.05,0.2805,2.1
202001,77386,"spring, tx",1645,7934,773,1218,47.284147,80.57146801,13.99682518,61.5,0.0082,0.5,-0.0956,-6.5,-24,0.4407,0.1644,0.4885,317545,0.0168,-0.0216,1.0583
202001,77388,"spring, tx",1583,6782,484,219,53.081648,77.01704742,29.14624888,64.5,0,0,0.0238,1.5,-21,0.3043,0.1111,0.6897,235450,0.0127,-0.0527,0.7847
202001,77373,"spring, tx",560,5752,-487,-1325,57.978466,83.47712057,32.47981227,59,0.2041,10,0.1456,7.5,-26.5,0.3804,-0.0593,0.7299,187050,0.0219,-0.0298,0.6233
201912,77380,"spring, tx",3170,8165,2078,2774,47.707575,63.03010255,32.38504797,70.5,-0.0342,-2.5,-0.2079,-18.5,-8.5,-0.0417,0.15,0.697,549050,-0.0773,-0.0835,1.8303
201912,77381,"spring, tx",2215,4634,1878,2317,65.044658,80.25140589,49.83790936,59,0.0172,1,-0.0781,-5,-20,0,0.2979,0.9242,434500,-0.0104,0.0222,1.4484
201912,77389,"spring, tx",5399,10113,781,479,37.343698,52.18656963,22.50082699,78,0.0986,7,-0.0127,-1,-1,-0.0128,0.1324,0.5833,435364,-0.0106,-0.0283,1.4513
201912,77382,"spring, tx",2478,9522,446,-107,40.224942,55.05127357,25.39861065,76,0.1692,11,0,0,-3,0,0,0.6212,600050,0.0714,0.3483,2.0003
201912,77379,"spring, tx",89,9270,2162,120,41.620906,62.31558055,20.92623222,71,0,0,0.029,2,-8,0.0882,0.0882,0.5606,317215,2.00E-04,0.0101,1.0574
201912,77386,"spring, tx",1645,8707,1981,1846,44.839563,77.38670195,12.29242474,61,-0.0896,-6,-0.1528,-11,-18,-0.2027,0.0926,0.447,312300,-0.0181,-0.0239,1.041
201912,77373,"spring, tx",560,5265,262,-333,61.85908,91.28018525,32.43797552,49,0.1136,5,-0.02,-1,-30,-0.098,-0.0612,0.697,183050,-0.0108,-0.0542,0.6101
201912,77388,"spring, tx",1583,7266,1531,-357,52.093946,71.86238836,32.32550447,64.5,0.1316,7.5,0.2404,12.5,-14.5,0.122,0.2432,0.697,232500,-0.0294,-0.0702,0.775
201911,77386,"spring, tx",1645,10688,715,1946,36.089106,53.13391216,19.04429939,67,0.0635,4,-0.1572,-12.5,-3,0.1746,0.5417,0.5441,318050,-0.008,0.0079,1.0291
201911,77379,"spring, tx",89,11432,-204,-923,32.017238,48.34907155,15.68540465,71,0.1181,7.5,0.1008,6.5,1,0,0.1148,0.5,317149,-0.0074,0.0337,1.0262
201911,77381,"spring, tx",2215,6512,2320,761,57.02516,66.71525445,47.33506559,58,0.0087,0.5,0.0943,5,-12,0.22,0.3708,0.8971,439050,-0.0244,0.0293,1.4207
201911,77389,"spring, tx",5399,10894,56,191,34.865961,48.34907155,21.38285062,71,0.1094,7,0.0071,0.5,1,0.0263,0.2381,0.5735,440050,-0.0055,-0.0176,1.4239
201911,77380,"spring, tx",3170,10243,1370,1405,38.589264,45.19297801,31.98555042,73,-0.0641,-5,-0.1512,-13,3,0.0435,0.2308,0.7059,595050,-0.0067,-0.0067,1.9256
201911,77382,"spring, tx",2478,9968,1797,759,40.148298,56.68293301,23.61366373,65,-0.1216,-9,-0.0909,-6.5,-5,0.0123,0.1549,0.6029,560050,0.0992,0.2804,1.8123
201911,77388,"spring, tx",1583,8797,-998,-1714,46.11509,68.70524114,23.52493821,57,0.2527,11.5,0.2527,11.5,-13,-0.0465,0.0513,0.6029,239550,2.00E-04,-0.0192,0.7751
201911,77373,"spring, tx",560,5527,1481,304,61.721275,87.78122821,35.66132201,44,-0.033,-1.5,-0.0112,-0.5,-26,0.0408,0.0968,0.75,185050,0,-0.0488,0.5987
201910,77380,"spring, tx",3170,11613,-51,-299,32.005486,36.81191946,27.19905243,78,0.0331,2.5,0.0196,1.5,12,-0.0213,0.122,0.6525,599050,-0.0172,-8.00E-04,1.9205
201910,77379,"spring, tx",89,11228,63,-487,34.044012,54.19238202,13.89564242,63.5,0.0079,0.5,0.041,2.5,-2.5,-0.0933,0.0968,0.4823,319500,-0.0089,0.0239,1.0242
201910,77381,"spring, tx",2215,8832,-304,598,47.213391,62.42752946,31.99925192,57.5,0.0849,4.5,-0.08,-5,-8.5,-0.0291,0.1364,0.7092,450050,-0.0099,0.0394,1.4428
201910,77373,"spring, tx",560,7008,-598,-1066,55.43607,80.05111901,30.82102113,45.5,0.0964,4,0.0964,4,-20.5,-0.02,-0.0101,0.695,185050,-0.017,-0.045,0.5931
202006,7756,"ocean grove, nj",13545,3155,3753,3992,70.573448,52.65957447,88.48732148,63.5,-0.3022,-27.5,-0.0078,-0.5,-8,0.716,1.4942,1.9324,569050,0.0756,-0.1233,1.6661
202005,7756,"ocean grove, nj",13545,6908,-36,-1491,51.603426,27.4387654,75.76808722,91,0.1304,10.5,0.8571,42,20,0.2887,0.3228,1.4045,529050,0.0076,-0.159,1.6035
202004,7756,"ocean grove, nj",13545,6872,-1141,-1101,52.082455,31.42295266,72.74195814,80.5,0.4771,26,0.5047,27,18.5,0.1023,0.0211,1.3472,525050,-0.0781,-0.1693,1.6406
202003,7756,"ocean grove, nj",13545,5731,-621,447,58.277891,55.80923034,60.74655088,54.5,-0.1615,-10.5,-0.1742,-11.5,-5,-0.1538,0.0732,1.1656,569500,0.0372,-0.1088,1.7798
202002,7756,"ocean grove, nj",13545,5110,-545,-87,61.175652,62.83826087,59.51304348,65,-0.0845,-6,-0.1613,-12.5,-15,0.0777,0.0612,1.1064,549050,-0.0179,-0.0835,1.771
202001,7756,"ocean grove, nj",13545,4565,2718,-1974,63.996825,68.36220581,59.63144454,71,-0.1394,-11.5,0.2566,14.5,-14.5,0.4088,0.0266,1.1092,559050,-0.0176,-0.0176,1.8634
201912,7756,"ocean grove, nj",13545,7283,907,-4376,52.037711,46.43731393,57.63810784,82.5,0.0714,5.5,0.4224,24.5,3.5,-0.0214,-0.0987,1.0379,569050,-0.0954,0.0364,1.897
201911,7756,"ocean grove, nj",13545,8190,766,-2815,49.141264,41.5488941,56.73363331,77,-0.1492,-13.5,0.0694,5,7,-0.1667,-0.1667,1.0294,629050,0,0.0153,2.0356
201910,7756,"ocean grove, nj",13545,8956,-1369,1413,46.543233,25.76522661,67.32123932,90.5,0.0402,3.5,-0.1502,-16,24.5,-0.1724,0.2,1.1915,629050,0.0441,-0.104,2.0166
202006,77362,"pinehurst, tx",13447,10400,-379,2945,29.809094,55.44301953,4.17516759,61,0.0339,2,0.0167,1,-10.5,0.2593,2.4,0.3063,420049.5,0.0096,-0.0909,1.2298
202005,77362,"pinehurst, tx",13447,10021,850,1448,34.02591,64.29279343,3.75902591,59,-0.056,-3.5,0.2292,11,-12,-0.069,0.8621,0.3034,416040,-0.0095,-0.0852,1.261
202004,77362,"pinehurst, tx",13447,10871,-620,3002,28.536311,49.41705296,7.655569602,62.5,0.1261,7,-0.2647,-22.5,0.5,-0.1077,1.0714,0.4028,420040,-0.0433,-0.0889,1.3125
202003,77362,"pinehurst, tx",13447,10251,-191,3241,32.439246,54.5976609,10.28083199,55.5,-0.1462,-9.5,-0.4158,-39.5,-4,0.0156,1.9545,0.4305,439040,-0.0244,-0.0245,1.3721
202002,77362,"pinehurst, tx",13447,10060,1165,1543,34.511304,62.83826087,6.184347826,65,-0.2169,-18,-0.1667,-13,-15,0.2549,1.4615,0.3404,450040,-0.0066,-0.011,1.4516
202001,77362,"pinehurst, tx",13447,11225,2193,408,28.090275,52.74346056,3.437090206,83,-0.1902,-19.5,0.0122,1,-2.5,0.2439,0.8214,0.2931,453040,-0.0501,-0.0064,1.51
201912,77362,"pinehurst, tx",13447,13418,992,1113,15.944426,27.44293748,4.445914654,102.5,0.0354,3.5,-0.1087,-12.5,23.5,0.0789,0.7083,0.3106,476915,0.0367,0.0621,1.5898
201911,77362,"pinehurst, tx",13447,14410,-210,1362,13.20109,23.29044933,3.111730781,99,0.1314,11.5,-0.2852,-39.5,29,-0.1739,0.8095,0.2794,460040,0.0337,0.0432,1.4886
201910,77362,"pinehurst, tx",13447,14200,718,1537,16.39237,28.18402843,4.600710679,87.5,-0.0642,-6,-0.2489,-29,21.5,0.122,1.3,0.3262,445040,-0.0067,0.0051,1.4267
202006,77659,"sour lake, tx",13034,10961,474,496,25.892597,14.80617896,36.97901486,116,0.234,22,0.4872,38,44.5,0.6071,0.6071,0.8108,240049,-0.04,-0.04,0.7027
202005,77659,"sour lake, tx",13034,11435,-2368,-2500,24.444287,24.92566898,23.96290528,94,0.3723,25.5,0.504,31.5,23,-0.0261,-0.2432,0.6292,250050,0,2.00E-04,0.7578
202004,77659,"sour lake, tx",13034,9067,-2335,-2596,39.661469,42.39359461,36.92934401,68.5,0.5055,23,0.37,18.5,6.5,-0.0336,-0.2988,0.7986,250050,0,0.0081,0.7813
202003,77659,"sour lake, tx",13034,6732,-1935,-629,52.612228,69.21353036,36.01092513,45.5,0.2297,8.5,-0.2155,-12.5,-14,-0.1959,-0.2372,0.7881,250050,4.00E-04,0.0081,0.7814
202002,77659,"sour lake, tx",13034,4797,5374,-1653,62.841739,88.06956522,37.61391304,37,-0.6355,-64.5,-0.3084,-16.5,-43,0.0882,-0.2043,0.7872,249950,0,0.0682,0.8061
202001,77659,"sour lake, tx",13034,10171,-987,-8269,34.90234,33.49437504,36.31030437,101.5,0.1802,15.5,1.4458,60,16,0.2593,-0.2609,0.7816,249950,-2.00E-04,0.1411,0.833
201912,77659,"sour lake, tx",13034,9184,26,-6668,42.074099,42.4875951,41.66060205,86,0.2836,19,0.5636,31,7,0.0588,-0.2895,0.8182,250000,0.0419,0.1413,0.8333
201911,77659,"sour lake, tx",13034,9210,-630,-5815,44.090247,53.13391216,35.0465809,67,0.3814,18.5,0.3267,16.5,-3,0.2439,-0.3061,0.75,239950,-0.0363,0.0662,0.7764
201910,77659,"sour lake, tx",13034,8580,-2191,-4473,48.519419,75.93042828,21.1084097,48.5,-0.0935,-5,-0.1709,-10,-17.5,-0.2807,-0.526,0.5816,248999.5,2.00E-04,0.1064,0.7982
202006,77401,"bellaire, tx",7116,11989,49,1352,18.464005,36.71670067,0.211308656,81,0.0519,4,0.35,21,9.5,0.4444,0.3,0.1171,996550,0.0015,0.0491,2.9178
202005,77401,"bellaire, tx",7116,12038,-700,103,20.154325,40.23078012,0.077870593,77,0.252,15.5,0.4667,24.5,6,-0.0526,-0.25,0.1011,995050,-0.005,0.0056,3.0161
202004,77401,"bellaire, tx",7116,11338,-1309,56,25.575924,50.842815,0.309032167,61.5,0.3085,14.5,0.2059,10.5,-0.5,-0.0952,-0.24,0.1319,1000000,0.0152,0.0126,3.1248
202003,77401,"bellaire, tx",7116,10029,140,1655,33.72435,67.15456264,0.294138245,47,-0.2167,-13,-0.2167,-13,-12.5,-0.3438,-0.125,0.1391,985050,0.026,-0.01,3.0786
202002,77401,"bellaire, tx",7116,10169,2519,2811,33.958261,67.15826087,0.75826087,60,-0.397,-39.5,-0.4,-40,-20,-0.0303,0.3333,0.1702,960050,0.0165,0.0116,3.0968
202001,77401,"bellaire, tx",7116,12688,695,334,17.948099,35.09558976,0.800607357,99.5,0.0258,2.5,0,0,14,0.4348,0.2692,0.1897,944500,-0.0055,0.0327,3.1482
201912,77401,"bellaire, tx",7116,13383,784,500,16.205756,31.78299702,0.62851472,97,0.0659,6,-0.03,-3,18,-0.0417,0.15,0.1742,949750,-3.00E-04,0.0552,3.1662
201911,77401,"bellaire, tx",7116,14167,740,-294,14.880537,29.13365866,0.627416186,91,-0.057,-5.5,0.04,3.5,21,0.0909,0.2632,0.1765,950050,0.0069,0.0771,3.0744
