resources/dan/dan_cleanup/RDC_Inventory_Hotness_Metrics_Zip_History_TEXAS.csv
month_date_yyyymm,postal_code,zip_name,nielsen_hh_rank,hotness_rank,hotness_rank_mm,hotness_rank_yy,hotness_score,supply_score,demand_score,median_days_on_market,median_days_on_market_mm,median_dom_mm_day,median_days_on_market_yy,median_dom_yy_day,median_dom_vs_us,ldpviews_per_property_mm,ldpviews_per_property_yy,ldpviews_per_property_vs_us,median_listing_price,median_listing_price_mm,median_listing_price_yy,median_listing_price_vs_us
202006,77979,"port lavaca, tx",7081,11070,30,2868,25.178519,26.85077237,23.50626639,94,-0.0505,-5,0.1059,9,22.5,0.1016,1.0735,0.6351,219950,-0.0418,-0.1204,0.6439
202005,77979,"port lavaca, tx",7081,11100,1582,2541,26.90075,22.28514795,31.51635282,99,-0.1161,-13,0.0366,3.5,28,0.6623,0.6,0.7191,229550,-0.0171,-0.2324,0.6957
202004,77979,"port lavaca, tx",7081,12682,-186,385,16.547268,16.98272229,16.11181346,112,0.009,1,0.1546,15,50,0.0405,-0.0941,0.5347,233550,0.0618,-0.219,0.7297
202003,77979,"port lavaca, tx",7081,12496,-2064,-366,17.238602,20.62469361,13.85251068,111,0.3704,30,0.1684,16,51.5,-0.2292,-0.119,0.4901,219950,-5.00E-04,-0.2143,0.6873
202002,77979,"port lavaca, tx",7081,10432,986,1360,32.187826,47.62434783,16.75130435,81,-0.2059,-21,-0.2059,-21,1,-0.0588,0.1707,0.5106,220050,-0.0715,-0.2387,0.7097
202001,77979,"port lavaca, tx",7081,11418,1228,157,26.906619,33.14238388,20.67085375,102,-0.0769,-8.5,0.0909,8.5,16.5,0.3784,0.3247,0.5862,237000,-2.00E-04,-0.1534,0.7898
201912,77979,"port lavaca, tx",7081,12646,990,919,21.594443,22.4280516,20.76083361,110.5,0.1276,12.5,-0.0221,-2.5,31.5,0.1563,0.3214,0.5606,237050,-0.0125,-0.1532,0.7901
201911,77979,"port lavaca, tx",7081,13636,-497,1729,18.584828,24.08897902,13.08067685,98,0.2099,17,-0.3194,-46,28,-0.0154,0.3333,0.4706,240050,0.0619,-0.1579,0.7767
202006,77612,"buna, tx",9809,5634,-3600,-1658,56.517779,57.01690469,56.01865345,59.5,0.19,9.5,0.3523,15.5,-12,-0.0947,0.4059,1.0766,227250,-0.01,0.2982,0.6653
202005,77612,"buna, tx",9809,2034,1745,2956,77.888291,77.08480816,78.69177403,50,-0.0566,-3,-0.0741,-4,-21,0.3401,0.1379,1.4831,229550,0.142,0.9137,0.6957
202004,77612,"buna, tx",9809,3779,1549,4354,68.229386,62.76864728,73.69012502,53,-0.124,-7.5,-0.2639,-19,-9,-0.0619,0.0765,1.3681,201000,0.0862,0.6757,0.628
202003,77612,"buna, tx",9809,5328,-1304,2647,60.147769,48.30870509,71.98683381,60.5,0.2872,13.5,-0.395,-39.5,1,0.0714,0.4,1.3907,185050,0.1212,0.1635,0.5782
202002,77612,"buna, tx",9809,4024,4347,578,67.116522,79.06086957,55.17217391,47,-0.5607,-60,-0.3517,-25.5,-33,-0.0051,0.0051,1.0426,165050,-0.1947,0.0316,0.5323
202001,77612,"buna, tx",9809,8371,-888,-4433,44.920284,28.71143626,61.12913245,107,0.1383,13,0.4558,33.5,21.5,0.239,-0.0296,1.1322,204950,0.0245,0.1642,0.683
201912,77612,"buna, tx",9809,7483,29,-2255,51.134634,34.33013563,67.93913331,94,0.1605,13,0,0,15,-0.0305,-0.2965,1.2045,200050,0.0582,0.1363,0.6668
201911,77612,"buna, tx",9809,7512,-684,2420,52.224476,37.0048799,67.44407123,81,0.2366,15.5,-0.3222,-38.5,11,0.0719,0.1156,1.2059,189050,-0.0968,-0.2436,0.6117
201910,77612,"buna, tx",9809,6828,-3368,2220,56.258961,51.46187894,61.05604389,65.5,0.3936,18.5,-0.3212,-31,-0.5,-0.0893,-0.0192,1.0851,209300,0.0468,0.2095,0.6709
202006,77327,"cleveland, tx",6010,11411,-654,2121,22.741183,42.58962402,2.892742641,75,0.1538,10,0.0563,4,3.5,0.2,0.0714,0.2703,192545,0.057,0.1192,0.5636
202006,77328,"cleveland, tx",7657,11421,-1187,-1020,22.682891,27.18595162,18.17983095,93.5,0.3169,22.5,0.87,43.5,22,0.2755,0.7361,0.5631,189950,-0.0457,-0.0957,0.556
202005,77327,"cleveland, tx",6010,10757,751,1727,29.396149,55.66331587,3.128982019,65,-0.037,-2.5,0.0078,0.5,-6,0.0204,-0.2537,0.2809,182170,4.00E-04,-0.066,0.552
202005,77328,"cleveland, tx",7657,10234,-635,-1017,32.70211,47.54353674,17.86068243,71,0.2137,12.5,0.4343,21.5,0,0.225,-0.0667,0.5506,199050,-0.0023,-0.074,0.6032
202004,77328,"cleveland, tx",7657,9599,-579,1475,36.455261,55.30973451,17.60078663,58.5,0.1584,8,-0.2595,-20.5,-3.5,-0.0123,-0.3388,0.5556,199500,-0.0719,-0.1857,0.6233
202004,77327,"cleveland, tx",6010,11508,1335,352,24.399494,43.67186403,5.127124596,67.5,-0.3632,-38.5,0.0305,2,5.5,-0.125,-0.3099,0.3403,182105,-0.0242,4.00E-04,0.5689
202003,77327,"cleveland, tx",6010,12843,-797,-1045,14.657889,22.04636179,7.269416626,106,0.0928,9,0.3766,29,46.5,-0.1515,-0.1765,0.3709,186627.5,-0.018,0.0423,0.5831
202003,77328,"cleveland, tx",7657,9020,-2518,1636,39.551089,61.85307094,17.24910708,50.5,0.0978,4.5,-0.4326,-38.5,-9,-0.3571,-0.1383,0.5364,214950,-0.0656,-5.00E-04,0.6717
202002,77328,"cleveland, tx",7657,6502,4689,3120,54.003478,79.46434783,28.5426087,46,-0.5874,-65.5,-0.4682,-40.5,-34,0.008,0.1455,0.6702,230050,-0.0192,0.2432,0.7419
202002,77327,"cleveland, tx",6010,12046,-951,-143,21.217391,35.62434783,6.810434783,97,0.096,8.5,-0.1101,-12,17,-0.175,-0.2584,0.3511,190050,0,0.1143,0.6129
202001,77328,"cleveland, tx",7657,11191,1971,-132,28.324936,25.52281041,31.12706191,111.5,-0.1044,-13,0.0773,8,26,0.7123,0.1364,0.7184,234550,0.0671,0.2675,0.7817
202001,77327,"cleveland, tx",6010,11095,1738,1145,28.990959,45.89688729,12.08503002,88.5,-0.0781,-7.5,-0.1806,-19.5,3,0.6,-0.0698,0.4598,190050,0.0257,0.1014,0.6333
201912,77328,"cleveland, tx",7657,13162,-107,-1077,17.995369,15.83857096,20.15216672,124.5,0.2576,25.5,0.1422,15.5,45.5,-0.0641,-0.1098,0.553,219800,0.0011,0.172,0.7326
201912,77327,"cleveland, tx",6010,12833,755,707,20.383725,32.75554085,8.0119087,96,0.0909,8,-0.1111,-12,17,0,-0.0385,0.3788,185295,-0.0146,0.0897,0.6176
201911,77328,"cleveland, tx",7657,13055,367,-1518,22.102161,23.29044933,20.91387287,99,0.0206,2,0.1716,14.5,29,-0.0488,0,0.5735,219550,0.0591,0.0975,0.7104
201911,77327,"cleveland, tx",6010,13588,-697,-460,18.93973,30.88915647,6.990303568,88,0.2394,17,-0.0276,-2.5,18,0.087,-0.0909,0.3676,188040,-1.00E-04,0.0621,0.6084
201910,77327,"cleveland, tx",6010,12891,-1937,687,24.639985,44.62315317,4.656816907,71,0.3524,18.5,-0.1886,-16.5,5,0,-0.1786,0.3262,188065,0.0027,0.0744,0.6028
202006,77957,"edna, tx",10074,11810,-985,325,19.848441,18.09239289,21.60448849,108.5,0.0637,6.5,0.55,38.5,37,-0.0423,0.5814,0.6126,213500,-0.2235,0.5245,0.625
202005,77957,"edna, tx",10074,10825,442,-348,28.989098,20.5082826,37.46991363,102,0.2994,23.5,0.8053,45.5,31,0.7108,0.449,0.7978,274950,0.1957,0.4544,0.8333
202004,77957,"edna, tx",10074,11267,-3114,2085,26.032448,32.96109004,19.10380671,78.5,0.764,34,-0.1865,-18,16.5,-0.0235,-0.0235,0.5764,229950,-0.0417,0.5325,0.7184
202003,77957,"edna, tx",10074,8153,2450,6478,44.824568,70.64920513,18.99992997,44.5,-0.5594,-56.5,-0.7682,-147.5,-15,-0.3462,0.2143,0.5629,239950,0.7133,0.6543,0.7498
202002,77957,"edna, tx",10074,10603,2522,3619,30.98087,31.93043478,30.03130435,101,-0.2601,-35.5,-0.4006,-67.5,21,0.4444,0.9697,0.6915,140050,0.1204,-0.0508,0.4516
202001,77957,"edna, tx",10074,13125,-682,964,14.43854,13.38256608,15.49451308,136.5,0.3929,38.5,-0.0651,-9.5,51,0.4063,0.2857,0.5172,125000,-0.0909,-0.1669,0.4165
201912,77957,"edna, tx",10074,12443,240,1198,22.782005,30.92292425,14.64108501,98,0.1529,13,-0.1624,-19,19,-0.0588,0.0667,0.4848,137500,0.0573,-0.2145,0.4582
201911,77957,"edna, tx",10074,12683,441,-415,24.272768,33.82343621,14.72209899,85,0.0494,4,0.0241,2,15,0.0303,0.0968,0.5,130050,-0.153,-0.2571,0.4207
201910,77957,"edna, tx",10074,13124,-1141,-1620,23.259148,34.05024624,12.46805062,81,0.0125,1,0.1739,12,15,-0.2048,0.0154,0.4681,153550,0.0964,-0.1075,0.4921
202006,77586,"seabrook, tx",4840,10268,-1142,-1516,30.698047,44.87758671,16.51850772,72,0.2,12,0.3333,18,0.5,0.266,0.0818,0.536,339950,0.0458,0.0964,0.9953
202005,77586,"seabrook, tx",4840,9126,-220,526,39.565341,62.62919439,16.50148662,60,0.1429,7.5,0.0619,3.5,-11,0.175,-0.1897,0.5281,325050,-0.024,0.0485,0.9851
202004,77586,"seabrook, tx",4840,8906,-66,614,40.641242,63.47801658,17.80446692,52.5,0.0714,3.5,-0.087,-5,-9.5,-0.0123,-0.3388,0.5556,333050,-0.0132,0.0777,1.0406
202003,77586,"seabrook, tx",4840,8840,-1109,262,40.731144,64.10813082,17.35415645,49,-0.0577,-3,-0.2222,-14,-10.5,-0.2358,-0.3468,0.5364,337500,0.0716,0.1362,1.0547
202002,77586,"seabrook, tx",4840,7731,1033,-292,47.73913,74.67130435,20.80695652,52,-0.381,-32,-0.2409,-16.5,-28,-0.1908,-0.1311,0.5638,314950,0.0111,0.1455,1.0158
202001,77586,"seabrook, tx",4840,8764,2724,-1748,42.825592,51.33549589,34.31568776,84,-0.1158,-11,0.2086,14.5,-1.5,0.6375,0.0738,0.7529,311500,0.005,0.1025,1.0382
201912,77586,"seabrook, tx",4840,11488,-878,-2608,28.905061,33.61561363,24.19450877,95,0.338,24,0.3571,25,16,-0.0476,0.0256,0.6061,309950,0.0194,0.0523,1.0332
201911,77586,"seabrook, tx",4840,10610,-562,-1367,36.554915,48.34907155,24.76075797,71,0.1452,9,0.136,8.5,1,-0.0455,0.0633,0.6176,304050,-0.0033,0.0486,0.9838
202006,77531,"clute, tx",7588,10158,-1976,5445,31.535995,57.65083066,5.421160012,59,0.3409,15,-0.5317,-67,-12.5,0.3103,1,0.3423,249950,-0.0196,-0.0566,0.7317
202005,77531,"clute, tx",7588,8182,2482,6685,45.076455,85.53022795,4.62268158,44,-0.2542,-15,-0.5849,-62,-27,0.1837,0.5676,0.3258,254950,0.02,-0.0451,0.7727
202004,77531,"clute, tx",7588,10664,1778,3892,29.849698,54.6705998,5.028796179,59,-0.2805,-23,-0.5426,-70,-3,0.1667,0.1136,0.3403,249950,-0.0144,-0.0595,0.7809
202003,77531,"clute, tx",7588,12442,-1730,1120,17.578262,31.77393375,3.382589817,82,0.1549,11,-0.287,-33,22.5,-0.16,0.05,0.2781,253600,-0.0244,-0.0341,0.7925
202002,77531,"clute, tx",7588,10712,-2085,932,30.222609,57.36347826,3.08173913,71,0.1833,11,-0.2198,-20,-9,-0.1228,-0.2424,0.266,259950,0.0196,0.04,0.8384
202001,77531,"clute, tx",7588,8627,-693,2654,43.529574,82.3521292,4.707019118,60,0.2766,13,-0.2771,-23,-25.5,0.3256,0,0.3276,254950,0.0099,0.0322,0.8497
201912,77531,"clute, tx",7588,7934,3760,1644,49.067152,92.98048296,5.153820708,47,-0.2879,-19,-0.2167,-13,-32,-0.1042,-0.0652,0.3258,252450,0.01,0.0219,0.8415
201911,77531,"clute, tx",7588,11694,861,-1763,30.489892,54.77533431,6.204448951,66,-0.0075,-0.5,0.1892,10.5,-4,0.2308,-0.0769,0.3529,249950,0,-0.0478,0.8087
202006,77833,"brenham, tx",3775,10547,-1809,-3658,28.850918,26.50830662,31.19352958,94.5,0.3125,22.5,0.7182,39.5,23,0.1479,0.1319,0.7342,279050,-9.00E-04,0.116,0.8169
202005,77833,"brenham, tx",3775,8738,-1889,-1125,42.060739,46.04983718,38.07164095,72,0.3211,17.5,0.3091,17,1,0.1094,-0.0955,0.7978,279300,0.0072,0.0866,0.8465
202004,77833,"brenham, tx",3775,6849,1347,-946,52.208878,60.50709369,43.91066161,54.5,-0.0917,-5.5,0.172,8,-7.5,0,-0.2099,0.8889,277300,-0.0787,0.0268,0.8664
202003,77833,"brenham, tx",3775,8196,160,-3229,44.628475,48.93199804,40.32495273,60,-0.2857,-24,0.2,10,0.5,-0.2099,-0.1579,0.8477,301000,0.0413,0.0395,0.9406
202002,77833,"brenham, tx",3775,8356,-327,-3904,44.337391,45.70434783,42.97043478,84,-0.0118,-1,0.377,23,4,0.0658,-0.0357,0.8617,289050,0.0511,-0.0305,0.9323
202001,77833,"brenham, tx",3775,8029,609,-1799,46.780316,49.93443302,43.62619919,85,-0.0058,-0.5,0.0429,3.5,-0.5,0.2881,-0.1111,0.8736,275000,0.0146,-0.0426,0.9165
201912,77833,"brenham, tx",3775,8638,1399,-454,45.216672,42.98379094,47.44955342,85.5,-0.0604,-5.5,-0.0172,-1.5,6.5,-0.0781,-0.0328,0.8939,271050,0.015,-0.0488,0.9035
201911,77833,"brenham, tx",3775,10037,1017,2066,39.796565,29.13365866,50.45947145,91,0.0581,5,-0.1689,-18.5,21,0.113,0.3474,0.9412,267050,-0.0664,-0.1043,0.8641
202006,77320,"huntsville, tx",4828,11809,-1023,876,19.848441,28.83270184,10.86417954,91,0.1818,14,0.2639,19,19.5,0.0204,0.2821,0.4505,180750,0.1086,0.0326,0.5291
202006,77340,"huntsville, tx",4050,10453,423,1697,29.466628,49.81055086,9.122704751,66.5,-0.0634,-4.5,0.0076,0.5,-5,0.2237,0.1923,0.4189,258950,0,-4.00E-04,0.7581
202005,77320,"huntsville, tx",4828,10786,879,-494,29.208552,40.23078012,18.18632309,77,-0.0065,-0.5,0.3509,20,6,0.4,-0.0485,0.5506,163050,-0.0889,-0.0916,0.4941
202005,77340,"huntsville, tx",4050,10876,256,1246,28.606824,47.54353674,9.67011185,71,0.0365,2.5,-0.0139,-1,0,0.1343,-0.1739,0.427,258950,0.0613,0.0255,0.7848
202004,77320,"huntsville, tx",4828,11665,588,-1133,23.268718,33.726647,12.81078803,77.5,-0.2548,-26.5,0.2602,16,15.5,-0.0909,-0.2929,0.4861,178950,-0.0033,-0.105,0.5591
202004,77340,"huntsville, tx",4050,11132,-1624,-691,26.924428,42.39359461,11.45526057,68.5,0.3048,16,0.1048,6.5,6.5,-0.1184,-0.3366,0.4653,244000,0.006,-0.0405,0.7623
202003,77340,"huntsville, tx",4050,9508,307,-883,36.812802,58.72259962,14.90300441,52.5,-0.2708,-19.5,-0.0625,-3.5,-7,-0.1915,-0.2692,0.5033,242550,-0.0102,-0.0453,0.7579
202003,77320,"huntsville, tx",4828,12253,-49,-3368,19.094474,22.81672386,15.37222495,104,-0.0877,-10,0.7627,45,44.5,-0.1809,-0.1809,0.5099,179550,0.0428,0.0084,0.561
202002,77340,"huntsville, tx",4050,9815,527,-3706,36.10087,56.0973913,16.10434783,72,-0.1676,-14.5,0.2743,15.5,-8,-0.0505,-0.2419,0.5,245050,-0.0196,-0.0373,0.7903
202002,77320,"huntsville, tx",4828,12204,-835,-4629,20.16,24.29217391,16.02782609,114,0.2737,24.5,0.6403,44.5,34,0.2703,-0.2295,0.5,172182,0.0382,-0.0033,0.5553
202001,77340,"huntsville, tx",4050,10342,-1544,-1597,33.766996,48.0571468,19.4768445,86.5,0.2357,16.5,0.0298,2.5,1,0.2222,-0.208,0.569,249950,0.0066,-0.0361,0.833
202001,77320,"huntsville, tx",4828,11369,-2469,-2276,27.251708,44.68217268,9.821243702,89.5,0.3769,24.5,0.0229,2,4,0.1212,-0.408,0.4253,165844,0.0594,0.0234,0.5527
201912,77320,"huntsville, tx",4828,8900,2601,3219,43.62223,71.00893152,16.23552762,65,-0.0714,-5,-0.4444,-52,-14,0.0313,-0.25,0.5,156550,-0.1305,-0.1057,0.5218
201912,77340,"huntsville, tx",4050,8798,729,847,44.316904,63.86371154,24.77009593,70,0.1111,7,-0.2553,-24,-9,-0.0357,-0.2636,0.6136,248300,0.0133,-0.0433,0.8276
201911,77320,"huntsville, tx",4828,11501,-3408,1286,31.611636,49.97148108,13.25179035,70,0.3462,18,-0.3171,-32.5,0,-0.3469,-0.1579,0.4706,180050,0.0405,0.0056,0.5825
201911,77340,"huntsville, tx",4050,9527,991,614,42.322074,60.01014006,24.63400722,63,-0.0382,-2.5,-0.2317,-19,-7,-0.0455,-0.1429,0.6176,245050,2.00E-04,-0.054,0.7929
201910,77320,"huntsville, tx",4828,8093,506,4599,50.623403,70.60033664,30.64646842,52,-0.0095,-0.5,-0.5048,-53,-14,0.0208,0.0538,0.695,173050,0.0679,-0.0798,0.5547
202006,77983,"seadrift, tx",18465,12408,-133,2901,15.196007,8.780238997,21.61177499,136.5,0.092,11.5,0.1471,17.5,65,0.193,1.6154,0.6126,255050,-0.0552,0.3491,0.7467
202005,77983,"seadrift, tx",18465,12275,447,2400,18.526122,12.38850347,24.66374062,125,0.2438,24.5,0.1416,15.5,54,0.6286,1.1111,0.6404,269950,0.3165,0.4242,0.8181
202004,77983,"seadrift, tx",18465,12722,-588,1480,16.304959,20.05899705,12.55092007,100.5,0.1552,13.5,-0.141,-16.5,38.5,0.0606,0.25,0.4861,205050,0.2812,0.0789,0.6406
202003,77983,"seadrift, tx",18465,12134,1072,2636,20.039919,29.51887387,10.56096365,87,-0.281,-34,-0.4882,-83,27.5,0.1,0.1379,0.4371,160050,-0.1878,-0.1534,0.5001
202002,77983,"seadrift, tx",18465,13206,549,1306,12.817391,20.64,4.994782609,121,-0.1136,-15.5,-0.2945,-50.5,41,0.0169,0.0714,0.3191,197050,0.3132,0.0423,0.6355
202001,77983,"seadrift, tx",18465,13755,569,1040,9.238043,13.38256608,5.093519221,136.5,0.0833,10.5,-0.2759,-52,51,0.5946,-0.0484,0.3391,150050,0,-0.2084,0.5
201912,77983,"seadrift, tx",18465,14324,145,1208,9.259014,15.28944757,3.22858088,126,0.26,26,-0.3824,-78,47,-0.0263,-0.1591,0.2803,150050,-0.0909,-0.2063,0.5001
201911,77983,"seadrift, tx",18465,14469,-700,1283,12.722606,22.46656949,2.9786425,100,0.1494,13,-0.4805,-92.5,30,-0.3667,-0.2083,0.2794,165050,-0.0407,0.2499,0.534
201910,77983,"seadrift, tx",18465,13769,-232,2351,19.172745,28.65781435,9.687675332,87,0.0545,4.5,-0.4867,-82.5,21,-0.0909,0.3636,0.4255,172050,-0.0391,0.2558,0.5515
202006,77331,"coldspring, tx",11217,11416,324,2232,22.712037,31.49956281,13.9245118,87.5,0.0802,6.5,0.1986,14.5,16,0.4605,0.9138,0.5,290050,-0.0169,-0.0554,0.8491
202005,77331,"coldspring, tx",11217,11740,-779,-535,22.419652,35.23290387,9.606399547,81,0.2656,17,0.5429,28.5,10,0.2667,0.1176,0.427,295050,-0.031,-0.0545,0.8942
202004,77331,"coldspring, tx",11217,10961,-1472,20,28.058716,47.57690687,8.540525355,64,0.3196,15.5,0.1327,7.5,2,-0.0164,-0.1892,0.4167,304500,0.0148,-0.0632,0.9514
202003,77331,"coldspring, tx",11217,9489,1178,2819,36.900343,64.88549618,8.915190139,48.5,-0.3938,-31.5,-0.515,-51.5,-11,-0.2738,0.0893,0.404,300050,0.0714,0.0757,0.9376
202002,77331,"coldspring, tx",11217,10667,370,3078,30.518261,48.72347826,12.31304348,80,-0.1257,-11.5,-0.4737,-72,0,-0.0769,0.1351,0.4468,280050,0.0127,0.12,0.9032
202001,77331,"coldspring, tx",11217,11037,2431,2828,29.394713,42.65994893,16.12947753,91.5,-0.2343,-28,-0.3754,-55,6,0.4918,0.1667,0.523,276550,-0.009,0.106,0.9217
201912,77331,"coldspring, tx",11217,13468,935,600,15.587165,17.95567317,13.21865696,119.5,-0.0042,-0.5,-0.0205,-2.5,40.5,-0.0469,0.1296,0.4621,279050,-0.021,0.0568,0.9302
201911,77331,"coldspring, tx",11217,14403,800,-401,13.245453,13.37220356,13.11870207,120,-0.0588,-7.5,0.2,20,50,0.1034,0.3617,0.4706,285050,2.00E-04,-0.0865,0.9223
201910,77331,"coldspring, tx",11217,15203,-199,-500,8.705816,8.428402219,8.983230472,127.5,0.2439,25,0.25,25.5,61.5,0.0545,0.234,0.4113,285000,-0.0823,-0.1232,0.9136
