resources/dan/dan_cleanup/RDC_Inventory_Hotness_Metrics_Zip_History_TEXAS.csv
month_date_yyyymm,postal_code,zip_name,nielsen_hh_rank,hotness_rank,hotness_rank_mm,hotness_rank_yy,hotness_score,supply_score,demand_score,median_days_on_market,median_days_on_market_mm,median_dom_mm_day,median_days_on_market_yy,median_dom_yy_day,median_dom_vs_us,ldpviews_per_property_mm,ldpviews_per_property_yy,ldpviews_per_property_vs_us,median_listing_price,median_listing_price_mm,median_listing_price_yy,median_listing_price_vs_us
202006,7733,"holmdel, nj",7818,2679,4561,4417,73.852375,67.45846692,80.24628388,50.5,-0.3765,-30.5,-0.1721,-10.5,-21,0.6905,1.1914,1.5991,804547.5,-0.0068,-0.0645,2.3556
202005,7733,"holmdel, nj",7818,7240,-450,-3087,50.028317,35.23290387,64.82372929,81,0.2462,16,0.9286,39,10,0.3291,0.1053,1.1798,810050,0,-0.0542,2.4553
202004,7733,"holmdel, nj",7818,6790,-3356,-4135,52.514398,46.28459053,58.74420565,65,0.4943,21.5,0.6456,25.5,3,-0.206,-0.3219,1.0972,810050,0.0126,-0.0471,2.5313
202003,7733,"holmdel, nj",7818,3434,164,519,70.677218,72.40002801,68.95440857,43.5,-0.3786,-26.5,-0.2627,-15.5,-16,-0.3185,-0.1116,1.3179,799950,0,-0.0589,2.5001
202002,7733,"holmdel, nj",7818,3598,176,1878,69.342609,58.38608696,80.29913043,70,-0.1617,-13.5,-0.2553,-24,-10,0.0174,0.2696,1.5532,799950,0.0012,-0.0589,2.5803
202001,7733,"holmdel, nj",7818,3774,973,1690,68.362206,52.01877286,84.70563876,83.5,0.0245,2,-0.1347,-13,-2,0.4569,0.1762,1.6494,799000,-7.00E-04,-0.0467,2.6632
201912,7733,"holmdel, nj",7818,4747,839,-32,64.449223,47.64803176,81.2504135,81.5,0.0316,2.5,0.0062,0.5,2.5,-0.0794,0.0707,1.4924,799549.5,0.0019,-0.0366,2.6654
201911,7733,"holmdel, nj",7818,5586,2976,-181,61.489955,39.12161734,83.85829267,79,-0.1939,-19,0.0748,5.5,9,0.1146,0.2442,1.5735,798050,0.0038,-0.0584,2.5825
201910,7733,"holmdel, nj",7818,8562,366,-3077,48.616046,20.98996322,76.24212954,98,-0.0531,-5.5,0.2895,22,32,-0.0052,-0.0495,1.3617,795047,-0.0646,-0.0305,2.5489
202006,77364,"pointblank, tx",15062,12476,-447,2829,14.6058,22.14368989,7.06791023,101,0.2024,17,-0.0472,-5,29.5,0.25,0.9318,0.3829,178300,0.0803,-0.1087,0.5219
202005,77364,"pointblank, tx",15062,12029,-433,2771,20.242815,33.29321818,7.192411157,84,0.1507,11,-0.1962,-20.5,13,0.0794,0.6585,0.382,165050,0.2092,-0.2038,0.5002
202004,77364,"pointblank, tx",15062,11596,-197,2715,23.795477,37.98988622,9.601067566,73,0.1406,9,-0.3272,-35.5,11,0.2115,0.3696,0.4375,136500,-0.1429,-0.2419,0.4264
202003,77364,"pointblank, tx",15062,11399,19,3009,25.131312,44.21177954,6.050843897,64,-0.2195,-18,-0.5224,-70,4.5,-0.0714,0.5294,0.3444,159250,-0.0351,-0.0903,0.4976
202002,77364,"pointblank, tx",15062,11418,139,2048,25.746087,47.2973913,4.194782609,82,-0.0629,-5.5,-0.3109,-37,2,-0.0345,0.0769,0.2979,165050,-0.0542,-0.0571,0.5323
202001,77364,"pointblank, tx",15062,11557,439,3283,25.923114,46.97356615,4.872662019,87.5,0.0542,4.5,-0.4776,-80,2,0.2889,0.1837,0.3333,174500,0.0418,-0.077,0.5815
201912,77364,"pointblank, tx",15062,11996,553,3183,25.835263,45.87495865,5.795567317,83,0.1528,11,-0.4467,-67,4,0.125,0.0714,0.3409,167500,-0.0638,-0.0144,0.5583
201911,77364,"pointblank, tx",15062,12549,1411,2858,25.163192,46.73299956,3.593383611,72,-0.1273,-10.5,-0.4627,-62,2,-0.0476,-0.0244,0.2941,178914,-0.0554,0.0554,0.5788
202006,77493,"katy, tx",5176,9959,134,2700,32.807491,60.97347712,4.641503935,56,-0.0508,-3,-0.0175,-1,-15.5,0.4792,1.0882,0.3198,320050,-0.0154,0.067,0.937
202006,77450,"katy, tx",118,5620,711,3867,56.612504,78.26435442,34.96065287,42.5,-0.1827,-9.5,-0.0341,-1.5,-29,0.291,1.4714,0.7793,335950,0,0.0563,0.9835
202006,77449,"katy, tx",19,4453,339,2757,62.827893,79.91110463,45.74468085,41.5,-0.1354,-6.5,0.1216,4.5,-30,0.3312,1.3837,0.9234,215050,0,0.0094,0.6295
202006,77494,"katy, tx",38,8295,419,2363,42.615127,74.81783737,10.41241621,45,-0.1176,-6,0,0,-26.5,0.3611,1.0417,0.4414,392050,0.0188,0.0343,1.1478
202005,77494,"katy, tx",38,8714,7,1752,42.166926,75.75392893,8.579923545,51,0.1209,5.5,0.1333,6,-20,0.1613,0.2632,0.4045,384800,-5.00E-04,0.0264,1.1663
202005,77450,"katy, tx",118,6331,297,2432,54.505876,74.3451791,34.66657228,52,0.0947,4.5,0.1818,8,-19,0.1964,0.3958,0.7528,335950,0.0335,0.0531,1.0182
202005,77493,"katy, tx",5176,10093,830,1982,33.572844,64.29279343,2.85289537,59,-0.0084,-0.5,0.1132,6,-12,0.2632,0.3333,0.2697,325050,0.0252,0.1216,0.9851
202005,77449,"katy, tx",19,4792,899,292,62.027467,80.30581906,43.74911511,48,0.1294,5.5,0.6,18,-23,0.3276,0.252,0.8652,215050,0.0166,0.0047,0.6517
202004,77450,"katy, tx",118,6628,-87,457,53.322096,71.12656272,35.51762888,47.5,0.1446,6,0.2179,8.5,-14.5,0.0182,0.037,0.7778,325050,-0.0137,0.0402,1.0156
202004,77494,"katy, tx",38,8721,-101,1577,41.77553,74.14664981,9.404410732,45.5,0.1235,5,-0.0215,-1,-16.5,0.0877,0.1071,0.4306,385000,-0.004,0.0314,1.203
202004,77493,"katy, tx",5176,10923,241,307,28.206209,53.84885518,2.563562298,59.5,0.0259,1.5,0.1553,8,-2.5,0.1176,-0.1556,0.2639,317050,0.026,0.1044,0.9906
202004,77449,"katy, tx",19,5691,1363,39,58.1437,78.59249895,37.69490097,42.5,-0.0341,-1.5,0.25,8.5,-19.5,0.0841,-0.0492,0.8056,211545,-0.0161,-0.0117,0.6609
202003,77450,"katy, tx",118,6541,-619,-243,53.652217,75.36942363,31.93500945,41.5,-0.0778,-3.5,0.0641,2.5,-18,-0.1912,0.1224,0.7285,329550,0.0663,0.0807,1.0298
202003,77449,"katy, tx",19,7054,-1440,-1498,50.990966,71.51060999,30.47132152,44,0.0732,3,0.0476,2,-15.5,-0.2015,-0.1371,0.7086,215000,-2.00E-04,0.049,0.6718
202003,77493,"katy, tx",5176,11164,-654,-49,26.619511,51.37614679,1.862875552,58,-0.1471,-10,0.0175,1,-1.5,-0.32,0,0.2252,309025,-0.0033,0.0491,0.9657
202003,77494,"katy, tx",38,8620,-416,697,42.135304,76.70004902,7.570558162,40.5,-0.19,-9.5,-0.1196,-5.5,-19,-0.3523,-0.0172,0.3775,386549.5,0.0039,0.0589,1.208
202002,77450,"katy, tx",118,5922,-427,1333,56.907826,80.45913043,33.35652174,45,-0.2683,-16.5,-0.2437,-14.5,-35,-0.0216,0.2477,0.7234,309050,0.0303,0.0317,0.9968
202002,77494,"katy, tx",38,8204,471,1354,45.116522,76.34782609,13.88521739,50,-0.2593,-17.5,-0.1525,-9,-30,0.0476,0.5172,0.4681,385050,-0.0046,0.0697,1.2419
202002,77449,"katy, tx",19,5614,-980,-668,58.674783,84.87652174,32.47304348,41,-0.0989,-4.5,0.038,1.5,-39,0.0469,0.1261,0.7128,215050,0,0.0336,0.6935
202002,77493,"katy, tx",5176,10510,-53,-310,31.655652,60.11130435,3.2,68,-0.0993,-7.5,0.1148,7,-12,-0.0385,0.3158,0.266,310050,0.0042,0.0526,1
202001,77493,"katy, tx",5176,10457,672,149,33.031955,62.28173097,3.782179585,75.5,0.0342,2.5,0.0342,2.5,-10,0.4857,0.2093,0.2989,308759.5,-0.0034,0.0682,1.029
202001,77450,"katy, tx",118,5495,1675,1817,59.282904,80.57146801,37.99434053,61.5,-0.0538,-3.5,-0.0465,-3,-24,0.4632,0.3238,0.7989,299950,3.00E-04,0.0115,0.9997
202001,77494,"katy, tx",38,8675,708,1042,43.291462,72.93809097,13.64483401,67.5,0.0227,1.5,-0.0357,-2.5,-18,0.4237,0.3333,0.4828,386825.5,0.0323,0.0744,1.2893
202001,77449,"katy, tx",19,4634,514,-208,63.596521,94.18869487,33.00434813,45.5,-0.0319,-1.5,-0.1333,-7,-40,0.4066,-0.0657,0.7356,215050,0.0238,0.0238,0.7167
201912,77494,"katy, tx",38,9383,1307,1207,40.956004,69.61296725,12.29904069,66,0.082,5,-0.0294,-2,-13,0.0536,0.3409,0.447,374740,-8.00E-04,0.021,1.2492
201912,77449,"katy, tx",19,5148,202,71,62.391664,92.98048296,31.80284486,47,0.2051,8,-0.0784,-4,-32,-0.0521,-0.0521,0.6894,210050,0,5.00E-04,0.7001
201912,77493,"katy, tx",5176,11129,1405,62,31.200794,59.60965928,2.791928548,73,0.0282,2,0.0282,2,-6,0.0294,0.0294,0.2652,309809.5,0.0329,0.0718,1.0327
201912,77450,"katy, tx",118,7170,957,538,52.62653,71.00893152,34.24412835,65,0.1207,7,0.1017,6,-14,-0.0104,0.2838,0.7197,299850,0.0163,0.001,0.9995
201911,77494,"katy, tx",38,10690,1133,871,36.082768,62.61486786,9.55066861,61,-0.0394,-2.5,-0.0543,-3.5,-9,0.0566,0.4359,0.4118,375050,-0.006,0.0143,1.2136
201911,77449,"katy, tx",19,5350,1685,355,62.55783,92.93364599,32.18201407,39,-0.1034,-4.5,-0.1136,-5,-31,0.0323,0.0213,0.7059,210050,0,0,0.6796
201911,77493,"katy, tx",5176,12534,107,-489,25.258255,48.34907155,2.167437734,71,0.0677,4.5,0.0597,4,1,-0.0286,0.0968,0.25,299950,0.0098,0.0386,0.9706
201911,77450,"katy, tx",118,8127,1794,407,49.420115,66.71525445,32.12497623,58,-0.0085,-0.5,0.1485,7.5,-12,0.1566,0.4545,0.7059,295050,-0.0134,-0.0165,0.9547
201910,77449,"katy, tx",19,7035,614,-1521,55.330092,82.78785612,27.87232716,43.5,-0.0333,-1.5,0.1299,5,-22.5,-0.0106,-0.07,0.6596,210050,-0.0152,-0.0047,0.6733
202006,7724,"eatontown, nj",5210,7880,-395,-1767,44.884873,35.0043719,54.76537453,83,0.2388,16,0.8864,39,11.5,0.481,0.8871,1.0541,489950,-0.0181,0.065,1.4345
202005,7724,"eatontown, nj",5210,7485,-1027,-3752,48.690358,52.16621832,45.21449809,67,0.3814,18.5,0.9143,32,-4,0.339,-0.0595,0.8876,499000,-0.0586,0.1026,1.5124
202004,7724,"eatontown, nj",5210,6458,-1931,-2229,54.22461,69.68675376,38.76246664,48.5,0.2933,11,0.2436,9.5,-13.5,-0.1806,-0.3218,0.8194,530050,0.0939,0.1911,1.6563
202003,7724,"eatontown, nj",5210,4527,-846,553,64.258702,80.97906016,47.53834302,37.5,-0.0854,-3.5,-0.3421,-19.5,-22,-0.234,-0.0886,0.9536,484550,0.0535,0.1014,1.5143
202002,7724,"eatontown, nj",5210,3681,-73,678,68.862609,84.87652174,52.84869565,41,-0.2743,-15.5,-0.3881,-26,-39,0.0805,0.0162,1,459950,-0.0163,0.0465,1.4835
202001,7724,"eatontown, nj",5210,3608,728,74,69.135206,85.92725516,52.34315688,56.5,-0.0424,-2.5,-0.1986,-14,-29,0.3594,-0.1212,1,467550,-0.0649,0.2238,1.5584
201912,7724,"eatontown, nj",5210,4336,1784,-1453,66.629176,80.25140589,53.00694674,59,0.0536,3,0.0351,2,-20,0.0492,-0.1351,0.9697,499999.5,-0.0384,0.2985,1.6668
201911,7724,"eatontown, nj",5210,6120,147,-3185,58.87889,70.76494074,46.99283858,56,0.037,2,0.12,6,-14,-0.0687,-0.2129,0.8971,519950,-0.0097,0.3735,1.6825
201910,7724,"eatontown, nj",5210,6267,428,-226,59.001933,67.71398292,50.28988218,54,-0.0609,-3.5,-0.1563,-10,-12,-0.0839,-0.1149,0.9291,525050,0.0769,0.1053,1.6832
202006,77316,"montgomery, tx",6393,10885,-24,1861,26.51195,48.9215972,4.102302536,67.5,0.0227,1.5,0.0887,5.5,-4,0.2885,0.2885,0.3018,359545,-0.0014,-0.0202,1.0526
202006,77356,"montgomery, tx",3150,10636,604,1848,28.308073,42.58962402,14.02652288,75,-0.026,-2,0.1905,12,3.5,0.3537,0.7903,0.5,319975,-0.045,-0.0859,0.9368
202005,77316,"montgomery, tx",6393,10861,184,1272,28.691774,53.86521308,3.518334985,66,0.0732,4.5,0.1681,9.5,-5,0.1556,0,0.2921,360040,0.0214,-0.0268,1.0912
202005,77356,"montgomery, tx",3150,11240,-115,1102,26.030016,40.23078012,11.82925103,77,0.1667,11,0.2031,13,6,0.3667,0.1714,0.4607,335050,0.0308,-0.0654,1.0155
202004,77356,"montgomery, tx",3150,11125,-455,648,26.97008,45.33642366,8.60373648,66,0.1186,7,0.0233,1.5,4,-0.0323,-0.1667,0.4167,325050,0,-0.0714,1.0156
202004,77316,"montgomery, tx",6393,11045,-764,-917,27.468746,50.842815,4.094676219,61.5,0.1714,9,0.3516,16,-0.5,-0.1176,-0.2373,0.3125,352500,-0.0436,-0.0599,1.1014
202003,77316,"montgomery, tx",6393,10281,-1131,-913,32.278171,58.72259962,5.833741859,52.5,-0.0278,-1.5,0.0938,4.5,-7,-0.2031,-0.1207,0.3377,368552,0.0532,-0.0171,1.1517
202003,77356,"montgomery, tx",3150,10670,4,750,29.686953,50.15757406,9.216331676,59,-0.2532,-20,-0.1571,-11,-0.5,-0.225,-0.0882,0.4106,325050,0,-0.0712,1.0158
202002,77356,"montgomery, tx",3150,10674,-408,336,30.490435,49.94782609,11.03304348,79,-0.0125,-1,-0.0867,-7.5,-1,0,0.0526,0.4255,325050,-0.0385,-0.044,1.0484
202002,77316,"montgomery, tx",6393,9150,291,839,39.794783,73.30782609,6.28173913,54,-0.2117,-14.5,-0.188,-12.5,-26,0.0159,0.0159,0.3404,349950,-0.0045,-0.0921,1.1287
202001,77316,"montgomery, tx",6393,9441,1448,1558,39.015805,71.65435848,6.377251708,68.5,-0.068,-5,-0.1747,-14.5,-17,0.3696,-0.0597,0.3621,351545,-0.0313,-0.0773,1.1717
202001,77356,"montgomery, tx",3150,10266,677,1072,34.212161,56.31168473,12.11263717,80,0.0063,0.5,-0.1257,-11.5,-5.5,0.2698,0.0127,0.4598,338050,0.0181,-0.0259,1.1267
201912,77316,"montgomery, tx",6393,10889,1841,1232,32.537215,58.72973867,6.344690705,73.5,-0.0455,-3.5,-0.1648,-14.5,-5.5,-0.0417,-0.1481,0.3485,362899,0.0082,-0.0575,1.2097
201912,77356,"montgomery, tx",3150,10943,1499,393,32.242805,50.03638769,14.44922263,79.5,-0.0185,-1.5,-0.0062,-0.5,0.5,-0.0455,0.125,0.4773,332050,-0.009,-0.042,1.1069
201911,77316,"montgomery, tx",6393,12730,118,333,23.965397,41.5488941,6.381899994,77,0.0769,5.5,-0.061,-5,7,-0.04,0.1429,0.3529,359950,0.0284,-0.0652,1.1647
201911,77356,"montgomery, tx",3150,12442,405,69,25.755751,37.0048799,14.50662273,81,0.0253,2,-0.0061,-0.5,11,-0.0294,0.2222,0.4853,335050,0.0078,-0.0333,1.0841
202006,77657,"lumberton, tx",6054,4181,-1536,-2609,64.317983,62.59108132,66.04488487,54.5,0.0686,3.5,0.3974,15.5,-17,0.1838,0.0992,1.2477,334500,-0.0134,0.1739,0.9793
202005,77657,"lumberton, tx",6054,2645,1509,2324,73.870876,75.75392893,71.98782387,51,-0.0286,-1.5,-0.157,-9.5,-20,0.2787,-0.1583,1.3146,339050,0.1338,0.1328,1.0276
202004,77657,"lumberton, tx",6054,4154,-1095,-317,66.241747,63.47801658,69.0054783,52.5,0.2069,9,0,0,-9.5,-0.1408,-0.312,1.2708,299050,-0.0798,0.0491,0.9344
202003,77657,"lumberton, tx",6054,3059,-626,-1055,72.771202,72.40002801,73.14237692,43.5,-0.1944,-10.5,-0.0543,-2.5,-16,-0.2552,-0.2804,1.4106,325000,0.0835,0.1209,1.0156
202002,77657,"lumberton, tx",6054,2433,976,-1573,76.26087,73.30782609,79.21391304,54,-0.2653,-19.5,0.2857,12,-26,0.1721,0.0792,1.5213,299950,0,-0.0627,0.9674
202001,77657,"lumberton, tx",6054,3409,-1752,-1917,70.242943,64.814687,75.67119884,73.5,0.2149,13,0.176,11,-12,0.1091,-0.0722,1.4023,299950,0.0365,-0.0826,0.9997
201912,77657,"lumberton, tx",6054,1657,286,468,82.391664,78.11445584,86.66887198,60.5,0.1635,8.5,-0.097,-6.5,-18.5,-0.009,-0.0179,1.6667,289400,0.0023,-0.0872,0.9647
201911,77657,"lumberton, tx",6054,1943,481,-175,81.028582,76.33563597,85.72152861,52,0.0196,1,-0.0631,-3.5,-18,0.0045,-0.0348,1.6324,288750,-0.0344,-0.0914,0.9343
201910,77657,"lumberton, tx",6054,2424,-502,585,78.249486,71.94065208,84.55831931,51,0.1333,6,-0.1774,-11,-15,0.0091,-0.0596,1.5674,299050,0.0549,2.00E-04,0.9586
202006,77632,"orange, tx",5564,4255,-703,947,63.85529,70.89769746,56.81288254,48,-0.2,-12,-0.0769,-4,-23.5,-0.0041,0.3851,1.0856,244400,-0.0187,0.2248,0.7155
202006,77630,"orange, tx",3921,7925,1002,-800,44.629846,49.322355,39.93733605,67,-0.141,-11,0.1754,10,-4.5,0.2368,0.2703,0.8468,171950,0.1301,0.0118,0.5033
202005,77632,"orange, tx",5564,3552,1325,3185,68.405777,62.62919439,74.18235877,60,0.165,8.5,0.0345,2,-11,0.5125,0.267,1.3596,249050,0.062,0.3077,0.7548
202005,77630,"orange, tx",3921,8927,-1442,-1837,40.889141,38.87866346,42.89961773,78,0.3565,20.5,0.4717,25,7,0.2459,-0.0617,0.8539,152150,0.0147,-0.0892,0.461
202004,77632,"orange, tx",5564,4877,2694,2269,62.357775,65.1425762,59.57297373,51.5,-0.2016,-13,-0.2482,-17,-10.5,0.0323,-0.1919,1.1111,234500,0.0611,0.3031,0.7327
202004,77630,"orange, tx",3921,7485,-454,-2239,48.749824,56.51074589,40.98890294,57.5,0.0748,4,0.1058,5.5,-4.5,-0.1159,-0.399,0.8472,149950,-0.0234,-0.1179,0.4684
202003,77630,"orange, tx",3921,7031,234,-2626,51.117025,57.37796764,44.85608236,53.5,-0.2246,-15.5,0.0288,1.5,-6,-0.1154,-0.1266,0.9139,153550,-0.0097,-0.0691,0.4798
202003,77632,"orange, tx",5564,7571,-745,-2010,48.133623,43.78457875,52.48266685,64.5,-0.1937,-15.5,0.0078,0.5,5,-0.2172,-0.1755,1.0265,221000,0.1047,0.2281,0.6906
202002,77630,"orange, tx",3921,7265,-1075,-3824,50.177391,59.52,40.83478261,69,-0.0282,-2,0.3019,16,-11,0.0331,-0.1086,0.8298,155050,0.0458,0.034,0.5
202002,77632,"orange, tx",5564,6826,525,-4140,52.514783,48.72347826,56.30608696,80,-0.0643,-5.5,0.3913,22.5,0,0.1579,-0.0616,1.0532,200050,0.0309,0.1802,0.6452
202001,77632,"orange, tx",5564,7351,235,-4836,50.245013,49.18213817,51.30788874,85.5,0.14,10.5,0.3359,21.5,0,0.5133,-0.1934,0.9828,194050,0.0292,0.2519,0.6467
202001,77630,"orange, tx",3921,6190,289,-2244,55.811305,68.36220581,43.26040444,71,0.0923,6,0.0597,4,-14.5,0.4112,-0.1564,0.8678,148266,0.0055,0.1611,0.4941
201912,77630,"orange, tx",3921,6479,1103,-346,56.1826,71.00893152,41.35626861,65,0.0317,2,-0.1772,-14,-14,-0.0776,-0.2465,0.8106,147450,-0.1066,0.1227,0.4914
201912,77632,"orange, tx",5564,7586,-410,-4939,50.578895,56.54647701,44.61131326,75,0.1719,11,0.25,15,-4,-0.1032,-0.311,0.8561,188550,-0.0333,0.1781,0.6284
201911,77632,"orange, tx",5564,7176,28,-3935,53.827872,58.1278915,49.52785348,64,0.024,1.5,0.0159,1,-6,-0.0803,-0.3571,0.9265,195050,0.0209,0.2003,0.6311
201911,77630,"orange, tx",3921,7582,649,-1044,51.898092,60.01014006,43.78604474,63,-0.0455,-3,-0.1923,-15,-7,-0.1008,-0.2564,0.8529,165050,-0.0756,0.2043,0.534
202006,77445,"hempstead, tx",8017,11968,-1352,-1696,18.689886,33.80209851,3.577674147,84.5,0.3203,20.5,0.9205,40.5,13,0.2308,0.1852,0.2883,305050,0.0517,0.5403,0.8931
202005,77445,"hempstead, tx",8017,10616,1333,-1847,30.351833,57.29859833,3.405068668,64,-0.1233,-9,0.8286,29,-7,0.0833,-0.1475,0.2921,290050,0.0017,0.4645,0.8791
202004,77445,"hempstead, tx",8017,11949,766,-466,21.36536,37.98988622,4.740834387,73,-0.2022,-18.5,0.0429,3,11,0.1163,-0.4783,0.3333,289550,0.0928,0.462,0.9047
202003,77445,"hempstead, tx",8017,12715,-1419,-990,15.65936,27.68401149,3.634708313,91.5,0.1438,11.5,0.1296,10.5,32,-0.2321,-0.5,0.2848,264950,0.06,0.3378,0.8279
202002,77445,"hempstead, tx",8017,11296,-2067,598,26.50087,48.72347826,4.27826087,80,0.2214,14.5,-0.2453,-26,0,-0.0175,-0.3488,0.2979,249950,-0.0196,0.1978,0.8061
202001,77445,"hempstead, tx",8017,9229,1414,1452,40.220167,75.76092208,4.679411968,65.5,-0.0839,-6,-0.2919,-27,-20,0.2128,-0.43,0.3276,254950,0.0849,0.1666,0.8497
201912,77445,"hempstead, tx",8017,10643,3990,594,34.052266,61.47535561,6.629176315,71.5,-0.3559,-39.5,-0.1782,-15.5,-7.5,-0.0208,-0.3472,0.3561,235000,-0.0564,0.1821,0.7833
201911,77445,"hempstead, tx",8017,14633,194,-3565,11.664237,17.16838836,6.160086191,111,0.0521,5.5,0.6444,43.5,41,-0.0588,-0.1724,0.3529,249050,-0.0036,0.2736,0.8058
