resources/dan/dan_cleanup/RDC_Inventory_Hotness_Metrics_Zip_History_TEXAS.csv
month_date_yyyymm,postal_code,zip_name,nielsen_hh_rank,hotness_rank,hotness_rank_mm,hotness_rank_yy,hotness_score,supply_score,demand_score,median_days_on_market,median_days_on_market_mm,median_dom_mm_day,median_days_on_market_yy,median_dom_yy_day,median_dom_vs_us,ldpviews_per_property_mm,ldpviews_per_property_yy,ldpviews_per_property_vs_us,median_listing_price,median_listing_price_mm,median_listing_price_yy,median_listing_price_vs_us
202006,77545,"fresno, tx",6435,6665,147,3845,51.216846,85.47070825,16.96298455,37,-0.1957,-9,-0.1778,-8,-34.5,0.1204,1.3269,0.545,238800,0.0426,0.0565,0.6991
202005,77545,"fresno, tx",6435,6812,1020,2116,52.07065,81.79243947,22.34886026,46,-0.0108,-0.5,0.3731,12.5,-25,0.2414,1.2041,0.6067,229050,0.0292,-0.0039,0.6941
202004,77545,"fresno, tx",6435,7832,1352,2608,46.864026,72.55232476,21.17572693,46.5,-0.07,-3.5,0,0,-15.5,0.1447,0.5536,0.6042,222550,0.0114,-0.0173,0.6953
202003,77545,"fresno, tx",6435,9184,-838,4617,38.721199,62.61642972,14.82596821,50,0.0417,2,-0.5614,-64,-9.5,-0.0256,0.52,0.5033,220050,0,-0.0756,0.6876
202002,77545,"fresno, tx",6435,8346,-1593,3820,44.393043,78.56,10.22608696,48,0.0105,0.5,-0.4754,-43.5,-32,-0.0714,0.625,0.4149,220050,0.0053,-0.0812,0.7097
202001,77545,"fresno, tx",6435,6753,99,4786,53.247291,92.92566775,13.56891435,47.5,0.0106,0.5,-0.4277,-35.5,-38,0.2923,0.9091,0.4828,218880,-0.0023,-0.0906,0.7294
201912,77545,"fresno, tx",6435,6852,1345,3062,54.217665,92.98048296,15.45484618,47,-0.0408,-2,-0.1897,-11,-32,-0.0714,1.3214,0.4924,219380,-0.012,-0.0974,0.7312
201911,77545,"fresno, tx",6435,8197,857,265,49.119082,81.72888016,16.50928449,49,0.0426,2,0.5313,17,-21,0.0294,1.3333,0.5147,222050,-0.0182,-0.0895,0.7184
202006,7739,"little silver, nj",12672,1117,1860,3825,85.835034,91.4893617,80.18070533,31.5,-0.4057,-21.5,-0.4375,-24.5,-40,0.5435,0.775,1.5991,925800,0.1645,0.1087,2.7107
202005,7739,"little silver, nj",12672,2977,3176,2265,71.846241,73.03553731,70.65694464,53,-0.209,-14,-0.0093,-0.5,-18,0.2849,0.055,1.2921,795050,-0.0364,0.0325,2.4098
202004,7739,"little silver, nj",12672,6153,-1818,-1145,55.752212,44.26885799,67.23556679,67,0.1858,10.5,0.2072,11.5,5,-0.2251,-0.2318,1.2431,825050,-0.0294,-0.0283,2.5781
202003,7739,"little silver, nj",12672,4335,-3692,-721,65.435255,53.44912109,77.42138805,56.5,0.7656,24.5,0.066,3.5,-3,-0.3511,0.0043,1.5298,850050,0,0.0911,2.6567
202002,7739,"little silver, nj",12672,643,4663,864,90.53913,92.20173913,88.87652174,32,-0.6684,-64.5,-0.1579,-6,-48,0.2852,0.7033,1.8936,850050,1.00E-04,0.1083,2.7419
202001,7739,"little silver, nj",12672,5306,290,-914,60.311271,37.77348333,82.84905791,96.5,0.1156,10,0.1287,11,11,0.4656,0.1542,1.592,849950,-0.0514,0.0967,2.833
201912,7739,"little silver, nj",12672,5596,-128,1755,60.251406,41.87231227,78.6304995,86.5,0.291,19.5,-0.1082,-10.5,7.5,0.0988,0.2115,1.4318,896050,0.0542,0.1214,2.9872
201911,7739,"little silver, nj",12672,5468,-2557,654,62.000127,53.13391216,70.86634134,67,0.3267,16.5,-0.1728,-14,-3,-0.1357,-0.0115,1.2647,849950,0.046,0.0441,2.7505
202006,77551,"galveston, tx",6367,9749,-938,-1487,34.064413,27.84902361,40.27980181,92.5,0.1709,13.5,0.4231,27.5,21,0.1962,0.26,0.8514,199250,0.001,-0.1301,0.5833
202006,77550,"galveston, tx",4247,9479,-632,780,35.765812,32.57796561,38.95365783,86,0.1316,10,0.2113,15,14.5,0.25,0.5164,0.8333,330050,0.0154,0.1037,0.9663
202006,77554,"galveston, tx",9273,8830,235,2087,39.554795,29.21160012,49.89798892,90.5,0.1603,12.5,0.0774,6.5,19,0.4662,0.6953,0.9775,483050,0.0757,0.1245,1.4143
202005,77550,"galveston, tx",4247,8847,-922,411,41.38822,41.70324225,41.07319836,76,0.1343,9,0.216,13.5,5,0.0882,0.0571,0.8315,325050,0.0172,0.0888,0.9851
202005,77554,"galveston, tx",9273,9065,209,2539,40.000708,38.87866346,41.12275237,78,0.1556,10.5,0.04,3,7,0.3704,0.3578,0.8315,449050,0,0.0275,1.361
202005,77551,"galveston, tx",6367,8811,1296,733,41.604134,37.75307943,45.45518901,79,0.0464,3.5,0.2061,13.5,8,0.5048,0.1286,0.8876,199050,0.0247,-0.0829,0.6032
202004,77554,"galveston, tx",9273,9274,338,1091,38.460458,43.67186403,33.24905183,67.5,0.1441,8.5,0.0547,3.5,5.5,0.1868,-0.0357,0.75,449050,-0.0207,0.0951,1.4031
202004,77551,"galveston, tx",6367,10107,-696,-554,33.421127,35.45441776,31.38783537,75.5,0.208,13,0.1185,8,13.5,0.0096,-0.2336,0.7292,194250,-0.0445,-0.0752,0.6069
202004,77550,"galveston, tx",4247,7925,1214,1134,46.32322,44.26885799,48.37758112,67,0.0388,2.5,0.1074,6.5,5,0.1826,0.0226,0.9444,319550,0.083,0.083,0.9984
202003,77554,"galveston, tx",9273,9612,1289,-408,36.245535,50.15757406,22.33349674,59,-0.3723,-35,-0.0781,-5,-0.5,-0.1415,-0.1875,0.6026,458550,-0.0347,0.1462,1.433
202003,77551,"galveston, tx",6367,9411,2,-2411,37.397577,45.80152672,28.993627,62.5,-0.247,-20.5,0.0776,4.5,3,-0.1875,-0.2239,0.6887,203295,-0.0322,-0.074,0.6352
202003,77550,"galveston, tx",4247,9139,-446,-1701,38.976819,43.78457875,34.16905946,64.5,-0.2412,-20.5,0.1121,6.5,5,-0.2434,-0.1154,0.7616,295050,0.0172,0.0176,0.922
202002,77550,"galveston, tx",4247,8693,424,-904,42.205217,44.77913043,39.63130435,85,-0.071,-6.5,0,0,5,0.078,0.034,0.8085,290050,0.0175,0.0376,0.9355
202002,77551,"galveston, tx",6367,9413,1408,-3584,38.309565,46.81043478,29.80869565,83,-0.1863,-19,0.2672,17.5,3,0.0847,-0.1351,0.6809,210050,-0.0233,-0.0562,0.6774
202002,77554,"galveston, tx",9273,10901,1017,-899,28.96,37.00173913,20.91826087,94,-0.2101,-25,-0.0157,-1.5,14,-0.0619,-0.0783,0.5638,475050,0.027,0.204,1.5323
202001,77551,"galveston, tx",6367,10821,-138,-2295,30.674995,33.14238388,28.20760577,102,0.0909,8.5,0.0625,6,16.5,0.2688,-0.2387,0.6782,215050,0.0118,-0.0171,0.7167
202001,77554,"galveston, tx",9273,11918,987,-1241,23.51439,21.19538961,25.83339085,119,0.0128,1.5,0.1333,14,33.5,0.527,-0.0738,0.6494,462549.5,0,0.1212,1.5417
202001,77550,"galveston, tx",4247,9117,-1133,28,40.806819,42.65994893,38.95368901,91.5,0.2119,16,-0.1117,-11.5,6,0.3056,-0.0844,0.8103,285050,-0.0068,0.0575,0.95
201912,77551,"galveston, tx",6367,10683,664,-1660,33.873635,34.74694013,33.0003308,93.5,0.1687,13.5,0.0747,6.5,14.5,0.0568,-0.1389,0.7045,212550,0.0366,0.0625,0.7085
201912,77550,"galveston, tx",4247,7984,2798,3263,48.812438,55.70625207,41.91862388,75.5,-0.0793,-6.5,-0.3136,-34.5,-3.5,0.08,0.102,0.8182,287000,-0.0368,0.0438,0.9567
201912,77554,"galveston, tx",9273,12905,220,-492,19.900761,18.88190539,20.91961628,117.5,0.1634,16.5,0.0682,7.5,38.5,-0.0513,-0.0263,0.5606,462550,0.0054,0.0882,1.5419
201911,77554,"galveston, tx",9273,13125,-542,139,21.636352,21.85182838,21.42087585,101,0.0978,9,-0.1022,-11.5,31,-0.1613,0.0263,0.5735,460050,-0.0053,0.09,1.4887
201911,77551,"galveston, tx",6367,11347,-751,-1465,32.489385,37.95551049,27.02325876,80,0.1268,9,0.0959,7,10,-0.102,0,0.6471,205050,-0.0144,-0.0097,0.6634
201911,77550,"galveston, tx",4247,10782,-252,1120,35.534571,36.59927752,34.46986501,82,0.025,2,-0.1458,-14,12,-0.1304,0.1765,0.7353,297950,-0.0037,0.0754,0.9641
202006,77514,"anahuac, tx",15976,12820,20,2305,11.479889,22.39143107,0.568347421,100.5,0.1044,9.5,-0.33,-49.5,29,-0.0278,-0.4697,0.1577,243040,0.0041,-0.0122,0.7115
202005,77514,"anahuac, tx",15976,12840,-904,2131,14.31757,27.4387654,1.196375478,91,0.2727,19.5,-0.3851,-57,20,-0.1628,-0.3684,0.2022,242040,0.0192,-0.032,0.7335
202004,77514,"anahuac, tx",15976,11936,-1520,1663,21.481247,39.41564827,3.546846467,71.5,0.402,20.5,-0.3673,-41.5,9.5,0.303,-0.411,0.2986,237472.5,-0.0072,0.0212,0.7419
202003,77514,"anahuac, tx",15976,10416,-1558,2185,31.322221,60.99166608,1.652776805,51,0.1333,6,-0.495,-50,-8.5,-0.2826,-0.3889,0.2185,239197,-0.0347,0.2586,0.7475
202002,77514,"anahuac, tx",15976,8858,-1531,2426,41.398261,80.45913043,2.337391304,45,0.0588,2.5,-0.5082,-46.5,-35,-0.2203,-0.4103,0.2447,247800,-0.0036,0.1261,0.7992
202001,77514,"anahuac, tx",15976,7327,3366,1486,50.376147,95.57595417,5.176340672,42.5,-0.4097,-29.5,-0.375,-25.5,-43,0.2292,-0.2805,0.3391,248685,-0.0205,-0.0055,0.8288
201912,77514,"anahuac, tx",15976,10693,1672,889,33.824016,60.75421766,6.893814092,72,-0.0649,-5,-0.122,-10,-7,-0.2,-0.1429,0.3636,253900,0.1282,0.0577,0.8463
201911,77514,"anahuac, tx",15976,12365,378,2918,26.227898,41.5488941,10.90690158,77,0.0845,6,-0.4232,-56.5,7,0.1538,0.3333,0.4412,225050,0.0804,-0.0623,0.7282
202006,77474,"sealy, tx",8375,11245,609,-3367,24.019965,33.80209851,14.23783154,84.5,-0.0398,-3.5,0.837,38.5,13,0.2727,0.0769,0.5045,297050,0.0421,0.1207,0.8696
202005,77474,"sealy, tx",8375,11854,-194,-1519,21.640946,29.26518477,14.01670678,88,0.1429,11,0.5856,32.5,17,0.2754,-0.102,0.4944,285050,0.057,0.0755,0.8639
202004,77474,"sealy, tx",8375,11660,-112,-3016,23.296811,34.33768788,12.25593482,77,-0.0494,-4,0.5248,26.5,15,-0.1154,-0.425,0.4792,269685,-0.0539,0.1854,0.8426
202003,77474,"sealy, tx",8375,11548,-1292,-1603,24.056306,32.3131872,15.79942573,81,0,0,0.1096,8,21.5,-0.2353,-0.2778,0.5166,285050,0.0595,0.0364,0.8908
202002,77474,"sealy, tx",8375,10256,-93,-350,33.297391,47.62434783,18.97043478,81,-0.0743,-6.5,-0.19,-19,1,-0.0467,-0.184,0.5426,269050,0.0287,-0.0218,0.8677
202001,77474,"sealy, tx",8375,10163,1088,1683,34.954103,46.97356615,22.93464007,87.5,-0.1162,-11.5,-0.3728,-52,2,0.1889,-0.1832,0.6149,261550,0,-0.0165,0.8717
201912,77474,"sealy, tx",8375,11251,927,2205,30.453192,30.11577903,30.79060536,99,-0.0388,-4,-0.2826,-39,20,-0.1,0.1538,0.6818,261550,-0.128,0.046,0.8718
201911,77474,"sealy, tx",8375,12178,1179,1534,27.441536,20.83148488,34.05158755,103,0.0148,1.5,-0.1452,-17.5,33,0.1364,0.3699,0.7353,299950,-0.0126,0.1673,0.9706
202006,7728,"freehold, nj",576,4526,1658,233,62.525503,38.31244535,86.73856019,79,-0.0247,-2,0.549,28,7.5,0.6585,1.2418,1.8378,479050,0.1975,0.0668,1.4026
202005,7728,"freehold, nj",576,6184,-1656,-2692,55.206711,35.23290387,75.18051819,81,0.3613,21.5,0.8202,36.5,10,0.2362,0.0696,1.382,400049,-0.1009,-0.0631,1.2125
202004,7728,"freehold, nj",576,4528,-1315,-1783,64.169827,53.84885518,74.49079927,59.5,0.266,12.5,0.4167,17.5,-2.5,-0.1233,-0.1911,1.3819,444950,-0.038,0.053,1.3903
202003,7728,"freehold, nj",576,3213,-2417,-1374,71.881784,67.15456264,76.60900623,47,0.3429,12,0.0444,2,-12.5,-0.3401,-0.1466,1.5033,462550,-0.0263,0.1012,1.4455
202002,7728,"freehold, nj",576,796,1184,1292,88.963478,90.33043478,87.59652174,35,-0.5,-35,-0.4355,-27,-45,0.1097,0.3231,1.8298,475050,0.0151,0.1191,1.5323
202001,7728,"freehold, nj",576,1980,805,-18,78.959901,69.81848299,88.10131824,70,0.037,2.5,-0.0141,-1,-15.5,0.5196,0.0954,1.7816,467999.5,0.04,0.101,1.5599
201912,7728,"freehold, nj",576,2785,737,-663,75.266292,67.33046642,83.2021171,67.5,0.0714,4.5,0.0385,2.5,-11.5,-0.0377,-0.0097,1.5455,450000,1.00E-04,0.0464,1.5001
201911,7728,"freehold, nj",576,3522,676,-1362,71.690221,60.01014006,83.3703023,63,0,0,0.0957,5.5,-7,-0.0093,-0.0185,1.5588,449950,-0.0528,0.0168,1.456
202006,77640,"port arthur, tx",6673,11104,-974,-3250,24.985427,27.18595162,22.78490236,93.5,0.2303,17.5,0.5847,34.5,22,0.2193,-0.0211,0.6261,155050,0.1481,0.2118,0.4539
202006,77642,"port arthur, tx",2529,5067,3953,1308,59.592684,70.21276596,48.97260274,48.5,-0.5245,-53.5,-0.0849,-4.5,-23,0.0969,0.4145,0.9685,186000,0.0161,0.2396,0.5445
202005,77640,"port arthur, tx",6673,10130,-765,-1274,33.332153,41.70324225,24.9610647,76,0.078,5.5,0.2459,15,5,0.0179,-0.2192,0.6404,135050,-0.0178,0,0.4092
202005,77642,"port arthur, tx",2529,9020,-2150,-755,40.326349,20.5082826,60.14441455,102,0.4468,31.5,0.5814,37.5,31,0.1529,0.1529,1.1011,183050,-0.0237,0.2406,0.5547
202004,77640,"port arthur, tx",6673,9365,-952,-3471,37.842394,40.3708386,35.31394859,70.5,0.2589,14.5,0.5161,24,8.5,0,-0.2821,0.7778,137500,0.0181,0.0181,0.4295
202004,77642,"port arthur, tx",2529,6870,-1388,2465,52.092991,40.3708386,63.81514258,70.5,0.2936,16,0.1102,7,8.5,-0.0659,0.2782,1.1806,187500,-0.0743,0.2927,0.5858
202003,77642,"port arthur, tx",2529,5482,-1085,-817,59.443939,55.80923034,63.07864696,54.5,-0.1742,-11.5,0.2386,10.5,-5,-0.2353,0.4,1.2053,202550,0.013,0.3612,0.6329
202003,77640,"port arthur, tx",6673,8413,-3715,-1316,43.353876,54.0163877,32.69136494,56,0.5556,20,-0.125,-8,-3.5,-0.2432,-0.3171,0.7417,135050,0,0.0392,0.4219
202002,77640,"port arthur, tx",6673,4698,1192,1277,63.41913,89.04347826,37.79478261,36,-0.4375,-28,-0.5263,-40,-44,0.0803,-0.119,0.7872,135050,0.0189,-0.0994,0.4355
202002,77642,"port arthur, tx",2529,4397,4068,-72,65.005217,61.61391304,68.39652174,66,-0.3016,-28.5,0.1,6,-14,0.4337,0.4083,1.266,199950,0.0805,0.3326,0.6448
202001,77642,"port arthur, tx",2529,8465,1778,-4393,44.450963,39.80260888,49.09931672,94.5,0.0385,3.5,0.4,27,9,0.6939,-0.0674,0.954,185050,0.0097,0.2333,0.6167
202001,77640,"port arthur, tx",6673,5890,1330,-2651,57.295189,77.72793153,36.86244737,64,-0.0229,-1.5,0.0407,2.5,-21.5,0.4271,-0.2554,0.7874,132550,-0.0467,-0.0698,0.4417
201912,77642,"port arthur, tx",2529,10243,-2565,-2592,36.500165,37.16175984,35.83857096,91,0.3788,25,0.1375,11,12,-0.2097,-0.1695,0.7424,183269,0.1104,0.2222,0.6108
201912,77640,"port arthur, tx",6673,7220,1581,-1620,52.394972,70.23486603,34.55507774,65.5,-0.0643,-4.5,-0.0775,-5.5,-13.5,-0.1579,-0.2727,0.7273,139050,0.0296,0.1583,0.4634
201911,77640,"port arthur, tx",6673,8801,1384,-1372,46.092908,49.97148108,42.21433551,70,0.0145,1,0.2069,12,0,0.1176,0.1633,0.8382,135050,0,-0.1284,0.4369
201911,77642,"port arthur, tx",2529,7678,-1884,-645,51.476646,54.77533431,48.17795805,66,0.3069,15.5,-0.0294,-2,-4,-0.0462,-0.008,0.9118,165050,0.0856,0.1498,0.534
202006,77963,"goliad, tx",11808,11301,943,2355,23.619207,36.25036433,10.98805013,81.5,-0.1768,-17.5,-0.1684,-16.5,10,0.0978,0.1744,0.455,399944.5,-0.0364,0.8598,1.1709
202005,77963,"goliad, tx",11808,12244,1010,1188,18.717259,22.28514795,15.14936996,99,-0.4748,-89.5,0.082,7.5,28,0.122,0.122,0.5169,415050,0.1263,0.824,1.258
202004,77963,"goliad, tx",11808,13254,338,-195,11.736199,4.895350471,18.57704734,188.5,0.1088,18.5,0.625,72.5,126.5,0.2239,-0.1458,0.5694,368500,0.0557,0.4176,1.1514
202003,77963,"goliad, tx",11808,13592,-458,-1421,8.715596,6.576090763,10.8551019,170,0.25,34,0.6038,64,110.5,-0.2209,-0.3163,0.4437,349050,-0.0565,0.2034,1.0908
202002,77963,"goliad, tx",11808,13134,25,-3775,13.387826,14.16347826,12.61217391,136,-0.1053,-16,0.679,55,56,-0.1313,-0.2037,0.4574,369950,0.052,0.1559,1.1932
202001,77963,"goliad, tx",11808,13159,491,-121,14.183173,9.151770309,19.21457658,152,0.1559,20.5,-0.053,-8.5,66.5,0.5,-0.1161,0.569,351650,-0.0495,-0.1099,1.172
201912,77963,"goliad, tx",11808,13650,-318,-925,14.429375,13.09956996,15.75917962,131.5,0.315,31.5,0.1435,16.5,52.5,-0.1081,-0.1316,0.5,369950,0.1098,-0.0821,1.2332
201911,77963,"goliad, tx",11808,13332,-1278,618,20.308638,22.46656949,18.15070664,100,0.3605,26.5,-0.1489,-17.5,30,-0.0133,0.1212,0.5441,333350,-0.0063,-0.1562,1.0786
202006,77372,"splendora, tx",9332,9645,55,675,34.738414,58.14631303,11.33051588,58.5,-0.0714,-4.5,0.125,6.5,-13,0.186,0.275,0.4595,206618,-0.0285,-0.0135,0.6048
202005,77372,"splendora, tx",9332,9700,1592,1227,36.135495,59.06838454,13.20260513,63,-0.1127,-8,0.156,8.5,-8,0.2647,0.0488,0.4831,212690,0.0113,0.0153,0.6446
202004,77372,"splendora, tx",9332,11292,-527,-793,25.891979,39.93538418,11.84857424,71,0.1736,10.5,0.2566,14.5,9,0.0625,-0.1905,0.4722,210307,0.0024,0.015,0.6571
202003,77372,"splendora, tx",9332,10765,-2556,30,29.095175,48.30870509,9.881644373,60.5,0.3444,15.5,-0.1357,-9.5,1,-0.1579,-0.2195,0.4238,209799.5,-0.0611,-0.0011,0.6556
202002,77372,"splendora, tx",9332,8209,-784,1796,45.088696,80.45913043,9.71826087,45,-0.1509,-8,-0.4079,-31,-35,-0.013,-0.0843,0.4043,223445,-0.0215,0.0527,0.7206
202001,77372,"splendora, tx",9332,7425,861,1438,49.934433,89.0123542,10.85651184,53,-0.124,-7.5,-0.2319,-16,-32.5,0.1667,-0.0723,0.4425,228343,-0.0074,0.068,0.761
201912,77372,"splendora, tx",9332,8286,1166,-237,47.108832,78.11445584,16.10320873,60.5,0.0431,2.5,0.1863,9.5,-18.5,-0.1081,0.2222,0.5,230050,0.0222,0.0454,0.7668
201911,77372,"splendora, tx",9332,9452,-624,-1894,42.645288,66.71525445,18.57532163,58,0.2889,13,0.7313,24.5,-12,0.0882,0.3962,0.5441,225050,0.0514,0.0227,0.7282
201910,77372,"splendora, tx",9332,8828,252,1392,47.23521,80.74932984,13.72108971,45,0,0,-0.2174,-12.5,-21,0.0462,0.0625,0.4823,214050,0.0207,-0.042,0.6861
