resources/dan/dan_cleanup/RDC_Inventory_Hotness_Metrics_Zip_History_TEXAS.csv
month_date_yyyymm,postal_code,zip_name,nielsen_hh_rank,hotness_rank,hotness_rank_mm,hotness_rank_yy,hotness_score,supply_score,demand_score,median_days_on_market,median_days_on_market_mm,median_dom_mm_day,median_days_on_market_yy,median_dom_yy_day,median_dom_vs_us,ldpviews_per_property_mm,ldpviews_per_property_yy,ldpviews_per_property_vs_us,median_listing_price,median_listing_price_mm,median_listing_price_yy,median_listing_price_vs_us
202006,77378,"willis, tx",7734,9249,-881,-318,37.241329,62.59108132,11.8915768,54.5,-0.0268,-1.5,0.2976,12.5,-17,0.04,0.4444,0.4685,234550,-0.0021,0.2277,0.6866
202006,77318,"willis, tx",7030,11157,-754,1924,24.606529,42.58962402,6.623433401,75,0.1538,10,0.0714,5,3.5,0.1714,0.2813,0.3694,299500,0.0507,0.0015,0.8768
202005,77378,"willis, tx",7734,8368,1173,778,44.110151,69.34730285,18.87300014,56,-0.0345,-2,0.2444,11,-15,0.25,0.0989,0.5618,235050,0,0.2144,0.7123
202005,77318,"willis, tx",7030,10403,623,1838,31.778281,55.66331587,7.893246496,65,0.0078,0.5,0.0744,4.5,-6,0.1864,0.0938,0.3933,285050,-0.0404,-0.0314,0.8639
202004,77318,"willis, tx",7030,11026,-486,-1157,27.581121,46.97288945,8.189352437,64.5,0.1416,8,0.4176,19,2.5,0.0351,-0.1324,0.4097,297045,0.0423,0.0225,0.9281
202004,77378,"willis, tx",7734,9541,-1655,762,36.802922,55.92077539,17.68506813,58,0.3647,15.5,0.0265,1.5,-4,-0.0476,-0.1304,0.5556,235050,0.0612,0.2051,0.7344
202003,77378,"willis, tx",7734,7886,-643,1520,46.330275,74.01078507,18.64976539,42.5,0.0625,2.5,-0.1981,-10.5,-17,-0.087,-0.1064,0.5563,221500,-0.0351,0.1072,0.6921
202003,77318,"willis, tx",7030,10540,429,-182,30.495833,53.44912109,7.542544996,56.5,-0.3193,-26.5,-0.0088,-0.5,-3,-0.2692,-0.0806,0.3775,285000,0.0656,-0.0164,0.8906
202002,77318,"willis, tx",7030,10969,315,-15,28.563478,46.81043478,10.31652174,83,-0.0674,-6,-0.0292,-2.5,3,0.04,0.0263,0.4149,267450,-0.0078,-0.0864,0.8626
202002,77378,"willis, tx",7734,7243,686,3171,50.295652,85.43304348,15.15826087,40,-0.4161,-28.5,-0.5,-40,-40,-0.1402,0.15,0.4894,229550,0.1162,0.2015,0.7403
202001,77378,"willis, tx",7734,7929,1214,101,47.29795,71.65435848,22.94154186,68.5,-0.0352,-2.5,0.0873,5.5,-17,0.3896,0.2299,0.6149,205657.5,0.0709,0.1266,0.6854
202001,77318,"willis, tx",7030,11284,315,-825,27.779695,45.39995859,10.15943129,89,0.0595,5,0.1125,9,3.5,0.2931,-0.0132,0.431,269550,-0.0371,-0.0491,0.8983
201912,77378,"willis, tx",7734,9143,2983,-173,42.308965,62.31558055,22.30234866,71,-0.2198,-20,0.0758,5,-8,-0.125,0.1,0.5833,192050,-0.0629,0.0666,0.6401
201912,77318,"willis, tx",7030,11599,432,-872,28.233543,44.59146543,11.87562024,84,0.0769,6,0.0633,5,5,-0.1714,-0.1212,0.4394,279950,0.0178,-0.0179,0.9332
201911,77318,"willis, tx",7030,12031,-674,16,28.499905,40.22434882,16.77546106,78,0.1471,10,0.0196,1.5,8,-0.0909,0.25,0.5147,275050,8.00E-04,-0.0561,0.89
201911,77378,"willis, tx",7734,12126,-2044,-1933,27.89467,29.13365866,26.6556816,91,0.3094,21.5,0.4219,27,21,-0.1538,0.3333,0.6471,204950,-0.0989,0.0928,0.6631
201910,77378,"willis, tx",7734,10082,-1138,-760,40.331027,46.43102051,34.23103298,69.5,0.2991,16,0.2991,16,3.5,0.1556,0.4648,0.7376,227450,0.1133,0.1968,0.7291
202006,77498,"sugar land, tx",1178,9728,-467,-333,34.199213,44.49868843,23.89973769,72.5,0.0357,2.5,0.6477,28.5,1,0.1833,0.9722,0.6396,302300,0.0126,-0.025,0.885
202006,77478,"sugar land, tx",4235,9532,-27,2258,35.434276,58.62722238,12.24132906,58,-0.0794,-5,0.0357,2,-13.5,0.1413,0.8103,0.473,375049.5,-0.0132,-0.0385,1.098
202006,77479,"sugar land, tx",72,8849,948,2148,39.434567,66.03759837,12.831536,51.5,-0.1953,-12.5,0.051,2.5,-20,0.2442,0.9815,0.482,449775,-3.00E-04,-6.00E-04,1.3168
202005,77479,"sugar land, tx",72,9797,-320,1615,35.416962,57.29859833,13.53532493,64,0.1429,8,0.219,11.5,-7,0.1316,0.3871,0.4831,449930,0.0014,-0.0177,1.3637
202005,77478,"sugar land, tx",4235,9505,-191,1962,37.399122,59.06838454,15.72985983,63,0.125,7,0.115,6.5,-8,0.15,0.2603,0.5169,380049,-0.0129,-0.0476,1.1519
202005,77498,"sugar land, tx",1178,9261,-30,1865,38.698145,49.30624381,28.09004672,70,0.1667,10,0.2963,16,-1,0.3043,0.6,0.6742,298550,-0.0355,-0.0744,0.9048
202004,77479,"sugar land, tx",72,9477,-276,1324,37.168142,58.60373648,15.73254671,56,0.1546,7.5,0.0566,3,-6,0.0857,0.1176,0.5278,449300,0.0028,-0.0121,1.4039
202004,77478,"sugar land, tx",4235,9314,-600,-207,38.193567,58.60373648,17.78339654,56,0.2444,11,0.3023,13,-6,0.1111,0.0127,0.5556,384999.5,-0.0304,-0.0352,1.203
202004,77498,"sugar land, tx",1178,9231,251,90,38.737885,53.26590813,24.20986094,60,0.0714,4,0.2121,10.5,-2,0.0698,-0.0213,0.6389,309550,-0.0026,-0.0733,0.9672
202003,77479,"sugar land, tx",72,9201,868,1243,38.612648,64.88549618,12.33979971,48.5,-0.3701,-28.5,-0.178,-10.5,-11,-0.2708,0.0294,0.4636,448047.5,0.0418,-0.0154,1.4002
202003,77478,"sugar land, tx",4235,8714,463,268,41.491001,70.0119056,12.97009595,45,-0.2742,-17,-0.1,-5,-14.5,-0.1628,-0.1628,0.4768,397050,0.0179,-0.0659,1.2408
202003,77498,"sugar land, tx",1178,9482,276,-1650,36.921353,54.0163877,19.82631837,56,-0.2113,-15,0.1429,7,-3.5,-0.0652,-0.1042,0.5695,310350,-0.0149,-0.0846,0.9698
202002,77479,"sugar land, tx",72,10069,-516,-51,34.431304,51.87478261,16.98782609,77,-0.0253,-2,0.0621,4.5,-3,-0.0204,0.2632,0.5106,430050,-0.0114,-0.0433,1.3871
202002,77498,"sugar land, tx",1178,9758,-2232,-3054,36.365217,57.36347826,15.36695652,71,0.0441,3,0.3396,18,-9,-0.193,-0.1481,0.4894,315050,0.0328,-0.0596,1.0161
202002,77478,"sugar land, tx",4235,9177,308,-220,39.68,66.32347826,13.03652174,62,-0.2393,-19.5,0.0248,1.5,-18,-0.1963,0.1169,0.4574,390049,0.0641,-0.1343,1.2581
202001,77478,"sugar land, tx",4235,9485,974,172,38.781144,54.52412175,23.03816689,81.5,0.0252,2,0.0795,6,-4,0.4658,0.2892,0.6149,366550,-0.0133,-0.156,1.2217
202001,77498,"sugar land, tx",1178,7526,1039,1319,49.361585,72.39975154,26.32341777,68,-0.0685,-5,-0.0872,-6.5,-17.5,0.2527,0.1515,0.6552,305050,-0.0057,-0.0976,1.0167
202001,77479,"sugar land, tx",72,9553,65,957,38.367037,57.58161364,19.15246049,79,0.1286,9,-0.0424,-3.5,-6.5,0.5077,0.2099,0.5632,434995,-0.017,-0.0326,1.4498
201912,77479,"sugar land, tx",72,9618,1220,2036,39.745286,63.86371154,15.62686073,70,0.0606,4,-0.1765,-15,-9,-0.0441,0.1207,0.4924,442500,-0.0055,-0.0146,1.4751
201912,77478,"sugar land, tx",4235,10459,738,-53,35.183592,50.03638769,20.33079722,79.5,0.1357,9.5,0.0461,3.5,0.5,0.0429,0.1061,0.553,371500,-0.0095,-0.126,1.2384
201912,77498,"sugar land, tx",1178,8565,2200,-947,45.666556,59.60965928,31.72345352,73,0.0429,3,0.1967,12,-6,0.1667,0.1375,0.6894,306800,0.0242,-0.0843,1.0227
201911,77479,"sugar land, tx",72,10838,1156,529,35.236707,54.77533431,15.69807973,66,-0.0222,-1.5,-0.0149,-1,-4,0.1148,0.36,0.5,444950,-0.0047,0.0067,1.4398
201911,77498,"sugar land, tx",1178,10765,1052,-2443,35.642309,49.97148108,21.31313771,70,0.0145,1,0.3592,18.5,0,0.1304,0.0986,0.5735,299550,0.0187,-0.0639,0.9693
201911,77478,"sugar land, tx",4235,11197,1434,-1283,33.329108,49.97148108,16.68673553,70,-0.1026,-8,0.1966,11.5,0,-0.0141,0.1864,0.5147,375050,-0.0125,-0.0898,1.2136
202006,77447,"hockley, tx",8657,11106,172,2237,24.970854,47.17283591,2.768872049,69.5,-0.0071,-0.5,0.1032,6.5,-2,0.3409,0.6389,0.2658,293420.5,0.0117,0.193,0.859
202005,77447,"hockley, tx",8657,11278,-884,-139,25.753929,49.30624381,2.201614045,70,0.3084,16.5,0.5217,24,-1,0.4194,0.2571,0.2472,290040,0.0582,0.1988,0.879
202004,77447,"hockley, tx",8657,10394,-1330,-126,31.675797,62.01713724,1.334457087,53.5,0.321,13,0.2299,10,-8.5,-0.1143,-0.2791,0.2153,274092,-0.0369,0.1073,0.8564
202003,77447,"hockley, tx",8657,9064,27,823,39.351495,76.70004902,2.002941382,40.5,-0.19,-9.5,-0.1735,-8.5,-19,-0.3519,-0.1667,0.2318,284600,0.002,0.1389,0.8894
202002,77447,"hockley, tx",8657,9091,133,464,40.149565,76.34782609,3.951304348,50,-0.2248,-14.5,-0.1379,-8,-30,0.0588,-0.0357,0.2872,284040,0.0446,0.1083,0.9161
202001,77447,"hockley, tx",8657,9224,1652,2336,40.240872,77.01704742,3.464697357,64.5,-0.0851,-6,-0.2456,-21,-21,0.5455,-0.0727,0.2931,271922,8.00E-04,0.0302,0.9063
201912,77447,"hockley, tx",8657,10876,297,975,32.636454,63.03010255,2.24280516,70.5,0.1949,11.5,-0.1076,-8.5,-8.5,-0.0294,-0.175,0.25,271692,0.0241,0.0251,0.9056
201911,77447,"hockley, tx",8657,11173,-1432,1083,33.446353,64.7823056,2.110399899,59,0.3563,15.5,-0.1631,-11.5,-11,-0.0556,-0.0811,0.25,265287,-0.0184,0.001,0.8584
201910,77447,"hockley, tx",8657,9741,960,1732,42.456829,82.78785612,2.125802631,43.5,-0.1471,-7.5,-0.25,-14.5,-22.5,-0.2,0.0286,0.2553,270270,0.0296,0.0199,0.8664
202006,77562,"highlands, tx",9279,9631,-751,2283,34.833139,60.47070825,9.195569805,56.5,0.066,3.5,-0.0583,-3.5,-15,0.2368,0.3056,0.4234,204400,0.0783,0.1359,0.5984
202005,77562,"highlands, tx",9279,8880,-285,2572,41.168767,73.03553731,9.301996319,53,0.1277,6,-0.203,-13.5,-18,0.0704,-0.2323,0.427,189550,-0.0011,0.0828,0.5744
202004,77562,"highlands, tx",9279,8595,1646,1799,42.495435,71.94830735,13.04256216,47,-0.1296,-7,-0.1897,-11,-15,0.1833,-0.2755,0.4931,189750,-0.0618,0.0702,0.5928
202003,77562,"highlands, tx",9279,10241,-979,-2217,32.498774,56.55858253,8.438966314,54,-0.0847,-5,0.2,9,-5.5,-0.2308,-0.2308,0.3974,202250,0.0374,0.1554,0.632
202002,77562,"highlands, tx",9279,9262,-1174,-2689,39.109565,68.23652174,9.982608696,59,-0.0084,-0.5,0.4048,17,-21,0.04,-0.1702,0.4149,194950,-0.0066,0.0922,0.6287
202001,77562,"highlands, tx",9279,8088,76,-2451,46.442129,82.89046863,9.993788391,59.5,0.0917,5,0.3523,15.5,-26,0.3889,-0.2788,0.431,196250,0.0067,0.0906,0.654
201912,77562,"highlands, tx",9279,8164,1158,-473,47.717499,85.79556732,9.639431029,54.5,-0.1484,-9.5,-0.1066,-6.5,-24.5,-0.413,-0.325,0.4091,194950,0.0922,0.0894,0.6498
201911,77562,"highlands, tx",9279,9322,-251,-152,43.405793,58.1278915,28.68369352,64,0.0756,4.5,0.0492,3,-6,-0.0891,0.1795,0.6765,178500,0.0869,-0.1008,0.5775
202006,77505,"pasadena, tx",5673,9117,407,-4963,37.820606,59.20285631,16.43835616,57.5,-0.1016,-6.5,1.7381,36.5,-14,0.2396,0.1019,0.536,287500,0.027,0.065,0.8417
202006,77506,"pasadena, tx",4072,9041,-3609,1950,38.337948,62.59108132,14.08481492,54.5,0.2386,10.5,-0.0917,-5.5,-17,-0.1385,0.2444,0.5045,159000,0.0255,0.1861,0.4654
202006,77502,"pasadena, tx",3282,8532,-2420,-275,41.278053,65.5348295,17.0212766,52,0.0612,3,0.2381,10,-19.5,-0.0692,0.4405,0.545,190050,0.0555,0.1882,0.5563
202006,77503,"pasadena, tx",5411,5813,2827,3970,55.683474,82.44680851,28.9201399,39.5,-0.319,-18.5,-0.2404,-12.5,-32,0.5392,0.7444,0.7072,170050,-0.028,-0.028,0.4978
202006,77504,"pasadena, tx",4679,7977,-1086,-2043,44.320169,76.87263189,11.76770621,43.5,0.1154,4.5,0.5,14.5,-28,0.2093,0.1818,0.4685,196040,0,-0.1289,0.5739
202005,77505,"pasadena, tx",5673,9524,-1766,-4218,37.215064,57.29859833,17.13153051,64,0.3474,16.5,0.8028,28.5,-7,0.0549,-0.2836,0.5393,279950,-0.028,0.0032,0.8484
202005,77503,"pasadena, tx",5411,8640,-36,-237,42.641229,65.89975931,19.38269857,58,0.1837,9,0.1717,8.5,-13,0.3247,-0.1639,0.573,174950,0.06,0.0504,0.5302
202005,77506,"pasadena, tx",4072,5432,2982,6173,58.863089,85.53022795,32.19595073,44,-0.2846,-17.5,-0.3759,-26.5,-27,0.1404,0.2621,0.7303,155050,0.0403,0.1532,0.4698
202005,77504,"pasadena, tx",4679,6891,-1255,-3698,51.684836,90.35820473,13.01146821,39,0.56,14,0.4182,11.5,-32,0,-0.4591,0.4831,196040,0.0028,-0.1171,0.5941
202005,77502,"pasadena, tx",3282,6112,1702,547,55.493416,78.62806173,32.35877106,49,-0.0101,-0.5,0.1951,8,-22,0.3684,0.0236,0.7303,180050,0.0227,0.0912,0.5456
202004,77502,"pasadena, tx",3282,7814,-838,204,46.979913,68.15563984,25.80418598,49.5,0.2375,9.5,0.0206,1,-12.5,-0.0206,-0.1441,0.6597,176050,0.0359,0.0935,0.55
202004,77504,"pasadena, tx",4679,5636,1928,3501,58.477314,96.38291895,20.57170951,25,-0.2958,-10.5,-0.6324,-43,-37,0.2113,-0.3857,0.5972,195495,-0.0058,-0.1672,0.6108
202004,77506,"pasadena, tx",4072,8414,-417,1193,43.573536,50.842815,36.30425622,61.5,0.3085,14.5,0.1182,6.5,-0.5,0.1875,0.0755,0.7917,149050,0.0463,0.1041,0.4656
202004,77503,"pasadena, tx",5411,8604,-1076,3316,42.442759,68.94929063,15.936227,49,0.2099,8.5,-0.3333,-24.5,-13,-0.1149,-0.1348,0.5347,165050,-0.0434,0.0361,0.5156
202004,77505,"pasadena, tx",5673,7758,-253,-2840,47.29948,71.12656272,23.47239781,47.5,0.0106,0.5,0.5323,16.5,-14.5,-0.1415,-0.3259,0.6319,288000,0.0103,0.0302,0.8998
202003,77502,"pasadena, tx",3282,6976,-149,1362,51.358639,77.51943413,25.19784299,40,-0.0476,-2,-0.3333,-20,-19.5,-0.1019,0.1023,0.6424,169947,-0.0508,0.0625,0.531
202003,77505,"pasadena, tx",5673,7505,-767,-1307,48.490791,67.15456264,29.8270187,47,0.119,5,-0.0208,-1,-12.5,-0.0364,-0.2206,0.702,285050,0.0035,0.0755,0.8908
202003,77503,"pasadena, tx",5411,7528,-1917,2426,48.410253,76.70004902,20.12045661,40.5,0.2656,8.5,-0.4214,-29.5,-19,-0.2627,-0.13,0.5762,172545,0.0177,0.0781,0.5391
202003,77504,"pasadena, tx",4679,7564,-1806,983,48.161636,83.7593669,12.56390504,35.5,0.4792,11.5,-0.4274,-26.5,-24,-0.3039,-0.4083,0.4702,196640,0.0031,-0.1805,0.6144
202003,77506,"pasadena, tx",4072,7997,-478,1721,45.763009,67.15456264,24.37145458,47,-0.1607,-9,-0.3286,-23,-12.5,-0.2,-0.2727,0.6358,142450,0.0179,0.0548,0.4451
202002,77504,"pasadena, tx",4679,5758,636,3223,57.846957,96.88347826,18.81043478,24,-0.4545,-20,-0.6981,-55.5,-56,0.1591,-0.0893,0.5426,196040,-0.0046,-0.183,0.6322
202002,77506,"pasadena, tx",4072,7519,-1681,-1467,48.862609,71.59652174,26.12869565,56,-0.0427,-2.5,0.037,2,-24,-0.04,-0.0083,0.6383,139950,0.0803,0.0105,0.4513
202002,77502,"pasadena, tx",3282,6827,-679,-1643,52.511304,83.65217391,21.37043478,42,-0.1765,-9,0.0244,1,-38,0.0385,-0.0847,0.5745,179050,0,0.1933,0.5774
202002,77503,"pasadena, tx",5411,5611,342,2375,58.688696,92.20173913,25.17565217,32,-0.3962,-21,-0.5396,-37.5,-48,0.0536,0.0261,0.6277,169550,-0.0168,0.0711,0.5468
202002,77505,"pasadena, tx",5673,6738,-1622,-502,52.925217,83.65217391,22.19826087,42,-0.125,-6,-0.3226,-20,-38,-0.0984,-0.1667,0.5851,284049,0.054,0.0365,0.9161
202001,77503,"pasadena, tx",5411,5953,-568,-587,57.036372,89.0123542,25.06039064,53,0.325,13,-0.0185,-1,-32.5,0.3494,-0.082,0.6437,172450,0.0023,-0.0143,0.5747
202001,77506,"pasadena, tx",4072,5838,1047,-191,57.512596,83.91193319,31.11325833,58.5,-0.0168,-1,0.0354,2,-27,0.4368,0.0331,0.7184,129550,-0.0038,-0.068,0.4317
202001,77502,"pasadena, tx",3282,6148,526,-913,56.032162,90.50314031,21.56118435,51,0.2593,10.5,0.0737,3.5,-34.5,0.6774,-0.0957,0.5977,179050,0.0407,0.1548,0.5967
202001,77504,"pasadena, tx",4679,6394,228,3400,54.883015,94.89957899,14.86645041,44,0.0864,3.5,-0.5344,-50.5,-41.5,0.3968,-0.2903,0.5057,196940,-0.0151,-0.1794,0.6563
202001,77505,"pasadena, tx",5673,5116,-182,368,61.277521,92.63579267,29.91924909,48,0.1163,5,-0.2672,-17.5,-37.5,0.3407,-0.1408,0.7011,269500,0.0326,-0.0017,0.8982
201912,77505,"pasadena, tx",5673,4934,132,960,63.546146,95.63347668,31.45881575,43,-0.0851,-4,-0.1224,-6,-36,-0.2155,0.0833,0.6894,261000,0.1109,-0.0245,0.87
201912,77506,"pasadena, tx",4072,6885,485,-565,54.068806,79.50380417,28.63380748,59.5,0.2143,10.5,0.266,12.5,-19.5,0.0357,0.1447,0.6591,130050,-0.0573,-0.0434,0.4334
201912,77504,"pasadena, tx",4679,6622,273,2725,55.491234,96.70525968,14.27720807,40.5,-0.0357,-1.5,-0.4938,-39.5,-38.5,-0.1711,-0.3152,0.4773,199950,-5.00E-04,-0.1478,0.6664
201912,77503,"pasadena, tx",5411,5385,-394,-1356,61.306649,96.96328151,25.65001654,40,0.25,8,0,0,-39,-0.1354,-0.1863,0.6288,172050,0.033,-0.0166,0.5734
201912,77502,"pasadena, tx",3282,6674,-1412,-2488,55.216672,96.70525968,13.72808468,40.5,0.35,10.5,-0.1,-4.5,-38.5,-0.3111,-0.4038,0.4697,172050,0.0183,0.1168,0.5734
201911,77506,"pasadena, tx",4072,7370,-345,1005,52.943786,81.72888016,24.15869193,49,0.1136,5,-0.0667,-3.5,-21,-0.1158,0.1507,0.6176,137950,0.0033,0,0.4463
201911,77504,"pasadena, tx",4679,6895,1846,229,55.168262,90.55073199,19.78579124,42,-0.134,-6.5,-0.134,-6.5,-28,-0.038,-0.0843,0.5588,200050,-0.0361,-0.1831,0.6472
201911,77505,"pasadena, tx",5673,5066,1502,-911,63.926738,84.53007161,43.32340453,47,0.093,4,0.2703,10,-23,0.16,0.0841,0.8529,234950,-0.0566,-0.0788,0.7602
201911,77502,"pasadena, tx",3282,5262,701,2734,62.972939,98.20647696,27.73940047,30,-0.1892,-7,-0.4495,-24.5,-40,-0.0722,0.0843,0.6618,168950,-0.003,0.0659,0.5466
201911,77503,"pasadena, tx",5411,4991,850,2908,64.275303,97.49667279,31.05393244,32,-0.1688,-6.5,-0.4435,-25.5,-38,-0.0588,0.0667,0.7059,166550,-0.0747,0.0018,0.5388
201910,77502,"pasadena, tx",3282,5963,-1576,639,60.426407,90.92949317,29.92332149,37,-0.0133,-0.5,-0.2043,-9.5,-29,-0.2177,-0.0202,0.6879,169450,-0.0108,0.0624,0.5431
201910,77505,"pasadena, tx",5673,6568,-571,886,57.624213,83.56087526,31.68755065,43,0.1467,5.5,-0.1042,-5,-23,0.0309,0.1236,0.7092,249050,0.0071,-0.0691,0.7983
201910,77503,"pasadena, tx",5411,5841,-739,838,60.953182,89.18396609,32.72239885,38.5,0.0132,0.5,-0.1809,-8.5,-27.5,-0.113,0.0303,0.7234,179999.5,3.00E-04,0.0926,0.5769
