resources/dan/dan_cleanup/RDC_Inventory_Hotness_Metrics_Zip_History_TEXAS.csv
month_date_yyyymm,postal_code,zip_name,nielsen_hh_rank,hotness_rank,hotness_rank_mm,hotness_rank_yy,hotness_score,supply_score,demand_score,median_days_on_market,median_days_on_market_mm,median_dom_mm_day,median_days_on_market_yy,median_dom_yy_day,median_dom_vs_us,ldpviews_per_property_mm,ldpviews_per_property_yy,ldpviews_per_property_vs_us,median_listing_price,median_listing_price_mm,median_listing_price_yy,median_listing_price_vs_us
202006,77510,"santa fe, tx",7958,7407,611,1780,47.398718,81.20081609,13.59661906,40.5,-0.1563,-7.5,-0.1563,-7.5,-31,0.3415,0.2791,0.4955,249526.5,0.0103,-0.0397,0.7305
202006,77517,"santa fe, tx",12532,11078,352,-4647,25.149373,31.12795103,19.17079569,88,0.0864,7,1.3158,50,16.5,0.4545,0.2549,0.5766,327300,-0.0514,-0.2372,0.9582
202005,77517,"santa fe, tx",12532,11430,-338,-4625,24.479683,35.23290387,13.72646184,81,0.1489,10.5,1.7458,51.5,10,0.2055,-0.0112,0.4944,345050,0.0458,-0.1585,1.0458
202005,77510,"santa fe, tx",7958,8018,-736,214,45.961348,80.30581906,11.61687668,48,0.2973,11,0.1566,6.5,-23,0.1549,-0.1633,0.4607,246978,-0.0655,0.0974,0.7485
202004,77510,"santa fe, tx",7958,7282,1529,962,49.827925,86.44472538,13.21112516,37,-0.1395,-6,-0.2449,-12,-25,0.1833,-0.418,0.4931,264300,0.0503,0.0383,0.8258
202004,77517,"santa fe, tx",12532,11092,-2375,,27.191319,40.3708386,14.01179941,70.5,0.5161,24,0.3558,18.5,8.5,-0.0519,-0.2981,0.5069,329950,0,0.2712,1.0309
202003,77510,"santa fe, tx",7958,8811,345,2733,40.909728,73.22641642,8.593038728,43,-0.2586,-15,-0.5114,-45,-16.5,-0.2308,-0.4118,0.3974,251645,0.0137,0.0068,0.7864
202003,77517,"santa fe, tx",12532,8717,241,1014,41.473493,67.78485888,15.1621262,46.5,-0.3451,-24.5,-0.25,-15.5,-13,-0.3362,-0.1444,0.5099,329950,0.1,0.5063,1.0311
202002,77510,"santa fe, tx",7958,9156,-1785,715,39.763478,69.32869565,10.19826087,58,0.1373,7,-0.2564,-20,-22,0.0541,-0.1333,0.4149,248240,0.0092,0.0384,0.8006
202002,77517,"santa fe, tx",12532,8958,-1193,-1647,40.873043,57.36347826,24.3826087,71,0.0677,4.5,0.1545,9.5,-9,0.1048,0.0357,0.617,299950,-0.0757,0.2119,0.9674
202001,77510,"santa fe, tx",7958,7371,601,3076,50.134585,90.50314031,9.766029402,51,-0.0377,-2,-0.3855,-32,-34.5,0.3455,-0.119,0.4253,245978,0.0174,0.0467,0.8198
202001,77517,"santa fe, tx",12532,7765,-2854,1863,48.098558,74.17351094,22.02360411,66.5,0.642,26,-0.1582,-12.5,-19,0.1667,0.117,0.6034,324500,0.0818,0.3806,1.0815
201912,77517,"santa fe, tx",12532,4911,939,3262,63.661925,96.70525968,30.6185908,40.5,0.0385,1.5,-0.4296,-30.5,-38.5,0,-0.0217,0.6818,299950,-0.1669,0.2,0.9998
201912,77510,"santa fe, tx",7958,7972,701,398,48.848826,87.43632153,10.2613298,53,0.0392,2,-0.1719,-11,-26,-0.1912,-0.2568,0.4167,241764,-0.0912,0.0286,0.8058
201911,77517,"santa fe, tx",12532,5850,3954,4665,60.19076,92.93364599,27.44787376,39,-0.339,-20,-0.4388,-30.5,-31,0.0345,0.25,0.6618,360050,-0.1628,0.4405,1.165
201911,77510,"santa fe, tx",7958,8673,865,-685,46.748843,78.1101464,15.3875404,51,-0.0192,-1,0.0968,4.5,-19,-0.0685,0.0149,0.5,266011,-0.0668,0.132,0.8607
201910,77517,"santa fe, tx",12532,9804,-1990,1572,42.014214,60.23938657,23.78904058,59,0.4217,17.5,-0.2185,-16.5,-7,0.061,0.0875,0.617,430045,0,0.7205,1.3786
202006,77515,"angleton, tx",3711,10521,-752,733,29.036724,46.13086564,11.94258234,70.5,0.0682,4.5,0.175,10.5,-1,0.0833,0.2381,0.4685,237500,0.0217,-0.1005,0.6953
202005,77515,"angleton, tx",3711,9769,335,465,35.604559,53.86521308,17.34390486,66,0.082,5,0.2453,13,-5,0.28,0.0323,0.5393,232450,-0.0159,-0.0971,0.7045
202004,77515,"angleton, tx",3711,10104,-95,-704,33.424638,51.69265346,15.15662312,61,0.0517,3,0.1619,8.5,-1,-0.0506,-0.2574,0.5208,236200,-0.0156,-0.0983,0.738
202003,77515,"angleton, tx",3711,10009,-597,-511,33.881925,51.37614679,16.38770222,58,-0.1343,-9,-0.0333,-2,-1.5,-0.1596,-0.0125,0.5232,239950,-0.0365,-0.0734,0.7498
202002,77515,"angleton, tx",3711,9412,-654,1240,38.313043,60.52869565,16.0973913,67,-0.1184,-9,-0.3057,-29.5,-13,-0.1376,-0.0784,0.5,249050,0.0209,-0.1184,0.8032
202001,77515,"angleton, tx",3711,8758,2096,969,42.849748,61.72958796,23.96990821,76,-0.1214,-10.5,-0.1461,-13,-9.5,0.3797,-0.0439,0.6264,243950,-0.0143,-0.1454,0.813
201912,77515,"angleton, tx",3711,10854,1468,-1236,32.772081,41.87231227,23.67184916,86.5,-0.0057,-0.5,0.0422,3.5,7.5,0.0128,-0.1413,0.5985,247500,-0.0662,-0.0694,0.825
201911,77515,"angleton, tx",3711,12322,-57,-1006,26.500412,31.77007415,21.23074973,87,0.0545,4.5,0.061,5,17,-0.093,0,0.5735,265050,0.0192,-0.0102,0.8576
202006,77656,"silsbee, tx",6981,5351,-2491,4861,58.128097,63.70591664,52.55027689,53.5,0.049,2.5,-0.3228,-25.5,-18,0.0134,0.6449,1.0225,155050,-0.0312,0.0333,0.4539
202005,77656,"silsbee, tx",6981,2860,4556,6489,72.423191,75.75392893,69.09245363,51,-0.4171,-36.5,-0.2555,-17.5,-20,0.1728,0.4737,1.2584,160050,3.00E-04,0.0756,0.485
202004,77656,"silsbee, tx",6981,7416,593,-1196,49.16772,26.58378986,71.75165051,87.5,0.1745,13,0.6509,34.5,25.5,0.1718,-0.0402,1.3264,160000,-0.0502,0.0172,0.4998
202003,77656,"silsbee, tx",6981,8009,1357,-2292,45.713986,35.73779676,55.69017438,74.5,-0.3465,-39.5,0.307,17.5,15,-0.133,-0.1141,1.0795,168450,0.0624,0.0525,0.5263
202002,77656,"silsbee, tx",6981,9366,-586,-4510,38.50087,24.29217391,52.70956522,114,0.0704,7.5,0.6286,44,34,0.0217,0.0444,1,158550,0.0366,-0.0671,0.5113
202001,77656,"silsbee, tx",6981,8780,-1732,-1592,42.708261,29.09793637,56.31858651,106.5,0.2034,18,0.0758,7.5,21,0.1795,-0.0564,1.0575,152950,-0.0068,-0.1667,0.5097
201912,77656,"silsbee, tx",6981,7048,426,-1080,53.202117,39.72213033,66.68210387,88.5,0.1494,11.5,-0.038,-3.5,9.5,0.013,-0.1429,1.1818,154000,-0.0939,-0.1678,0.5133
201911,77656,"silsbee, tx",6981,7474,-1092,-2060,52.424108,41.5488941,63.29932188,77,0.2727,16.5,0.1159,8,7,0.0405,-0.0253,1.1324,169950,0.0149,-0.0428,0.5498
202006,77477,"stafford, tx",2054,9448,1092,-1235,35.97712,51.26056543,20.69367531,65,-0.1216,-9,0.6667,26,-6.5,0.33,0.7051,0.5991,244550,0.023,-0.022,0.7159
202005,77477,"stafford, tx",2054,10540,-474,-4085,30.854453,43.04120062,18.66770494,74,0.3214,18,1.6429,46,3,0.6393,0.087,0.5618,239050,-0.0021,-0.0627,0.7245
202004,77477,"stafford, tx",2054,10066,-1517,-4773,33.698553,58.60373648,8.793369855,56,0.1546,7.5,0.6,21,-6,-0.2989,-0.5481,0.4236,239550,0.0021,-0.0449,0.7484
202003,77477,"stafford, tx",2054,8549,1515,-3563,42.53099,64.88549618,20.17648295,48.5,-0.4012,-32.5,0.2436,9.5,-11,-0.1944,-0.3203,0.5762,239050,-0.0402,0.0391,0.747
202002,77477,"stafford, tx",2054,10064,-1626,-5414,34.50087,47.62434783,21.3773913,81,0.1825,12.5,1.3824,47,1,0.1368,-0.0847,0.5745,249050,0.0163,0,0.8032
202001,77477,"stafford, tx",2054,8438,-2196,-3791,44.620057,71.65435848,17.58575471,68.5,0.2018,11.5,0.3564,18,-17,0.044,-0.2692,0.546,245050,0.0251,0.0031,0.8167
201912,77477,"stafford, tx",2054,6242,440,-369,57.1783,82.92424744,31.43235197,57,0.0962,5,0.0755,4,-22,-0.125,-0.0109,0.6894,239050,-0.0038,-0.0245,0.7968
201911,77477,"stafford, tx",2054,6682,1050,1946,56.198111,76.33563597,36.06058686,52,0.1818,8,-0.0877,-5,-18,0.2381,0.3333,0.7647,239950,-0.0287,-0.0208,0.7764
201910,77477,"stafford, tx",2054,7732,1387,-837,52.197494,82.13328346,22.26170438,44,-0.1373,-7,-0.0833,-4,-22,0.012,-0.134,0.5957,247050,-0.0216,0.0455,0.7919
202006,7734,"keansburg, nj",8679,5188,-2168,495,58.896823,45.28563101,72.50801516,71.5,0.1917,11.5,0.43,21.5,0,0.136,1.0065,1.3919,245050,0.0652,0.0889,0.7174
202005,7734,"keansburg, nj",8679,3020,-252,-746,71.616169,62.62919439,80.60314314,60,0.2903,13.5,1,30,-11,0.3268,0.3807,1.5281,230050,-0.0417,0.0577,0.6972
202004,7734,"keansburg, nj",8679,2768,832,557,74.3714,72.55232476,76.19047619,46.5,0.069,3,0.1625,6.5,-15.5,0.0677,-0.0097,1.4236,240050,0.036,0.133,0.75
202003,7734,"keansburg, nj",8679,3600,-1467,-2155,69.53218,72.40002801,66.66433224,43.5,0.0875,3.5,0.3182,10.5,-16,-0.2258,0.0105,1.2715,231700,0.0534,0.0774,0.724
202002,7734,"keansburg, nj",8679,2133,154,-892,78.229565,85.43304348,71.02608696,40,-0.4245,-29.5,0.0256,1,-40,-0.1174,0.1022,1.3191,219950,-0.1024,0.1,0.7094
202001,7734,"keansburg, nj",8679,2287,2483,-496,77.041204,70.47415281,83.60825454,69.5,-0.0608,-4.5,0.1583,9.5,-16,0.703,0.2165,1.6149,245049.5,-0.0751,0.1722,0.8167
201912,7734,"keansburg, nj",8679,4770,-2071,-1656,64.34006,58.06814423,70.61197486,74,0.6087,28,0.3704,20,-5,0.0061,0.1957,1.25,264950,0.0188,0.3244,0.8831
201911,7734,"keansburg, nj",8679,2699,-411,623,76.449712,85.12580011,67.77362317,46,0.0575,2.5,-0.1068,-5.5,-24,-0.1368,0.0861,1.2059,260050,-0.0093,0.2999,0.8414
202006,77964,"hallettsville, tx",10466,11581,-1463,862,21.418683,21.24744972,21.58991548,102.5,0.3851,28.5,0.6803,41.5,31,0.2143,1.2667,0.6126,260050,0.156,0.2093,0.7613
202005,77964,"hallettsville, tx",10466,10118,-3011,4262,33.406484,43.04120062,23.77176837,74,0.4949,24.5,-0.4879,-70.5,3,0.0275,0.4177,0.6292,224950,0.0709,0.0108,0.6817
202004,77964,"hallettsville, tx",10466,7107,380,6634,50.762045,68.15563984,33.36845063,49.5,0.0761,3.5,-0.6633,-97.5,-12.5,0.0481,0.2529,0.7569,210050,0.0811,-0.1064,0.6563
202003,77964,"hallettsville, tx",10466,7487,5424,4746,48.564325,68.56922754,28.55942293,46,-0.6167,-74,-0.623,-76,-13.5,0.4054,0.1818,0.6887,194300,-0.2198,-0.1734,0.6071
202002,77964,"hallettsville, tx",10466,12911,-479,-2152,15.053913,21.39130435,8.716521739,120,0.1111,12,0.106,11.5,40,-0.075,-0.3675,0.3936,249050,0,-0.004,0.8032
202001,77964,"hallettsville, tx",10466,12432,164,-314,19.908206,28.07647181,11.73994064,108,0.102,10,-0.129,-16,22.5,0.3115,-0.2793,0.4598,249049.5,0.0733,-0.004,0.83
201912,77964,"hallettsville, tx",10466,12596,570,-595,21.89216,30.92292425,12.86139596,98,0.0769,7,-0.1404,-16,19,-0.0758,-0.3068,0.4621,232050,0.1658,-0.072,0.7735
201911,77964,"hallettsville, tx",10466,13166,709,684,21.360669,29.13365866,13.58767983,91,-0.0215,-2,-0.2918,-37.5,21,-0.0149,-0.12,0.4853,199050,-0.0521,-0.204,0.644
202006,77879,"somerville, tx",11919,9944,-202,-3247,32.894929,16.91926552,48.87059166,110.5,0.1755,16.5,1.0849,57.5,39,0.3272,0.4726,0.9685,137550,-0.0827,0.1554,0.4026
202005,77879,"somerville, tx",11919,9742,316,1036,35.795696,24.92566898,46.66572278,94,0.2703,20,0.1899,15,23,0.5577,0.2,0.9101,149950,0,0.2601,0.4544
202004,77879,"somerville, tx",11919,10058,-846,-587,33.723135,36.95041438,30.49585616,74,0.2437,14.5,0.0963,6.5,12,0.0196,-0.2464,0.7222,149950,0,0.1687,0.4684
202003,77879,"somerville, tx",11919,9212,-247,-801,38.567127,49.42222845,27.71202465,59.5,-0.3802,-36.5,-0.1736,-12.5,0,-0.4,-0.2031,0.6755,149950,0,0.2496,0.4685
202002,77879,"somerville, tx",11919,8965,2728,-4642,40.834783,35.98608696,45.68347826,96,-0.3905,-61.5,0.7778,42,16,0.1409,0.0828,0.9043,149950,0.0901,0.209,0.4835
202001,77879,"somerville, tx",11919,11693,993,-6911,25.074194,7.93015391,42.21823452,157.5,0.2023,26.5,1.0588,81,72,0.6932,-0.2199,0.8563,137550,-0.0517,0.1463,0.4583
201912,77879,"somerville, tx",11919,12686,-899,-4321,21.316573,13.33774396,29.29540192,131,0.2243,24,0.5233,45,52,-0.2143,-0.2542,0.6667,145050,0,-0.088,0.4834
201911,77879,"somerville, tx",11919,11787,874,-4546,29.906838,18.65137208,41.16230433,107,0.0974,9.5,0.4558,33.5,37,0.1429,-0.1642,0.8235,145050,0.0564,-0.088,0.4693
201910,77879,"somerville, tx",11919,12661,-1708,-1537,25.896141,21.25179228,30.54048999,97.5,0.2829,21.5,0.0541,5,31.5,-0.1009,-0.1009,0.695,137300,-0.0502,-0.1553,0.44
202006,77511,"alvin, tx",1069,9241,-1354,-497,37.259545,56.57242786,17.94666278,60,0.1111,6,0.2245,11,-11.5,0.1923,0.2917,0.5586,262992.5,0.0166,0.0377,0.7699
202005,77511,"alvin, tx",1069,7887,806,1899,46.591392,72.32054368,20.86223984,54,0,0,0.0093,0.5,-17,0.1685,-0.0095,0.5843,258690,0.0469,0.0533,0.784
202004,77511,"alvin, tx",1069,8693,1238,-651,41.947605,61.39204945,22.50316056,54,-0.1,-6,0.1613,7.5,-8,0.0349,-0.2328,0.6181,247110,-0.0215,0.0117,0.7721
202003,77511,"alvin, tx",1069,9931,-2071,-3940,34.38266,48.93199804,19.83332166,60,0.0714,4,0.3636,16,0.5,-0.2182,-0.2833,0.5695,252550,0.01,0.0478,0.7892
202002,77511,"alvin, tx",1069,7860,208,-3159,47.012174,71.59652174,22.42782609,56,-0.2276,-16.5,0.1667,8,-24,-0.0435,-0.2029,0.5851,250040,-0.006,0.0301,0.8064
202001,77511,"alvin, tx",1069,8068,635,-2901,46.56291,66.35378563,26.77203396,72.5,-0.0584,-4.5,0.2609,15,-13,0.1735,-0.1221,0.6609,251540,-0.0227,0.042,0.8383
201912,77511,"alvin, tx",1069,8703,2151,-4650,44.856103,53.66192524,36.05028118,77,0.0694,5,0.5098,26,-2,0.1951,-0.1404,0.7424,257385,0.0293,0.0767,0.8579
201911,77511,"alvin, tx",1069,10854,-1539,-5879,35.141644,46.73299956,23.55028836,72,0.0827,5.5,0.4545,22.5,2,-0.2679,-0.2931,0.6029,250049,0,0.0548,0.8091
202006,77954,"cuero, tx",9093,12667,-155,821,12.846109,8.780238997,16.91197901,136.5,0.1471,17.5,0.7063,56.5,65,0.1863,0.6351,0.545,189750,0.3358,0.2654,0.5555
202005,77954,"cuero, tx",9093,12512,369,144,16.667847,13.87512389,19.46056916,119,-0.2013,-30,0.6879,48.5,48,0.2,0.3421,0.573,142050,0.0522,-0.1997,0.4304
202004,77954,"cuero, tx",9093,12881,403,-1473,15.037224,10.05759236,20.0168563,149,0.1037,14,1.3281,85,87,0.3492,0.0119,0.5903,135000,0,-0.2056,0.4217
202003,77954,"cuero, tx",9093,13284,-199,-2149,11.275299,13.18019469,9.37040409,135,0.0976,12,1.0149,68,75.5,-0.125,-0.0735,0.4172,135000,-0.156,-0.2056,0.4218
202002,77954,"cuero, tx",9093,13085,-146,360,13.808696,19.30434783,8.313043478,123,0.038,4.5,-0.1368,-19.5,43,-0.0526,-0.0769,0.383,159950,-0.0863,-0.1472,0.5158
202001,77954,"cuero, tx",9093,12939,-476,802,15.943129,21.44385396,10.44240458,118.5,0.185,18.5,-0.1911,-28,33,0.1515,-0.0843,0.4368,175050,0.1114,-0.2387,0.5833
201912,77954,"cuero, tx",9093,12463,-301,1079,22.686073,29.3218657,16.05028118,100,0.1364,12,-0.1935,-24,21,-0.2143,-0.0294,0.5,157500,0.0158,-0.3436,0.5249
201911,77954,"cuero, tx",9093,12162,2030,1953,27.565118,30.88915647,24.24107992,88,-0.1889,-20.5,-0.2178,-24.5,18,0.12,0.4237,0.6176,155050,-0.1384,-0.3002,0.5016
201910,77954,"cuero, tx",9093,14192,412,-944,16.451593,15.72221183,17.18097375,108.5,0.0188,2,0.1858,17,42.5,0.0714,0.087,0.5319,179950,0.2001,-0.2486,0.5768
202006,77836,"caldwell, tx",8740,10492,-407,735,29.164238,25.46633635,32.86213932,96,0.3333,24,0.0549,5,24.5,0.5849,0.2923,0.7568,369050,0.0279,0.2724,1.0805
202005,77836,"caldwell, tx",8740,10085,-2008,782,33.636557,46.04983718,21.22327623,72,0.5,24,-0.1864,-16.5,1,0.2326,-0.2639,0.5955,359050,-0.0258,0.3054,1.0882
202004,77836,"caldwell, tx",8740,8077,848,1482,45.445287,70.41016997,20.48040455,48,-0.1273,-7,-0.3725,-28.5,-14,-0.1134,-0.4591,0.5972,368550,0,0.2706,1.1516
202003,77836,"caldwell, tx",8740,8925,664,-2474,40.202395,55.30499335,25.0997969,55,-0.4444,-44,-0.0833,-5,-4.5,-0.3861,-0.4294,0.6424,368550,0.2287,0.2706,1.1517
202002,77836,"caldwell, tx",8740,9589,-1970,-5717,37.353043,33.56521739,41.14086957,99,0.1061,9.5,0.5591,35.5,19,-0.1023,-0.1684,0.8404,299950,0.1148,0.0168,0.9674
202001,77836,"caldwell, tx",8740,7619,-365,-2109,48.826696,44.68217268,52.97121955,89.5,0.1401,11,0.1049,8.5,4,0.375,-0.0588,1.0115,269050,0,-0.2863,0.8967
201912,77836,"caldwell, tx",8740,7254,-2488,-2765,52.150182,51.41912008,52.8812438,78.5,0.3305,19.5,0.0195,1.5,-0.5,-0.2,-0.2644,0.9697,269050,0.1495,-0.103,0.8968
201911,77836,"caldwell, tx",8740,4766,-879,3704,65.333671,64.7823056,65.88503707,59,0.3111,14,-0.3552,-32.5,-11,0.0596,0.1111,1.1765,234050,-0.1068,-0.3817,0.7573
202006,77351,"livingston, tx",3345,10355,582,4080,30.11877,35.0043719,25.23316817,83,-0.0879,-8,-0.1531,-15,11.5,0.1967,1.2121,0.6577,229550,0.02,0.0928,0.672
202005,77351,"livingston, tx",3345,10937,136,2403,28.270565,27.4387654,29.10236443,91,0.1974,15,0.0643,5.5,20,0.4699,0.5641,0.6854,225050,-0.011,0.1264,0.682
202004,77351,"livingston, tx",3345,11073,1243,1635,27.275601,35.17347942,19.37772159,76,-0.2864,-30.5,-0.0675,-5.5,14,0.0779,0.0641,0.5764,227549.5,-0.0107,0.127,0.7109
202003,77351,"livingston, tx",3345,12316,-338,-274,18.667274,21.88528608,15.44926115,106.5,-0.0658,-7.5,0.2529,21.5,47,-0.2451,0.0132,0.5099,230000,0.002,0.2166,0.7187
202002,77351,"livingston, tx",3345,11978,58,-613,21.766957,24.29217391,19.24173913,114,-0.042,-5,0.1937,18.5,34,-0.0727,0.2439,0.5426,229550,-0.0022,0.2788,0.7403
202001,77351,"livingston, tx",3345,12036,690,422,22.786252,21.19538961,24.37711367,119,0.0531,6,0.0968,10.5,33.5,0.4865,0.358,0.6322,230050,0.0222,0.2816,0.7667
201912,77351,"livingston, tx",3345,12726,16,10,21.042011,21.20410189,20.87992061,113,0.1771,17,0.0273,3,34,-0.075,0.0571,0.5606,225050,-0.0217,0.2499,0.7501
201911,77351,"livingston, tx",3345,12742,276,1077,23.902022,25.33747386,22.46656949,96,0.0435,4,-0.1652,-19,26,-0.0588,0.2121,0.5882,230050,0.0245,0.2169,0.7443
202006,77856,"franklin, tx",12714,13068,487,-479,8.816672,3.439230545,14.1941125,202,0.086,16,2.1077,137,130.5,0.4359,0.697,0.5045,359950,-0.0403,0.045,1.0538
202005,77856,"franklin, tx",12714,13555,-393,-2830,7.716268,5.28104205,10.1514937,186,0.2525,37.5,2.4766,132.5,115,0.04,-0.0714,0.4382,375050,0.042,0.081,1.1367
202004,77856,"franklin, tx",12714,13162,87,-2558,12.600084,10.15592078,15.04424779,148.5,0.1293,17,0.98,73.5,86.5,0.2097,-0.375,0.5208,359950,-0.0205,0.0077,1.1247
202003,77856,"franklin, tx",12714,13249,-551,-1176,11.565936,14.02759297,9.104279011,131.5,0.0958,11.5,0.0691,8.5,72,-0.2619,-0.2955,0.4106,367500,-0.0201,0.1341,1.1485
202002,77856,"franklin, tx",12714,12698,218,-1328,16.768696,21.39130435,12.14608696,120,0.039,4.5,0.039,4.5,40,0.1667,-0.2432,0.4468,375050,0,0.1538,1.2097
202001,77856,"franklin, tx",12714,12916,-999,-207,16.129478,23.17620264,9.082752433,115.5,0.32,28,-0.2451,-37.5,30,0.2414,-0.3846,0.4138,375050,0,0.2116,1.25
201912,77856,"franklin, tx",12714,11917,1551,823,26.255375,40.78729739,11.72345352,87.5,-0.0385,-3.5,-0.3217,-41.5,8.5,0,-0.3256,0.4394,375050,0.0274,0.2711,1.2502
201911,77856,"franklin, tx",12714,13468,-614,-880,19.617847,29.13365866,10.10203435,91,0.1235,10,-0.1613,-17.5,21,-0.1944,-0.3176,0.4265,365050,0.2289,0.2271,1.1812
