resources/dan/dan_cleanup/RDC_Inventory_Hotness_Metrics_Zip_History_TEXAS.csv
month_date_yyyymm,postal_code,zip_name,nielsen_hh_rank,hotness_rank,hotness_rank_mm,hotness_rank_yy,hotness_score,supply_score,demand_score,median_days_on_market,median_days_on_market_mm,median_dom_mm_day,median_days_on_market_yy,median_dom_yy_day,median_dom_vs_us,ldpviews_per_property_mm,ldpviews_per_property_yy,ldpviews_per_property_vs_us,median_listing_price,median_listing_price_mm,median_listing_price_yy,median_listing_price_vs_us
202006,7760,"rumson, nj",10373,3671,3648,2966,67.345526,63.70591664,70.98513553,53.5,-0.392,-34.5,-0.1371,-8.5,-18,0.3274,0.7241,1.3514,1597050,0.0013,-0.0466,4.6762
202005,7760,"rumson, nj",10373,7319,511,-730,49.543395,29.26518477,69.82160555,88,0.1355,10.5,0.5304,30.5,17,0.4037,0.171,1.2697,1595050,0.1099,-0.0751,4.8348
202004,7760,"rumson, nj",10373,7830,-636,-1283,46.888608,33.726647,60.0505689,77.5,0.2302,14.5,0.2205,14,15.5,0,-0.2146,1.1181,1437050,-0.0414,-0.1547,4.4906
202003,7760,"rumson, nj",10373,7194,-2558,-3034,50.189089,45.37432593,55.00385181,63,0,0,0.125,7,3.5,-0.2546,-0.226,1.0662,1499050,-0.0062,-0.0915,4.6851
202002,7760,"rumson, nj",10373,4636,1153,-2161,63.746087,65.07130435,62.42086957,63,-0.2759,-24,0.1351,7.5,-17,-0.0046,0.0141,1.1489,1508445,-0.0173,-0.0853,4.8658
202001,7760,"rumson, nj",10373,5789,1526,825,57.819725,47.57402167,68.06542895,87,-0.0595,-5.5,-0.1714,-18,1.5,0.3648,-0.0565,1.2471,1535050,-0.0403,-0.04,5.1168
201912,7760,"rumson, nj",10373,7315,1538,1079,51.92524,35.65332451,68.19715514,92.5,-0.016,-1.5,-0.1591,-17.5,13.5,0.0063,0.0325,1.2045,1599550,-0.0451,3.00E-04,5.3326
201911,7760,"rumson, nj",10373,8853,262,-1282,45.814057,26.28176691,65.34634641,94,0.0108,1,0.0387,3.5,24,-0.0539,-0.0186,1.1618,1675050,-0.0276,0,5.4207
202006,7751,"morganville, nj",7140,3836,4080,1329,66.332702,42.58962402,90.07577966,75,-0.1573,-14,0.3158,18,3.5,1.149,1.2576,2.0135,549500,0.0177,-0.1534,1.6088
202005,7751,"morganville, nj",7140,7916,1057,-3096,46.449809,28.83335693,64.0662608,89,0.1195,9.5,0.6952,36.5,18,0.5294,-0.0917,1.1685,539950,8.00E-04,-0.0834,1.6366
202004,7751,"morganville, nj",7140,8973,-4779,-5452,40.205787,32.18148616,48.2300885,79.5,0.5288,27.5,0.7667,34.5,17.5,-0.3585,-0.4061,0.9444,539500,-0.1228,-0.0925,1.6858
202003,7751,"morganville, nj",7140,4194,-2388,-2978,66.23363,59.59100777,72.87625184,52,0.0612,3,0.3,12,-7.5,-0.3291,-0.1719,1.404,615050,0.025,0.0984,1.9222
202002,7751,"morganville, nj",7140,1806,3601,-1609,80.695652,77.38434783,84.00695652,49,-0.4815,-45.5,0.8148,22,-31,0.2107,-0.0094,1.6809,600050,-0.097,0.1484,1.9355
202001,7751,"morganville, nj",7140,5407,1628,-4025,59.762579,39.80260888,79.72254814,94.5,-0.0258,-2.5,0.3597,25,9,0.4746,-0.2478,1.5,664500,-0.0221,0.0804,2.2149
201912,7751,"morganville, nj",7140,7035,719,-5175,53.298048,31.78299702,74.81309957,97,0.0543,5,0.4478,30,18,-0.0167,-0.292,1.3409,679500,-0.0139,0.031,2.2652
201911,7751,"morganville, nj",7140,7754,805,-6691,51.102731,28.21471576,73.9907472,92,0.011,1,0.8039,41,22,0.0056,-0.3156,1.3235,689050,0.06,0.1276,2.2298
201910,7751,"morganville, nj",7140,8559,-1578,-7509,48.62228,25.45352534,71.79103547,91,0.1447,11.5,1,45.5,25,-0.105,-0.2869,1.2695,650050,0.1226,0.0924,2.084
202006,77535,"dayton, tx",4228,10339,-2055,1364,30.209851,52.65957447,7.760128242,63.5,0.2451,12.5,0.1339,7.5,-8,0.0233,0.4667,0.3964,285765,-0.0162,0.1428,0.8366
202005,77535,"dayton, tx",4228,8284,1031,2962,44.570296,75.75392893,13.38666289,51,0.02,1,-0.1053,-6,-20,0.4098,0.0617,0.4831,290481,0.0438,0.1711,0.8804
202004,77535,"dayton, tx",4228,9315,943,1673,38.190055,67.453294,8.926815564,50,-0.1071,-6,-0.2188,-14,-12,-0.0758,-0.337,0.4236,278305,0.0127,0.1389,0.8695
202003,77535,"dayton, tx",4228,10258,-1057,1601,32.393725,54.0163877,10.7710624,56,-0.0345,-2,-0.3636,-32,-3.5,-0.1316,-0.0833,0.4371,274808.5,0.041,0.0425,0.8588
202002,77535,"dayton, tx",4228,9201,-1179,1582,39.554783,69.32869565,9.780869565,58,-0.0794,-5,-0.3095,-26,-22,-0.1264,-0.0256,0.4043,263982,0.0193,0.0575,0.8514
202001,77535,"dayton, tx",4228,8022,947,917,46.811374,78.98405687,14.63869142,63,-0.0382,-2.5,-0.1064,-7.5,-22.5,0.3182,0.0235,0.5,258995,-0.0153,0.0589,0.8632
201912,77535,"dayton, tx",4228,8969,2866,854,43.248429,70.23486603,16.2619914,65.5,-0.1494,-11.5,-0.0775,-5.5,-13.5,-0.0833,0,0.5,263011,0.0232,0.0938,0.8767
201911,77535,"dayton, tx",4228,11835,664,-1314,29.659674,41.5488941,17.7704544,77,0.0476,3.5,0.0845,6,7,0.125,-0.027,0.5294,257045,-0.0139,0.0974,0.8317
202006,77360,"onalaska, tx",12069,13156,479,1405,7.894929,11.30136986,4.488487321,126,-0.1429,-21,0.3696,34,54.5,0.2069,0.2069,0.3153,269950,-0.0357,0.384,0.7903
202005,77360,"onalaska, tx",12069,13635,195,903,6.877389,9.153334277,4.601444146,147,-0.0485,-7.5,0.4412,45,76,0.3488,0.0741,0.3258,279950,0,0.2898,0.8484
202004,77360,"onalaska, tx",12069,13830,-139,482,6.426464,9.292035398,3.560893384,154.5,0.1196,16.5,0.1977,25.5,92.5,0.0238,-0.2182,0.2986,279950,0.0178,0.3392,0.8747
202003,77360,"onalaska, tx",12069,13691,-345,531,7.875201,12.36080958,3.389593109,138,0.0866,11,-0.0282,-4,78.5,-0.3226,-0.1923,0.2781,275050,0.2545,0.279,0.8595
202002,77360,"onalaska, tx",12069,13346,-208,58,11.805217,17.85043478,5.76,127,0.0242,3,0.0367,4.5,47,-0.1733,0.0333,0.3298,219250,0.0732,0.0973,0.7071
202001,77360,"onalaska, tx",12069,13138,677,-267,14.338464,18.54510318,10.13182414,124,0.069,8,0.2098,21.5,38.5,0.5957,0.3889,0.431,204300,0.0218,0.0484,0.6808
201912,77360,"onalaska, tx",12069,13815,853,-1699,13.198809,19.72874628,6.668871981,116,0.0357,4,0.4321,35,37,-0.0208,0.2368,0.3561,199950,0,0.0577,0.6664
201911,77360,"onalaska, tx",12069,14668,341,-2142,11.391723,16.50294695,6.280499398,112,-0.0628,-7.5,0.4933,37,42,-0.1864,0.1707,0.3529,199950,0.0926,8.00E-04,0.6469
202006,77664,"warren, tx",15444,13174,-288,,7.720052,8.211891577,7.228213349,139.5,0.1529,18.5,0.9375,67.5,68,-0.0444,0,0.3874,215050,-0.0851,1.2159,0.6295
202005,77664,"warren, tx",15444,12886,627,,13.814951,13.22384256,14.40605975,121,-0.0798,-10.5,1.1802,65.5,50,0.6981,-0.1176,0.5056,235050,0,0.7943,0.7123
202004,77664,"warren, tx",15444,13513,-400,-2556,9.425481,12.83888187,6.012080348,131.5,0.1288,15,1.307,74.5,69.5,-0.0185,-0.3026,0.3681,235050,-0.06,0.1193,0.7344
202003,77664,"warren, tx",15444,13113,-1854,,12.679459,18.90188389,6.457034806,116.5,0.3706,31.5,1.33,66.5,57,-0.2703,-0.1563,0.3576,250050,0.0638,0.0638,0.7814
202002,77664,"warren, tx",15444,11259,1365,,26.754783,44.77913043,8.730434783,85,-0.2308,-25.5,0.3492,22,5,-0.039,-0.3333,0.3936,235050,0.022,0,0.7581
202001,77664,"warren, tx",15444,12624,-192,,18.438125,26.24059631,10.63565463,110.5,0.1333,13,0.6131,42,25,0.2031,-0.4653,0.4425,230000,-0.0213,-0.0419,0.7665
201912,77664,"warren, tx",15444,12432,1161,,22.851472,31.18094608,14.52199802,97.5,0.0714,6.5,0.189,15.5,18.5,0.1429,-0.4286,0.4848,235000,-0.041,-0.021,0.7833
201911,77664,"warren, tx",15444,13593,-998,,18.882692,29.13365866,8.631725711,91,0.2381,17.5,0.1519,12,21,-0.1111,-0.3412,0.4118,245050,0.0337,0.5335,0.7929
202006,7753,"neptune, nj",1430,3177,4916,-182,70.453221,73.44797435,67.45846692,46,-0.3521,-25,0.1795,7,-25.5,0.8377,0.6264,1.2748,372500,0.0346,0.0644,1.0906
202005,7753,"neptune, nj",1430,8093,-1181,-5621,45.540139,47.54353674,43.53674076,71,0.3396,18,1.2903,40,0,0.2623,-0.2021,0.8652,360050,1.00E-04,0.0302,1.0912
202004,7753,"neptune, nj",1430,6912,-3527,-4322,51.850681,62.76864728,40.93271527,53,0.325,13,0.493,17.5,-9,-0.3405,-0.4326,0.8472,360000,-0.0269,0.0346,1.1248
202003,7753,"neptune, nj",1430,3385,-1139,728,70.946845,77.51943413,64.3742559,40,0.1429,5,-0.322,-19,-19.5,-0.1741,-0.2227,1.2252,369950,0,0.0691,1.1561
202002,7753,"neptune, nj",1430,2246,2132,122,77.443478,90.33043478,64.55652174,35,-0.5205,-38,-0.3805,-21.5,-45,0.0874,0.0136,1.1915,369950,0.0881,0.1025,1.1932
202001,7753,"neptune, nj",1430,4378,295,-2878,65.0597,65.67050866,64.44889226,73,0.1406,9,0.3645,19.5,-12.5,0.5259,-0.0721,1.1839,340000,0.0382,0.0317,1.1332
201912,7753,"neptune, nj",1430,4673,-1313,-2926,64.842871,72.79523652,56.89050612,64,0.28,14,0.3061,15,-15,-0.1456,-0.1346,1.0227,327500,-0.0341,0.0265,1.0917
201911,7753,"neptune, nj",1430,3360,183,-1397,72.586983,79.82128145,65.35268395,50,0.0753,3.5,0.0526,2.5,-20,-0.0366,-0.092,1.1618,339050,-0.0448,0.0953,1.0971
202006,7731,"howell, nj",2990,4218,730,-630,64.062955,46.69921306,81.42669776,70,-0.0411,-3,0.5217,24,-1.5,0.4109,0.8763,1.6396,389050,-0.0845,0.0264,1.139
202005,7731,"howell, nj",2990,4948,-392,-2568,61.199207,44.59153334,77.80688093,73,0.3394,18.5,0.9467,35.5,2,0.4413,0.1121,1.4494,424950,0.0757,0.1038,1.288
202004,7731,"howell, nj",2990,4556,-2024,-2916,63.997752,60.50709369,67.48841129,54.5,0.2674,11.5,0.5797,20,-7.5,-0.2573,-0.3008,1.2431,395050,0.0064,0.0396,1.2344
202003,7731,"howell, nj",2990,2532,-602,-815,76.458435,73.22641642,79.69045451,43,-0.2037,-11,-0.0851,-4,-16.5,-0.2741,-0.0282,1.596,392550,0.0608,0.0622,1.2268
202002,7731,"howell, nj",2990,1930,62,-706,79.725217,73.30782609,86.1426087,54,-0.1628,-10.5,0.0286,1.5,-26,0.2481,0.169,1.766,370049,0.0137,0.0015,1.1935
202001,7731,"howell, nj",2990,1992,1051,290,78.866726,77.01704742,80.71640555,64.5,-0.0584,-4,-0.1164,-8.5,-21,0.3434,-0.0397,1.5287,365050,-0.0054,-0.0369,1.2167
201912,7731,"howell, nj",2990,3043,440,-358,73.708237,65.87495865,81.54151505,68.5,0.161,9.5,0.0379,2.5,-10.5,0.0102,0.0645,1.5,367050,-0.0041,-0.0054,1.2235
201911,7731,"howell, nj",2990,3483,-731,-71,71.921541,64.7823056,79.06077698,59,0.1346,7,-0.056,-3.5,-11,-0.0755,0.0426,1.4412,368550,0.0083,-0.0106,1.1926
202006,77457,"matagorda, tx",22550,13394,552,2458,5.337365,2.994753716,7.679976683,213.5,-0.1356,-33.5,0.1062,20.5,142,0.4667,1.5882,0.3964,275050,-0.0772,0.0581,0.8052
202005,77457,"matagorda, tx",22550,13946,189,1454,3.511256,2.045872859,4.976638822,247,0.0144,3.5,0.1847,38.5,176,0.4286,0.5789,0.3371,298050,0,0.1245,0.9033
202004,77457,"matagorda, tx",22550,14135,76,1019,2.59868,1.95954488,3.2378143,243.5,0.034,8,0.1623,34,181.5,0.3125,0.4483,0.2917,298050,0.0836,0.1934,0.9313
202003,77457,"matagorda, tx",22550,14211,86,946,1.740318,1.960921633,1.519714266,235.5,0.0329,7.5,0.1214,25.5,176,-0.2,0.2308,0.2119,275050,0,0.1044,0.8595
202002,77457,"matagorda, tx",22550,14297,84,757,1.673043,1.864347826,1.48173913,228,0.0988,20.5,-0.05,-12,148,-0.1304,0.25,0.2128,275050,0,0.0805,0.8871
202001,77457,"matagorda, tx",22550,14381,620,827,2.363862,2.284491683,2.443232797,207.5,0.095,18,-0.0674,-15,122,0.4839,0.5333,0.2644,275050,0.0185,0.0189,0.9167
201912,77457,"matagorda, tx",22550,15001,678,741,2.070791,2.36189216,1.779689051,189.5,0.0299,5.5,-0.0026,-0.5,110.5,-0.0313,0.55,0.2348,270050,-0.0182,4.00E-04,0.9002
201911,77457,"matagorda, tx",22550,15679,249,439,1.660435,1.692122441,1.628747069,184,0.0544,9.5,-0.0846,-17,114,-0.1111,0.4545,0.2353,275050,0,0,0.89
202006,7750,"monmouth beach, nj",14851,8744,-636,-338,40.035704,31.49956281,48.57184494,87.5,0.2324,16.5,0.4583,27.5,16,0.3896,0.5735,0.964,827500,0.0343,-0.0543,2.4228
202005,7750,"monmouth beach, nj",14851,8108,-1671,-1272,45.437491,47.54353674,43.33144556,71,0.3654,19,0.3396,18,0,0.1938,-0.0888,0.8652,800050,0.0198,-0.039,2.425
202004,7750,"monmouth beach, nj",14851,6437,-1694,-11,54.301868,64.35594887,44.24778761,52,0.3333,13,0.1556,7,-10,-0.1042,-0.1103,0.8958,784500,-0.0491,-0.0632,2.4514
202003,7750,"monmouth beach, nj",14851,4743,-798,20,63.12767,78.87807269,47.37726732,39,-0.025,-1,-0.0714,-3,-20.5,-0.2,0.1429,0.9536,825050,0.0645,0.0325,2.5785
202002,7750,"monmouth beach, nj",14851,3945,-165,2346,67.506087,85.43304348,49.57913043,40,-0.3443,-21,-0.4366,-31,-40,-0.011,0.1921,0.9574,775050,0.0347,-0.03,2.5
202001,7750,"monmouth beach, nj",14851,3780,3965,5325,68.327697,81.26854855,55.38684519,61,-0.1701,-12.5,-0.3838,-38,-24.5,0.7009,0.2297,1.046,749050,0.1523,0.0708,2.4967
201912,7750,"monmouth beach, nj",14851,7745,962,3095,49.884221,58.72973867,41.03870327,73.5,0.1484,9.5,-0.2864,-29.5,-5.5,0.049,0.07,0.8106,650050,-0.1322,-0.2121,2.167
201911,7750,"monmouth beach, nj",14851,8707,-2475,3139,46.565055,58.1278915,35.00221814,64,0.1852,10,-0.426,-47.5,-6,-0.2273,0,0.75,749050,-0.0632,-0.1902,2.4239
202006,7730,"hazlet, nj",7411,3767,-683,-3117,66.693384,37.86796852,95.51879918,79.5,0.2422,15.5,1.65,49.5,8,0.8557,1.1107,2.491,369500,0.0122,0.0265,1.0818
202005,7730,"hazlet, nj",7411,3084,-2278,-2810,71.233895,57.29859833,85.16919156,64,0.6842,26,1.9767,42.5,-7,0.0456,-0.1461,1.6742,365050,0.0139,0.0015,1.1064
202004,7730,"hazlet, nj",7411,806,-278,593,88.277848,85.32097205,91.23472398,38,0.1692,5.5,-0.013,-0.5,-24,-0.2857,-0.1994,1.9792,360050,-0.0513,0.0142,1.125
202003,7730,"hazlet, nj",7411,528,-434,49,91.928706,87.5761608,96.28125219,32.5,0.5476,11.5,-0.0714,-2.5,-27,-0.1988,0.1805,2.6424,379500,0.0283,0.1163,1.186
202002,7730,"hazlet, nj",7411,94,129,159,97.516522,98.03130435,97.00173913,21,-0.4684,-18.5,-0.4167,-15,-59,0.3569,0.3719,2.6489,369050,-0.0224,0.0949,1.1903
202001,7730,"hazlet, nj",7411,223,805,62,95.130789,96.71474912,93.54682863,39.5,-0.3361,-20,-0.2404,-12.5,-46,0.2877,-0.1027,2.1092,377500,-0.0064,0.1007,1.2582
201912,7730,"hazlet, nj",7411,1028,484,-34,87.360238,79.50380417,95.21667218,59.5,0.1019,5.5,0.0259,1.5,-19.5,0.0252,0.1492,2.1591,379950,0.0854,0.1177,1.2665
201911,7730,"hazlet, nj",7411,1512,-478,-1125,83.937512,73.96539705,93.90962672,54,0.2414,10.5,0.4595,17,-16,0.0221,0.2087,2.0441,350050,-0.0436,0.0014,1.1327
202006,77534,"danbury, tx",16771,10388,512,-2403,29.856456,54.89653162,4.816380064,61.5,-0.0821,-5.5,0.7083,25.5,-10,0.2167,0.0139,0.3288,230300,-0.0054,0.2935,0.6742
202005,77534,"danbury, tx",16771,10900,1659,,28.490018,52.16621832,4.813818491,67,-0.2164,-18.5,0.7867,29.5,-4,0.0526,-0.2941,0.3371,231550,0.1074,0.2248,0.7017
202004,77534,"danbury, tx",16771,12559,546,,17.502458,27.90420003,7.100716393,85.5,-0.1896,-20,2,57,23.5,0.3571,-0.3667,0.3958,209085,0.1007,0.1305,0.6532
202003,77534,"danbury, tx",16771,13105,482,,12.752994,22.22144408,3.284543736,105.5,-0.2622,-37.5,2.6379,76.5,46,-0.4,-0.4324,0.2781,189950,0.0556,-0.0457,0.5935
202002,77534,"danbury, tx",16771,13587,-340,,9.798261,12.16,7.436521739,143,0.1579,19.5,4.2,115.5,63,0,-0.4262,0.3723,179950,0.0435,-0.2501,0.5803
202001,77534,"danbury, tx",16771,13247,-739,,13.524053,18.77286217,8.275243288,123.5,0.3209,30,0.6918,50.5,38,0.2727,-0.3578,0.4023,172450,-0.0417,-0.2144,0.5747
201912,77534,"danbury, tx",16771,12508,150,,22.421436,34.74694013,10.09593119,93.5,0.1987,15.5,0.0163,1.5,14.5,-0.0179,-0.2949,0.4167,179950,0.1386,0.0399,0.5998
201911,77534,"danbury, tx",16771,12658,-2453,,24.431206,40.22434882,8.638063249,78,0.2893,17.5,-0.1186,-10.5,8,-0.3253,-0.0345,0.4118,158050,-0.0116,0.0712,0.5113
202006,77357,"new caney, tx",5976,10248,944,2289,30.865637,57.65083066,4.08044302,59,-0.169,-12,0.0351,2,-12.5,0.1167,0.675,0.3018,259450,-0.0046,-0.0735,0.7595
202005,77357,"new caney, tx",5976,11192,-246,1116,26.341498,47.54353674,5.139459153,71,0.1639,10,0.2566,14.5,0,0.2766,0.3636,0.3371,260646,-6.00E-04,-0.0707,0.7899
202004,77357,"new caney, tx",5976,10946,-535,944,28.100857,51.69265346,4.509060261,61,0.1402,7.5,0.0517,3,-1,-0.0408,0.0444,0.3264,260795,-0.0216,-0.0701,0.8148
202003,77357,"new caney, tx",5976,10411,-1257,908,31.33973,57.37796764,5.301491701,53.5,-0.0273,-1.5,-0.0932,-5.5,-6,-0.2576,0.2895,0.3245,266564,0.0057,-0.022,0.833
202002,77357,"new caney, tx",5976,9154,-1977,1505,39.777391,72.76521739,6.789565217,55,0.2644,11.5,-0.1912,-13,-25,0.0154,0.5714,0.3511,265050,0.0293,0.0134,0.8548
202001,77357,"new caney, tx",5976,7177,3139,2653,51.038719,95.11353441,6.963903651,43.5,-0.383,-27,-0.3409,-22.5,-42,0.25,0.5476,0.3736,257499.5,-0.0375,-0.006,0.8582
201912,77357,"new caney, tx",5976,10316,2553,-411,35.98743,63.03010255,8.944756864,70.5,-0.1188,-9.5,0.1949,11.5,-8.5,-0.037,0.5294,0.3939,267545,-0.0056,0.0328,0.8918
201911,77357,"new caney, tx",5976,12869,1068,-1217,23.214399,37.95551049,8.473287281,80,-0.0303,-2.5,0.194,13,10,0.2558,0.2273,0.3971,269050,-0.0238,0.0516,0.8706
202006,77539,"dickinson, tx",1433,9558,-505,1545,35.263043,54.89653162,15.62955407,61.5,0.025,1.5,0.2059,10.5,-10,0.2083,0.9333,0.5225,249500,0.0026,-0.0402,0.7304
202005,77539,"dickinson, tx",1433,9053,-142,634,40.057341,62.62919439,17.48548775,60,0.1111,6,0.3793,16.5,-11,0.1429,0.3151,0.5393,248850,0.0136,-0.0044,0.7542
202004,77539,"dickinson, tx",1433,8911,479,1538,40.602613,61.39204945,19.81317601,54,0.0588,3,0.0093,0.5,-8,0.1351,0.0769,0.5833,245500,0.002,0.0017,0.767
202003,77539,"dickinson, tx",1433,9390,-937,1269,37.523636,60.99166608,14.05560613,51,-0.1356,-8,-0.1905,-12,-8.5,-0.2745,-0.0263,0.4901,244999.5,-0.0102,0.021,0.7656
202002,77539,"dickinson, tx",1433,8453,-421,1836,43.735652,68.23652174,19.23478261,59,-0.0992,-6.5,-0.2027,-15,-21,0.0737,0.4167,0.5426,247528,-0.0049,0.0737,0.7983
202001,77539,"dickinson, tx",1433,8032,230,2077,46.773414,75.76092208,17.78590655,65.5,0.0917,5.5,-0.1438,-11,-20,0.4615,0.2667,0.546,248739,-0.005,0.0815,0.829
201912,77539,"dickinson, tx",1433,8262,1711,1779,47.237843,78.88852134,15.58716507,60,0.0526,3,-0.1549,-11,-19,0.0833,0.0484,0.4924,250000,2.00E-04,0.0915,0.8333
201911,77539,"dickinson, tx",1433,9973,1397,119,40.122948,68.70524114,11.5406553,57,-0.0732,-4.5,-0.0806,-5,-13,0,-0.0476,0.4412,249950,-0.0113,0.0889,0.8087
201910,77539,"dickinson, tx",1433,11370,-810,364,33.380089,56.76080045,9.999376597,61.5,0.0982,5.5,-0.0752,-5,-4.5,-0.1304,0.1111,0.4255,252800,0.0112,0.0918,0.8103
