resources/dan/dan_cleanup/RDC_Inventory_Hotness_Metrics_Zip_History_TEXAS.csv
month_date_yyyymm,postal_code,zip_name,nielsen_hh_rank,hotness_rank,hotness_rank_mm,hotness_rank_yy,hotness_score,supply_score,demand_score,median_days_on_market,median_days_on_market_mm,median_dom_mm_day,median_days_on_market_yy,median_dom_yy_day,median_dom_vs_us,ldpviews_per_property_mm,ldpviews_per_property_yy,ldpviews_per_property_vs_us,median_listing_price,median_listing_price_mm,median_listing_price_yy,median_listing_price_vs_us
202006,77662,"vidor, tx",4182,6239,1753,2266,53.406441,72.23112795,34.58175459,47,-0.2985,-20,-0.1897,-11,-24.5,0.1781,0.3651,0.7748,158950,0.0121,-0.0647,0.4653
202005,77662,"vidor, tx",4182,7992,-102,-1882,46.095852,52.16621832,40.02548492,67,0.1552,9,0.3958,19,-4,0.2696,-0.1152,0.8202,157050,0.054,-0.0383,0.4759
202004,77662,"vidor, tx",4182,7890,-1179,-3019,46.544458,55.92077539,37.16814159,58,0.2747,12.5,0.381,16,-4,-0.0336,-0.3503,0.7986,149000,0.0677,-0.0599,0.4655
202003,77662,"vidor, tx",4182,6711,281,-3035,52.738287,69.21353036,36.26304363,45.5,-0.2778,-17.5,-0.0109,-0.5,-14,-0.1959,-0.2831,0.7881,139550,0.0333,-0.0876,0.436
202002,77662,"vidor, tx",4182,6992,-994,-1181,51.530435,65.07130435,37.98956522,63,-0.1127,-8,-0.3226,-30,-17,-0.0513,-0.3052,0.7872,135050,0,0,0.4355
202001,77662,"vidor, tx",4182,5998,589,371,56.815515,68.36220581,45.26882463,71,0.0597,4,-0.2366,-22,-14.5,0.4182,-0.22,0.8966,135050,0.0429,0.0392,0.45
201912,77662,"vidor, tx",4182,6587,1381,1250,55.597089,68.21700298,42.97717499,67,0,0,-0.3232,-32,-12,-0.0984,-0.2568,0.8333,129500,0.0364,0.005,0.4316
201911,77662,"vidor, tx",4182,7968,-1016,803,50.158438,53.13391216,47.1829647,67,0.0229,1.5,-0.2024,-17,-3,-0.1867,-0.024,0.8971,124950,-0.0748,-0.0318,0.4042
201910,77662,"vidor, tx",4182,6952,1994,1906,55.67608,51.46187894,59.89028115,65.5,0.0826,5,-0.1603,-12.5,-0.5,0.3274,0.1811,1.0638,135050,-0.2054,-0.0689,0.4328
202006,77536,"deer park, tx",3314,6111,1285,-256,54.06587,89.58029729,18.55144273,33.5,-0.3163,-15.5,-0.0429,-1.5,-38,0.2353,0.26,0.5676,246050,-0.0717,-0.0156,0.7203
202005,77536,"deer park, tx",3314,7396,-142,-1318,49.154042,78.62806173,19.68002265,49,0.0208,1,0.4848,16,-22,0,-0.0811,0.573,265050,0.0763,0.0222,0.8033
202004,77536,"deer park, tx",3314,7254,88,-1272,49.982441,70.41016997,29.55471274,48,0.1294,5.5,0.5238,16.5,-14,0.0625,-0.1282,0.7083,246250,-0.0048,-0.0796,0.7694
202003,77536,"deer park, tx",3314,7342,-1149,-2156,49.334687,74.01078507,24.65858954,42.5,0.2143,7.5,0.1184,4.5,-17,-0.0943,-0.2615,0.6358,247450,-0.01,0.0803,0.7732
202002,77536,"deer park, tx",3314,6193,-821,-2534,55.502609,90.33043478,20.67478261,35,-0.2473,-11.5,-0.0541,-2,-45,-0.0702,-0.2535,0.5638,249950,0.0242,0.1259,0.8061
202001,77536,"deer park, tx",3314,5372,784,-1888,59.907516,93.62274829,26.1922838,46.5,-0.0412,-2,-0.0313,-1.5,-39,0.443,-0.24,0.6552,244050,0.015,0.1091,0.8133
201912,77536,"deer park, tx",3314,6156,876,-2053,57.65134,91.71683758,23.58584188,48.5,-0.03,-1.5,-0.0673,-3.5,-30.5,-0.1413,-0.319,0.5985,240450,-0.0345,0.1186,0.8015
201911,77536,"deer park, tx",3314,7032,1377,-2022,54.483808,79.82128145,29.14633373,50,0.0526,2.5,0.1494,6.5,-20,0.122,-0.1154,0.6765,249050,-0.0036,0.132,0.8058
201910,77536,"deer park, tx",3314,8409,-1301,-3008,49.2488,77.21463749,21.28296241,47.5,0.2338,9,0.3194,11.5,-18.5,-0.0465,-0.1633,0.5816,249950,0.0307,0.1011,0.8012
202006,77541,"freeport, tx",7245,8800,1364,2733,39.696881,21.55348295,57.8402798,102,0.1087,10,0.2593,21,30.5,0.6781,1.1491,1.1036,239950,-0.0208,0.034,0.7024
202005,77541,"freeport, tx",7245,10164,218,791,33.155175,26.24946906,40.06088065,92,0.3529,24,0.305,21.5,21,0.7176,0.2373,0.8202,245050,-0.0099,0,0.7426
202004,77541,"freeport, tx",7245,10382,-80,-573,31.728473,43.17319848,20.28374772,68,0.124,7.5,0.0303,2,6,0.0897,-0.2797,0.5903,247500,0.031,-0.0098,0.7733
202003,77541,"freeport, tx",7245,10302,-605,-527,32.1276,48.30870509,15.94649485,60.5,-0.1933,-14.5,-0.2438,-19.5,1,-0.25,-0.2642,0.5166,240050,4.00E-04,0.0435,0.7501
202002,77541,"freeport, tx",7245,9697,1143,-1663,36.702609,53.38434783,20.02086957,75,-0.2611,-26.5,-0.0385,-3,-5,-0.1111,-0.1938,0.5532,239950,0.0213,0.0213,0.7739
202001,77541,"freeport, tx",7245,10840,938,-3625,30.57837,33.49437504,27.66236455,101.5,-0.0978,-11,0.2848,22.5,16,0.2581,-0.1875,0.6724,234950,-2.00E-04,0.0215,0.783
201912,77541,"freeport, tx",7245,11778,1102,-2387,27.198148,21.42242805,32.97386702,112.5,0.1598,15.5,0.461,35.5,33.5,0.1923,0.1071,0.7045,234999.5,0.0094,0.0215,0.7833
201911,77541,"freeport, tx",7245,12880,-516,-1970,23.13518,25.04594714,21.22441219,97,0.0659,6,0.2357,18.5,27,-0.1875,-0.025,0.5735,232800,-0.0046,0.0582,0.7532
201910,77541,"freeport, tx",7245,12364,-1241,-1461,27.47335,25.45352534,29.49317374,91,0.0964,8,0.0769,6.5,25,-0.1579,-0.0588,0.6809,233875,0.0171,0.0533,0.7497
202006,77406,"richmond, tx",2253,10361,271,2376,30.016759,56.06237249,3.971145439,60.5,-0.0547,-3.5,0.0614,3.5,-11,0.32,1.2,0.2973,344787.5,-8.00E-04,0.0291,1.0094
202006,77407,"richmond, tx",2554,10778,-48,1559,27.269746,51.7633343,2.776158554,64.5,-0.0077,-0.5,0.217,11.5,-7,0.1346,1.1071,0.2658,329500,-0.0017,0.0459,0.9647
202006,77469,"richmond, tx",2467,10345,-542,2198,30.173419,58.62722238,1.719615273,58,0.0357,2,0.0357,2,-13.5,0.3158,0.5625,0.2252,280547.5,-0.0028,0.02,0.8213
202005,77406,"richmond, tx",2253,10632,-78,1009,30.227948,57.29859833,3.157298598,64,0.1429,8,0.2929,14.5,-7,0.2821,0.4286,0.2809,345050,0.0231,0.0318,1.0458
202005,77407,"richmond, tx",2554,10730,-682,504,29.587286,55.66331587,3.51125584,65,0.2621,13.5,0.3978,18.5,-6,0.4054,0.625,0.2921,330050,0.0031,0.0264,1.0003
202005,77469,"richmond, tx",2467,9803,566,2032,35.409882,69.34730285,1.472462127,56,0.0467,2.5,0.098,5,-15,0.1515,0.0556,0.2135,281324,0.0033,0.0056,0.8526
202004,77469,"richmond, tx",2467,10369,441,1706,31.84436,62.01713724,1.671583088,53.5,-0.0183,-1,-0.0855,-5,-8.5,-0.0294,-0.175,0.2292,280412.5,0.0014,0.0017,0.8761
202004,77406,"richmond, tx",2253,10554,418,1501,30.650372,58.60373648,2.697008007,56,-0.0088,-0.5,-0.0345,-2,-6,0.0833,0.0541,0.2708,337247,-0.0239,0.0096,1.0537
202004,77407,"richmond, tx",2554,10048,-224,1573,33.758253,65.1425762,2.373928923,51.5,0.1075,5,-0.0374,-2,-10.5,0,0.0571,0.2569,329045,0.0201,0.0233,1.0281
202003,77406,"richmond, tx",2253,10972,-1220,220,27.810071,53.44912109,2.17102038,56.5,-0.0088,-0.5,-0.0088,-0.5,-3,-0.2174,0,0.2384,345500,0.016,0.0539,1.0797
202003,77407,"richmond, tx",2554,9824,-44,710,35.086491,67.78485888,2.388122418,46.5,-0.1983,-11.5,-0.0882,-4.5,-13,-0.26,0.1563,0.245,322549.5,0.0238,0.0267,1.008
202003,77469,"richmond, tx",2467,10810,-30,776,28.832551,55.80923034,1.85587226,54.5,-0.2324,-16.5,-0.0917,-5.5,-5,-0.2273,-0.0556,0.2252,280022.5,-0.0176,0.0035,0.8751
202002,77469,"richmond, tx",2467,10780,-34,-516,29.735652,57.36347826,2.107826087,71,-0.0719,-5.5,0.1639,10,-9,0.1579,0.3333,0.234,285040,0,0.025,0.9193
202002,77406,"richmond, tx",2253,9752,-1250,279,36.403478,70.3373913,2.469565217,57,0.0088,0.5,-0.0256,-1.5,-23,0,0.2778,0.2447,340050,0.0076,0.0625,1.0968
202002,77407,"richmond, tx",2554,9780,-1217,-280,36.253913,69.32869565,3.179130435,58,0.0357,2,0.16,8,-22,0.3514,0.6667,0.266,315050,0.0261,-0.0156,1.0161
202001,77407,"richmond, tx",2554,8563,1243,370,43.878114,86.52771068,1.228518186,56,-0.0968,-6,0,0,-29.5,0.1935,-0.075,0.2126,307040,0.0065,-0.0185,1.0233
202001,77469,"richmond, tx",2467,10746,-668,-501,31.140865,60.96348954,1.318241425,76.5,0.2047,13,0.1087,7.5,-9,0.3103,0.0556,0.2184,285040,0.0178,0.0178,0.95
202001,77406,"richmond, tx",2253,8502,1316,1954,44.219753,85.92725516,2.512250673,56.5,-0.1102,-7,-0.2042,-14.5,-29,0.15,0.2432,0.2644,337500,-1.00E-04,0.0472,1.1249
201912,77406,"richmond, tx",2253,9818,1567,1082,38.848826,73.49652663,4.201124711,63.5,0.0242,1.5,-0.0522,-3.5,-15.5,0.1111,0.3333,0.303,337550,0.0166,0.0547,1.1252
201912,77407,"richmond, tx",2554,9806,1628,103,38.891829,75.93119418,1.852464439,62,0,0,0.069,4,-17,-0.0882,0.1071,0.2348,305050,-0.0317,-0.0317,1.0168
201912,77469,"richmond, tx",2467,10078,578,-219,37.492557,73.49652663,1.488587496,63.5,0.1339,7.5,0.0948,5.5,-15.5,-0.0938,-0.0333,0.2197,280042.5,0.0036,0,0.9335
201911,77469,"richmond, tx",2467,10656,-44,-45,36.282401,70.76494074,1.799860574,56,0.12,6,0.0182,1,-14,-0.0588,-0.0303,0.2353,279045,-0.0016,0.0195,0.9029
201911,77407,"richmond, tx",2554,11434,-457,387,32.014069,61.87971354,2.148425122,62,0.181,9.5,-0.0388,-2.5,-8,0.0968,0.1724,0.25,315050,-0.0454,0.0161,1.0194
201911,77406,"richmond, tx",2253,11385,497,390,32.251727,61.87971354,2.623740414,62,0.0248,1.5,-0.0313,-2,-8,-0.0526,0.2857,0.2647,332040,-0.0044,0.0375,1.0744
201910,77406,"richmond, tx",2253,11882,80,694,30.33165,58.15722212,2.506078175,60.5,0.0342,2,-0.097,-6.5,-5.5,0,0.1875,0.2695,333495,0.0189,0.026,1.0691
202006,7701,"red bank, nj",4597,1382,1554,1440,83.60172,84.30486739,82.89857184,38,-0.4154,-27,-0.1915,-9,-33.5,0.1646,0.6026,1.6892,464050,0.0334,0.16,1.3586
202005,7701,"red bank, nj",4597,2936,57,678,72.044457,55.66331587,88.42559819,65,0.1207,7,0.3684,17.5,-6,0.1795,0.3143,1.809,449050,0.0775,0.0652,1.361
202004,7701,"red bank, nj",4597,2993,-1466,-549,72.808681,55.92077539,89.6965866,58,0.6812,23.5,0.3333,14.5,-4,0.0833,-0.0619,1.8958,416750,0.0583,0.0366,1.3022
202003,7701,"red bank, nj",4597,1527,-842,-102,83.521255,85.28608446,81.75642552,34.5,-0.1786,-7.5,-0.1786,-7.5,-25,-0.4857,-0.0803,1.6689,393800,-0.0156,-0.0156,1.2307
202002,7701,"red bank, nj",4597,685,954,213,90.201739,83.65217391,96.75130435,42,-0.3957,-27.5,-0.0455,-2,-38,0.3881,0.8081,2.6064,400049,-0.11,0.0063,1.2903
202001,7701,"red bank, nj",4597,1639,1016,-812,81.517013,70.47415281,92.55987301,69.5,0.0146,1,0.1983,11.5,-16,0.6267,0.1498,2.0287,449500,-0.0412,0.2317,1.4982
201912,7701,"red bank, nj",4597,2655,-247,-549,76.037049,65.87495865,86.19913993,68.5,0.181,10.5,0.0379,2.5,-10.5,-0.1107,0.0046,1.6439,468800,-0.0434,0.2112,1.5628
201911,7701,"red bank, nj",4597,2408,-824,467,78.205209,66.71525445,89.69516446,58,0.2211,10.5,-0.0645,-4,-12,-0.0279,0.1787,1.7941,490050,0.0538,0.2532,1.5858
202006,77484,"waller, tx",8736,9587,-1383,633,35.040804,50.79422909,19.28737977,65.5,0.1696,9.5,0.1102,6.5,-6,0.2308,0.28,0.5766,446542.5,0.0633,0.276,1.3074
202005,77484,"waller, tx",8736,8204,1847,1330,44.959649,69.34730285,20.5719949,56,-0.0588,-3.5,-0.0744,-4.5,-15,0.4444,-0.2,0.5843,419950,0.0255,0.2351,1.2728
202004,77484,"waller, tx",8736,10051,-28,-753,33.744206,53.84885518,13.63955612,59.5,0.1121,6,-0.0556,-3.5,-2.5,0.1077,-0.4462,0.5,409500,-0.0418,0.0862,1.2795
202003,77484,"waller, tx",8736,10023,-13,-4802,33.776875,57.37796764,10.17578262,53.5,-0.277,-20.5,0.2738,11.5,-6,-0.3085,-0.35,0.4305,427350,-0.0905,0.0447,1.3355
202002,77484,"waller, tx",8736,10010,391,-5361,34.806957,53.78086957,15.83304348,74,-0.2745,-28,0.7831,32.5,-6,-0.2769,-0.2713,0.5,469850,0.0115,0.5453,1.5155
202001,77484,"waller, tx",8736,10401,-913,-2935,33.43571,33.14238388,33.72903582,102,0.1724,15,0.186,16,16.5,0.25,-0.1667,0.7471,464500,0.3664,0.7525,1.5482
201912,77484,"waller, tx",8736,9488,501,-2938,40.410189,41.429044,39.39133311,87,0.1299,10,0.1918,14,8,-0.037,-0.1475,0.7879,339950,-0.0811,0.3329,1.1332
201911,77484,"waller, tx",8736,9989,-531,-753,40.037391,41.5488941,38.52588884,77,0.2222,14,-0.0128,-1,7,0.0588,0,0.7941,369950,-0.0135,0.375,1.1971
201910,77484,"waller, tx",8736,9458,-932,-688,43.887538,54.95293311,32.82214326,63,0.1667,9,-0.1923,-15,-3,0.0515,-0.2093,0.7234,375000,-0.133,0.2974,1.2021
202006,77518,"bacliff, tx",10540,10616,-3116,1122,28.431944,54.89653162,1.967356456,61.5,1.05,31.5,0.0982,5.5,-10,0.4722,-0.1167,0.2387,367050,0.0055,0.6317,1.0746
202005,77518,"bacliff, tx",10540,7500,663,5072,48.623106,96.07107461,1.175138043,30,-0.1781,-6.5,-0.5385,-35,-41,-0.0769,-0.4545,0.2022,365050,0.5531,0.6228,1.1064
202004,77518,"bacliff, tx",10540,8163,1639,3535,44.904481,87.18218851,2.626773423,36.5,-0.2551,-12.5,-0.4113,-25.5,-25.5,-0.2642,-0.3607,0.2708,235050,0.093,0.0684,0.7344
202003,77518,"bacliff, tx",10540,9802,-985,118,35.181035,64.10813082,6.253939351,49,0.0652,3,-0.0755,-4,-10.5,-0.0185,-0.1719,0.351,215050,-0.0648,0.0777,0.672
202002,77518,"bacliff, tx",10540,8817,-765,-894,41.610435,79.46434783,3.756521739,46,-0.2269,-13.5,0.1358,5.5,-34,-0.2895,-0.1692,0.2872,229950,-0.0217,0.1643,0.7416
202001,77518,"bacliff, tx",10540,8052,150,3013,46.638829,82.89046863,10.38719028,59.5,0.1121,6,-0.2788,-23,-26,0.4902,0.2063,0.4368,235050,0.0809,0.1059,0.7833
201912,77518,"bacliff, tx",10540,8202,460,2732,47.548793,86.90704598,8.190539199,53.5,0.2159,9.5,-0.2671,-19.5,-25.5,0.0625,0.02,0.3864,217450,0.0121,0.0402,0.7248
201911,77518,"bacliff, tx",10540,8662,4392,2521,46.818556,87.78122821,5.855884403,44,-0.4172,-31.5,-0.3016,-19,-26,-0.1429,0.0909,0.3529,214850,0.0231,0.0253,0.6951
202006,7747,"matawan, nj",3294,655,1804,1322,90.290732,87.99183911,92.58962402,35,-0.4531,-29,-0.125,-5,-36.5,0.3279,1.2091,2.1892,426800,-0.0187,0.0669,1.2496
202005,7747,"matawan, nj",3294,2459,1948,-944,75,57.29859833,92.70140167,64,-0.0078,-0.5,0.7778,28,-7,0.5776,0.3071,2.0562,434950,0.0886,0.0482,1.3183
202004,7747,"matawan, nj",3294,4407,-2815,-3649,64.844079,46.97288945,82.715269,64.5,0.4659,20.5,1.0806,33.5,2.5,-0.3538,-0.3033,1.6111,399550,-0.001,0.0119,1.2484
202003,7747,"matawan, nj",3294,1592,-104,-1032,82.982002,71.51060999,94.45339309,44,-0.2143,-12,0.2222,8,-15.5,-0.169,0.0497,2.3775,399950,-2.00E-04,0.0526,1.2499
202002,7747,"matawan, nj",3294,1488,1188,-913,83.137391,71.59652174,94.67826087,56,-0.3129,-25.5,0.1915,9,-24,0.1279,0.1868,2.2979,400049,-0.1198,0.0811,1.2903
202001,7747,"matawan, nj",3294,2676,-506,-2029,74.622127,54.52412175,94.72013251,81.5,0.1898,13,0.3583,21.5,-4,0.5198,-0.0026,2.2011,454500,0.0121,0.2203,1.5149
201912,7747,"matawan, nj",3294,2170,-666,-1444,78.871981,65.87495865,91.8690043,68.5,0.2455,13.5,0.2018,11.5,-10.5,-0.131,-0.1,1.9091,449050,0,0.1516,1.4969
201911,7747,"matawan, nj",3294,1504,-612,-383,83.991381,72.90702833,95.07573357,55,0.2791,12,0.068,3.5,-15,0.0247,0.1154,2.1324,449049,0.0756,0.1542,1.4531
202006,77437,"el campo, tx",7248,13192,213,1713,7.53789,13.10113669,1.974642961,121,0.0804,9,0.3444,31,49.5,0.2619,0.2045,0.2387,186300,-0.0449,-0.1131,0.5454
202005,77437,"el campo, tx",7248,13405,211,1403,9.10732,16.33158714,1.883052527,112,-0.0968,-12,-0.0628,-7.5,41,0.1053,-0.2222,0.236,195050,0.0143,0.0304,0.5911
202004,77437,"el campo, tx",7248,13616,-197,701,8.459756,14.42618345,2.493327715,124,0,0,0.029,3.5,62,-0.1163,-0.2549,0.2639,192300,0.0132,0.0145,0.6008
202003,77437,"el campo, tx",7248,13419,-490,744,10.12676,16.59079767,3.662721479,124,0.1273,14,-0.0746,-10,64.5,-0.14,0.075,0.2848,189800,0.0542,0.004,0.5931
202002,77437,"el campo, tx",7248,12929,-639,194,14.904348,26.72,3.088695652,110,0.1458,14,-0.0179,-2,30,0,-0.1071,0.266,180050,0.0045,-0.0501,0.5806
202001,77437,"el campo, tx",7248,12290,1007,2185,20.798537,38.35323349,3.243840155,96,-0.0254,-2.5,-0.3492,-51.5,10.5,0.3158,-0.0566,0.2874,179250,-0.0287,-0.115,0.5973
201912,77437,"el campo, tx",7248,13297,-365,1855,16.973205,30.35395303,3.592457823,98.5,0.2792,21.5,-0.3389,-50.5,19.5,-0.0952,-0.0952,0.2879,184550,0.0278,-0.1418,0.6151
201911,77437,"el campo, tx",7248,12932,966,2928,22.910197,41.5488941,4.271500095,77,-0.0994,-8.5,-0.5202,-83.5,7,-0.2075,0.2,0.3088,179550,-0.0795,-0.0795,0.5809
202006,7755,"oakhurst, nj",12596,12578,620,184,13.629408,17.2908773,9.967939376,110,0.0377,4,0.8644,51,38.5,0.7963,1.2045,0.4369,630050,0.1353,0.1072,1.8447
202005,7755,"oakhurst, nj",12596,13198,-794,-1460,11.298315,18.82344613,3.773184199,106,0.3856,29.5,1.0784,55,35,0.4211,0.2857,0.3034,554950,-0.0782,-0.0736,1.682
202004,7755,"oakhurst, nj",12596,12404,-2575,-3365,18.552465,34.63969659,2.465233881,76.5,0.5773,28,1.0132,38.5,14.5,-0.2245,-0.377,0.2639,602000,0.0896,0.0673,1.8811
202003,7755,"oakhurst, nj",12596,9829,509,-3082,35.068982,64.88549618,5.25246866,48.5,-0.3071,-21.5,0.5645,17.5,-11,-0.2794,-0.2344,0.3245,552500,-0.0425,-0.0459,1.7267
202002,7755,"oakhurst, nj",12596,10338,1755,-3009,32.775652,58.38608696,7.165217391,70,-0.2593,-24.5,0.6667,28,-10,0.1724,-0.15,0.3617,577050,-0.2296,0.0079,1.8613
202001,7755,"oakhurst, nj",12596,12093,108,-3017,22.330734,39.80260888,4.858858444,94.5,0.1053,9,0.3796,26,9,0.2889,-0.2468,0.3333,749050,0.2815,0.3507,2.4967
201912,7755,"oakhurst, nj",12596,12201,2322,1524,24.409527,42.98379094,5.835262984,85.5,-0.1779,-18.5,-0.1857,-19.5,6.5,0.0714,0.0714,0.3409,584500,-0.0647,0.0326,1.9485
201911,7755,"oakhurst, nj",12596,14523,-64,-2474,12.367704,20.5272831,4.208124723,104,0.1685,15,0.3419,26.5,34,0.2,-0.2759,0.3088,624950,-0.0379,0.0953,2.0223
