resources/dan/dan_cleanup/RDC_Inventory_Hotness_Metrics_Zip_History_TEXAS.csv
month_date_yyyymm,postal_code,zip_name,nielsen_hh_rank,hotness_rank,hotness_rank_mm,hotness_rank_yy,hotness_score,supply_score,demand_score,median_days_on_market,median_days_on_market_mm,median_dom_mm_day,median_days_on_market_yy,median_dom_yy_day,median_dom_vs_us,ldpviews_per_property_mm,ldpviews_per_property_yy,ldpviews_per_property_vs_us,median_listing_price,median_listing_price_mm,median_listing_price_yy,median_listing_price_vs_us
202006,7720,"bradley beach, nj",12887,2489,3128,3706,75.178519,70.21276596,80.14427281,48.5,-0.3446,-25.5,-0.2971,-20.5,-23,0.4916,0.6136,1.5991,699950,-0.0478,-0.1618,2.0494
202005,7720,"bradley beach, nj",12887,5617,3297,292,57.935721,43.04120062,72.83024211,74,-0.1823,-16.5,0.2437,14.5,3,0.5455,0.0531,1.3371,735050,0.0515,-0.1522,2.2279
202004,7720,"bradley beach, nj",12887,8914,-2671,-6150,40.592078,24.53996348,56.6441916,90.5,0.3923,25.5,1.2911,51,28.5,-0.2103,-0.3246,1.0694,699050,0.0721,-0.203,2.1844
202003,7720,"bradley beach, nj",12887,6243,-1928,-5056,55.350515,43.25933189,67.4416976,65,0.0833,5,1.6,40,5.5,-0.1216,-0.1372,1.2914,652050,-0.1129,-0.184,2.0378
202002,7720,"bradley beach, nj",12887,4315,-1199,-3662,65.433043,67.15826087,63.70782609,60,-0.1946,-14.5,0.7391,25.5,-20,-0.1685,-0.1362,1.1809,735050,0.1325,-0.0386,2.371
202001,7720,"bradley beach, nj",12887,3116,2400,-1825,72.137484,63.49644558,80.77852164,74.5,-0.0915,-7.5,0.2627,15.5,-11,0.5257,0.0269,1.5345,649050,-0.0371,-0.1717,2.1634
201912,7720,"bradley beach, nj",12887,5516,2848,-823,60.621899,47.1782997,74.06549785,82,-0.0989,-9,0.1549,11,3,0.0671,0.1667,1.3258,674050,-0.2253,-0.1001,2.247
201911,7720,"bradley beach, nj",12887,8364,-2503,-2507,48.295202,29.13365866,67.45674631,91,0.3094,21.5,0.1304,10.5,21,-0.1368,-0.0939,1.2059,870049,-0.0114,0.4621,2.8155
202006,77598,"webster, tx",3164,7927,1423,1855,44.611629,72.23112795,16.99213057,47,-0.2034,-12,-0.0408,-2,-24.5,0.4405,0.5125,0.545,219950,-0.0431,-0.2667,0.6439
202005,77598,"webster, tx",3164,9350,-1252,94,38.252159,64.29279343,12.21152485,59,0.3721,16,0.2553,12,-12,0.2,-0.0769,0.4719,229850,0.015,-0.2262,0.6966
202004,77598,"webster, tx",3164,8098,541,-2189,45.252142,77.85503582,12.64924849,43,-0.1134,-5.5,0.2464,8.5,-19,-0.1765,-0.4167,0.4861,226450,0.0338,-0.1914,0.7075
202003,77598,"webster, tx",3164,8639,-752,-5315,41.981231,64.88549618,19.07696617,48.5,0.0543,2.5,0.6167,18.5,-11,-0.0556,-0.3145,0.5629,219050,-0.1236,0.0955,0.6845
202002,77598,"webster, tx",3164,7887,-1334,-5034,46.855652,79.46434783,14.24695652,46,-0.1481,-8,0.5333,16,-34,-0.1089,-0.4079,0.4787,249950,0.0434,0.2656,0.8061
202001,77598,"webster, tx",3164,6553,-1277,-2411,54.175581,88.15653254,20.19463041,54,0.5429,19,0.1489,7,-31.5,0.2469,-0.2519,0.5805,239550,0.0791,0.2323,0.7983
201912,77598,"webster, tx",3164,5276,36,1568,61.812769,99.047304,24.57823354,35,-0.1026,-4,-0.375,-21,-44,-0.1735,-0.0122,0.6136,222000,-0.1118,-0.1929,0.74
201911,77598,"webster, tx",3164,5312,4158,4746,62.776475,92.93364599,32.61930414,39,-0.3158,-18,-0.4621,-33.5,-31,0.1136,0.1529,0.7206,249950,-0.1614,-0.0913,0.8087
201910,77598,"webster, tx",3164,9470,-231,-858,43.831432,63.300293,24.36257091,57,0.0556,3,0.0755,4,-9,-0.0538,0.0732,0.6241,298050,-0.116,0.1575,0.9554
202006,7719,"belmar, nj",5477,1400,3095,3562,83.514282,83.59078986,83.43777324,38.5,-0.45,-31.5,-0.3246,-18.5,-33,0.469,0.8398,1.7072,600049,2.00E-04,0.0714,1.7568
202005,7719,"belmar, nj",5477,4495,897,-1579,63.531785,49.30624381,77.75732691,70,0.037,2.5,0.6867,28.5,-1,0.2647,0.1026,1.4494,599950,-1.00E-04,0.1717,1.8184
202004,7719,"belmar, nj",5477,5392,-2182,-1249,59.783677,43.67186403,75.89549094,67.5,0.4674,21.5,0.4063,19.5,5.5,-0.0769,-0.1356,1.4167,599999.5,0.1494,0.1278,1.8748
202003,7719,"belmar, nj",5477,3210,-902,-609,71.888788,68.56922754,75.20834792,46,-0.1786,-10,-0.0612,-3,-13.5,-0.2778,-0.0556,1.4636,522000,0.0441,-0.0056,1.6313
202002,7719,"belmar, nj",5477,2308,2964,256,77.064348,71.59652174,82.53217391,56,-0.345,-29.5,-0.0894,-5.5,-24,0.3304,0.3247,1.6277,499950,0.01,-0.0422,1.6126
202001,7719,"belmar, nj",5477,5272,-2142,-1258,60.504521,49.18213817,71.82690317,85.5,0.2761,18.5,0.0892,7,0,0.2299,0.0407,1.3218,495000,0.0205,-0.0607,1.6499
201912,7719,"belmar, nj",5477,3130,2214,727,73.218657,68.21700298,78.22031095,67,-0.029,-2,-0.0147,-1,-12,0.0506,0.1687,1.4167,485050,-0.0847,-0.0744,1.6169
201911,7719,"belmar, nj",5477,5344,-172,-1766,62.592686,51.8473921,73.33798086,69,0.0534,3.5,0.122,7.5,-1,-0.0777,0,1.3088,529950,0.0093,0.0442,1.7149
202006,77336,"huffman, tx",8504,9145,-475,369,37.689449,60.47070825,14.90819003,56.5,-0.0259,-1.5,0.2841,12.5,-15,0.14,0.6286,0.5135,234999.5,-0.0206,-0.3267,0.688
202005,77336,"huffman, tx",8504,8670,291,668,42.446552,65.89975931,18.9933456,58,0.1154,6,0.2211,10.5,-13,0.2987,0.0526,0.5618,239950,-0.1111,-0.2906,0.7272
202004,77336,"huffman, tx",8504,8961,2900,-860,40.254952,64.35594887,16.15395421,52,-0.362,-29.5,0.1064,5,-10,0.1159,-0.3475,0.5347,269950,0.1863,-0.1695,0.8434
202003,77336,"huffman, tx",8504,11861,-809,-2345,21.941312,32.03305554,11.8495693,81.5,-0.0739,-6.5,0.2937,18.5,22,-0.2333,-0.3839,0.457,227550,-0.071,-0.3007,0.711
202002,77336,"huffman, tx",8504,11052,-19,139,28.097391,41.68347826,14.51130435,88,-0.0688,-6.5,-0.1066,-10.5,8,-0.0816,-0.0217,0.4787,244950,-0.02,-0.3253,0.79
202001,77336,"huffman, tx",8504,11033,-338,1215,29.415419,39.80260888,19.02822831,94.5,0.1812,14.5,-0.2588,-33,9,0.4203,-0.1171,0.5632,249950,0,-0.2599,0.833
201912,77336,"huffman, tx",8504,10695,893,1928,33.8174,49.5600397,18.07476017,80,0.1429,10,-0.2982,-34,1,0.1129,-0.0921,0.5227,249950,-0.0909,-0.245,0.8331
201911,77336,"huffman, tx",8504,11588,-1572,368,31.129983,49.97148108,12.28848469,70,0.2389,13.5,-0.2391,-22,0,-0.1733,-0.225,0.4559,274950,-0.1652,-0.2422,0.8896
202006,77345,"kingwood, tx",4420,7670,-896,804,45.966919,60.97347712,30.96036141,56,-0.0667,-4,0.2174,10,-15.5,0.08,0.7234,0.7297,299500,-0.0491,-0.0786,0.8768
202006,77339,"kingwood, tx",1256,8127,-329,-1310,43.51501,58.62722238,28.40279802,58,-0.0645,-4,0.4146,17,-13.5,0.1923,0.55,0.6982,257073,-0.0019,-0.0413,0.7526
202005,77345,"kingwood, tx",4420,6774,-2770,3773,52.300722,62.62919439,41.97224975,60,0.3636,16,0.1321,7,-11,-0.0385,0.7442,0.8427,314950,0.0078,-0.0236,0.9545
202005,77339,"kingwood, tx",1256,7798,-805,1381,46.966586,61.12133654,32.81183633,62,0.1273,7,0.2784,13.5,-9,0.0317,0.2745,0.7303,257550,0.0304,-0.0634,0.7805
202004,77345,"kingwood, tx",4420,4004,3106,3921,67.070516,76.30987498,57.83115606,44,-0.1373,-7,0.0115,0.5,-18,0.2188,0.4182,1.0833,312500,0.0434,-0.0205,0.9764
202004,77339,"kingwood, tx",1256,6993,898,1399,51.450344,59.86093552,43.03975277,55,0.1579,7.5,0.1111,5.5,-7,0.2727,0.0957,0.875,249950,0.0056,-0.0798,0.7809
202003,77345,"kingwood, tx",4420,7110,-1081,353,50.710834,60.99166608,40.4300021,51,0,0,0.0408,2,-8.5,-0.1233,0.1034,0.8477,299500,-0.0015,-0.0783,0.9359
202003,77339,"kingwood, tx",1256,7891,-2791,-1508,46.302262,66.25814133,26.3463828,47.5,0.131,5.5,0.0326,1.5,-12,-0.34,-0.0833,0.6556,248549.5,0.0579,-0.0902,0.7767
202002,77339,"kingwood, tx",1256,5100,284,1498,61.234783,83.65217391,38.8173913,42,-0.3333,-21,-0.3778,-25.5,-38,0.0345,0.1029,0.7979,234950,-0.0212,-0.1267,0.7577
202002,77345,"kingwood, tx",4420,6029,1275,-34,56.410435,75.52,37.30086957,51,-0.32,-24,0.02,1,-29,0.0504,0.2586,0.7766,299950,0.0185,-0.0671,0.9674
202001,77345,"kingwood, tx",4420,7304,1902,398,50.472772,62.96500794,37.98053696,75,-0.0385,-3,-0.0385,-3,-10.5,0.5275,0.0611,0.7989,294500,0.0069,-0.0805,0.9815
202001,77339,"kingwood, tx",1256,5384,358,1886,59.862654,78.98405687,40.74125198,63,0.0588,3.5,-0.087,-6,-22.5,0.3942,0.25,0.8333,240045,-0.0083,-0.1144,0.8
201912,77339,"kingwood, tx",1256,5742,1284,355,59.586503,79.50380417,39.66920278,59.5,0.1226,6.5,0.0259,1.5,-19.5,0.04,0.0833,0.7879,242050,0.0172,-0.0868,0.8068
201912,77345,"kingwood, tx",4420,9206,755,363,41.95832,52.18656963,31.73006947,78,0.0986,7,-0.025,-2,-1,-0.0521,0.0341,0.6894,292495,-0.0248,-0.0847,0.975
201911,77339,"kingwood, tx",1256,7026,1717,2006,54.499651,74.54211293,34.45718994,53,-0.0702,-4,-0.1846,-12,-17,0,0.1494,0.7353,237950,-0.0741,-0.0541,0.7699
201911,77345,"kingwood, tx",4420,9961,945,875,40.176817,48.34907155,32.00456303,71,0.0519,3.5,-0.0955,-7.5,1,0.1294,0.1852,0.7059,299922,-0.07,-0.0687,0.9705
202006,77396,"humble, tx",1514,9490,-308,1735,35.689303,61.54182454,9.836782279,55.5,-0.0431,-2.5,0.1327,6.5,-16,0.1429,1,0.4324,279950,0.12,0.0769,0.8196
202006,77338,"humble, tx",2419,7854,1264,-839,44.946809,68.74817837,21.14543865,49.5,-0.161,-9.5,0.1786,7.5,-22,0.4889,0.3137,0.6036,203995,0.0347,0.0202,0.5972
202006,77346,"humble, tx",539,7609,327,3245,46.240163,79.91110463,12.5692218,41.5,-0.2019,-10.5,-0.1354,-6.5,-30,0.0816,1.0385,0.4775,291100,0.0395,0.0584,0.8522
202005,77396,"humble, tx",1514,9182,-167,1932,39.250319,65.89975931,12.60087781,58,0.1373,7,0.1959,9.5,-13,0.1667,0.5849,0.4719,249950,0.0458,0.0038,0.7575
202005,77346,"humble, tx",539,7936,941,3112,46.36132,74.3451791,18.37746,52,0.0505,2.5,0.0612,3,-19,0.3803,0.6897,0.5506,280050,0.0127,0.0166,0.8487
202005,77338,"humble, tx",2419,9118,-1607,506,39.621974,64.29279343,14.9511539,59,0.3721,16,0.2421,11.5,-12,0.0843,0.0112,0.5056,197150,0.0129,0.0031,0.5975
202004,77338,"humble, tx",2419,7511,269,1311,48.588285,77.85503582,19.32153392,43,0.1026,4,-0.1963,-10.5,-19,0.0921,-0.2589,0.5764,194645,-0.002,0.0135,0.6081
202004,77346,"humble, tx",539,8877,1157,-88,40.792246,68.15563984,13.42885237,49.5,-0.0571,-3,0.2857,11,-12.5,0.1833,0.0143,0.4931,276550,0.0281,-0.0123,0.8641
202004,77396,"humble, tx",1514,9015,347,1479,39.903779,66.00646158,13.80109566,51,0.0851,4,0.0625,3,-11,0.2203,0.3333,0.5,239000,-0.0176,-0.0647,0.7467
202003,77396,"humble, tx",1514,9362,-16,1124,37.737237,67.15456264,8.319910358,47,-0.1754,-10,-0.1754,-10,-12.5,-0.1061,-0.1324,0.3907,243282.5,-1.00E-04,-0.0152,0.7602
202003,77346,"humble, tx",539,10034,-882,-925,33.696337,58.72259962,8.670074935,52.5,-0.0625,-3.5,0.0714,3.5,-7,-0.1429,-0.1176,0.3974,268997.5,-0.0035,-0.036,0.8406
202003,77338,"humble, tx",2419,7780,-1544,618,46.901043,78.87807269,14.92401429,39,0.0541,2,-0.25,-13,-20.5,-0.3091,-0.1556,0.5033,195040,0.0108,-0.0201,0.6094
202002,77338,"humble, tx",2419,6236,-473,613,55.224348,88.06956522,22.37913043,37,-0.1084,-4.5,-0.2371,-11.5,-43,0.1,0.1111,0.5851,192950,0.0124,-0.0074,0.6223
202002,77346,"humble, tx",539,9152,-866,-633,39.784348,71.59652174,7.972173913,56,-0.0894,-5.5,0.0467,2.5,-24,-0.0667,-0.0541,0.3723,269950,7.00E-04,-0.0185,0.8706
202002,77396,"humble, tx",1514,9346,-1504,572,38.577391,70.3373913,6.817391304,57,0.0088,0.5,-0.1364,-9,-23,-0.0959,0.0313,0.3511,243300,-0.0071,0.0073,0.7847
202001,77338,"humble, tx",2419,5763,222,251,57.947408,95.95555249,19.93926427,41.5,-0.0978,-4.5,-0.2019,-10.5,-44,0.2821,-0.0566,0.5747,190577.5,0,-0.044,0.6351
202001,77396,"humble, tx",1514,7842,-330,2845,47.72241,85.92725516,9.517565049,56.5,0.0463,2.5,-0.2803,-22,-29,0.1231,0.1406,0.4195,245050,0,-0.0039,0.8167
202001,77346,"humble, tx",539,8286,1274,565,45.389606,80.57146801,10.20774381,61.5,-0.0538,-3.5,-0.0889,-6,-24,0.4423,-0.0506,0.431,269750,0.0179,-0.0331,0.899
201912,77396,"humble, tx",1514,7512,1458,4950,50.959312,86.37777043,15.54085346,54,0.0588,3,-0.3864,-34,-25,0.0484,0.413,0.4924,245050,0.043,0.0652,0.8168
201912,77338,"humble, tx",2419,5985,1011,-456,58.451869,93.84055574,23.06318227,46,0.0952,4,-0.098,-5,-33,0.0541,-0.1522,0.5909,190577.5,-0.0128,0.0028,0.6352
201912,77346,"humble, tx",539,9560,1341,-207,39.990076,71.00893152,8.971220642,65,0.0656,4,0.0156,1,-14,0.04,-0.1034,0.3939,264995,0.0055,-0.0184,0.8833
201911,77396,"humble, tx",1514,8970,1151,3229,45.243678,78.1101464,12.37721022,51,-0.0642,-3.5,-0.3061,-22.5,-19,-0.0746,0.3191,0.4559,234950,-0.0105,0.0047,0.7602
201911,77346,"humble, tx",539,10901,-464,-1442,34.824767,62.61486786,7.034666329,61,0.1509,8,0.1402,7.5,-9,-0.0909,-0.1228,0.3676,263550,-0.0045,-0.0214,0.8528
201911,77338,"humble, tx",2419,6996,466,-750,54.651752,90.55073199,18.75277267,42,-0.0345,-1.5,-0.1064,-5,-28,-0.1494,-0.1957,0.5441,193040,-0.0228,0.0208,0.6246
202006,7738,"lincroft, nj",12835,3744,285,-440,66.828184,45.28563101,88.37073739,71.5,0.0515,3.5,0.8333,32.5,0,0.5815,1.5723,1.9234,784050,0.0889,0.1042,2.2956
202005,7738,"lincroft, nj",12835,4029,1059,1052,65.871443,51.67067818,80.07220728,68,0.2252,12.5,0.4783,22,-3,0.5976,0.4754,1.5169,720049,0,0.0286,2.1825
202004,7738,"lincroft, nj",12835,5088,-1235,-1615,61.241045,59.14454277,63.33754741,55.5,0.2614,11.5,0.4231,16.5,-6.5,-0.0963,-0.1465,1.1736,720049,0,0.0519,2.25
202003,7738,"lincroft, nj",12835,3853,-2903,-502,68.201555,71.51060999,64.89249947,44,0.2222,8,-0.12,-6,-15.5,-0.4367,-0.1179,1.2384,720040,0.0014,0.0909,2.2503
202002,7738,"lincroft, nj",12835,950,3329,5201,87.516522,89.04347826,85.98956522,36,-0.5232,-39.5,-0.5068,-37,-44,0.5091,1.1013,1.766,719050,-0.0899,0.0206,2.3194
202001,7738,"lincroft, nj",12835,4279,-496,938,65.570433,62.28173097,68.85913452,75.5,0.0203,1.5,0.2177,13.5,-10,0.1168,0.5714,1.2644,790050,0.1286,0.0984,2.6334
201912,7738,"lincroft, nj",12835,3783,2140,4003,69.536884,58.06814423,81.00562355,74,0.1935,12,0.0882,6,-5,0.3873,1.1413,1.4924,700040,-0.0264,-0.0271,2.3337
201911,7738,"lincroft, nj",12835,5923,-3440,1953,59.816845,61.87971354,57.7539768,62,0.4588,19.5,-0.3297,-30.5,-8,-0.2067,-0.1013,1.0441,719050,0.0821,0.1166,2.3269
202006,77665,"winnie, tx",11304,5995,3069,5717,54.656077,76.87263189,32.43952201,43.5,-0.3958,-28.5,-0.4821,-40.5,-28,0.2463,0.4649,0.7523,157500,-0.1708,-0.3439,0.461
202005,77665,"winnie, tx",11304,9064,143,829,40.011327,46.04983718,33.97281608,72,0.0213,1.5,0.1901,11.5,1,0.1552,0.0984,0.7528,189950,-0.2589,-0.1522,0.5756
202004,77665,"winnie, tx",11304,9207,-2001,-2186,38.853772,40.3708386,37.33670459,70.5,0.3429,18,0.4842,23,8.5,-0.1145,-0.2162,0.8056,256300,-0.2115,0.1141,0.8008
202003,77665,"winnie, tx",11304,7206,-1700,248,50.112053,58.72259962,41.50150571,52.5,-0.0789,-4.5,-0.1102,-6.5,-7,-0.2557,-0.2471,0.8675,325050,0,0.3712,1.0158
202002,77665,"winnie, tx",11304,5506,3573,628,59.130435,70.3373913,47.92347826,57,-0.3133,-26,0.0556,3,-23,0.4545,0.4667,0.9362,325050,0.5293,0.2149,1.0484
202001,77665,"winnie, tx",11304,9079,-1131,-4810,41.044931,52.74346056,29.34640072,83,0.1293,9.5,0.6275,32,-2.5,0.1635,-0.1232,0.6954,212550,0.1333,-0.2477,0.7083
201912,77665,"winnie, tx",11304,7948,-1708,-842,48.981145,58.72973867,39.23255045,73.5,0.1667,10.5,0.0208,1.5,-5.5,-0.2571,-0.0545,0.7879,187550,0.0714,-0.3181,0.6251
201911,77665,"winnie, tx",11304,6240,2113,3723,58.31168,60.01014006,56.6132201,63,0.2115,11,-0.1,-7,-7,0.4737,0.7073,1.0294,175050,-0.0616,-0.1666,0.5663
201910,77665,"winnie, tx",11304,8353,-3446,-1582,49.526214,70.60033664,28.45209152,52,0.2381,10,0.0097,0.5,-14,-0.24,-0.1121,0.6738,186550,-0.2229,0.0304,0.5979
202006,77625,"kountze, tx",9736,10457,-536,1663,29.441125,18.47129117,40.4109589,108,-0.1563,-20,0.1868,17,36.5,0,0.6964,0.8559,160050,-0.2344,-0.3749,0.4685
202005,77625,"kountze, tx",9736,9921,-1227,808,34.737364,11.70182642,57.77290103,128,0.0449,5.5,0.641,50,57,0.0326,0.4074,1.0674,209050,0.1942,-0.1883,0.6335
202004,77625,"kountze, tx",9736,8694,1287,212,41.947605,14.77735637,69.11785363,122.5,0.0699,8,1.0248,62,60.5,0.2517,0.3529,1.2778,175050,-0.1356,-0.3163,0.5469
202003,77625,"kountze, tx",9736,9981,-444,-1794,34.060508,19.56019329,48.56082359,114.5,0.1337,13.5,0.6357,44.5,55,-0.1037,-0.1552,0.9735,202500,-0.1159,-0.2499,0.6328
202002,77625,"kountze, tx",9736,9537,-2843,-3107,37.652174,31.93043478,43.37391304,101,0.2096,17.5,0.4853,33,21,-0.0939,0.1631,0.8723,229050,0.0651,-0.2763,0.7387
202001,77625,"kountze, tx",9736,6694,-929,-3581,53.537166,52.01877286,55.05555939,83.5,0,0,0.6535,33,-2,0.0402,0.1173,1.0402,215050,-0.0225,-0.2995,0.7167
201912,77625,"kountze, tx",9736,5765,693,-2200,59.47734,45.20013232,73.75454846,83.5,0.3254,20.5,0.5463,29.5,4.5,0.2794,0.3385,1.3182,220000,0.0729,-0.2541,0.7333
201911,77625,"kountze, tx",9736,6458,-486,-1738,57.291337,60.01014006,54.57253311,63,0.2115,11,0.1053,6,-7,0.0382,-0.0216,1,205050,0.0049,-0.2805,0.6634
202006,77611,"bridge city, tx",10318,2207,-922,3848,77.215098,81.20081609,73.22937919,40.5,-0.0581,-2.5,-0.3017,-17.5,-31,0.1593,0.7784,1.4099,222050,0.0829,0.0576,0.65
202005,77611,"bridge city, tx",10318,1285,2960,5101,83.480816,86.8327906,80.12884044,43,-0.2893,-17.5,-0.3008,-18.5,-28,0.2442,0.2442,1.5169,205050,-0.0485,0.0515,0.6214
202004,77611,"bridge city, tx",10318,4245,1824,-246,65.813316,52.38095238,79.24568057,60.5,-0.1103,-7.5,0.2737,13,-1.5,0.0333,0.014,1.5069,215500,0.051,0.0939,0.6733
202003,77611,"bridge city, tx",10318,6069,535,-4641,56.313467,40.50003502,72.12689964,68,-0.3131,-31,0.7436,29,8.5,-0.186,-0.0948,1.3907,205050,-0.0191,0.0513,0.6407
202002,77611,"bridge city, tx",10318,6604,1104,-6140,53.509565,33.56521739,73.45391304,99,0.0206,2,1.9118,65,19,0.3438,-0.0753,1.3723,209050,0.0502,0.0585,0.6742
202001,77611,"bridge city, tx",10318,7708,-2024,-6625,48.37808,37.40768859,59.34847125,97,0.3566,25.5,0.5772,35.5,11.5,0.3913,-0.3642,1.1034,199050,0.0762,0.0642,0.6633
201912,77611,"bridge city, tx",10318,5684,-1432,-3764,59.841217,61.47535561,58.20707906,71.5,0.43,21.5,0.1,6.5,-7.5,0,-0.3727,1.0455,184950,-0.0708,-0.0263,0.6164
201911,77611,"bridge city, tx",10318,4252,-1022,-754,67.913049,79.82128145,56.00481653,50,0.0753,3.5,-0.2424,-16,-20,-0.1977,-0.3268,1.0147,199050,-0.0267,0.0476,0.644
