resources/dan/dan_cleanup/RDC_Inventory_Hotness_Metrics_Zip_History_TEXAS.csv
month_date_yyyymm,postal_code,zip_name,nielsen_hh_rank,hotness_rank,hotness_rank_mm,hotness_rank_yy,hotness_score,supply_score,demand_score,median_days_on_market,median_days_on_market_mm,median_dom_mm_day,median_days_on_market_yy,median_dom_yy_day,median_dom_vs_us,ldpviews_per_property_mm,ldpviews_per_property_yy,ldpviews_per_property_vs_us,median_listing_price,median_listing_price_mm,median_listing_price_yy,median_listing_price_vs_us
202006,77375,"tomball, tx",1291,8005,713,3352,44.174439,78.26435442,10.08452346,42.5,-0.1667,-8.5,-0.1827,-9.5,-29,0.3472,0.6724,0.4369,325050,0.0188,-0.0385,0.9516
202006,77377,"tomball, tx",3250,7902,710,1851,44.815651,82.44680851,7.184494317,39.5,-0.1939,-9.5,0.0128,0.5,-32,0.2879,0.8478,0.3829,335050,0.0182,-0.0103,0.9809
202005,77375,"tomball, tx",1291,8718,486,1185,42.156308,75.75392893,8.558686111,51,0.02,1,0.186,8,-20,0.125,0.1077,0.4045,319050,-0.0028,-0.0582,0.967
202005,77377,"tomball, tx",3250,8612,761,1361,42.761574,78.62806173,6.895087073,49,-0.0101,-0.5,0.1395,6,-22,0.1579,0.0476,0.3708,329050,0.0047,-0.035,0.9973
202004,77375,"tomball, tx",1291,9204,318,1389,38.867819,67.453294,10.28234303,50,0,0,-0.0741,-4,-12,-0.0303,-0.1899,0.4444,319947.5,0.0175,-0.0726,0.9997
202004,77377,"tomball, tx",3250,9373,-259,1792,37.758112,68.15563984,7.360584352,49.5,0.0645,3,-0.1239,-7,-12.5,-0.1231,-0.1618,0.3958,327500,0.0046,-0.0368,1.0233
202003,77377,"tomball, tx",3250,9114,-165,2883,39.088872,67.78485888,10.39288466,46.5,-0.1696,-9.5,-0.3882,-29.5,-13,-0.1667,-0.0714,0.4305,326000,-0.0093,-0.027,1.0188
202003,77375,"tomball, tx",1291,9522,-1668,1664,36.704251,62.61642972,10.79207227,50,0,0,-0.2537,-17,-9.5,-0.3265,-0.1316,0.4371,314445,0.0175,-0.0753,0.9826
202002,77375,"tomball, tx",1291,7854,1695,3104,47.050435,76.34782609,17.75304348,50,-0.359,-28,-0.4286,-37.5,-30,0.0316,0.2405,0.5213,309050,-0.0031,-0.1355,0.9968
202002,77377,"tomball, tx",3250,8949,-273,1991,40.966957,71.59652174,10.3373913,56,-0.1385,-9,-0.2821,-22,-24,0.04,0.2787,0.4149,329050,0.0283,-0.0319,1.0613
202001,77377,"tomball, tx",3250,8676,-2,1718,43.28111,76.38898475,10.17323487,65,0.1207,7,-0.1333,-10,-20.5,0.4706,0.2295,0.431,320000,0.0222,-0.0463,1.0665
202001,77375,"tomball, tx",1291,9549,132,1795,38.4188,59.0447926,17.79280834,78,0.0833,6,-0.1285,-11.5,-7.5,0.3768,0.2838,0.546,310000,0.0164,-0.1207,1.0332
201912,77375,"tomball, tx",1291,9681,867,1709,39.464109,60.75421766,18.17399934,72,0.125,8,-0.0886,-7,-7,0.0147,0.3269,0.5227,305000,-0.0319,-0.116,1.0167
201912,77377,"tomball, tx",3250,8674,1573,602,45.018194,81.56136288,8.47502481,58,0.0357,2,-0.0492,-3,-21,0.0625,-0.0556,0.3864,313050,-0.006,-0.0915,1.0435
201911,77377,"tomball, tx",3250,10247,2583,46,38.567083,70.76494074,6.369224919,56,-0.2222,-16,-0.0261,-1.5,-14,-0.0769,-0.04,0.3529,314950,-0.0309,-0.0989,1.0191
201911,77375,"tomball, tx",1291,10548,-287,1133,36.897142,58.1278915,15.66639204,64,0.1852,10,-0.0857,-6,-6,0.0794,0.3333,0.5,315050,-0.0308,-0.0861,1.0194
201910,77377,"tomball, tx",3250,12830,-58,-2104,25.014027,43.37011408,6.657939031,72,0.0746,5,0.2308,13.5,6,0.0612,-0.0877,0.3688,325000,-0.0152,-0.0519,1.0418
202006,77471,"rosenberg, tx",2193,10503,-264,2879,29.124162,53.87642087,4.371903235,62.5,-0.0079,-0.5,-0.0234,-1.5,-9,0.0781,0.725,0.3108,261415,0.013,0.1028,0.7653
202005,77471,"rosenberg, tx",2193,10239,362,1291,32.670253,59.06838454,6.272122328,63,0.1053,6,0.2727,13.5,-8,0.5238,0.561,0.3596,258070,0.0098,0.0844,0.7821
202004,77471,"rosenberg, tx",2193,10601,182,-1468,30.2395,57.1498806,3.329119258,57,0.027,1.5,0.6056,21.5,-5,0,-0.087,0.2917,255560,-0.0135,0.0811,0.7985
202003,77471,"rosenberg, tx",2193,10783,-1485,-359,29.004132,54.5976609,3.410602983,55.5,0.0472,2.5,0.0472,2.5,-4,-0.2222,-0.1923,0.2781,259070,0.0533,0.1033,0.8096
202002,77471,"rosenberg, tx",2193,9298,1157,513,38.786087,73.62782609,3.944347826,53,-0.3026,-23,-0.1311,-8,-27,-0.0182,-0.0182,0.2872,245950,0.0339,0.0366,0.7932
202001,77471,"rosenberg, tx",2193,10455,987,338,33.035406,61.72958796,4.341224377,76,-0.0256,-2,-0.0318,-2.5,-9.5,0.1957,-0.0833,0.3161,237890,0.0186,0.0254,0.7928
201912,77471,"rosenberg, tx",2193,11442,-226,536,29.245782,52.18656963,6.304995038,78,0.2381,15,-0.025,-2,-1,-0.0417,0.15,0.3485,233550,0.0022,-0.0083,0.7785
201911,77471,"rosenberg, tx",2193,11216,-588,957,33.177007,60.01014006,6.34387477,63,0.2233,11.5,-0.087,-6,-7,0.1163,0.4118,0.3529,233040,-0.0048,-0.0177,0.754
202006,77651,"port neches, tx",8447,468,61,1700,92.236229,92.38560187,92.08685514,30.5,-0.2907,-12.5,-0.337,-15.5,-41,0.1985,0.6115,2.1486,253750,0.025,0.08,0.7429
202005,77651,"port neches, tx",8447,529,4110,958,90.786493,86.8327906,94.74019538,43,-0.4522,-35.5,0.0886,3.5,-28,0.2555,0.147,2.236,247550,-0.0328,0.0356,0.7502
202004,77651,"port neches, tx",8447,4639,593,-3596,63.537716,32.96109004,94.1143419,78.5,0.0329,2.5,1.2113,43,16.5,0.1403,-0.0891,2.2014,255950,-0.0288,0.1506,0.7997
202003,77651,"port neches, tx",8447,5232,-2199,-3859,60.630997,34.91841165,86.34358148,76,0.0857,6,0.6889,31,16.5,-0.1824,-0.0211,1.8411,263550,0.0027,0.2031,0.8236
202002,77651,"port neches, tx",8447,3033,-1795,-2593,72.685217,58.38608696,86.98434783,70,0.2069,12,1.1875,38,-10,0.1847,0.2364,1.8085,262850,0.0759,0.3511,0.8477
202001,77651,"port neches, tx",8447,1238,-214,-1082,84.560701,84.49168335,84.6297191,58,0.1262,6.5,0.7576,25,-27.5,0.3287,-0.1407,1.6494,244300,0.1917,0.3412,0.8142
201912,77651,"port neches, tx",8447,1024,12,-571,87.37347,88.8455177,85.90142243,51.5,0.1977,8.5,0.0098,0.5,-27.5,-0.0442,-0.188,1.6364,205000,-0.1798,0.1392,0.6833
201911,77651,"port neches, tx",8447,1036,3671,-270,87.717853,89.16281133,86.27289435,43,-0.3676,-25,-0.1042,-5,-27,0.0273,-0.1812,1.6618,249950,-2.00E-04,0.411,0.8087
201910,77651,"port neches, tx",8447,4707,-1580,-4427,66.292625,48.33863225,84.24661804,68,0.1624,9.5,0.7895,30,2,-0.1506,-0.4005,1.5603,250000,0.0638,0.2104,0.8014
202006,77488,"wharton, tx",7971,10297,2194,4553,30.515885,48.9215972,12.11017196,67.5,-0.2819,-26.5,-0.3041,-29.5,-4,0.4189,0.9444,0.473,179050,0.1187,0.0535,0.5241
202005,77488,"wharton, tx",7971,12491,-643,1371,16.866063,24.92566898,8.80645618,94,0.1325,11,0.093,8,23,0,0.1746,0.4157,160050,0.0495,-0.0244,0.485
202004,77488,"wharton, tx",7971,11848,185,1246,22.120382,29.70220537,14.53855879,83,-0.046,-4,0.0061,0.5,21,0.0571,0.1212,0.5139,152500,-0.0164,-0.076,0.4764
202003,77488,"wharton, tx",7971,12033,-1423,1237,20.834792,29.51887387,12.15071083,87,0.0741,6,-0.2301,-26,27.5,-0.2222,0.1667,0.4636,155050,-0.0823,-0.0828,0.4845
202002,77488,"wharton, tx",7971,10610,357,2208,30.942609,47.62434783,14.26086957,81,-0.105,-9.5,-0.3222,-38.5,1,-0.011,0.1688,0.4787,168950,-0.0059,0.0758,0.5448
202001,77488,"wharton, tx",7971,10967,-11,2490,29.822624,43.53647595,16.10877217,90.5,0.0402,3.5,-0.293,-37.5,5,0.1667,0.1974,0.523,169950,0.0455,0.0996,0.5663
201912,77488,"wharton, tx",7971,10956,2405,2439,32.163414,41.429044,22.89778366,87,-0.1386,-14,-0.1869,-20,8,0.0541,0.4444,0.5909,162550,0.0156,0.0484,0.5418
201911,77488,"wharton, tx",7971,13361,1438,326,20.191394,21.85182838,18.53095887,101,-0.1513,-18,0.0919,8.5,31,0.1385,0.6818,0.5441,160050,-0.0154,0.0811,0.5178
202006,77578,"manvel, tx",7915,10474,-257,2753,29.255319,57.65083066,0.859807636,59,0,0,-0.0328,-2,-12.5,0.0833,0.1471,0.1757,359550,-0.0151,0.0731,1.0526
202005,77578,"manvel, tx",7915,10217,274,2384,32.790599,64.29279343,1.288404361,59,0.0826,4.5,0.0261,1.5,-12,0.0909,0.0286,0.2022,365050,0.0283,0.0549,1.1064
202004,77578,"manvel, tx",7915,10491,-375,666,31.082315,60.50709369,1.657536171,54.5,0.1122,5.5,0.09,4.5,-7.5,-0.1081,-0.1316,0.2292,355000,0.0157,0.0159,1.1092
202003,77578,"manvel, tx",7915,10116,1307,816,33.237622,64.10813082,2.367112543,49,-0.3875,-31,-0.125,-7,-10.5,-0.2292,0.0278,0.245,349497.5,0.0129,-0.0015,1.0922
202002,77578,"manvel, tx",7915,11423,-794,-711,25.721739,48.72347826,2.72,80,0.0323,2.5,0.1679,11.5,0,-0.1273,0.1429,0.2553,345050,0.0177,0.021,1.1129
202001,77578,"manvel, tx",7915,10629,1117,-662,31.965629,59.59693561,4.33432259,77.5,-0.019,-1.5,0.1232,8.5,-8,0.375,0.1,0.3161,339050,0.0121,0.003,1.13
201912,77578,"manvel, tx",7915,11746,1076,-1856,27.42309,50.66490241,4.181276877,79,0.0822,6,0.2951,18,0,0.25,-0.0476,0.303,335000,-0.0117,-0.0117,1.1167
201911,77578,"manvel, tx",7915,12822,-1244,-1243,23.480575,45.19297801,1.768172888,73,0.2586,15,0.1406,9,3,-0.1795,-0.1111,0.2353,338950,0.0271,0.0089,1.0968
202006,7746,"marlboro, nj",7336,2409,3085,426,75.732294,59.20285631,92.26173127,57.5,-0.2532,-19.5,0.25,11.5,-14,0.8898,1.087,2.1622,664550,0.0805,0.0549,1.9457
202005,7746,"marlboro, nj",7336,5494,-282,-2113,58.533909,40.23078012,76.83703809,77,0.2623,16,0.7701,33.5,6,0.373,0.114,1.427,615050,0.0132,-0.0269,1.8642
202004,7746,"marlboro, nj",7336,5212,-3204,-1483,60.68268,51.69265346,69.67270684,61,0.5641,22,0.2323,11.5,-1,-0.254,-0.2355,1.2847,607050,0.0167,-0.0501,1.8969
202003,7746,"marlboro, nj",7336,2008,-869,1240,79.939071,78.87807269,81.00007003,39,-0.025,-1,-0.3036,-17,-20.5,-0.2575,0.0598,1.6424,597050,0.0205,0.0475,1.8659
202002,7746,"marlboro, nj",7336,1139,1445,2848,85.902609,85.43304348,86.37217391,40,-0.4737,-36,-0.4667,-35,-40,0.0637,0.4978,1.7766,585050,-0.025,0.0835,1.8871
202001,7746,"marlboro, nj",7336,2584,1312,-557,75.194975,61.72958796,88.66036303,76,-0.013,-1,0.1343,9,-9.5,0.5096,0.261,1.8046,600050,0.011,0.1236,2
201912,7746,"marlboro, nj",7336,3896,1468,406,68.905061,53.66192524,84.14819716,77,0.0694,5,0.0267,2,-2,0.0722,0.1954,1.5758,593550,-0.0254,0.089,1.9787
201911,7746,"marlboro, nj",7336,5364,-2262,-211,62.497623,46.73299956,78.26224729,72,0.2973,16.5,-0.071,-5.5,2,-0.106,0,1.4265,609050,0,0.0518,1.9709
202006,77459,"missouri city, tx",326,9761,329,2196,34.031623,62.09559895,5.967647916,55,-0.0984,-6,0.0784,4,-16.5,0.3167,1.3235,0.3559,356550,0.0186,0.0427,1.0439
202006,77489,"missouri city, tx",2730,5612,194,764,56.674439,77.60128242,35.74759545,43,-0.1887,-10,0.9545,21,-28.5,0.1892,1.4444,0.7928,187050,-0.0158,-0.1095,0.5476
202005,77459,"missouri city, tx",326,10090,-186,1393,33.601161,61.99207136,5.210250602,61,0.1619,8.5,0.2323,11.5,-10,0.1538,0.3953,0.3371,350040,3.00E-04,0.0204,1.0609
202005,77489,"missouri city, tx",2730,5806,-69,2462,56.845533,73.03553731,40.65552881,53,0.2326,10,0.1398,6.5,-18,0.265,0.2982,0.8315,190050,0.0053,-0.0256,0.5759
202004,77489,"missouri city, tx",2730,5737,-1069,-57,57.950555,77.85503582,38.04607389,43,0.3871,12,0.1169,4.5,-19,-0.041,-0.025,0.8125,189050,-0.0207,-0.0327,0.5906
202004,77459,"missouri city, tx",326,9904,-337,1786,34.72749,63.47801658,5.976963057,52.5,0.1413,6.5,-0.0541,-3,-9.5,0.1304,0.2093,0.3611,349950,0.0118,0.006,1.0934
202003,77489,"missouri city, tx",2730,4668,583,1723,63.495343,89.4810561,37.50962953,31,-0.2619,-11,-0.3261,-15,-28.5,-0.1644,0.1731,0.8079,193050,0.0348,-0.0711,0.6032
202003,77459,"missouri city, tx",326,9567,620,2016,36.497654,68.56922754,4.426080258,46,-0.2923,-19,-0.2698,-17,-13.5,-0.2069,0,0.3046,345878,0.0203,-0.0091,1.0809
202002,77489,"missouri city, tx",2730,5251,-153,3037,60.365217,83.65217391,37.07826087,42,0.2,7,-0.2,-10.5,-38,0.3153,0.8718,0.7766,186550,0.003,-0.0735,0.6016
202002,77459,"missouri city, tx",326,10187,456,1323,33.843478,62.83826087,4.848695652,65,-0.1613,-12.5,-0.1925,-15.5,-15,0.0741,0.2889,0.3085,339000,0.0013,-0.0432,1.0934
202001,77489,"missouri city, tx",2730,5098,372,750,61.360342,97.99157982,24.72910484,35,-0.2553,-12,-0.2553,-12,-50.5,0.2759,0.0777,0.6379,186000,0.0051,-0.0767,0.6198
202001,77459,"missouri city, tx",326,10643,773,1027,31.865553,59.59693561,4.13417075,77.5,0.0131,1,-0.0774,-6.5,-8,0.3171,0.2558,0.3103,338550,0.0153,-0.0378,1.1284
201912,77459,"missouri city, tx",326,11416,519,-229,29.440953,54.31690374,4.565001654,76.5,0.1418,9.5,0.0775,5.5,-2.5,-0.0682,0.2059,0.3106,333462.5,0.0116,-0.0471,1.1116
201912,77489,"missouri city, tx",2730,5470,210,953,60.879921,92.98048296,28.77935825,47,0.2051,8,-0.1132,-6,-32,-0.0543,0.0357,0.6591,185050,-0.0258,-0.0585,0.6168
201911,77459,"missouri city, tx",326,11935,-131,-393,29.082958,53.13391216,5.032004563,67,0.0984,6,0.0551,3.5,-3,0,0.2571,0.3235,329640,3.00E-04,-0.046,1.0666
201911,77489,"missouri city, tx",2730,5680,1327,-249,61.046327,92.93364599,29.15900881,39,-0.0488,-2,-0.0127,-0.5,-31,0.0455,0.011,0.6765,189950,0.0131,-0.0735,0.6146
201910,77459,"missouri city, tx",326,11804,1163,365,30.764915,57.49018141,4.039648401,61,-0.0963,-6.5,-0.0469,-3,-5,0.0476,0.2941,0.3121,329549.5,8.00E-04,-0.0555,1.0564
202006,77530,"channelview, tx",4478,10184,-1717,-2082,31.219032,36.25036433,26.18770038,81.5,0.2538,16.5,0.9405,39.5,10,0.1641,0.7326,0.6712,159950,-0.0309,-0.1352,0.4682
202005,77530,"channelview, tx",4478,8467,-588,1305,43.533201,55.66331587,31.40308651,65,0.4943,21.5,0.2381,12.5,-6,0.6623,0.2427,0.7191,165050,-0.0015,-0.1313,0.5002
202004,77530,"channelview, tx",4478,7879,-1861,334,46.604158,77.15971344,16.04860233,43.5,0.5263,15,-0.044,-2,-18.5,-0.1348,-0.2596,0.5347,165300,-0.0817,-0.0503,0.5164
202003,77530,"channelview, tx",4478,6018,268,911,56.600602,92.03025422,21.17095035,28.5,-0.25,-9.5,-0.3936,-18.5,-31,-0.2054,0.141,0.5894,180000,0.0053,0.0648,0.5624
202002,77530,"channelview, tx",4478,6286,-20,-646,54.942609,86.98434783,22.90086957,38,-0.3613,-21.5,-0.1739,-8,-42,-0.0508,-0.0427,0.5957,179050,0.0261,0.0848,0.5774
202001,77530,"channelview, tx",4478,6266,632,-1268,55.414452,82.89046863,27.93843605,59.5,0.0171,1,0.1019,5.5,-26,0.3882,-0.0853,0.6782,174500,0.0271,0.0573,0.5815
201912,77530,"channelview, tx",4478,6898,1400,-1182,53.992722,80.84022494,27.14521998,58.5,0.0446,2.5,0.17,8.5,-20.5,-0.0341,-0.0341,0.6439,169900,0.005,0.014,0.5663
201911,77530,"channelview, tx",4478,8298,2309,-3753,48.637429,70.76494074,26.50991825,56,-0.082,-5,0.6471,22,-14,0.1579,-0.102,0.6471,169050,0.0243,-0.0073,0.5469
202006,7732,"highlands, nj",11261,1654,6666,6686,81.532352,94.91401924,68.15068493,27,-0.6625,-53,-0.6301,-46,-44.5,0.6307,0.6882,1.2928,779050,0.2464,0.7724,2.281
202005,7732,"highlands, nj",11261,8320,-497,-1038,44.365001,36.36556704,52.36443438,80,0.1268,9,0.5686,29,9,0.1892,0.1656,0.9888,625050,0.2451,0.4636,1.8945
202004,7732,"highlands, nj",11261,7823,-2264,325,46.941284,39.93538418,53.94718359,71,0.4343,21.5,0.4343,21.5,9,-0.0807,0.2033,1.0278,502000,0.0702,0.1268,1.5686
202003,7732,"highlands, nj",11261,5559,-2390,1390,59.072764,63.295749,54.8497794,49.5,0.1512,6.5,-0.1161,-6.5,-10,-0.2477,0.2578,1.0662,469050,-0.0209,0.0683,1.4659
202002,7732,"highlands, nj",11261,3169,-992,3347,71.871304,82.3373913,61.40521739,43,-0.1887,-10,-0.3986,-28.5,-37,0.0094,0.4558,1.1383,479050,-0.0113,0.2539,1.5452
202001,7732,"highlands, nj",11261,2177,6301,5065,77.676168,89.0123542,66.33998206,53,-0.4536,-44,-0.369,-31,-32.5,0.4825,0.359,1.2184,484549.5,0.0544,0.3383,1.615
201912,7732,"highlands, nj",11261,8478,-2072,-528,46.139596,31.78299702,60.49619583,97,0.3662,26,0.2436,19,18,-0.1173,0.3241,1.0833,459550,0.0467,0.2156,1.5319
201911,7732,"highlands, nj",11261,6406,-1051,152,57.601876,48.34907155,66.85468027,71,0.136,8.5,0.1833,11,1,-0.0847,0.4211,1.1912,439050,-0.001,0.1447,1.4207
201910,7732,"highlands, nj",11261,5355,-1886,1147,63.144442,55.50776136,70.78112337,62.5,0.087,5,0.0965,5.5,-3.5,-0.2338,0.4508,1.2553,439500,0.0825,0.1001,1.4089
202006,77566,"lake jackson, tx",3372,8421,-1024,-1978,41.970271,50.79422909,33.14631303,65.5,0.0565,3.5,0.4556,20.5,-6,0.2,0.377,0.7568,247550,0.0143,-0.083,0.7247
202005,77566,"lake jackson, tx",3372,7397,-513,-1014,49.146963,61.12133654,37.17258955,62,0.2039,10.5,0.3333,15.5,-9,0.1864,-0.085,0.7865,244050,-0.0236,-0.1044,0.7396
202004,77566,"lake jackson, tx",3372,6884,1155,-898,52.015733,65.1425762,38.88888889,51.5,-0.0374,-2,0.1444,6.5,-10.5,0.0351,-0.2387,0.8194,249950,0,-0.0993,0.7809
202003,77566,"lake jackson, tx",3372,8039,-900,-5933,45.500385,57.37796764,33.62280272,53.5,-0.1508,-9.5,0.3718,14.5,-6,-0.2083,-0.2692,0.755,249950,-0.0272,-0.0741,0.7811
202002,77566,"lake jackson, tx",3372,7139,420,-4094,50.772174,65.07130435,36.47304348,63,-0.1871,-14.5,0.1351,7.5,-17,0.0213,-0.2539,0.766,256950,0.028,0.1445,0.8287
202001,77566,"lake jackson, tx",3372,7559,-384,-4624,49.230451,59.59693561,38.86396577,77.5,0.1071,7.5,0.1923,12.5,-8,0.3178,-0.2985,0.8103,249950,-0.0101,0.0989,0.833
201912,77566,"lake jackson, tx",3372,7175,-827,-4184,52.606682,63.86371154,41.34965266,70,0.25,14,0.2963,16,-9,-0.0932,-0.2357,0.8106,252499.5,0.0102,0.0747,0.8416
201911,77566,"lake jackson, tx",3372,6348,328,-2957,57.864884,70.76494074,44.96482667,56,0.1313,6.5,0.1667,8,-14,0.0442,-0.1571,0.8676,249950,-0.0077,0.0417,0.8087
202006,7735,"keyport, nj",6448,2337,1157,1659,76.264209,76.87263189,75.65578549,43.5,-0.25,-14.5,-0.0543,-2.5,-28,0.4009,0.8056,1.464,337450,-0.0357,0.0385,0.9879
202005,7735,"keyport, nj",6448,3494,1069,-1162,68.720799,65.89975931,71.54183775,58,0.0943,5,0.6812,23.5,-13,0.341,0.0841,1.3034,349950,0.0157,0.1362,1.0606
202004,7735,"keyport, nj",6448,4563,835,-3337,63.9521,62.76864728,65.13555275,53,0.0392,2,0.7966,23.5,-9,0.0176,-0.3346,1.2014,344547.5,-0.0129,0.1599,1.0766
202003,7735,"keyport, nj",6448,5398,-2547,-1050,59.874641,60.99166608,58.75761608,51,0.1333,6,-0.2154,-14,-8.5,-0.2672,-0.2202,1.1258,349050,-0.0306,0.1637,1.0908
202002,7735,"keyport, nj",6448,2851,1183,-381,73.666087,80.45913043,66.87304348,45,-0.3571,-25,-0.2373,-14,-35,0.1373,0.0265,1.234,360050,-0.0268,0.2004,1.1613
202001,7735,"keyport, nj",6448,4034,592,-1161,66.805853,69.81848299,63.79322244,70,-0.0278,-2,0.0853,5.5,-15.5,0.2593,0.0099,1.1724,369950,0.0599,0.2334,1.233
201912,7735,"keyport, nj",6448,4626,-1039,-1794,65.081045,60.75421766,69.40787297,72,0.2,12,0.1429,9,-7,-0.1818,-0.0241,1.2273,349050,0.0043,0.2468,1.1635
201911,7735,"keyport, nj",6448,3587,-851,-820,71.382851,63.15355853,79.61214272,60,0.25,12,0.1538,8,-10,0.0259,0.1928,1.4559,347550,0.0692,0.2357,1.1246
