resources/dan/dan_cleanup/RDC_Inventory_Hotness_Metrics_Zip_History_TEXAS.csv
month_date_yyyymm,postal_code,zip_name,nielsen_hh_rank,hotness_rank,hotness_rank_mm,hotness_rank_yy,hotness_score,supply_score,demand_score,median_days_on_market,median_days_on_market_mm,median_dom_mm_day,median_days_on_market_yy,median_dom_yy_day,median_dom_vs_us,ldpviews_per_property_mm,ldpviews_per_property_yy,ldpviews_per_property_vs_us,median_listing_price,median_listing_price_mm,median_listing_price_yy,median_listing_price_vs_us
202006,77365,"porter, tx",3605,10277,904,4075,30.657971,58.14631303,3.169629846,58.5,-0.1643,-11.5,-0.22,-16.5,-13,0.1731,0.6944,0.2748,289545,0.0531,0.0089,0.8477
202005,77365,"porter, tx",3605,11181,466,2677,26.40521,49.30624381,3.504176695,70,0.0294,2,-0.0411,-3,-1,0.2093,0.5758,0.2921,274940,0.0295,-0.069,0.8333
202004,77365,"porter, tx",3605,11647,-303,1350,23.388116,43.17319848,3.603034134,68,0.124,7.5,-0.0355,-2.5,6,0.1316,0.075,0.2986,267050,-0.0279,-0.1373,0.8344
202003,77365,"porter, tx",3605,11344,-783,209,25.442958,48.30870509,2.577211289,60.5,-0.1103,-7.5,0.0083,0.5,1,-0.1739,0,0.2517,274715,-8.00E-04,-0.0841,0.8585
202002,77365,"porter, tx",3605,10561,-16,572,31.286957,60.11130435,2.462608696,68,-0.0993,-7.5,-0.0685,-5,-12,-0.0213,0.2105,0.2447,274940,-0.0318,-0.048,0.8867
202001,77365,"porter, tx",3605,10545,767,-32,32.486714,62.28173097,2.69169715,75.5,0.0203,1.5,0.0486,3.5,-10,0.4688,0.119,0.2701,283980,0.0258,-0.0179,0.9464
201912,77365,"porter, tx",3605,11312,1374,-689,30.052928,58.06814423,2.037710883,74,0.0278,2,0.1212,8,-5,0,-0.1111,0.2424,276842.5,-0.0102,-0.0422,0.9228
201911,77365,"porter, tx",3605,12686,354,-1215,24.263261,46.73299956,1.793523037,72,0.036,2.5,0.1339,8.5,2,0.0323,-0.1351,0.2353,279695,-0.034,-0.0186,0.905
201910,77365,"porter, tx",3605,13040,-547,209,23.792158,46.43102051,1.153294682,69.5,0.1032,6.5,-0.0671,-5,3.5,-0.2051,-0.1143,0.2199,289550,0.008,0.011,0.9282
202006,77422,"brazoria, tx",8202,12330,-732,1268,15.895512,23.63742349,8.153599534,98.5,0.2312,18.5,0.3311,24.5,27,0.1538,0.4516,0.4054,205550,0.0173,-0.0659,0.6017
202005,77422,"brazoria, tx",8202,11598,535,2544,23.339941,36.36556704,10.31431403,80,0,0,-0.2344,-24.5,9,0.3,0.0986,0.4382,202050,-0.1916,-0.0376,0.6123
202004,77422,"brazoria, tx",8202,12133,15,1026,20.241607,31.98482933,8.498384605,80,0.0191,1.5,-0.1111,-10,18,0.1321,-0.2,0.4167,249950,-0.0142,0.1705,0.7809
202003,77422,"brazoria, tx",8202,12148,792,917,19.945374,33.55977309,6.330975559,78.5,-0.3403,-40.5,-0.2594,-27.5,19,-0.2429,-0.0536,0.351,253550,0.0144,0.2071,0.7923
202002,77422,"brazoria, tx",8202,12940,-75,287,14.852174,21.96869565,7.735652174,119,0.0259,3,-0.0165,-2,39,-0.0667,0.0769,0.3723,249950,0.1762,0.1928,0.8061
202001,77422,"brazoria, tx",8202,12865,877,190,16.529781,22.96914901,10.09041342,116,-0.0333,-4,-0.0453,-5.5,30.5,0.3889,-0.0854,0.431,212500,-0.043,0.0141,0.7082
201912,77422,"brazoria, tx",8202,13742,286,-412,13.807476,17.76381078,9.85114125,120,0.2245,22,0,0,41,0.0385,-0.2059,0.4091,222050,-0.112,0.0091,0.7401
201911,77422,"brazoria, tx",8202,14028,75,135,15.837506,24.08897902,7.586032068,98,0.1136,10,-0.1091,-12,28,0.0196,-0.0545,0.3824,250050,-0.1039,0.152,0.8091
202006,7722,"colts neck, nj",10372,5336,515,4459,58.230108,34.62547362,81.83474206,83.5,-0.0176,-1.5,-0.006,-0.5,12,0.3394,1.3831,1.6532,1312500,0.0097,0.2754,3.843
202005,7722,"colts neck, nj",10372,5851,1050,2967,56.601303,32.10392185,81.09868328,85,0.0625,5,0.2143,15,14,0.4346,0.6213,1.5393,1299950,7.00E-04,0.1839,3.9403
202004,7722,"colts neck, nj",10372,6901,-999,-435,51.924428,31.98482933,71.86402585,80,0.194,13,0.3675,21.5,18,-0.1033,0.0053,1.3264,1299050,0.0604,0.0834,4.0594
202003,7722,"colts neck, nj",10372,5902,1804,-1145,57.27642,41.4244695,73.12837033,67,-0.4553,-56,0.1167,7,7.5,-0.2169,0.034,1.4106,1225050,-0.0576,0.0217,3.8287
202002,7722,"colts neck, nj",10372,7706,-640,-4777,47.895652,19.30434783,76.48695652,123,0.1081,12,0.8358,56,43,0.0837,0.1525,1.4468,1299950,-0.0189,0.1314,4.1932
202001,7722,"colts neck, nj",10372,7066,-350,-5062,51.652978,25.88860515,77.41735109,111,0.1809,17,0.6444,43.5,25.5,0.4022,-0.0079,1.4425,1325050,0.0941,0.1051,4.4167
201912,7722,"colts neck, nj",10372,6716,-720,-2710,54.928879,34.33013563,75.52762157,94,0.2368,18,0.119,10,15,-0.0376,-0.2149,1.3561,1211050,-0.0312,0.0271,4.0373
201911,7722,"colts neck, nj",10372,5996,62,167,59.525318,43.05722796,75.99340896,76,0,0,-0.1111,-9.5,6,-0.1014,-0.0053,1.3676,1250049,0.0425,0.1905,4.0453
202006,7748,"middletown, nj",4641,1024,1828,1127,86.804139,84.80034975,88.80792772,37.5,-0.4141,-26.5,-0.1667,-7.5,-34,0.3671,0.5766,1.9459,574950,-0.0256,0.0472,1.6834
202005,7748,"middletown, nj",4641,2852,1738,-1605,72.462127,57.29859833,87.62565482,64,0.1228,7,0.8028,28.5,-7,0.6898,0.0161,1.7753,590050,0.0279,0.0729,1.7884
202004,7748,"middletown, nj",4641,4590,-3331,-3269,63.815143,57.1498806,70.48040455,57,0.5616,20.5,0.4805,18.5,-5,-0.3704,-0.4435,1.2986,574050,0.0027,0.026,1.7938
202003,7748,"middletown, nj",4641,1259,-682,420,85.709784,82.37971847,89.03984873,36.5,-0.0641,-2.5,-0.2843,-14.5,-23,-0.3734,-0.1213,1.9669,572500,0.1051,0.1011,1.7892
202002,7748,"middletown, nj",4641,577,1073,161,91.126957,85.89913043,96.35478261,39,-0.4429,-31,-0.2121,-10.5,-41,0.3203,0.3699,2.5213,518050,0.0412,0.1022,1.671
202001,7748,"middletown, nj",4641,1650,51,-1209,81.441093,69.81848299,93.0637035,70,0.0606,4,0.2727,15,-15.5,0.3007,-0.0375,2.0632,497545,-0.0338,0.053,1.6583
201912,7748,"middletown, nj",4641,1701,-254,-275,82.034403,69.61296725,94.45583857,66,0.2,11,0.0154,1,-13,-0.0861,-0.0213,2.0909,514950,-0.0096,0.0729,1.7166
201911,7748,"middletown, nj",4641,1447,743,-500,84.371633,72.90702833,95.83623804,55,-0.0179,-1,0.0784,4,-15,0.0378,0.0378,2.2206,519950,-0.0095,0.0399,1.6825
201910,7748,"middletown, nj",4641,2190,1194,-427,79.807992,64.92113958,94.69484446,56,-0.1181,-7.5,0,0,-10,0.0175,-0.0396,2.0638,524950,-1.00E-04,0.0499,1.6829
202006,77423,"brookshire, tx",9476,9240,1184,4092,37.266832,73.44797435,1.085689303,46,-0.2459,-15,-0.2333,-14,-25.5,0.1667,0.9091,0.1892,308049,0.0267,-0.0072,0.9018
202005,77423,"brookshire, tx",9476,10424,2054,2016,31.633159,61.99207136,1.274246071,61,-0.1921,-14.5,0.1091,6,-10,0.3846,0.5652,0.2022,300040,0,0.0118,0.9093
202004,77423,"brookshire, tx",9476,12478,-519,57,18.109987,35.45441776,0.76555696,75.5,0.1353,9,0.208,13,13.5,0,-0.037,0.1806,300032.5,0,0.0327,0.9374
202003,77423,"brookshire, tx",9476,11959,-1887,1185,21.268996,41.84466699,0.693325863,66.5,0.1271,7.5,-0.2176,-18.5,7,-0.1333,0,0.1722,300022.5,-0.0182,0.0169,0.9376
202002,77423,"brookshire, tx",9476,10072,-660,2141,34.410435,68.23652174,0.584347826,59,-0.0781,-5,-0.3218,-28,-21,-0.0323,0.2,0.1596,305582,0.0185,0.0682,0.9856
202001,77423,"brookshire, tx",9476,9412,264,3410,39.160743,77.72793153,0.59355373,64,0.0579,3.5,-0.3368,-32.5,-21.5,0.24,0.2917,0.1782,300045,0.0021,0.0052,1
201912,77423,"brookshire, tx",9476,9676,776,2533,39.490572,78.11445584,0.86668872,60.5,0.1415,7.5,-0.2342,-18.5,-18.5,0.25,0.5625,0.1894,299431,-0.0013,0.0505,0.9981
201911,77423,"brookshire, tx",9476,10452,3550,1508,37.410482,74.54211293,0.278851638,53,-0.3375,-27,-0.1783,-11.5,-17,-0.1304,0.25,0.1471,299807,-0.0354,0.0756,0.9701
202006,77546,"friendswood, tx",939,8366,-807,1288,42.272661,63.70591664,20.83940542,53.5,0.0094,0.5,0.0094,0.5,-18,0.2091,0.4149,0.5991,394950,0.0128,-0.0125,1.1563
202005,77546,"friendswood, tx",939,7559,-765,1783,48.283307,73.03553731,23.53107745,53,0.2326,10,0.0707,3.5,-18,0.134,0.0784,0.618,389950,0.0134,-0.0129,1.1819
202004,77546,"friendswood, tx",939,6794,-451,881,52.500351,77.85503582,27.14566653,43,0.1169,4.5,-0.0227,-1,-19,-0.0849,-0.1565,0.6736,384800,-0.0122,-0.0253,1.2023
202003,77546,"friendswood, tx",939,6343,-226,1366,54.769242,79.57840185,29.96008124,38.5,-0.1979,-9.5,-0.287,-15.5,-21,-0.2206,-0.0536,0.702,389550,-0.001,0.0671,1.2174
202002,77546,"friendswood, tx",939,6117,-583,1488,55.933913,78.56,33.30782609,48,-0.2782,-18.5,-0.3043,-21,-32,-0.1111,0.1333,0.7234,389950,0.0921,0.0682,1.2577
202001,77546,"friendswood, tx",939,5534,1955,2102,59.096556,74.17351094,44.01960108,66.5,-0.0221,-1.5,-0.1419,-11,-19,0.5773,0.1679,0.8793,357050,0.013,0.0056,1.19
201912,77546,"friendswood, tx",939,7489,248,1342,51.094939,66.69533576,35.49454185,68,0.1724,10,-0.1169,-9,-11,-0.049,0.0543,0.7348,352469,-0.0723,0.0072,1.1749
201911,77546,"friendswood, tx",939,7737,417,1998,51.172444,66.71525445,35.62963432,58,0.1048,5.5,-0.1655,-11.5,-12,0.0408,0.2143,0.75,379950,-0.0131,0.0351,1.2294
202006,77868,"navasota, tx",8462,11667,-1713,1308,20.79933,30.0058292,11.59283008,89.5,0.3984,25.5,0.1187,9.5,18,0.2561,0.2262,0.464,247825,0.0219,0.3772,0.7255
202005,77868,"navasota, tx",8462,9954,1215,412,34.482515,57.29859833,11.6664307,64,-0.0376,-2.5,0.2673,13.5,-7,0.3667,0,0.4607,242525,0.1304,0.3477,0.735
202004,77868,"navasota, tx",8462,11169,229,-3939,26.657536,44.76752353,8.547548813,66.5,-0.05,-3.5,0.9275,32,4.5,-0.1176,-0.3478,0.4167,214550,0.0514,0.1394,0.6703
202003,77868,"navasota, tx",8462,11398,-804,200,25.138315,38.81224175,11.46438826,70,-0.186,-16,-0.1667,-14,10.5,-0.32,-0.3585,0.4503,204057.5,0.0743,0.0598,0.6376
202002,77868,"navasota, tx",8462,10594,-73,-757,31.050435,43.79826087,18.3026087,86,-0.0652,-6,0.0118,1,6,-0.0654,-0.0291,0.5319,189950,0,-0.0505,0.6126
202001,77868,"navasota, tx",8462,10521,78,-2221,32.569536,42.15611843,22.98295258,92,0.0575,5,0.1358,11,6.5,0.2588,-0.1575,0.6149,189950,0,-0.0109,0.633
201912,77868,"navasota, tx",8462,10599,866,1338,34.363215,41.429044,27.2973867,87,0.0875,7,-0.2627,-31,8,-0.0116,-0.0761,0.6439,189950,0.117,0.0265,0.6331
201911,77868,"navasota, tx",8462,11465,-1319,1668,31.842956,37.95551049,25.73040117,80,0.1765,12,-0.3939,-52,10,-0.14,-0.0444,0.6324,170050,2.00E-04,-0.105,0.5502
202006,77995,"yoakum, tx",9499,12249,571,1996,16.609589,23.00349752,10.21568056,99.5,-0.1708,-20.5,0.2437,19.5,28,0.0652,0.8148,0.4414,219550,0.1058,0.1256,0.6427
202005,77995,"yoakum, tx",9499,12820,68,1215,14.441455,13.49285006,15.39006088,120,0.1429,15,0.3953,34,49,0.3731,0.6429,0.5169,198550,0.0208,0.0179,0.6017
202004,77995,"yoakum, tx",9499,12888,529,-1154,14.963478,18.65430538,11.27265065,105,-0.2606,-37,0.5789,38.5,43,0.0984,-0.0694,0.4653,194500,-0.039,-0.0028,0.6077
202003,77995,"yoakum, tx",9499,13417,-287,-4575,10.140766,11.44337839,8.838153932,142,0.0677,9,1.84,92,82.5,-0.2561,-0.1029,0.404,202400,-0.0355,0.0377,0.6324
202002,77995,"yoakum, tx",9499,13130,-742,-2184,13.429565,15.51304348,11.34608696,133,0.1982,22,0.4378,40.5,53,-0.0575,-0.0682,0.4362,209850,0.0495,0.0759,0.6768
202001,77995,"yoakum, tx",9499,12388,-624,838,20.173925,25.88860515,14.45924494,111,0.2759,24,-0.2885,-45,25.5,0.4262,-0.1635,0.5,199950,0,-0.1383,0.6663
201912,77995,"yoakum, tx",9499,11764,-1283,2352,27.270923,41.429044,13.11280185,87,0.3182,21,-0.365,-50,8,-0.1974,-0.0469,0.4621,199950,-0.0872,-0.184,0.6664
201911,77995,"yoakum, tx",9499,10481,2008,3158,37.255213,54.77533431,19.73509094,66,-0.0769,-5.5,-0.3333,-33,-4,0.2667,0.3818,0.5588,219050,-0.0045,0.0186,0.7087
202006,77480,"sweeny, tx",10781,12166,-595,370,17.14879,30.74905275,3.548528126,88.5,0.1959,14.5,0.2292,16.5,17,0.1429,-0.2195,0.2883,209950,0,0.0764,0.6146
202005,77480,"sweeny, tx",10781,11571,-1603,-256,23.552315,43.04120062,4.063429138,74,0.3214,18,0.2033,12.5,3,-0.125,-0.3913,0.3146,209950,-2.00E-04,0.1696,0.6363
202004,77480,"sweeny, tx",10781,9968,772,2438,34.313106,58.60373648,10.02247507,56,-0.0427,-2.5,-0.2222,-16,-6,0.1034,-0.1899,0.4444,210000,0,0.1861,0.6561
202003,77480,"sweeny, tx",10781,10740,-129,2385,29.25625,50.71783738,7.794663492,58.5,-0.2303,-17.5,-0.4481,-47.5,-1,-0.2162,-0.1212,0.3841,210000,2.00E-04,0.141,0.6562
202002,77480,"sweeny, tx",10781,10611,1044,2977,30.928696,52.88347826,8.973913043,76,-0.2512,-25.5,-0.4967,-75,-4,-0.2128,-0.0633,0.3936,209950,0.0045,0.0657,0.6771
202001,77480,"sweeny, tx",10781,11655,364,1244,25.360618,33.49437504,17.22686176,101.5,0.1469,13,-0.1714,-21,16,0.6207,0.0682,0.5402,209000,0.0195,0.0198,0.6965
201912,77480,"sweeny, tx",10781,12019,-486,892,25.70956,39.72213033,11.69698975,88.5,0.2643,18.5,-0.1806,-19.5,9.5,-0.0938,-0.1212,0.4394,205000,0.0931,0.096,0.6833
201911,77480,"sweeny, tx",10781,11533,-2270,1629,31.424678,49.97148108,12.87787566,70,0.4737,22.5,-0.235,-21.5,0,-0.0303,0.1429,0.4706,187540,0.0135,0.1035,0.6068
202006,77619,"groves, tx",7103,4155,-2325,-1025,64.434567,64.41999417,64.44914019,53,0.2045,9,0.1778,8,-18.5,0.1345,0.3107,1.2162,159500,-0.033,-0.0756,0.4669
202005,77619,"groves, tx",7103,1830,229,3449,79.272264,85.53022795,73.01429987,44,-0.12,-6,-0.1111,-5.5,-27,-0.1345,0.2205,1.3371,164950,0.0642,-0.0506,0.4998
202004,77619,"groves, tx",7103,2059,1325,1088,78.701363,67.453294,89.9494311,50,0.1364,6,0.2195,9,-12,0.348,0.25,1.9097,155000,0.0364,-0.0746,0.4842
202003,77619,"groves, tx",7103,3384,2564,-1060,70.960852,71.51060999,70.41109321,44,-0.4762,-40,-0.0222,-1,-15.5,-0.1356,-0.0097,1.351,149550,0.0034,-0.0355,0.4673
202002,77619,"groves, tx",7103,5948,180,-2949,56.786087,45.70434783,67.86782609,84,-0.0175,-1.5,0.2353,16,4,0.1683,-0.0042,1.2553,149050,-0.0063,-0.0293,0.4806
202001,77619,"groves, tx",7103,6128,-1711,-2544,56.146042,49.18213817,63.10994548,85.5,0.2042,14.5,0.1477,11,0,0.2317,-0.0734,1.1609,150000,0.1111,0.0084,0.4998
201912,77619,"groves, tx",7103,4417,-2293,-2077,66.24876,62.31558055,70.18193847,71,0.3396,18,0.0923,6,-8,-0.2545,-0.1633,1.2424,135000,-0.0354,-0.0997,0.4499
201911,77619,"groves, tx",7103,2124,1012,576,79.846632,74.54211293,85.15115026,53,0.0095,0.5,0.0192,1,-17,0.0945,0.3095,1.6176,139950,-0.0531,-0.0414,0.4528
202006,77575,"liberty, tx",7561,9520,572,-2767,35.518071,58.62722238,12.40891868,58,-0.2267,-17,0.4872,19,-13.5,-0.0702,0.06,0.4775,227950,0.14,0.2193,0.6673
202005,77575,"liberty, tx",7561,10092,-541,135,33.590542,42.43239417,24.74869036,75,-0.0323,-2.5,0.0949,6.5,4,-0.05,-0.1298,0.6404,199950,0.1268,0.2023,0.6059
202004,77575,"liberty, tx",7561,9551,141,1741,36.729175,33.726647,39.73170389,77.5,0.1654,11,-0.0127,-1,15.5,0.1321,0.1321,0.8333,177450,-0.0139,0.1087,0.5544
202003,77575,"liberty, tx",7561,9692,203,611,35.793823,41.84466699,29.7429792,66.5,-0.2083,-17.5,-0.1474,-11.5,7,-0.1017,0.0816,0.702,179950,0.1681,0.1243,0.5623
202002,77575,"liberty, tx",7561,9895,-106,-840,35.509565,45.70434783,25.31478261,84,-0.0059,-0.5,0.0701,5.5,4,0.0826,0.0826,0.6277,154050,-0.1309,0.0883,0.4968
202001,77575,"liberty, tx",7561,9789,-828,615,37.173028,50.49347781,23.85257782,84.5,0.1267,9.5,-0.0506,-4.5,-1,0.2247,0.101,0.6264,177250,0.0302,0.1092,0.5907
201912,77575,"liberty, tx",7561,8961,2446,1936,43.284816,56.54647701,30.02315581,75,0.0417,3,-0.1176,-10,-4,0.2361,0.2027,0.6742,172050,-0.0439,-0.0439,0.5734
201911,77575,"liberty, tx",7561,11407,-1466,126,32.121807,46.73299956,17.51061537,72,0.2203,13,0.0213,1.5,2,-0.1429,0.3091,0.5294,179950,0.0837,0.0676,0.5822
201910,77575,"liberty, tx",7561,9941,-2230,-1584,41.25678,60.23938657,22.27417243,59,0.2826,13,0.2421,11.5,-7,-0.087,0.12,0.5957,166050,-0.1304,0.0727,0.5322
202006,77414,"bay city, tx",4721,11976,672,3178,18.638881,19.57883999,17.6989216,105.5,-0.0321,-3.5,0.0343,3.5,34,0.3977,1.5625,0.5541,202549.5,0.0125,-0.0122,0.5929
202005,77414,"bay city, tx",4721,12648,382,1630,15.659068,17.15276795,14.16536882,109,-0.0136,-1.5,0.1784,16.5,38,0.375,0.6,0.4944,200048,5.00E-04,-0.0451,0.6062
202004,77414,"bay city, tx",4721,13030,259,625,13.758955,17.29877792,10.2191319,110.5,-0.1195,-15,0.2557,22.5,48.5,0.2075,0.1228,0.4444,199950,-0.0249,-0.0467,0.6247
202003,77414,"bay city, tx",4721,13289,-599,-234,11.25429,16.10757056,6.401008474,125.5,0.1306,14.5,0.3351,31.5,66,-0.2206,-0.0536,0.351,205050,0.0255,-0.0191,0.6407
202002,77414,"bay city, tx",4721,12690,693,125,16.813913,26.37913043,7.248695652,111,-0.112,-14,0.0521,5.5,31,0.0625,0.2143,0.3617,199950,0,0.0045,0.6448
202001,77414,"bay city, tx",4721,13383,686,403,12.374905,18.09648699,6.653323211,125,0.0163,2,0.0163,2,39.5,0.4222,0.1228,0.3678,199950,0,0.0045,0.6663
201912,77414,"bay city, tx",4721,14069,356,1213,11.250413,16.57294079,5.927886206,123,0.0789,9,-0.1745,-26,44,-0.2241,0.25,0.3409,199950,-4.00E-04,0,0.6664
201911,77414,"bay city, tx",4721,14425,569,1119,13.058495,15.68540465,10.43158629,114,0.0507,5.5,-0.1587,-21.5,44,0.2083,0.6111,0.4265,200040,-0.0655,-0.0242,0.6472
202006,77573,"league city, tx",68,7745,608,2322,45.566161,75.48090936,15.65141358,44.5,-0.1275,-6.5,-0.0326,-1.5,-27,0.381,0.7576,0.5225,358300,0.0207,0.0694,1.049
202005,77573,"league city, tx",68,8353,-507,1391,44.191562,75.75392893,12.62919439,51,0.1591,7,0.1591,7,-20,0.0633,0.1351,0.4719,351032,0.0086,0.0251,1.0639
202004,77573,"league city, tx",68,7846,249,1253,46.800815,76.30987498,17.29175446,44,0.0602,2.5,0,0,-18,0.0395,-0.0482,0.5486,348050,0.0016,0.02,1.0875
202003,77573,"league city, tx",68,8095,247,540,45.185237,75.36942363,15.00105049,41.5,-0.2719,-15.5,-0.17,-8.5,-18,-0.24,-0.05,0.5033,347500,-0.0073,0.0372,1.086
202002,77573,"league city, tx",68,8342,-684,-715,44.396522,70.3373913,18.45565217,57,-0.1429,-9.5,0.0654,3.5,-23,-0.0654,0.087,0.5319,350050,0.0234,0.0585,1.129
202001,77573,"league city, tx",68,7658,364,-357,48.643799,74.17351094,23.11408655,66.5,0.031,2,0.0813,5,-19,0.3049,0.0808,0.6149,342050,0.0397,0.0689,1.14
201912,77573,"league city, tx",68,8022,417,-439,48.637115,71.86238836,25.41184254,64.5,0.217,11.5,0.1121,6.5,-14.5,0.0513,0.1081,0.6212,328995,0.0029,0.0122,1.0967
201911,77573,"league city, tx",68,8439,697,1301,47.978326,74.54211293,21.41453831,53,0,0,-0.1587,-10,-17,-0.0602,0.0986,0.5735,328040,-0.0015,0.0046,1.0615
