resources/dan/dan_cleanup/RDC_Inventory_Hotness_Metrics_Zip_History_TEXAS.csv
month_date_yyyymm,postal_code,zip_name,nielsen_hh_rank,hotness_rank,hotness_rank_mm,hotness_rank_yy,hotness_score,supply_score,demand_score,median_days_on_market,median_days_on_market_mm,median_dom_mm_day,median_days_on_market_yy,median_dom_yy_day,median_dom_vs_us,ldpviews_per_property_mm,ldpviews_per_property_yy,ldpviews_per_property_vs_us,median_listing_price,median_listing_price_mm,median_listing_price_yy,median_listing_price_vs_us
202006,77355,"magnolia, tx",4990,9687,303,-585,34.465171,50.31331973,18.61702128,66,-0.0704,-5,0.4348,20,-5.5,0.2115,0.5,0.5676,398997,-0.0501,0.0639,1.1682
202006,77354,"magnolia, tx",3179,9460,275,596,35.889682,59.77849024,12.00087438,57,-0.0952,-6,0.0962,5,-14.5,0.2381,0.2381,0.4685,375050,-0.0129,-0.0372,1.098
202005,77354,"magnolia, tx",3179,9735,-135,1003,35.838171,59.06838454,12.60795696,63,0.156,8.5,0.1351,7.5,-8,0.2174,-0.0562,0.4719,379950,0.0582,-0.008,1.1516
202005,77355,"magnolia, tx",4990,9990,-607,-1595,34.213507,47.54353674,20.88347728,71,0.2348,13.5,0.5778,26,0,0.2683,-0.0189,0.5843,420050,0.0567,0.0912,1.2731
202004,77354,"magnolia, tx",3179,9600,-220,306,36.451749,60.50709369,12.39640399,54.5,0.0381,2,0,0,-7.5,-0.1266,-0.2737,0.4792,359050,-0.0096,-0.0792,1.1219
202004,77355,"magnolia, tx",4990,9383,-961,-383,37.719483,56.51074589,18.92822026,57.5,0.2637,12,0.2105,10,-4.5,0.0123,-0.219,0.5694,397500,0.0062,0.0529,1.242
202003,77355,"magnolia, tx",4990,8422,-212,369,43.29785,69.21353036,17.38216962,45.5,-0.2155,-12.5,-0.1875,-10.5,-14,-0.2358,-0.2059,0.5364,395050,3.00E-04,0.0181,1.2346
202003,77354,"magnolia, tx",3179,9380,-1213,-147,37.583164,58.72259962,16.44372855,52.5,-0.1667,-10.5,-0.125,-7.5,-7,-0.3305,-0.1222,0.5232,362547.5,0.0821,-0.0448,1.133
202002,77354,"magnolia, tx",3179,8167,137,144,45.36,65.07130435,25.64869565,63,-0.1656,-12.5,-0.16,-12,-17,0,0,0.6277,335050,-0.0218,-0.0795,1.0806
202002,77355,"magnolia, tx",4990,8210,-382,-432,45.081739,69.32869565,20.83478261,58,-0.2,-14.5,-0.1278,-8.5,-22,-0.1167,-0.0536,0.5638,394950,0.0064,0.0489,1.2739
202001,77355,"magnolia, tx",4990,7828,611,874,47.777624,66.35378563,29.20146318,72.5,-0.0268,-2,-0.1471,-12.5,-13,0.2371,-0.0625,0.6897,392429,0.0463,0.0062,1.308
202001,77354,"magnolia, tx",3179,8304,896,1743,45.272276,62.28173097,28.26282007,75.5,-0.0131,-1,-0.1703,-15.5,-10,0.3409,0.0631,0.6782,342500,-0.0172,-0.0604,1.1415
201912,77354,"magnolia, tx",3179,9200,1477,1091,41.984783,54.31690374,29.65266292,76.5,0.0479,3.5,-0.0671,-5.5,-2.5,0,0.1,0.6667,348500,-0.0425,-0.029,1.1617
201912,77355,"magnolia, tx",4990,8439,2141,815,46.341383,57.22130334,35.46146212,74.5,0.0205,1.5,-0.1131,-9.5,-4.5,0.0778,-0.0102,0.7348,375050,0.0163,-0.0129,1.2502
201911,77354,"magnolia, tx",3179,10677,-17,47,36.152481,45.19297801,27.11198428,73,0.1318,8.5,0.0139,1,3,0.0602,0.2222,0.6471,363950,0.0139,0.04,1.1777
201911,77355,"magnolia, tx",4990,10580,-579,-201,36.713353,45.19297801,28.23372837,73,0.1231,8,-0.0759,-6,3,-0.0625,0.0112,0.6618,369050,0.0251,-0.0024,1.1942
202006,77627,"nederland, tx",5200,1143,1054,2132,85.620082,86.17021277,85.06995045,36.5,-0.3596,-20.5,-0.2981,-15.5,-35,0.298,0.4848,1.7658,239950,0.1158,0.0909,0.7024
202005,77627,"nederland, tx",5200,2197,1148,1041,76.660059,67.47132946,85.84878947,57,-0.042,-2.5,0.14,7,-14,0.1751,-0.0033,1.6966,215050,0.0216,0.0804,0.6517
202004,77627,"nederland, tx",5200,3345,1342,-1985,70.606827,53.84885518,87.36479843,59.5,-0.0846,-5.5,0.5256,20.5,-2.5,-0.0153,-0.2997,1.7847,210500,0.0499,0.1823,0.6577
202003,77627,"nederland, tx",5200,4687,-1921,-2401,63.386792,43.25933189,83.5142517,65,0.0833,5,0.1607,9,5.5,-0.1182,-0.1635,1.7285,200500,0.0835,0.0386,0.6265
202002,77627,"nederland, tx",5200,2766,-302,-1501,74.062609,67.15826087,80.96695652,60,-0.084,-5.5,0.0909,5,-20,0.2033,-0.0067,1.5745,185050,0,-0.0414,0.5968
202001,77627,"nederland, tx",5200,2464,412,-2150,75.981779,75.76092208,76.20263648,65.5,-0.0076,-0.5,0.3789,18,-20,0.2746,-0.2679,1.4138,185050,-0.016,0,0.6167
201912,77627,"nederland, tx",5200,2876,-760,-2821,74.793252,69.61296725,79.97353622,66,0.2941,15,0.8857,31,-13,-0.0631,-0.3651,1.4621,188050,-0.0053,0.0168,0.6268
201911,77627,"nederland, tx",5200,2116,605,-1926,79.900501,78.1101464,81.69085493,51,-0.0642,-3.5,0.3247,12.5,-19,-0.1004,-0.3622,1.5147,189050,-0.0685,-0.0406,0.6117
201910,77627,"nederland, tx",5200,2721,366,-2606,76.66916,66.96589988,86.37242067,54.5,-0.0354,-2,0.7031,22.5,-11.5,-0.0378,-0.3343,1.6241,202950,-0.0098,0.0464,0.6505
202006,77650,"port bolivar, tx",16861,11164,-153,1885,24.56281,17.85922472,31.26639464,109,0.0187,2,0.2976,25,37.5,0.1643,0.8953,0.7342,354550,0.0275,-0.015,1.038
202005,77650,"port bolivar, tx",16861,11011,1107,1942,27.743169,18.20048138,37.28585587,107,0.237,20.5,0.3375,27,36,0.9718,0.7073,0.7865,345050,0,-0.0143,1.0458
202004,77650,"port bolivar, tx",16861,12118,37,601,20.322377,27.2510184,13.39373508,86.5,-0.0114,-1,0.1457,11,24.5,0.0923,-0.0139,0.4931,345050,0.0177,-0.0323,1.0781
202003,77650,"port bolivar, tx",16861,12155,-404,637,19.87184,29.329785,10.41389453,87.5,-0.1745,-18.5,-0.1422,-14.5,28,-0.3367,-0.0152,0.4305,339050,0,-0.0174,1.0595
202002,77650,"port bolivar, tx",16861,11751,1465,898,23.401739,29.0573913,17.74608696,106,-0.1751,-22.5,-0.1203,-14.5,26,0.2727,0.1807,0.5213,339050,-0.03,-0.0084,1.0935
202001,77650,"port bolivar, tx",16861,13216,1020,67,13.734557,16.48837049,10.98074401,128.5,-0.0191,-2.5,0,0,43,0.6383,-0.061,0.4425,349543.5,-0.0195,0.0433,1.165
201912,77650,"port bolivar, tx",16861,14236,576,202,10.01654,13.33774396,6.695335759,131,0.0077,1,0.048,6,52,-0.1897,0.0217,0.3561,356500,-0.0057,0.0612,1.1884
201911,77650,"port bolivar, tx",16861,14812,258,-3,10.193929,9.924583307,10.46327397,130,0.0156,2,0.07,8.5,60,-0.0794,0.16,0.4265,358550,0.0156,0.0575,1.1602
202006,7762,"spring lake, nj",9151,7552,-1007,920,46.589915,20.64995628,72.52987467,103.5,0.2176,18.5,0.125,11.5,32,0.2664,0.5,1.3919,2047050,0.0503,1.411,5.9938
202005,7762,"spring lake, nj",9151,6545,-431,2277,53.341356,32.10392185,74.57879088,85,0.371,23,0.0559,4.5,14,0.4788,0.2842,1.3708,1949050,-0.0231,1.2274,5.9079
202004,7762,"spring lake, nj",9151,6114,-2398,904,55.980475,50.19665683,61.76429274,62,0.3778,17,-0.0236,-1.5,0,-0.1582,-0.1316,1.1458,1995050,0.222,1.2747,6.2344
202003,7762,"spring lake, nj",9151,3716,1849,3089,68.985923,70.0119056,67.95994117,45,-0.4643,-39,-0.3836,-28,-14.5,-0.2222,0.0769,1.298,1632550,0.3604,0.9457,5.1024
202002,7762,"spring lake, nj",9151,5565,455,31,58.921739,45.70434783,72.13913043,84,-0.1515,-15,0.0244,2,4,-0.004,0.3125,1.3404,1200050,0.0305,0.9591,3.871
202001,7762,"spring lake, nj",9151,6020,1134,-380,56.632618,35.48899165,77.77624405,99,-0.01,-1,0.1512,13,13.5,0.3978,0.265,1.454,1164550,0.1149,0.85,3.8817
201912,7762,"spring lake, nj",9151,7154,-1403,-88,52.735693,29.3218657,76.14952034,100,0.3333,25,0.2195,18,21,-0.0573,0.3712,1.3712,1044550,-0.0757,0.7451,3.4823
201911,7762,"spring lake, nj",9151,5751,507,-870,60.615375,43.57056848,77.66018125,75,0.0417,3,0.0791,5.5,5,0.0213,0.1098,1.4118,1130050,0.2597,0.888,3.657
202006,7757,"oceanport, nj",12970,6346,3038,625,52.903672,78.26435442,27.54299038,42.5,-0.4014,-28.5,-0.2672,-15.5,-29,0.2541,-0.0192,0.6892,825040,0.0312,-0.0048,2.4156
202005,7757,"oceanport, nj",12970,9384,2509,-2762,38.08226,47.54353674,28.62098259,71,-0.268,-26,0.449,22,0,0.3708,-0.2278,0.6854,800040,0.074,-0.0577,2.4249
202004,7757,"oceanport, nj",12970,11893,-2310,-7568,21.825397,21.42857143,22.22222222,97,0.268,20.5,1.0638,50,35,-0.2823,-0.568,0.6181,744950,0.0239,-0.0854,2.3278
202003,7757,"oceanport, nj",12970,9583,-4903,-6358,36.448631,34.60326353,38.29399818,76.5,0.7,31.5,0.53,26.5,17,-0.2791,-0.2955,0.8212,727550,0.0176,0.0104,2.2738
202002,7757,"oceanport, nj",12970,4680,-1036,-1757,63.533913,80.45913043,46.60869565,45,-0.0426,-2,-0.2969,-19,-35,0.1097,-0.2321,0.9149,714950,0.0286,0.1549,2.3061
202001,7757,"oceanport, nj",12970,3644,3449,-2605,68.95576,93.24314998,44.66836911,47,-0.3816,-29,-0.1296,-7,-38.5,0.25,-0.3945,0.8908,695040,0.0825,0.3397,2.3167
201912,7757,"oceanport, nj",12970,7093,-787,-1911,52.967251,55.05127357,50.88322858,76,0.2881,17,-0.05,-4,-3,-0.0462,-0.2619,0.9394,642050,0.011,0.2406,2.1404
201911,7757,"oceanport, nj",12970,6306,-974,2273,58.032828,64.7823056,51.28335129,59,0.2553,12,-0.3481,-31.5,-11,0.0156,-0.0714,0.9559,635050,0.004,0.1101,2.055
202006,7712,"asbury park, nj",1357,7837,2177,533,45.02696,57.65083066,32.40308948,59,-0.1918,-14,0.0172,1,-12.5,0.5091,0.2969,0.7477,562500,-0.0131,0.1249,1.6469
202005,7712,"asbury park, nj",1357,10014,-122,-3594,34.071924,44.59153334,23.55231488,73,0.1967,12,0.6782,29.5,2,0.375,-0.2199,0.618,569950,7.00E-04,0.1762,1.7275
202004,7712,"asbury park, nj",1357,9892,-2132,-5793,34.794213,51.69265346,17.89577188,61,0.2449,12,0.8485,28,-1,-0.2453,-0.4904,0.5556,569549.5,-0.0306,0.154,1.7797
202003,7712,"asbury park, nj",1357,7760,-10,-4128,47.048113,64.10813082,29.9880944,49,-0.2462,-16,0.225,9,-10.5,-0.209,-0.369,0.702,587500,-0.0209,0.182,1.8361
202002,7712,"asbury park, nj",1357,7750,1529,-3850,47.631304,62.83826087,32.42434783,65,-0.2614,-23,0.0744,4.5,-15,0.0388,-0.2597,0.7128,600045,0.0101,0.0929,1.9355
202001,7712,"asbury park, nj",1357,9279,795,-4649,39.968252,46.46283387,33.47366968,88,0.0057,0.5,0.2308,16.5,2.5,0.3579,-0.2712,0.7414,594049.5,0.0331,0.082,1.98
201912,7712,"asbury park, nj",1357,10074,-2295,-4260,37.499173,40.78729739,34.21104863,87.5,0.3672,23.5,0.2868,19.5,8.5,-0.181,-0.2213,0.7197,575000,0.0455,0.0455,1.9168
201911,7712,"asbury park, nj",1357,7779,96,-1144,51.0045,58.1278915,43.8811078,64,0.094,5.5,-0.0657,-4.5,-6,-0.0085,-0.1212,0.8529,549950,0.0376,0,1.7796
202006,77418,"bellville, tx",9590,13132,-205,-1155,8.211892,10.16467502,6.259108132,130.5,0.2429,25.5,1.2895,73.5,59,0.1571,0.3966,0.3649,323675,0.097,0.203,0.9476
202005,77418,"bellville, tx",9590,12927,-958,-1331,13.609656,19.46056916,7.758742744,105,0.3548,27.5,0.8103,47,34,0.1475,-0.0667,0.3933,295050,0.137,0.1346,0.8942
202004,77418,"bellville, tx",9590,11969,-1872,-1864,21.270544,33.726647,8.81444023,77.5,0.3717,21,0.3478,20,15.5,-0.1644,-0.39,0.4236,259500,0,0.0174,0.8108
202003,77418,"bellville, tx",9590,10097,-1253,-3429,33.367183,53.44912109,13.28524406,56.5,-0.0887,-5.5,0.1531,7.5,-3,-0.2396,-0.2065,0.4834,259500,-0.0017,-0.0021,0.8109
202002,77418,"bellville, tx",9590,8844,4570,-1486,41.492174,66.32347826,16.66086957,62,-0.5908,-89.5,-0.0815,-5.5,-18,0.0909,-0.2131,0.5106,259950,0.0133,-0.0192,0.8384
202001,77418,"bellville, tx",9590,13414,807,-2004,12.078128,9.26219891,14.89405756,151.5,0.0168,2.5,0.3174,36.5,66,0.5172,-0.2605,0.5057,256550,-0.0116,-0.0664,0.855
201912,77418,"bellville, tx",9590,14221,-39,-2338,10.099239,8.441945088,11.75653325,149,0.2114,26,0.4752,48,70,-0.1944,-0.2564,0.4394,259550,0.038,-0.0699,0.8651
201911,77418,"bellville, tx",9590,14182,49,-1265,14.760124,12.01597059,17.50427784,123,0.177,18.5,0.1131,12.5,53,0.0286,-0.1111,0.5294,250050,4.00E-04,-0.1228,0.8091
202006,77486,"west columbia, tx",10981,10901,-1852,2136,26.388079,49.322355,3.453803556,67,0.34,17,0.0152,1,-4.5,0.26,0.0862,0.2838,240040,-0.0041,-0.0124,0.7027
202005,77486,"west columbia, tx",10981,9049,2053,3022,40.082118,77.08480816,3.079428005,50,-0.2126,-13.5,-0.1453,-8.5,-21,-0.0566,-0.2063,0.2809,241040,0.0478,0.0621,0.7305
202004,77486,"west columbia, tx",10981,11102,-486,284,27.100014,48.01938475,6.180643349,63.5,0.1651,9,0.1043,6,1.5,0.1522,-0.1719,0.3681,230050,0.0179,0.0295,0.7188
202003,77486,"west columbia, tx",10981,10616,-2782,-136,30.068632,55.80923034,4.328034176,54.5,0.2386,10.5,-0.0439,-2.5,-5,-0.4651,-0.303,0.3046,226000,-0.0172,0.0092,0.7062
202002,77486,"west columbia, tx",10981,7834,3209,3517,47.154783,81.39130435,12.91826087,44,-0.5111,-46,-0.4762,-40,-36,-0.0115,0.3871,0.4574,229950,0,0.0384,0.7416
202001,77486,"west columbia, tx",10981,11043,578,-408,29.374008,44.17834219,14.56967355,90,0.0714,6,0.1111,9,4.5,0.5,0.1757,0.5,229950,0,0.011,0.7663
201912,77486,"west columbia, tx",10981,11621,940,-1828,28.164075,44.59146543,11.73668541,84,0.1351,10,0.2923,19,5,0.2083,0.0741,0.4394,229950,0,-0.0217,0.7665
201911,77486,"west columbia, tx",10981,12561,-1135,-2823,25.061791,44.01419608,6.109385893,74,0.1563,10,0.4369,22.5,4,-0.2727,0.0435,0.3529,229950,-0.0595,-0.0361,0.744
201910,77486,"west columbia, tx",10981,11426,-1058,-1488,33.068387,53.43806496,12.69870956,64,0.1963,10.5,0.3061,15,-2,0.1186,0.3469,0.4681,244500,-0.02,-0.0686,0.7837
202006,77441,"fulshear, tx",10227,11380,538,859,22.985281,44.49868843,1.471874089,72.5,-0.0461,-3.5,0.3942,20.5,1,0.6786,1.1364,0.2117,449335,-0.0212,0.0121,1.3155
202005,77441,"fulshear, tx",10227,11918,-1050,-140,21.156024,41.70324225,0.608806456,76,0.3217,18.5,0.52,26,5,0.1667,-0.0667,0.1573,459050,0.0577,0.0207,1.3913
202004,77441,"fulshear, tx",10227,10868,-955,502,28.55387,56.51074589,0.59699396,57.5,0.25,11.5,0.1275,6.5,-4.5,0.0435,-0.1724,0.1667,433995,-0.0024,-0.0297,1.3561
202003,77441,"fulshear, tx",10227,9913,-656,3006,34.498214,68.56922754,0.427200784,46,-0.0612,-3,-0.4177,-33,-13.5,-0.3235,-0.1786,0.1523,435050,0.0235,-0.0645,1.3596
202002,77441,"fulshear, tx",10227,9257,2387,2885,39.151304,77.38434783,0.91826087,49,-0.4201,-35.5,-0.4302,-37,-31,0.2143,0.2593,0.1809,425050,0.012,-0.0956,1.371
202001,77441,"fulshear, tx",10227,11644,946,738,25.450342,50.49347781,0.407205466,84.5,-0.0117,-1,-0.0663,-6,-1,0.12,0.037,0.1609,420000,1.00E-04,-0.0968,1.3999
201912,77441,"fulshear, tx",10227,12590,203,275,21.931856,42.98379094,0.879920609,85.5,0.1875,13.5,-0.0058,-0.5,6.5,0.1364,0.1364,0.1894,419950,-0.0118,-0.0771,1.3999
201911,77441,"fulshear, tx",10227,12793,507,1148,23.604157,46.73299956,0.475315292,72,0.007,0.5,-0.1864,-16.5,2,-0.0833,0.1579,0.1618,424950,-0.0331,-0.0683,1.3751
201910,77441,"fulshear, tx",10227,13300,275,1074,22.171311,43.85013403,0.492488,71.5,0,0,-0.1734,-15,5.5,0.0435,0.0909,0.1702,439500,-0.0232,-0.0311,1.4089
202006,77568,"la marque, tx",7524,10632,-454,2554,28.344506,54.45205479,2.236957155,62,0.0508,3,0.0333,2,-9.5,0.3095,0.6176,0.2477,239950,0.008,0.0662,0.7024
202005,77568,"la marque, tx",7524,10178,803,1901,33.1127,64.29279343,1.932606541,59,-0.0084,-0.5,0.0926,5,-12,0.2,0,0.236,238050,-0.0102,0.013,0.7214
202004,77568,"la marque, tx",7524,10981,408,1027,27.893665,53.84885518,1.938474505,59.5,-0.0246,-1.5,0.0348,2,-2.5,-0.0789,-0.0789,0.2431,240500,-0.0166,0.0526,0.7514
202003,77568,"la marque, tx",7524,11389,-464,1810,25.19084,47.81847468,2.563204706,61,-0.1528,-11,-0.3222,-29,1.5,-0.05,0.0556,0.2517,244550,0.0149,0.0866,0.7642
202002,77568,"la marque, tx",7524,10925,-1589,745,28.824348,56.0973913,1.551304348,72,0.1163,7.5,-0.1056,-8.5,-8,-0.0909,0.0811,0.2128,240950,-0.013,0.0664,0.7771
202001,77568,"la marque, tx",7524,9336,1134,2477,39.599006,77.01704742,2.18096487,64.5,-0.0373,-2.5,-0.2412,-20.5,-21,0.375,0.1,0.2529,244113,0.0191,0.0865,0.8136
201912,77568,"la marque, tx",7524,10470,296,1417,35.120741,68.21700298,2.024478994,67,0.1754,10,-0.141,-11,-12,-0.1111,-0.0588,0.2424,239546,0.045,0.0486,0.7985
201911,77568,"la marque, tx",7524,10766,-436,2987,35.639141,68.70524114,2.573040117,57,0.1633,8,-0.3559,-31.5,-13,-0.1,0.0909,0.2647,229222,0.01,0.002,0.7417
202006,7716,"atlantic highlands, nj",10208,1090,1476,6482,86.093704,81.92946663,90.25794229,40,-0.3333,-20,-0.3939,-26,-31.5,0.4803,1.6786,2.027,624550,0.0786,0.088,1.8286
202005,7716,"atlantic highlands, nj",10208,2566,-1158,3827,74.331021,62.62919439,86.03284723,60,0.4634,19,0.0909,5,-11,0.2063,0.6085,1.7079,579050,-0.0086,0.0528,1.7551
202004,7716,"atlantic highlands, nj",10208,1408,619,3657,83.645877,80.79084141,86.50091305,41,0.0789,3,-0.0465,-2,-21,0.05,0.4,1.75,584050,-0.0803,0.0247,1.825
202003,7716,"atlantic highlands, nj",10208,2027,1439,889,79.820015,80.25071784,79.38931298,38,-0.525,-42,0.0857,3,-21.5,-0.375,0.2903,1.5894,635047,-0.0016,0.0601,1.9847
202002,7716,"atlantic highlands, nj",10208,3466,-1354,2677,70.149565,48.72347826,91.57565217,80,0.1594,11,-0.0184,-1.5,0,0.3196,1.1818,2.0426,636050,0.0618,0.0016,2.0516
202001,7716,"atlantic highlands, nj",10208,2112,356,6267,78.190351,71.11601905,85.26468355,69,0.2105,12,-0.3397,-35.5,-16.5,0.7425,0.6441,1.6724,599050,-0.0211,-0.0017,1.9967
201912,7716,"atlantic highlands, nj",10208,2468,-729,6116,77.088984,82.92424744,71.25372147,57,0.2391,11,-0.4623,-49,-22,-0.1566,0.1597,1.2652,611950,0.0754,0.0651,2.04
201911,7716,"atlantic highlands, nj",10208,1739,1826,5720,82.232714,85.12580011,79.33962862,46,-0.1786,-10,-0.3987,-30.5,-24,-0.0246,0.4559,1.4559,569050,0.0355,-0.0048,1.8414
202006,77461,"needville, tx",9478,9137,-687,3743,37.733168,60.97347712,14.49285922,56,0.0769,4,-0.1515,-10,-15.5,0.314,0.8226,0.509,299550,0.0187,0.1306,0.877
202005,77461,"needville, tx",9478,8450,3354,5334,43.646468,74.3451791,12.94775591,52,-0.3418,-27,-0.3846,-32.5,-19,0.2464,0.3438,0.4831,294050,-0.056,0.0929,0.8912
202004,77461,"needville, tx",9478,11804,-812,1771,22.404832,32.67312825,12.13653603,79,0.0748,5.5,-0.1505,-14,17,-0.1882,-0.0143,0.4792,311499.5,-0.1454,0.1539,0.9733
202003,77461,"needville, tx",9478,10992,-1491,1416,27.719028,36.43112263,19.00693326,73.5,0.1136,7.5,-0.1353,-11.5,14,-0.0556,0.4167,0.5629,364500,0.0751,0.3252,1.1391
202002,77461,"needville, tx",9478,9501,-787,1336,37.874783,61.61391304,14.13565217,66,-0.1484,-11.5,-0.1258,-9.5,-14,-0.2174,0.5254,0.4787,339050,0.0865,0.1791,1.0935
202001,77461,"needville, tx",9478,8714,-311,2173,43.0499,59.59693561,26.50286424,77.5,0.1481,10,-0.0663,-5.5,-8,0.3855,0.6197,0.6609,312050,0.0947,0.1147,1.04
201912,77461,"needville, tx",9478,8403,862,3345,46.473702,67.33046642,25.61693682,67.5,0.1638,9.5,-0.1964,-16.5,-11.5,0.0641,0.537,0.6288,285050,-0.0865,0.0179,0.9502
201911,77461,"needville, tx",9478,9265,3042,3189,43.716332,66.71525445,20.71740921,58,-0.2318,-17.5,-0.2611,-20.5,-12,0.0685,0.5294,0.5735,312050,-0.0127,0.1163,1.0097
