resources/dan/dan_cleanup/RDC_Inventory_Hotness_Metrics_Zip_History_TEXAS.csv
month_date_yyyymm,postal_code,zip_name,nielsen_hh_rank,hotness_rank,hotness_rank_mm,hotness_rank_yy,hotness_score,supply_score,demand_score,median_days_on_market,median_days_on_market_mm,median_dom_mm_day,median_days_on_market_yy,median_dom_yy_day,median_dom_vs_us,ldpviews_per_property_mm,ldpviews_per_property_yy,ldpviews_per_property_vs_us,median_listing_price,median_listing_price_mm,median_listing_price_yy,median_listing_price_vs_us
202006,7726,"englishtown, nj",1798,1071,2827,2112,86.319586,80.58146313,92.05770912,41,-0.4058,-28,-0.18,-9,-30.5,0.7,0.9508,2.1441,557050,0.0036,0.1487,1.6309
202005,7726,"englishtown, nj",1798,3898,-1012,-2075,66.586436,50.92028883,82.25258389,69,0.3269,17,0.7922,30.5,-2,0.2069,-0.0071,1.573,555050,0.1408,0.1504,1.6823
202004,7726,"englishtown, nj",1798,2886,-1506,-1649,73.556679,64.35594887,82.75740975,52,0.3867,14.5,0.4444,16,-10,-0.2082,-0.2704,1.6111,486550,-0.0356,0.0242,1.5203
202003,7726,"englishtown, nj",1798,1380,-356,-483,84.778346,80.97906016,88.57763149,37.5,-0.1667,-7.5,-0.0854,-3.5,-22,-0.2819,0.0174,1.9404,504500,0.0109,0.062,1.5767
202002,7726,"englishtown, nj",1798,1024,964,-117,86.845217,80.45913043,93.23130435,45,-0.396,-29.5,-0.1176,-6,-35,0.0851,0.271,2.1702,499050,0.004,0.029,1.6097
202001,7726,"englishtown, nj",1798,1988,791,-1019,78.908137,63.49644558,94.31982884,74.5,0.0136,1,0.1641,10.5,-11,0.4862,0.0652,2.1609,497050,0.004,0.0474,1.6567
201912,7726,"englishtown, nj",1798,2779,71,-2042,75.345683,58.72973867,91.96162752,73.5,0.1667,10.5,0.3364,18.5,-5.5,0.004,0.0202,1.9167,495050,-0.008,0.0543,1.6503
201911,7726,"englishtown, nj",1798,2850,-136,-1848,75.524431,60.01014006,91.03872235,63,0.115,6.5,0.26,13,-7,0.0244,-0.0195,1.8529,499050,-0.0708,0.0574,1.6149
202006,77982,"port o connor, tx",20306,12556,169,2727,13.84436,10.39055669,17.2981638,129.5,0.136,15.5,-0.0683,-9.5,58,0.3556,1.1034,0.5495,419050,0.0771,0.3134,1.2269
202005,77982,"port o connor, tx",20306,12725,65,2385,15.053802,15.39006088,14.71754212,114,0.2063,19.5,-0.4648,-99,43,0.4754,0.4754,0.5056,389050,0.0052,0.2194,1.1791
202004,77982,"port o connor, tx",20306,12790,1056,2282,15.736058,22.60851243,8.863604439,94.5,-0.4019,-63.5,-0.5772,-129,32.5,0.2979,0.1961,0.4236,387050,0.0052,0.2131,1.2094
202003,77982,"port o connor, tx",20306,13846,187,1265,6.432523,8.249877442,4.615169129,158,-0.1073,-19,-0.3389,-81,98.5,-0.2419,0.0217,0.3113,385050,0.0405,0.1846,1.2033
202002,77982,"port o connor, tx",20306,14033,218,887,5.610435,5.516521739,5.704347826,177,-0.0946,-18.5,-0.3153,-81.5,97,0.0333,0.2157,0.3298,370050,0.0082,0.1746,1.1935
202001,77982,"port o connor, tx",20306,14251,664,956,4.20664,2.953965077,5.459313962,195.5,0.1076,19,-0.2101,-52,110,0.7143,0.5385,0.3448,367050,-0.0213,0.2357,1.2234
201912,77982,"port o connor, tx",20306,14915,558,826,3.221965,3.738008601,2.70592127,176.5,0.2089,30.5,-0.1635,-34.5,97.5,0.0294,0.1667,0.2652,375050,0.1046,0.1538,1.2502
201911,77982,"port o connor, tx",20306,15473,196,590,4.230306,6.451612903,2.008999303,146,0.0896,12,-0.2065,-38,76,-0.1707,0.1724,0.25,339550,0,-0.0567,1.0987
201910,77982,"port o connor, tx",20306,15669,-463,567,4.952933,6.707811234,3.198054984,134,0.1356,16,-0.1677,-27,68,-0.3387,0.2813,0.2908,339550,0,-0.0422,1.0885
202006,7704,"fair haven, nj",13036,6744,640,1404,50.892597,42.91023025,58.87496357,74.5,0.0643,4.5,0.1288,8.5,3,0.4821,0.5962,1.1216,1137050,0.0116,0.0107,3.3292
202005,7704,"fair haven, nj",13036,7384,1321,-2219,49.238992,49.30624381,49.17174005,70,0.1024,6.5,0.4894,23,-1,0.4867,-0.0919,0.9438,1124050,0.0204,-0.0389,3.4071
202004,7704,"fair haven, nj",13036,8705,-4060,-5847,41.891417,48.01938475,35.76344992,63.5,0.3956,18,0.6933,26,1.5,-0.3314,-0.4264,0.7847,1101550,-0.0222,-0.1286,3.4422
202003,7704,"fair haven, nj",13036,4645,-2141,-1474,63.628405,69.21353036,58.04328034,45.5,0.1667,6.5,-0.1415,-7.5,-14,-0.2588,-0.0398,1.1192,1126550,0.044,-0.0974,3.5209
202002,7704,"fair haven, nj",13036,2504,1370,-1471,75.673043,85.89913043,65.44695652,39,-0.4583,-33,0,0,-41,0.0411,-0.046,1.2128,1079050,0.0822,0.0801,3.4806
202001,7704,"fair haven, nj",13036,3874,-1169,24,67.737594,66.98875009,68.48643799,72,0.0286,2,-0.122,-10,-13.5,-0.031,-0.095,1.2586,997050,-0.0344,-0.002,3.3234
201912,7704,"fair haven, nj",13036,2705,2761,4781,75.795567,63.86371154,87.72742309,70,0.0606,4,-0.2391,-22,-9,0.3452,0.5694,1.7121,1032550,-0.035,0.0335,3.4422
201911,7704,"fair haven, nj",13036,5466,-2886,-876,62.022308,54.77533431,69.26928196,66,0.6709,26.5,0.0909,5.5,-4,0.006,0.1126,1.2353,1070050,0,0.1219,3.4628
201910,7704,"fair haven, nj",13036,2580,1284,1914,77.479584,87.99326725,66.96589988,39.5,-0.3009,-17,-0.3361,-20,-26.5,-0.1523,0,1.1844,1070050,-0.0573,0.1701,3.4305
